================================================================================
XDNA1 DPU Microcode Disassembler: compiled.0x800020500148acb.xmodel
================================================================================
Total Model Archive Size: 7,004,134 bytes
Found 2 DPU microcode segment(s) at offsets: [6731604, 6782410]

--- Disassembling Microcode Segment #1 (Offset 0x0066B754) ---
Segment #1: Disassembled 1659 instruction packets

--- Disassembling Microcode Segment #2 (Offset 0x00677DCA) ---
Segment #2: Disassembled 911 instruction packets

================================================================================
DPU Microcode Opcode Distribution:
  Opcode | Description                  |   Count | Percentage
--------------------------------------------------------------------------------
       3 | CONV2D / 1x1_DENSE           |    1269 |     49.38%
       6 | DWCONV2D / DEPTHWISE         |     960 |     37.35%
168296866 | SPECIAL_OP_0xA0801A2         |     100 |      3.89%
1953787746 | SPECIAL_OP_0x74746F62        |      72 |      2.80%
4294934568 | SPECIAL_OP_0xFFFF8028        |      32 |      1.25%
1734964072 | SPECIAL_OP_0x67697368        |      16 |      0.62%
1768060259 | SPECIAL_OP_0x69627563        |      12 |      0.47%
4294967080 | SPECIAL_OP_0xFFFFFF28        |      12 |      0.47%
1852376330 | SPECIAL_OP_0x6E69050A        |      10 |      0.39%
2004118629 | SPECIAL_OP_0x77746C65        |       8 |      0.31%
1851880052 | SPECIAL_OP_0x6E617274        |       8 |      0.31%
1852402801 | SPECIAL_OP_0x6E696C71        |       6 |      0.23%
4294967096 | SPECIAL_OP_0xFFFFFF38        |       6 |      0.23%
1346636122 | SPECIAL_OP_0x5044095A        |       5 |      0.19%
1752393074 | SPECIAL_OP_0x68736572        |       4 |      0.16%
1868761610 | SPECIAL_OP_0x6F630A0A        |       4 |      0.16%
1768172920 | SPECIAL_OP_0x69642D78        |       4 |      0.16%
1768172849 | SPECIAL_OP_0x69642D31        |       4 |      0.16%
2952790016 | SPECIAL_OP_0xB0000000        |       3 |      0.12%
1163003146 | SPECIAL_OP_0x4552050A        |       2 |      0.08%
168010322 | SPECIAL_OP_0xA03A252         |       2 |      0.08%
168432170 | SPECIAL_OP_0xA0A122A         |       2 |      0.08%
386539306 | SPECIAL_OP_0x170A1F2A        |       2 |      0.08%
761753452 | SPECIAL_OP_0x2D676F6C        |       2 |      0.08%
1953523012 | SPECIAL_OP_0x74706544        |       2 |      0.08%
1920212746 | SPECIAL_OP_0x72741F0A        |       2 |      0.08%
1920210186 | SPECIAL_OP_0x7274150A        |       2 |      0.08%
1667329136 | SPECIAL_OP_0x63616C70        |       2 |      0.08%
1701057546 | SPECIAL_OP_0x6564140A        |       2 |      0.08%
1835493747 | SPECIAL_OP_0x6D676973        |       2 |      0.08%
1970343690 | SPECIAL_OP_0x75710F0A        |       2 |      0.08%
1970167665 | SPECIAL_OP_0x756E5F71        |       2 |      0.08%
1769369453 | SPECIAL_OP_0x69766F6D        |       2 |      0.08%
1635017060 | SPECIAL_OP_0x61746164        |       2 |      0.08%
1953722211 | SPECIAL_OP_0x74736F63        |       2 |      0.08%
1684632167 | SPECIAL_OP_0x64697267        |       2 |      0.08%
1735289190 | SPECIAL_OP_0x676E6966        |       1 |      0.04%
--------------------------------------------------------------------------------
   TOTAL |                              |    2570 | 100.00%

================================================================================
DPU Instruction Disassembly Listing (First 20 Packets):
 Idx | Step | Seq |  Col | Opcode / Name        |  L1 Buffer |    Dim Reg |   Inst Ptr
--------------------------------------------------------------------------------
0000 |    0 |  95 | Col3 | CONV2D / 1x1_DENSE   |   0x000000 | 0x02500007 | 0x0001D214
0001 |    0 |  94 | Col2 | DWCONV2D / DEPTHWISE |   0x0004C0 | 0x03F00007 | 0x0001D214
0002 |    0 |  93 | Col1 | DWCONV2D / DEPTHWISE |   0x000CC0 | 0x02300007 | 0x0001D214
0003 |    0 |  92 | Col0 | CONV2D / 1x1_DENSE   |   0x001140 | 0x01000007 | 0x0001D214
0004 |    1 |  95 | Col3 | CONV2D / 1x1_DENSE   |   0x001360 | 0x02500007 | 0x0001D214
0005 |    1 |  94 | Col2 | DWCONV2D / DEPTHWISE |   0x001820 | 0x03F00007 | 0x0001D214
0006 |    1 |  93 | Col1 | DWCONV2D / DEPTHWISE |   0x002020 | 0x02300007 | 0x0001D214
0007 |    1 |  92 | Col0 | CONV2D / 1x1_DENSE   |   0x0024A0 | 0x01000007 | 0x0001D214
0008 |    2 |  95 | Col3 | CONV2D / 1x1_DENSE   |   0x0026C0 | 0x02500007 | 0x0001D214
0009 |    2 |  94 | Col2 | DWCONV2D / DEPTHWISE |   0x002B80 | 0x03F00007 | 0x0001D214
0010 |    2 |  93 | Col1 | DWCONV2D / DEPTHWISE |   0x003380 | 0x02300007 | 0x0001D214
0011 |    2 |  92 | Col0 | CONV2D / 1x1_DENSE   |   0x003800 | 0x01000007 | 0x0001D214
0012 |    3 |  95 | Col3 | CONV2D / 1x1_DENSE   |   0x003A20 | 0x02500007 | 0x0001D214
0013 |    3 |  94 | Col2 | DWCONV2D / DEPTHWISE |   0x003EE0 | 0x03F00007 | 0x0001D214
0014 |    3 |  93 | Col1 | DWCONV2D / DEPTHWISE |   0x0046E0 | 0x02300007 | 0x0001D214
0015 |    3 |  92 | Col0 | CONV2D / 1x1_DENSE   |   0x004B60 | 0x01000007 | 0x0001D214
0016 |    0 |  95 | Col3 | CONV2D / 1x1_DENSE   |   0x004D80 | 0x02500007 | 0x0001D214
0017 |    0 |  94 | Col2 | DWCONV2D / DEPTHWISE |   0x005240 | 0x03F00007 | 0x0001D214
0018 |    0 |  93 | Col1 | DWCONV2D / DEPTHWISE |   0x005A40 | 0x00100007 | 0x0001D214
0019 |    0 |  92 | Col0 | CONV2D / 1x1_DENSE   |   0x005A80 | 0x01900007 | 0x0001D214

DISASSEMBLY COMPLETE.
