The int8 GEMM's kernel is a LOOP NEST, and reading it as one loop overstated
starvation by 1.8x -- supersedes results/aie/gemm_cost_model.log
2026-09-09, same day, same machine. Desktop 2 (Phoenix, Ryzen 7 8700G), mlir-aie ironenv
(v1.4.2, llvm-aie 22.0.0.2026090201). NO NPU SESSION was built and no hardware context was
taken; this reads two already-compiled kernel objects and computes. The measured microseconds
are quoted from results/aie/int8_matmul_sweep_npu.log (2026-09-07), not re-run.

Commands (from the repo root, in the ironenv):
  python tools/gemm_cost_model.py ~/.npu/cache/e9ed1c603d42d8bb153dfb76/matmul_i8_i32_86901378.o \
      --tile 64,64,64 --measured-us 7458.1
  python tools/gemm_cost_model.py ~/.npu/cache/0816364bbbaf03f83e2f0bcd/matmul_i8_i32_170456c5.o \
      --tile 64,64,32 --measured-us 14394.5

WHAT WAS WRONG. results/aie/gemm_cost_model.log, committed hours earlier, modelled
matmul_i8_i32 as ONE hardware loop with straight-line setup around it, and charged the 135
non-loop bundles once per kernel call. That is not the shape of the function. It is a nest:
two software loops around the hardware loop, with the accumulators loaded before the hardware
loop and stored after it, and that whole body re-run once per group of live accumulators. The
error inflated the missing time and produced "the core is starved for 60% of the dispatch".
The corrected figure is 25.4%, and the dominant cost moves from data delivery to accumulator
traffic INSIDE the core. Both logs are kept; this one supersedes the other's numbers.

--------------------------------------------------------------------------------
1. THE EVIDENCE THAT IT IS A NEST
--------------------------------------------------------------------------------
Three things in the disassembly, none of which the first reading accounted for.

(a) Two backward branches AFTER the hardware loop ends, each preceded by its own induction
    variable update and bound test:

     328: 7b 0b 5a 03 40 81 06 55 58 ff	vlda	amhl0, [sp, #-0x160];		vst	amlh0, [p5, #0x20];		add	r13, r13, #0x2
     332: bd 7c 5c 0b b0 a0    	vst	amll0, [p5], #0x40;		ltu	r14, r13, r7
     338: 3b 61 00 10 00 00 1c 68 d0 a0	vst	amhh0, [p5, #0x20];		jnz	r14, #0x0
     342: 59 82 05 0d  	vst	amhl0, [p5], #0x40
     346: 59 81 06 0d  	vst	amlh0, [p5, #0x20]
     34a: 59 80 05 0d  	vst	amll0, [p5], #0x40
     34e: 59 83 06 0d  	vst	amhh0, [p5, #0x20]
     352: bd 50 18 4b b0 a0    	vst	amhl0, [p5], #0x40;		add	r12, r12, r5
     358: 19 13 94 12  	add	r10, r10, #0x4
     35c: 99 8c 98 12  	ltu	r12, r10, r8
     360: 95 01 40 00 00 60    	jnz	r12, #0x0
    add r13, r13, #0x2 / ltu r14, r13, r7 / jnz r14   -- the inner software loop
    add r10, r10, #0x4 / ltu r12, r10, r8 / jnz r12   -- the outer software loop

(b) The hardware loop body issues eight vmac into cm0..cm7 and contains NO accumulator
    store. The stores are the `vst amll*/amlh*/amhl*/amhh*` bundles above, outside it, so
    the eight accumulators must be dumped and the loop re-entered for the next group.

(c) The loop bounds are compile-time constants in the function entry, so the trip counts are
    readable rather than assumed. In the n=64 object: `mova r3, #0x8` feeds
    `add.nc lc, r3, #-0x2`, so the hardware loop runs 6 times; `mova r7, #0x6` with r13
    starting at -2 and stepping 2 gives 4 inner iterations; `mov r8, #0xc` with r10 starting
    at -4 and stepping 4 gives 4 outer iterations. 4 x 4 = 16 accumulator groups.

That reconciles exactly against the work. A 4x2 grid of accumulators, each a 4x8 block, is a
16x16 output region; a 64x64 output tile holds 16 of them, and m/16 = 4 outer by n/16 = 4
inner. Each group reduces the whole k extent: 8 accumulators x (k/s) = 8 x 8 = 64 vmac, of
which the software pipeline peels 2 k-steps (16 vmac), leaving 6 hardware-loop iterations.
16 groups x 64 vmac = 1,024, which is exactly (64x64x64)/(4x8x8). Nothing is left over.

--------------------------------------------------------------------------------
2. THE TUNED n=64 KERNEL, RE-READ AS A NEST
--------------------------------------------------------------------------------

== C:\Users\<user>/.npu/cache\e9ed1c603d42d8bb153dfb76\matmul_i8_i32_86901378.o
   tile m=64 k=64 n=64   mac dims 4x8x8 = 256 MACs per vmac

the machine code, walked as a nest
  matmul_i8_i32              144 bundles total
  entry, once                  6
  outer header, x4           20
  inner body, x16            87 bundles outside the hardware loop
  hardware loop                9 bundles = 9 cycles/iteration, x6 per inner body
  outer tail, x4              8
  epilogue, once              14
  vmac in the loop body        8  -> 0.889 vmac/cycle inside the loop, 88.9% of one per cycle
  vmac peeled per group       16  (software-pipeline prologue and epilogue, 2 k-steps)
  accumulator groups          16  (4x2 accumulators = a 16x16 output region, 4 outer x 4 inner)
  cycles per inner body      141  for 64 vmac -> 45.4% of one vmac per cycle

  zero_i32               6 bundles/iter, 4 vst/iter -> 783 cycles per 64x64 output tile,
                         amortised over 32 calls = 24.5 cycles per call

one call, one buffer pair
  vmac the tile requires         1024
  cycles in the nest             2388   (from this object's own code)
  zero, amortised                24.5
  handoff, 2 fifos                30   (acquire+release only; see the note in this file)
  ISSUING CYCLES PER CALL        2442
  MAC issue rate                107.3 MACs/cycle over the whole call, 41.9% of 256
  pessimistic variant            3846   cycles/call if the probe's full 717 is charged per fifo

the problem: 4096x2048x2048 on 16 cores at 1.7983 GHz
  calls total                   65536
  calls per core                 4096
  predicted issuing cycles   10004352
  predicted time               5563.2 us   (never starved)
  input bytes per call           8192
  demand at that rate            3.35 B/cycle into one core's L1, 53.7 B/cycle summed over 16 cores

against the measurement
  measured NPU time            7458.1 us
  measured cycles/core       13411901
  measured cycles/call           3274
  CORE ISSUING FRACTION          74.6 %   (pessimistic handoff: 117.5 %)
  not issuing                    25.4 %  (832 cycles per call)
  achieved input rate            2.50 B/cycle per core

  arithmetic consistency (NOT evidence -- per_call cancels, so this
  identity holds for any per_call and only checks the tool's bookkeeping)
  schedule      41.9 %  x  issuing  74.6 %  =   31.3 %
  measured 4607.0 GOPS / peak 14732 GOPS  =   31.3 %

  PREDICTION: if a port trace measures a sustained input rate at or below
  2.50 B/cycle into a core, this GEMM is bandwidth-bound and the
  25% is fully explained. If the ports read faster than that, it is not.

--------------------------------------------------------------------------------
3. THE SAME PROBLEM SHAPE AT THE DEFAULT n=32 TILE
--------------------------------------------------------------------------------

== C:\Users\<user>/.npu/cache\0816364bbbaf03f83e2f0bcd\matmul_i8_i32_170456c5.o
   tile m=64 k=64 n=32   mac dims 4x8x8 = 256 MACs per vmac

the machine code, walked as a nest
  matmul_i8_i32              147 bundles total
  entry, once                  7
  outer header, x4           20
  inner body, x8             87 bundles outside the hardware loop
  hardware loop                9 bundles = 9 cycles/iteration, x6 per inner body
  outer tail, x4              8
  epilogue, once              16
  vmac in the loop body        8  -> 0.889 vmac/cycle inside the loop, 88.9% of one per cycle
  vmac peeled per group       16  (software-pipeline prologue and epilogue, 2 k-steps)
  accumulator groups           8  (4x2 accumulators = a 16x16 output region, 4 outer x 2 inner)
  cycles per inner body      141  for 64 vmac -> 45.4% of one vmac per cycle

  zero_i32               6 bundles/iter, 4 vst/iter -> 400 cycles per 64x32 output tile,
                         amortised over 32 calls = 12.5 cycles per call

one call, one buffer pair
  vmac the tile requires          512
  cycles in the nest             1263   (from this object's own code)
  zero, amortised                12.5
  handoff, 2 fifos                30   (acquire+release only; see the note in this file)
  ISSUING CYCLES PER CALL        1306
  MAC issue rate                100.4 MACs/cycle over the whole call, 39.2% of 256
  pessimistic variant            2710   cycles/call if the probe's full 717 is charged per fifo

the problem: 4096x2048x2048 on 16 cores at 1.7983 GHz
  calls total                  131072
  calls per core                 8192
  predicted issuing cycles   10694656
  predicted time               5947.1 us   (never starved)
  input bytes per call           6144
  demand at that rate            4.71 B/cycle into one core's L1, 75.3 B/cycle summed over 16 cores

against the measurement
  measured NPU time           14394.5 us
  measured cycles/core       25885629
  measured cycles/call           3160
  CORE ISSUING FRACTION          41.3 %   (pessimistic handoff: 85.7 %)
  not issuing                    58.7 %  (1854 cycles per call)
  achieved input rate            1.94 B/cycle per core

  arithmetic consistency (NOT evidence -- per_call cancels, so this
  identity holds for any per_call and only checks the tool's bookkeeping)
  schedule      39.2 %  x  issuing  41.3 %  =   16.2 %
  measured 2387.0 GOPS / peak 14732 GOPS  =   16.2 %

  PREDICTION: if a port trace measures a sustained input rate at or below
  1.94 B/cycle into a core, this GEMM is bandwidth-bound and the
  59% is fully explained. If the ports read faster than that, it is not.

--------------------------------------------------------------------------------
4. READING
--------------------------------------------------------------------------------
  tile          vmac      issuing cycles   measured    issuing   MAC rate over
                per call     per call     cycles/call  fraction   the whole call
  ---------------------------------------------------------------------------------
  m64 k64 n64      1024          2442          3274      74.6%   107.3 (41.9% of 256)
  m64 k64 n32       512          1306          3160      41.3%   100.4 (39.2% of 256)

  superseded (one-loop reading):   1323 / 40.4% / 198.1 and 738 / 23.4% / 177.5

FIRST, THE SCHEDULE IS THE LARGER LOSS, AND THE FIRST READING PUT IT IN THE WRONG PLACE.
Over a whole call this kernel issues about 100-107 MACs per cycle against the 256 the tile
can retire, roughly 40% -- not the 77.4% the one-loop reading gave. The 88.9% figure for the
inner loop is correct and unchanged, but it covers only 54 of the 141 cycles an accumulator
group costs. The other 87 bundles per group are accumulator loads, accumulator stores and
stack spill traffic, run 16 times per call at n=64. That is a direct consequence of a number
this branch already measured: five live 4x8x8 int8 accumulators is the spill-free ceiling
(results/aie/aie2_isa_static.log) and this kernel holds eight, with a 416-byte frame.

SECOND, THE PER-BUFFER FLOOR IS REAL AND IS THE FINDING THAT SURVIVED.
Measured cycles per call are 3,274 at n=64 and 3,160 at n=32 -- a 3.6% difference for buffers
whose compute differs by 2x. That is a measurement, not a model output, and neither reading
changes it. What the corrected model changes is how full that slot is: n=32 puts 1,306
issuing cycles into a ~3,200-cycle slot and n=64 puts 2,442 into it. So n=64 is 1.93x faster
because it nearly fills a slot whose length barely moves, and the remaining headroom is about
1.3x, not the 2.4x the first reading claimed.

THIRD, A CANDIDATE CONSTANT IS NOW FALSIFIED. The first log bounded the handoff by charging
the trace probe's entire measured 717 cycles per buffer. At the corrected issuing cost that
bound predicts 117.5% of the measured time at n=64, which is impossible. So the probe's 717
does NOT transfer to another kernel, exactly as its decomposition said it should not: 512 of
it was that probe's own trace-flush loop and 190 its kernel prologue, and only the ~15-cycle
acquire/release is a property of the ObjectFifo.

WHAT IS STILL UNEXPLAINED, AND THE TEST FOR IT
832 cycles per call at n=64, 1,854 at n=32 -- the difference between the issuing cost and the
measured time. Bytes into one core's L1 are 8,192 and 6,144 per call, so the achieved input
rate is 2.50 and 1.94 bytes per cycle against the 3.35 and 4.71 a never-starved core would
need. Both hypotheses from the first log survive with corrected magnitudes:

  H9.  Stream-port tracing measures a sustained input rate at or below 2.5 B/cycle into a
       core. Fails if the ports read faster, which would move the missing time elsewhere.
  H10. Per-buffer wall time is a floor set by the data path, so throughput rises with work
       per buffer until the issuing cost approaches ~3,200 cycles. Headroom at n=64 is ~1.3x,
       not 2.4x. Fails if a larger tile does not raise throughput.

  H11. NEW, and the one this correction opens. The 87 non-loop bundles per accumulator group
       are spill traffic caused by holding eight accumulators where five is the spill-free
       ceiling. A variant built to hold four or five accumulators per group would trade more
       groups against a shorter body. It is testable entirely statically -- rebuild mm.cc with
       a different accumulator blocking and re-run this tool -- and predicts a shorter inner
       body per vmac. Fails if the per-group bundle count does not fall, which would mean the
       87 bundles are the C tile's mandatory load/store rather than spill.

H10 has a known obstacle already on record: int8_matmul_sweep_npu.log's PROBE A (m=128,
n=64) and PROBE B (k=128, n=64) both failed to build with "'aie.tile' op Basic sequential
allocation failed", an L1 capacity limit rather than a performance result.

--------------------------------------------------------------------------------
WHAT THIS DOES NOT SHOW
--------------------------------------------------------------------------------
- Nothing was measured on hardware in this run. The issuing-cycle figures are computed from
  object code; the microseconds they are compared against come from a run two days earlier.
- "Not issuing" is a residual, not an observation. It is consistent with lock stall, the only
  stall category results/aie/pmu_probe_npu.log has yet seen non-zero, but nothing here
  attributes it. A port or stall trace on this design is what would.
- The nest walk assumes the two backward branches target the two .LBB labels in order. The
  branch targets are unresolved relocations in a .o file and were not read directly; the
  reconciliation of trip counts against the required vmac count is the evidence for the
  reading, and the tool refuses to produce a number when that reconciliation fails.
- The 15-cycle acquire/release constant was measured on a one-core, one-fifo probe with a
  different kernel. Its transfer to a two-fifo GEMM is still an assumption; what this log
  adds is that the opposite extreme, 717 per fifo, is now ruled out.
- One power mode (Default, 1.7983 GHz), one dtype, one design. The conv kernels are untouched.
- The correction to aie2_isa_static.log section 5's PROVENANCE, recorded in
  results/aie/gemm_cost_model.log section 0, stands unchanged: the object disassembled there
  is the n=32 build, not the n=64 one behind 4607.05 GOPS, and the two loops are identical.
