gemm_tile_sweep_c_single_buffer_npu.log -- the GEMM tile sweep that single-buffering the C
output tile makes possible: m/k/n tiles of the 4x4 whole_array.py design in bf16 and int8 at
2048^3, the surviving tiles across three more shapes, and a same-sitting CPU bf16 baseline.

Desktop 2: Ryzen 7 8700G (8 Zen 4 cores), Phoenix XDNA1, Windows 11; mlir-aie v1.4.2 ironenv
(Peano llvm-aie 22), XRT 2.21.0, NPU driver 32.0.20101.3760, power mode Default (1.80 GHz,
results/aie/clock_probe_npu.log). Clean sitting 2026-09-07 23:59:26 to 2026-09-08 00:04:48.
An earlier screen of the same tiles (18:33-19:1x, appendix) ran under a 104-layer AdaRound
job and is superseded by this run.

WHY
---
docs/SILICON.md 3.1 predicts each tile's input-bound ceiling from bytes per MAC streamed into
the core: the default 64x32 tile at 67 % of bf16 peak, 64x64 at 100 %, 128x32 and 32x128 equal
at 80 %. bf16 could never reach 64x64 because its double-buffered f32 C tile alone is 32 KB of
the 64 KB L1 (results/aie/int8_matmul_sweep_npu.log measured the miss at exactly the 3,328 B
stack). Objective K2 asked what the 16 KB a single-buffered C tile frees actually buys, and
whether the B/MAC model's predictions hold once more tiles are reachable.

PATCH
-----
kernels/gemm_tile_sweep/whole_array_c_single_buffer.patch against mlir-aie v1.4.2's
programming_examples/basic/matrix_multiplication/whole_array/whole_array.py: a --c-single-buffer
{0,1} flag that sets the per-core C_L1L2 ObjectFIFO depth to 1 instead of the design's
fifo_depth (2). Nothing else changes; A and B stay double-buffered. L1 per core then holds
2A + 2B + 1C + a 3,328 B stack, with A = m*k*2 B, B = k*n*2 B, C = m*n*4 B (f32 accumulator)
in bf16, half that for A and B in int8 (i32 C). kernels/int8_matmul_sweep/npu_matmul_sweep.py
prints that estimate ("L1 est") on every run so a compile failure can be read against it.

WHAT WAS RUN
------------
run_clean.sh (verbatim below): PART 1 the 2048^3 screen, ten bf16 tiles; PART 1b three of
them with --b-col-maj 1; PART 2 four tiles across 1024^3, 4096x2048x2048, 2048x4096x4096;
PART 3 three int8 tiles at 2048^3; PART 4 the CPU bf16/fp32 baseline (torch, resnet_env, 8
threads) in the same sitting. Every NPU run: --iters 10 --warmup 3, GFLOPS = 2MKN over the
NPU-bracket average (whole_array.py's own "NPU time"), 4 columns, the compile cache warm from
the screen. Contention control: the script snapshots other python/compiler processes at the
start, after the NPU part and at the end (all three empty, see raw output); a 1 s --json
instance of tools/hwinfo_npu_bridge.exe watched the device throughout and listed only the
sweep's own three contexts (pids 29544, 21304, 10928, 88 MB each, one at a time); the user's
own bridge instance (0.5 s, xrt-smi reads only, no hardware context) was running as always.
Another session's 128-stream classifier sweep had ended at 23:57:43 and did not resume.

--- run_clean.sh ---
#!/usr/bin/env bash
# Clean re-run (no concurrent AdaRound): the full 2048^3 tile screen again, then the three
# best bf16 tiles and the default across the K2 shapes, then int8 at its two new tiles,
# then the CPU bf16 baseline in resnet_env -- one sitting.
set -u
REPO="$HOME/PycharmProjects/ryzen-ai-xdna1-quantization"
export VIRTUAL_ENV='C:\Users\<user>\mlir-aie\ironenv'
export PATH="C:\Users\<user>\mlir-aie\ironenv\Scripts:C:\Users\<user>\mlir-aie\ironenv\Lib\site-packages\mlir_aie\bin:C:\Users\<user>\mlir-aie\ironenv\Lib\site-packages\mlir_aie\lib:C:\Xilinx\XRT\xrt_sdk\xrt\lib:C:\Xilinx\XRT\xrt_sdk\xrt:C:\Windows\System32\AMD:$PATH"
export MLIR_AIE_INSTALL_DIR='C:\Users\<user>\mlir-aie\ironenv\Lib\site-packages\mlir_aie'
export PEANO_INSTALL_DIR='C:\Users\<user>\mlir-aie\ironenv\Lib\site-packages\llvm-aie'
export XRT_ROOT='C:\Xilinx\XRT\xrt_sdk\xrt'
export PYTHONPATH='C:\Xilinx\XRT\xrt_sdk\xrt\python'
export NPU2='0'
unset XILINX_XRT
cd "$REPO" || exit 1
snap() { powershell -NoProfile -Command "Get-CimInstance Win32_Process | Where-Object { \$_.Name -match '^(python|aiecc|clang|peano)' } | ForEach-Object { '{0} {1} {2}' -f \$_.ProcessId, \$_.Name, (\$_.CommandLine -replace '\s+',' ').Substring(0, [Math]::Min(140, (\$_.CommandLine).Length)) }"; }
D="python kernels/int8_matmul_sweep/npu_matmul_sweep.py --iters 10 --warmup 3"
S=2048x2048x2048
SH="1024x1024x1024,4096x2048x2048,2048x4096x4096"
echo "=== K2 tile sweep, clean sitting. start $(date '+%Y-%m-%d %H:%M:%S') ==="
echo "--- other python/compiler processes at start (contention check) ---"; snap; echo "--- end ---"
echo; echo "######## PART 1: the 2048^3 screen, repeated with the machine otherwise idle ########"
echo; echo "######## S1: bf16 64/64/32 double-C (default) ########"
$D --dtype bf16 -k 64 -n 32 --c-single-buffer 0 --shapes "$S"
echo; echo "######## S2,S4: bf16 64/64/32 and 128/64/32 single-C ########"
$D --dtype bf16 -k 64 -n 32 --c-single-buffer 1 --shapes "$S,$S@128"
echo; echo "######## S3,S9: bf16 64/64/64 and 128/64/64 (predicted OVER) single-C ########"
$D --dtype bf16 -k 64 -n 64 --c-single-buffer 1 --shapes "$S,$S@128"
echo; echo "######## S5: bf16 32/64/128 single-C ########"
$D --dtype bf16 -k 64 -n 128 --c-single-buffer 1 --shapes "$S@32"
echo; echo "######## S6: bf16 64/128/32 single-C ########"
$D --dtype bf16 -k 128 -n 32 --c-single-buffer 1 --shapes "$S"
echo; echo "######## S10: bf16 64/128/64 (predicted OVER) single-C ########"
$D --dtype bf16 -k 128 -n 64 --c-single-buffer 1 --shapes "$S"
echo; echo "######## S7: bf16 128/32/64 single-C ########"
$D --dtype bf16 -k 32 -n 64 --c-single-buffer 1 --shapes "$S@128"
echo; echo "######## S8: bf16 64/32/128 single-C ########"
$D --dtype bf16 -k 32 -n 128 --c-single-buffer 1 --shapes "$S"
echo; echo "######## PART 1b: is the m-vs-n asymmetry B's DMA burst length? --b-col-maj 1 makes B's contiguous run k instead of n ########"
$D --dtype bf16 -k 64 -n 32 --c-single-buffer 1 --b-col-maj 1 --shapes "$S@128"
$D --dtype bf16 -k 64 -n 128 --c-single-buffer 1 --b-col-maj 1 --shapes "$S@32"
$D --dtype bf16 -k 64 -n 64 --c-single-buffer 1 --b-col-maj 1 --shapes "$S"
echo; echo "######## PART 2: shapes x tiles (bf16) ########"
echo; echo "######## default 64/64/32 double-C across shapes ########"
$D --dtype bf16 -k 64 -n 32 --c-single-buffer 0 --shapes "$SH"
echo; echo "######## 64/64/64 single-C across shapes ########"
$D --dtype bf16 -k 64 -n 64 --c-single-buffer 1 --shapes "$SH"
echo; echo "######## 32/64/128 single-C across shapes ########"
$D --dtype bf16 -k 64 -n 128 --c-single-buffer 1 --shapes "1024x1024x1024@32,4096x2048x2048@32,2048x4096x4096@32"
echo; echo "######## 128/64/32 single-C across shapes ########"
$D --dtype bf16 -k 64 -n 32 --c-single-buffer 1 --shapes "1024x1024x1024@128,4096x2048x2048@128,2048x4096x4096@128"
echo; echo "######## PART 3: int8 at 2048^3 -- 64/64/64 double-C (reference), 128/64/64 and 64/128/64 single-C ########"
$D --dtype i8 -k 64 -n 64 --c-single-buffer 0 --shapes "$S"
$D --dtype i8 -k 64 -n 64 --c-single-buffer 1 --shapes "$S@128"
$D --dtype i8 -k 128 -n 64 --c-single-buffer 1 --shapes "$S"
echo; echo "--- other python/compiler processes after NPU part ---"; snap; echo "--- end ---"
echo; echo "######## PART 4: CPU bf16/fp32 baseline, resnet_env, same sitting ########"
unset OMP_NUM_THREADS MKL_NUM_THREADS TORCH_NUM_THREADS
eval "$(conda shell.bash hook)" && conda activate resnet_env && PYTHONIOENCODING=utf-8 python kernels/bf16_matmul_sweep/cpu_matmul_sweep.py --iters 20 --warmup 5 --shapes "1024x1024x1024,2048x2048x2048,4096x2048x2048,2048x4096x4096"
echo; echo "--- other python/compiler processes at end ---"; snap; echo "--- end ---"
echo "=== done $(date '+%Y-%m-%d %H:%M:%S') ==="


TABLE 1  L1 estimate against the compile outcome, all 28 NPU runs
------------------------------------------------------------------
  dtype  MxKxN            tile m/k/n  C buf  B col-maj   L1 est B   fits?   result
  bf16->f32 2048x2048x2048   64/64/32    double no            44,288   yes              1715.59 GFLOPS
  bf16->f32 2048x2048x2048   64/64/32    single no            36,096   yes              1603.26 GFLOPS
  bf16->f32 2048x2048x2048   128/64/32   single no            60,672   yes              2136.09 GFLOPS
  bf16->f32 2048x2048x2048   64/64/64    single no            52,480   yes              2501.71 GFLOPS
  bf16->f32 2048x2048x2048   128/64/64   single no            85,248   OVER by 19,712   ERROR(rc=1)  <- 'aie.tile' op Basic sequential allocation failed, as predicted
  bf16->f32 2048x2048x2048   32/64/128   single no            60,672   yes              2494.61 GFLOPS
  bf16->f32 2048x2048x2048   64/128/32   single no            60,672   yes              1809.65 GFLOPS
  bf16->f32 2048x2048x2048   64/128/64   single no            85,248   OVER by 19,712   ERROR(rc=1)  <- 'aie.tile' op Basic sequential allocation failed, as predicted
  bf16->f32 2048x2048x2048   128/32/64   single no            60,672   yes              2070.87 GFLOPS
  bf16->f32 2048x2048x2048   64/32/128   single no            60,672   yes              2146.76 GFLOPS
  bf16->f32 2048x2048x2048   128/64/32   single yes           60,672   yes              2228.17 GFLOPS
  bf16->f32 2048x2048x2048   32/64/128   single yes           60,672   yes              2180.36 GFLOPS
  bf16->f32 2048x2048x2048   64/64/64    single yes           52,480   yes              2429.80 GFLOPS
  bf16->f32 1024x1024x1024   64/64/32    double no            44,288   yes              1872.95 GFLOPS
  bf16->f32 4096x2048x2048   64/64/32    double no            44,288   yes              1663.31 GFLOPS
  bf16->f32 2048x4096x4096   64/64/32    double no            44,288   yes              1731.85 GFLOPS
  bf16->f32 1024x1024x1024   64/64/64    single no            52,480   yes              2080.98 GFLOPS
  bf16->f32 4096x2048x2048   64/64/64    single no            52,480   yes              2508.97 GFLOPS
  bf16->f32 2048x4096x4096   64/64/64    single no            52,480   yes              2653.05 GFLOPS
  bf16->f32 1024x1024x1024   32/64/128   single no            60,672   yes              1972.14 GFLOPS
  bf16->f32 4096x2048x2048   32/64/128   single no            60,672   yes              2521.46 GFLOPS
  bf16->f32 2048x4096x4096   32/64/128   single no            60,672   yes              2700.44 GFLOPS
  bf16->f32 1024x1024x1024   128/64/32   single no            60,672   yes              1885.68 GFLOPS
  bf16->f32 4096x2048x2048   128/64/32   single no            60,672   yes              2123.49 GFLOPS
  bf16->f32 2048x4096x4096   128/64/32   single no            60,672   yes              ERROR(rc=1)  <- not L1: 'aie.dma_bd' op Stride 3 exceeds the [1:1048576] range (the C-output stride cap, docs/SILICON.md 2.6)
  i8->i32 2048x2048x2048   64/64/64    double no            52,480   yes              4293.63 GOPS
  i8->i32 2048x2048x2048   128/64/64   single no            60,672   yes              4683.89 GOPS
  i8->i32 2048x2048x2048   64/128/64   single no            52,480   yes              4852.06 GOPS
Every tile the estimate put over 65,536 B failed in the allocator; every tile it put under
compiled, except one that hit a different limit (a DMA stride field, not L1).

TABLE 2  the 2048^3 bf16 tile screen against the 3.1 model
-----------------------------------------------------------
B/MAC = 2(1/m + 1/n) bytes of A+B streamed per MAC; ceiling = min(1, 0.0625 / B/MAC) of the
7.37 TFLOPS bf16 peak at 1.80 GHz (docs/SILICON.md 2.4, 3.1). The model has no k term.

  tile m/k/n   C buf   B/MAC    3.1 ceiling   predicted GFLOPS   measured GFLOPS   % of peak   vs default (1715.59)
  64/64/32     double  0.0938    67 %            4913               1715.59         23.3 %      1.00x
  64/64/32     single  0.0938    67 %            4913               1603.26         21.8 %      0.93x
  128/64/32    single  0.0781    80 %            5896               2136.09         29.0 %      1.25x
  64/64/64     single  0.0625   100 %            7370               2501.71         33.9 %      1.46x
  128/64/64    single  0.0469   100 %            7370               L1 fail             -      -
  32/64/128    single  0.0781    80 %            5896               2494.61         33.8 %      1.45x
  64/128/32    single  0.0938    67 %            4913               1809.65         24.6 %      1.05x
  64/128/64    single  0.0625   100 %            7370               L1 fail             -      -
  128/32/64    single  0.0469   100 %            7370               2070.87         28.1 %      1.21x
  64/32/128    single  0.0469   100 %            7370               2146.76         29.1 %      1.25x

TABLE 3  B column-major (--b-col-maj 1): B's contiguous DMA run becomes k elements instead of n
------------------------------------------------------------------------------------------------
  tile m/k/n   row-major B GFLOPS   col-major B GFLOPS   change
  128/64/32       2136.09               2228.17           +4.3 %
  32/64/128       2494.61               2180.36           -12.6 %
  64/64/64        2501.71               2429.80           -2.9 %

TABLE 4  shapes x tiles, bf16, against the same-sitting CPU bf16 baseline
--------------------------------------------------------------------------
CPU: torch 2.14.0+cpu, 8 threads, iters 20 warmup 5; GFLOPS from the mean and from the min.
NPU GFLOPS as above (10 iters). The 2048^3 rows are PART 1's; the others PART 2's.

  MxKxN            CPU bf16 mean / min   64/64/32 dbl   64/64/64 sgl   32/64/128 sgl   128/64/32 sgl   best NPU / CPU mean / CPU min
  1024x1024x1024     1419.8 /   2294.6      1872.95      2080.98      1972.14      1885.68   1.47x / 0.91x
  2048x2048x2048     1210.0 /   1424.4      1715.59      2501.71      2494.61      2136.09   2.07x / 1.76x
  4096x2048x2048     1315.3 /   1610.3      1663.31      2508.97      2521.46      2123.49   1.92x / 1.57x
  2048x4096x4096     1431.4 /   1760.2      1731.85      2653.05      2700.44     DMA fail   1.89x / 1.53x
  CPU fp32 for reference: 1024x1024x1024 566.9, 2048x2048x2048 616.8, 4096x2048x2048 652.0, 2048x4096x4096 677.8 GFLOPS

TABLE 5  int8 at 2048^3: does the freed 16 KB buy int8 anything?
-----------------------------------------------------------------
  tile m/k/n   C buf    L1 est B   GOPS       vs 64/64/64 double
  64/64/64     double      52,480    4293.63   1.000x
  128/64/64    single      60,672    4683.89   1.091x
  64/128/64    single      52,480    4852.06   1.130x

FINDING
-------
1. The L1 model is exact. 2A + 2B + (1|2)C + 3,328 B decides every compile: 25 of the 26
   predicted-fit tiles compiled (the 26th hit the C-output stride cap of 2.6, not L1), and
   both predicted-over tiles (128/64/64 and 64/128/64 in bf16, 85,248 B) died in the allocator.
   So the 128x64 / 64x128 tiles are out of reach for bf16 even single-buffered -- MEASURED
   now, where docs/SILICON.md K2 had it as derived.

2. Single-buffering C alone costs 6.5 % at the default tile (1715.59 -> 1603.26 GFLOPS): the
   overlap it removes is real. What it buys is the tiles it lets in: 64/64/64 at 2501.71
   GFLOPS, 1.46x the default, 33.9 % of the 7.37 TFLOPS peak -- and 32/64/128 at 2494.61,
   the same within 0.3 %. Those two are the best bf16 tiles the CLI can reach, and they
   track each other at every shape (Table 4); the best bf16 number in this repo is now
   2700.44 GFLOPS at 2048x4096x4096 (32/64/128; 64/64/64 reads 2653.05 there), 36.6 % of peak,
   1.89x the CPU's same-sitting bf16 mean and 1.53x its best-case min.

3. The 3.1 B/MAC model is incomplete in two named ways.
   (a) 128x32 and 32x128 have identical B/MAC (0.0781, 80 %) and measure 2494.61 against
       2136.09 -- 1.17x apart. Table 3 says why: with B column-major, so that both tiles
       stream B in k=64-element runs instead of n-element runs, 128/64/32 gains 4.3 %,
       32/64/128 loses 12.6 %, 64/64/64 moves -2.9 %, and the order of the first two
       flips. B's contiguous DMA run length (n elements, row-major) is a term the
       bytes-per-MAC count does not have.
   (b) k is a term too. 128/32/64 and 64/32/128 have better B/MAC (0.0469, "100 %") than
       64/64/64 and measure 2070.87 and 2146.76 -- below it; 64/128/32 has the default tile's
       B/MAC and measures 1809.65, 5.5 % above the default. Halving k halves the MACs each
       A/B tile handshake amortises; doubling it helps at the same B/MAC.
   The model still orders the tiles that differ only in B/MAC correctly and puts the
   ceiling in the right place; at 64x64 the measured 33.9 % of peak against a 100 %
   input-bound ceiling says the remaining two thirds are not input bandwidth.

4. int8 gains from the freed L1 too, and more than the contaminated screen showed:
   128/64/64 4683.89 GOPS (1.091x) and 64/128/64 4852.06 (1.130x) against 64/64/64 double-buffered
   4293.63. The k=128 tile is the better use of the 16 KB in int8, consistent with 3(b).

5. The contaminated screen (appendix) had every control 6-11 % low and the int8 gains at
   +4 %; the tile ranking it gave was right, the sizes were not. This run supersedes it.

NOT TESTED
----------
- Any tile past the 64 KB L1 (128x64, 64x128 and up): needs a design change (C through the
  mem tile, or an accumulator that is not a full f32 tile), not a flag.
- m=128 tiles at N=4096: the C-output stride cap (2.6) fails the compile; a shim-BD layout
  problem, unrelated to L1, not pursued.
- 32x64 and 32x32 tiles, int8 across shapes, --b-col-maj at shapes other than 2048^3, and
  more than 10 iterations per point (the 2048^3 64/64/64 point agrees with
  bf16_matmul_n64_single_buffer_npu.log's 2477.23 within 1 %, so the sitting is typical).
- Whether 32/64/128 keeps its lead over 64/64/64 with M < 1024 (m=32 forces M % 256 == 0
  and puts more, smaller row-tiles on the array; at 1024^3 it is behind).

RAW OUTPUT, clean run (run_clean.sh > clean.txt), verbatim
===========================================================
=== K2 tile sweep, clean sitting. start 2026-09-07 23:59:26 ===
--- other python/compiler processes at start (contention check) ---
--- end ---

######## PART 1: the 2048^3 screen, repeated with the machine otherwise idle ########

######## S1: bf16 64/64/32 double-C (default) ########
whole_array sweep  dtype bf16->f32  cols=4 k=64 n=32  c_single_buffer=0 b_col_maj=0  iters=10 warmup=3  python=C:\Users\<user>\mlir-aie\ironenv\Scripts\python.exe
whole_array dir: C:\Users\<user>\mlir-aie\programming_examples\basic\matrix_multiplication\whole_array

=== 2048x2048x2048  m=64 k=64 n=32  bf16->f32  c_single_buffer=0  L1 est 44,288 B (fits) ===
$ whole_array.py --dev npu -M 2048 -K 2048 -N 2048 -m 64 -k 64 -n 32 --n-aie-cols 4 --dtype_in bf16 --dtype_out f32 --warmup 3 --iters 10
--- stdout tail ---
  NPU time     (avg/min/max us): 10014.0 / 9907.7 / 10245.6
  End-to-end   (avg/min/max us): 10790.2 / 10493.3 / 11276.6
  NPU GFLOPS                    : 1715.59
  PASS!
(wall incl. compile: 0.7 s)

SUMMARY  (bf16->f32, 4 cols, k=64 n=32 c_single_buffer=0 b_col_maj=0; GFLOPS = 2MKN / NPU-bracket avg; L1 est = 2A+2B+C*(1|2)+stack, of 65,536)
           MxKxN   m   L1 est    verdict   NPU avg us   NPU min us   e2e avg us    GFLOPS
-----------------------------------------------------------------------------------------
  2048x2048x2048  64   44,288       PASS      10014.0       9907.7      10790.2   1715.59

######## S2,S4: bf16 64/64/32 and 128/64/32 single-C ########
whole_array sweep  dtype bf16->f32  cols=4 k=64 n=32  c_single_buffer=1 b_col_maj=0  iters=10 warmup=3  python=C:\Users\<user>\mlir-aie\ironenv\Scripts\python.exe
whole_array dir: C:\Users\<user>\mlir-aie\programming_examples\basic\matrix_multiplication\whole_array

=== 2048x2048x2048  m=64 k=64 n=32  bf16->f32  c_single_buffer=1  L1 est 36,096 B (fits) ===
$ whole_array.py --dev npu -M 2048 -K 2048 -N 2048 -m 64 -k 64 -n 32 --n-aie-cols 4 --dtype_in bf16 --dtype_out f32 --warmup 3 --iters 10 --c-single-buffer 1
--- stdout tail ---
  NPU time     (avg/min/max us): 10715.6 / 9935.3 / 14143.9
  End-to-end   (avg/min/max us): 11538.1 / 10732.8 / 14957.4
  NPU GFLOPS                    : 1603.26
  PASS!
(wall incl. compile: 0.6 s)

=== 2048x2048x2048  m=128 k=64 n=32  bf16->f32  c_single_buffer=1  L1 est 60,672 B (fits) ===
$ whole_array.py --dev npu -M 2048 -K 2048 -N 2048 -m 128 -k 64 -n 32 --n-aie-cols 4 --dtype_in bf16 --dtype_out f32 --warmup 3 --iters 10 --c-single-buffer 1
--- stdout tail ---
  NPU time     (avg/min/max us): 8042.7 / 7992.5 / 8173.0
  End-to-end   (avg/min/max us): 8804.3 / 8499.6 / 9065.4
  NPU GFLOPS                    : 2136.09
  PASS!
(wall incl. compile: 0.6 s)

SUMMARY  (bf16->f32, 4 cols, k=64 n=32 c_single_buffer=1 b_col_maj=0; GFLOPS = 2MKN / NPU-bracket avg; L1 est = 2A+2B+C*(1|2)+stack, of 65,536)
           MxKxN   m   L1 est    verdict   NPU avg us   NPU min us   e2e avg us    GFLOPS
-----------------------------------------------------------------------------------------
  2048x2048x2048  64   36,096       PASS      10715.6       9935.3      11538.1   1603.26
  2048x2048x2048 128   60,672       PASS       8042.7       7992.5       8804.3   2136.09

######## S3,S9: bf16 64/64/64 and 128/64/64 (predicted OVER) single-C ########
whole_array sweep  dtype bf16->f32  cols=4 k=64 n=64  c_single_buffer=1 b_col_maj=0  iters=10 warmup=3  python=C:\Users\<user>\mlir-aie\ironenv\Scripts\python.exe
whole_array dir: C:\Users\<user>\mlir-aie\programming_examples\basic\matrix_multiplication\whole_array

=== 2048x2048x2048  m=64 k=64 n=64  bf16->f32  c_single_buffer=1  L1 est 52,480 B (fits) ===
$ whole_array.py --dev npu -M 2048 -K 2048 -N 2048 -m 64 -k 64 -n 64 --n-aie-cols 4 --dtype_in bf16 --dtype_out f32 --warmup 3 --iters 10 --c-single-buffer 1
--- stdout tail ---
  NPU time     (avg/min/max us): 6867.2 / 6799.7 / 6927.4
  End-to-end   (avg/min/max us): 7660.9 / 7584.0 / 7735.0
  NPU GFLOPS                    : 2501.71
  PASS!
(wall incl. compile: 0.6 s)

=== 2048x2048x2048  m=128 k=64 n=64  bf16->f32  c_single_buffer=1  L1 est 85,248 B (OVER by 19,712) ===
$ whole_array.py --dev npu -M 2048 -K 2048 -N 2048 -m 128 -k 64 -n 64 --n-aie-cols 4 --dtype_in bf16 --dtype_out f32 --warmup 3 --iters 10 --c-single-buffer 1
--- stdout tail ---
--- stderr tail (rc=1) ---
  	C_L1L2_3_3_buff_0 	: 0xD00-0x8CFF 	(32768 bytes)
  	A_L2L1_3_3_cons_buff_0 	: 0x8D00-0xCCFF 	(16384 bytes)
  	A_L2L1_3_3_cons_buff_1 	: 0xCD00-0x10CFF 	(16384 bytes)
  	B_L2L1_3_3_cons_buff_0 	: 0x10D00-0x12CFF 	(8192 bytes)
  	B_L2L1_3_3_cons_buff_1 	: 0x12D00-0x14CFF 	(8192 bytes)
  C:\Users\<user>\.npu\cache\a9e51fccc9f24288ed521b8b\aie.mlir:2:3: error: 'aie.tile' op Basic sequential allocation failed.
    aie.device(npu1) {
    ^
  C:\Users\<user>\.npu\cache\a9e51fccc9f24288ed521b8b\aie.mlir:2:3: note: see current operation: %8 = "aie.tile"() <{col = 3 : i32, row = 5 : i32}> {controller_id = #aie.packet_info<pkt_type = 0, pkt_id = 31>} : () -> index
  aiecc: edge 'input_with_addresses.mlir' (key 'input.mlir') failed
  aiecc: pipeline failed
  
(wall incl. compile: 3.7 s)

SUMMARY  (bf16->f32, 4 cols, k=64 n=64 c_single_buffer=1 b_col_maj=0; GFLOPS = 2MKN / NPU-bracket avg; L1 est = 2A+2B+C*(1|2)+stack, of 65,536)
           MxKxN   m   L1 est    verdict   NPU avg us   NPU min us   e2e avg us    GFLOPS
-----------------------------------------------------------------------------------------
  2048x2048x2048  64   52,480       PASS       6867.2       6799.7       7660.9   2501.71
  2048x2048x2048 128   85,248 ERROR(rc=1)            -            -            -         -

######## S5: bf16 32/64/128 single-C ########
whole_array sweep  dtype bf16->f32  cols=4 k=64 n=128  c_single_buffer=1 b_col_maj=0  iters=10 warmup=3  python=C:\Users\<user>\mlir-aie\ironenv\Scripts\python.exe
whole_array dir: C:\Users\<user>\mlir-aie\programming_examples\basic\matrix_multiplication\whole_array

=== 2048x2048x2048  m=32 k=64 n=128  bf16->f32  c_single_buffer=1  L1 est 60,672 B (fits) ===
$ whole_array.py --dev npu -M 2048 -K 2048 -N 2048 -m 32 -k 64 -n 128 --n-aie-cols 4 --dtype_in bf16 --dtype_out f32 --warmup 3 --iters 10 --c-single-buffer 1
--- stdout tail ---
  NPU time     (avg/min/max us): 6886.8 / 6811.1 / 7192.7
  End-to-end   (avg/min/max us): 7614.3 / 7302.0 / 7949.6
  NPU GFLOPS                    : 2494.61
  PASS!
(wall incl. compile: 0.6 s)

SUMMARY  (bf16->f32, 4 cols, k=64 n=128 c_single_buffer=1 b_col_maj=0; GFLOPS = 2MKN / NPU-bracket avg; L1 est = 2A+2B+C*(1|2)+stack, of 65,536)
           MxKxN   m   L1 est    verdict   NPU avg us   NPU min us   e2e avg us    GFLOPS
-----------------------------------------------------------------------------------------
  2048x2048x2048  32   60,672       PASS       6886.8       6811.1       7614.3   2494.61

######## S6: bf16 64/128/32 single-C ########
whole_array sweep  dtype bf16->f32  cols=4 k=128 n=32  c_single_buffer=1 b_col_maj=0  iters=10 warmup=3  python=C:\Users\<user>\mlir-aie\ironenv\Scripts\python.exe
whole_array dir: C:\Users\<user>\mlir-aie\programming_examples\basic\matrix_multiplication\whole_array

=== 2048x2048x2048  m=64 k=128 n=32  bf16->f32  c_single_buffer=1  L1 est 60,672 B (fits) ===
$ whole_array.py --dev npu -M 2048 -K 2048 -N 2048 -m 64 -k 128 -n 32 --n-aie-cols 4 --dtype_in bf16 --dtype_out f32 --warmup 3 --iters 10 --c-single-buffer 1
--- stdout tail ---
  NPU time     (avg/min/max us): 9493.5 / 9143.0 / 11148.1
  End-to-end   (avg/min/max us): 10291.2 / 9850.9 / 12059.9
  NPU GFLOPS                    : 1809.65
  PASS!
(wall incl. compile: 0.6 s)

SUMMARY  (bf16->f32, 4 cols, k=128 n=32 c_single_buffer=1 b_col_maj=0; GFLOPS = 2MKN / NPU-bracket avg; L1 est = 2A+2B+C*(1|2)+stack, of 65,536)
           MxKxN   m   L1 est    verdict   NPU avg us   NPU min us   e2e avg us    GFLOPS
-----------------------------------------------------------------------------------------
  2048x2048x2048  64   60,672       PASS       9493.5       9143.0      10291.2   1809.65

######## S10: bf16 64/128/64 (predicted OVER) single-C ########
whole_array sweep  dtype bf16->f32  cols=4 k=128 n=64  c_single_buffer=1 b_col_maj=0  iters=10 warmup=3  python=C:\Users\<user>\mlir-aie\ironenv\Scripts\python.exe
whole_array dir: C:\Users\<user>\mlir-aie\programming_examples\basic\matrix_multiplication\whole_array

=== 2048x2048x2048  m=64 k=128 n=64  bf16->f32  c_single_buffer=1  L1 est 85,248 B (OVER by 19,712) ===
$ whole_array.py --dev npu -M 2048 -K 2048 -N 2048 -m 64 -k 128 -n 64 --n-aie-cols 4 --dtype_in bf16 --dtype_out f32 --warmup 3 --iters 10 --c-single-buffer 1
--- stdout tail ---
--- stderr tail (rc=1) ---
  	C_L1L2_3_3_buff_0 	: 0xD00-0x4CFF 	(16384 bytes)
  	B_L2L1_3_3_cons_buff_0 	: 0x4D00-0x8CFF 	(16384 bytes)
  	B_L2L1_3_3_cons_buff_1 	: 0x8D00-0xCCFF 	(16384 bytes)
  	A_L2L1_3_3_cons_buff_0 	: 0xCD00-0x10CFF 	(16384 bytes)
  	A_L2L1_3_3_cons_buff_1 	: 0x10D00-0x14CFF 	(16384 bytes)
  C:\Users\<user>\.npu\cache\89977917bc94e2908fcecac8\aie.mlir:2:3: error: 'aie.tile' op Basic sequential allocation failed.
    aie.device(npu1) {
    ^
  C:\Users\<user>\.npu\cache\89977917bc94e2908fcecac8\aie.mlir:2:3: note: see current operation: %8 = "aie.tile"() <{col = 3 : i32, row = 5 : i32}> {controller_id = #aie.packet_info<pkt_type = 0, pkt_id = 31>} : () -> index
  aiecc: edge 'input_with_addresses.mlir' (key 'input.mlir') failed
  aiecc: pipeline failed
  
(wall incl. compile: 3.4 s)

SUMMARY  (bf16->f32, 4 cols, k=128 n=64 c_single_buffer=1 b_col_maj=0; GFLOPS = 2MKN / NPU-bracket avg; L1 est = 2A+2B+C*(1|2)+stack, of 65,536)
           MxKxN   m   L1 est    verdict   NPU avg us   NPU min us   e2e avg us    GFLOPS
-----------------------------------------------------------------------------------------
  2048x2048x2048  64   85,248 ERROR(rc=1)            -            -            -         -

######## S7: bf16 128/32/64 single-C ########
whole_array sweep  dtype bf16->f32  cols=4 k=32 n=64  c_single_buffer=1 b_col_maj=0  iters=10 warmup=3  python=C:\Users\<user>\mlir-aie\ironenv\Scripts\python.exe
whole_array dir: C:\Users\<user>\mlir-aie\programming_examples\basic\matrix_multiplication\whole_array

=== 2048x2048x2048  m=128 k=32 n=64  bf16->f32  c_single_buffer=1  L1 est 60,672 B (fits) ===
$ whole_array.py --dev npu -M 2048 -K 2048 -N 2048 -m 128 -k 32 -n 64 --n-aie-cols 4 --dtype_in bf16 --dtype_out f32 --warmup 3 --iters 10 --c-single-buffer 1
--- stdout tail ---
  NPU time     (avg/min/max us): 8296.0 / 8136.1 / 8412.2
  End-to-end   (avg/min/max us): 9064.2 / 8830.1 / 9269.4
  NPU GFLOPS                    : 2070.87
  PASS!
(wall incl. compile: 0.6 s)

SUMMARY  (bf16->f32, 4 cols, k=32 n=64 c_single_buffer=1 b_col_maj=0; GFLOPS = 2MKN / NPU-bracket avg; L1 est = 2A+2B+C*(1|2)+stack, of 65,536)
           MxKxN   m   L1 est    verdict   NPU avg us   NPU min us   e2e avg us    GFLOPS
-----------------------------------------------------------------------------------------
  2048x2048x2048 128   60,672       PASS       8296.0       8136.1       9064.2   2070.87

######## S8: bf16 64/32/128 single-C ########
whole_array sweep  dtype bf16->f32  cols=4 k=32 n=128  c_single_buffer=1 b_col_maj=0  iters=10 warmup=3  python=C:\Users\<user>\mlir-aie\ironenv\Scripts\python.exe
whole_array dir: C:\Users\<user>\mlir-aie\programming_examples\basic\matrix_multiplication\whole_array

=== 2048x2048x2048  m=64 k=32 n=128  bf16->f32  c_single_buffer=1  L1 est 60,672 B (fits) ===
$ whole_array.py --dev npu -M 2048 -K 2048 -N 2048 -m 64 -k 32 -n 128 --n-aie-cols 4 --dtype_in bf16 --dtype_out f32 --warmup 3 --iters 10 --c-single-buffer 1
--- stdout tail ---
  NPU time     (avg/min/max us): 8002.7 / 7962.4 / 8028.4
  End-to-end   (avg/min/max us): 8768.1 / 8488.0 / 8887.9
  NPU GFLOPS                    : 2146.76
  PASS!
(wall incl. compile: 0.6 s)

SUMMARY  (bf16->f32, 4 cols, k=32 n=128 c_single_buffer=1 b_col_maj=0; GFLOPS = 2MKN / NPU-bracket avg; L1 est = 2A+2B+C*(1|2)+stack, of 65,536)
           MxKxN   m   L1 est    verdict   NPU avg us   NPU min us   e2e avg us    GFLOPS
-----------------------------------------------------------------------------------------
  2048x2048x2048  64   60,672       PASS       8002.7       7962.4       8768.1   2146.76

######## PART 1b: is the m-vs-n asymmetry B's DMA burst length? --b-col-maj 1 makes B's contiguous run k instead of n ########
whole_array sweep  dtype bf16->f32  cols=4 k=64 n=32  c_single_buffer=1 b_col_maj=1  iters=10 warmup=3  python=C:\Users\<user>\mlir-aie\ironenv\Scripts\python.exe
whole_array dir: C:\Users\<user>\mlir-aie\programming_examples\basic\matrix_multiplication\whole_array

=== 2048x2048x2048  m=128 k=64 n=32  bf16->f32  c_single_buffer=1  b_col_maj=1  L1 est 60,672 B (fits) ===
$ whole_array.py --dev npu -M 2048 -K 2048 -N 2048 -m 128 -k 64 -n 32 --n-aie-cols 4 --dtype_in bf16 --dtype_out f32 --warmup 3 --iters 10 --c-single-buffer 1 --b-col-maj 1
--- stdout tail ---
  NPU time     (avg/min/max us): 7710.3 / 7611.0 / 7993.7
  End-to-end   (avg/min/max us): 8499.9 / 8379.8 / 8579.7
  NPU GFLOPS                    : 2228.17
  PASS!
(wall incl. compile: 5.0 s)

SUMMARY  (bf16->f32, 4 cols, k=64 n=32 c_single_buffer=1 b_col_maj=1; GFLOPS = 2MKN / NPU-bracket avg; L1 est = 2A+2B+C*(1|2)+stack, of 65,536)
           MxKxN   m   L1 est    verdict   NPU avg us   NPU min us   e2e avg us    GFLOPS
-----------------------------------------------------------------------------------------
  2048x2048x2048 128   60,672       PASS       7710.3       7611.0       8499.9   2228.17
whole_array sweep  dtype bf16->f32  cols=4 k=64 n=128  c_single_buffer=1 b_col_maj=1  iters=10 warmup=3  python=C:\Users\<user>\mlir-aie\ironenv\Scripts\python.exe
whole_array dir: C:\Users\<user>\mlir-aie\programming_examples\basic\matrix_multiplication\whole_array

=== 2048x2048x2048  m=32 k=64 n=128  bf16->f32  c_single_buffer=1  b_col_maj=1  L1 est 60,672 B (fits) ===
$ whole_array.py --dev npu -M 2048 -K 2048 -N 2048 -m 32 -k 64 -n 128 --n-aie-cols 4 --dtype_in bf16 --dtype_out f32 --warmup 3 --iters 10 --c-single-buffer 1 --b-col-maj 1
--- stdout tail ---
  NPU time     (avg/min/max us): 7879.4 / 7764.7 / 8317.0
  End-to-end   (avg/min/max us): 8733.1 / 8426.2 / 9119.5
  NPU GFLOPS                    : 2180.36
  PASS!
(wall incl. compile: 5.2 s)

SUMMARY  (bf16->f32, 4 cols, k=64 n=128 c_single_buffer=1 b_col_maj=1; GFLOPS = 2MKN / NPU-bracket avg; L1 est = 2A+2B+C*(1|2)+stack, of 65,536)
           MxKxN   m   L1 est    verdict   NPU avg us   NPU min us   e2e avg us    GFLOPS
-----------------------------------------------------------------------------------------
  2048x2048x2048  32   60,672       PASS       7879.4       7764.7       8733.1   2180.36
whole_array sweep  dtype bf16->f32  cols=4 k=64 n=64  c_single_buffer=1 b_col_maj=1  iters=10 warmup=3  python=C:\Users\<user>\mlir-aie\ironenv\Scripts\python.exe
whole_array dir: C:\Users\<user>\mlir-aie\programming_examples\basic\matrix_multiplication\whole_array

=== 2048x2048x2048  m=64 k=64 n=64  bf16->f32  c_single_buffer=1  b_col_maj=1  L1 est 52,480 B (fits) ===
$ whole_array.py --dev npu -M 2048 -K 2048 -N 2048 -m 64 -k 64 -n 64 --n-aie-cols 4 --dtype_in bf16 --dtype_out f32 --warmup 3 --iters 10 --c-single-buffer 1 --b-col-maj 1
--- stdout tail ---
  NPU time     (avg/min/max us): 7070.5 / 7005.6 / 7118.5
  End-to-end   (avg/min/max us): 7836.7 / 7557.6 / 8074.0
  NPU GFLOPS                    : 2429.80
  PASS!
(wall incl. compile: 5.0 s)

SUMMARY  (bf16->f32, 4 cols, k=64 n=64 c_single_buffer=1 b_col_maj=1; GFLOPS = 2MKN / NPU-bracket avg; L1 est = 2A+2B+C*(1|2)+stack, of 65,536)
           MxKxN   m   L1 est    verdict   NPU avg us   NPU min us   e2e avg us    GFLOPS
-----------------------------------------------------------------------------------------
  2048x2048x2048  64   52,480       PASS       7070.5       7005.6       7836.7   2429.80

######## PART 2: shapes x tiles (bf16) ########

######## default 64/64/32 double-C across shapes ########
whole_array sweep  dtype bf16->f32  cols=4 k=64 n=32  c_single_buffer=0 b_col_maj=0  iters=10 warmup=3  python=C:\Users\<user>\mlir-aie\ironenv\Scripts\python.exe
whole_array dir: C:\Users\<user>\mlir-aie\programming_examples\basic\matrix_multiplication\whole_array

=== 1024x1024x1024  m=64 k=64 n=32  bf16->f32  c_single_buffer=0  L1 est 44,288 B (fits) ===
$ whole_array.py --dev npu -M 1024 -K 1024 -N 1024 -m 64 -k 64 -n 32 --n-aie-cols 4 --dtype_in bf16 --dtype_out f32 --warmup 3 --iters 10
--- stdout tail ---
  NPU time     (avg/min/max us): 1146.6 / 1120.5 / 1171.8
  End-to-end   (avg/min/max us): 1729.9 / 1577.6 / 2216.4
  NPU GFLOPS                    : 1872.95
  PASS!
(wall incl. compile: 4.9 s)

=== 4096x2048x2048  m=64 k=64 n=32  bf16->f32  c_single_buffer=0  L1 est 44,288 B (fits) ===
$ whole_array.py --dev npu -M 4096 -K 2048 -N 2048 -m 64 -k 64 -n 32 --n-aie-cols 4 --dtype_in bf16 --dtype_out f32 --warmup 3 --iters 10
--- stdout tail ---
  NPU time     (avg/min/max us): 20657.5 / 20548.4 / 20987.2
  End-to-end   (avg/min/max us): 21563.8 / 21322.0 / 22015.6
  NPU GFLOPS                    : 1663.31
  PASS!
(wall incl. compile: 5.5 s)

=== 2048x4096x4096  m=64 k=64 n=32  bf16->f32  c_single_buffer=0  L1 est 44,288 B (fits) ===
$ whole_array.py --dev npu -M 2048 -K 4096 -N 4096 -m 64 -k 64 -n 32 --n-aie-cols 4 --dtype_in bf16 --dtype_out f32 --warmup 3 --iters 10
--- stdout tail ---
  NPU time     (avg/min/max us): 39679.8 / 39084.8 / 42403.1
  End-to-end   (avg/min/max us): 40675.0 / 40037.9 / 43473.2
  NPU GFLOPS                    : 1731.85
  PASS!
(wall incl. compile: 5.7 s)

SUMMARY  (bf16->f32, 4 cols, k=64 n=32 c_single_buffer=0 b_col_maj=0; GFLOPS = 2MKN / NPU-bracket avg; L1 est = 2A+2B+C*(1|2)+stack, of 65,536)
           MxKxN   m   L1 est    verdict   NPU avg us   NPU min us   e2e avg us    GFLOPS
-----------------------------------------------------------------------------------------
  1024x1024x1024  64   44,288       PASS       1146.6       1120.5       1729.9   1872.95
  4096x2048x2048  64   44,288       PASS      20657.5      20548.4      21563.8   1663.31
  2048x4096x4096  64   44,288       PASS      39679.8      39084.8      40675.0   1731.85

######## 64/64/64 single-C across shapes ########
whole_array sweep  dtype bf16->f32  cols=4 k=64 n=64  c_single_buffer=1 b_col_maj=0  iters=10 warmup=3  python=C:\Users\<user>\mlir-aie\ironenv\Scripts\python.exe
whole_array dir: C:\Users\<user>\mlir-aie\programming_examples\basic\matrix_multiplication\whole_array

=== 1024x1024x1024  m=64 k=64 n=64  bf16->f32  c_single_buffer=1  L1 est 52,480 B (fits) ===
$ whole_array.py --dev npu -M 1024 -K 1024 -N 1024 -m 64 -k 64 -n 64 --n-aie-cols 4 --dtype_in bf16 --dtype_out f32 --warmup 3 --iters 10 --c-single-buffer 1
--- stdout tail ---
  NPU time     (avg/min/max us): 1032.0 / 1013.1 / 1084.1
  End-to-end   (avg/min/max us): 1583.9 / 1433.8 / 1964.5
  NPU GFLOPS                    : 2080.98
  PASS!
(wall incl. compile: 0.5 s)

=== 4096x2048x2048  m=64 k=64 n=64  bf16->f32  c_single_buffer=1  L1 est 52,480 B (fits) ===
$ whole_array.py --dev npu -M 4096 -K 2048 -N 2048 -m 64 -k 64 -n 64 --n-aie-cols 4 --dtype_in bf16 --dtype_out f32 --warmup 3 --iters 10 --c-single-buffer 1
--- stdout tail ---
  NPU time     (avg/min/max us): 13694.8 / 13610.5 / 13997.7
  End-to-end   (avg/min/max us): 14525.2 / 14248.2 / 14941.7
  NPU GFLOPS                    : 2508.97
  PASS!
(wall incl. compile: 5.3 s)

=== 2048x4096x4096  m=64 k=64 n=64  bf16->f32  c_single_buffer=1  L1 est 52,480 B (fits) ===
$ whole_array.py --dev npu -M 2048 -K 4096 -N 4096 -m 64 -k 64 -n 64 --n-aie-cols 4 --dtype_in bf16 --dtype_out f32 --warmup 3 --iters 10 --c-single-buffer 1
--- stdout tail ---
  NPU time     (avg/min/max us): 25902.0 / 25820.6 / 25978.2
  End-to-end   (avg/min/max us): 26790.2 / 26677.7 / 26879.6
  NPU GFLOPS                    : 2653.05
  PASS!
(wall incl. compile: 1.0 s)

SUMMARY  (bf16->f32, 4 cols, k=64 n=64 c_single_buffer=1 b_col_maj=0; GFLOPS = 2MKN / NPU-bracket avg; L1 est = 2A+2B+C*(1|2)+stack, of 65,536)
           MxKxN   m   L1 est    verdict   NPU avg us   NPU min us   e2e avg us    GFLOPS
-----------------------------------------------------------------------------------------
  1024x1024x1024  64   52,480       PASS       1032.0       1013.1       1583.9   2080.98
  4096x2048x2048  64   52,480       PASS      13694.8      13610.5      14525.2   2508.97
  2048x4096x4096  64   52,480       PASS      25902.0      25820.6      26790.2   2653.05

######## 32/64/128 single-C across shapes ########
whole_array sweep  dtype bf16->f32  cols=4 k=64 n=128  c_single_buffer=1 b_col_maj=0  iters=10 warmup=3  python=C:\Users\<user>\mlir-aie\ironenv\Scripts\python.exe
whole_array dir: C:\Users\<user>\mlir-aie\programming_examples\basic\matrix_multiplication\whole_array

=== 1024x1024x1024  m=32 k=64 n=128  bf16->f32  c_single_buffer=1  L1 est 60,672 B (fits) ===
$ whole_array.py --dev npu -M 1024 -K 1024 -N 1024 -m 32 -k 64 -n 128 --n-aie-cols 4 --dtype_in bf16 --dtype_out f32 --warmup 3 --iters 10 --c-single-buffer 1
--- stdout tail ---
  NPU time     (avg/min/max us): 1088.9 / 1066.0 / 1119.4
  End-to-end   (avg/min/max us): 1662.0 / 1505.3 / 2003.4
  NPU GFLOPS                    : 1972.14
  PASS!
(wall incl. compile: 4.8 s)

=== 4096x2048x2048  m=32 k=64 n=128  bf16->f32  c_single_buffer=1  L1 est 60,672 B (fits) ===
$ whole_array.py --dev npu -M 4096 -K 2048 -N 2048 -m 32 -k 64 -n 128 --n-aie-cols 4 --dtype_in bf16 --dtype_out f32 --warmup 3 --iters 10 --c-single-buffer 1
--- stdout tail ---
  NPU time     (avg/min/max us): 13626.9 / 13551.2 / 13878.6
  End-to-end   (avg/min/max us): 14437.6 / 14323.1 / 14695.4
  NPU GFLOPS                    : 2521.46
  PASS!
(wall incl. compile: 5.6 s)

=== 2048x4096x4096  m=32 k=64 n=128  bf16->f32  c_single_buffer=1  L1 est 60,672 B (fits) ===
$ whole_array.py --dev npu -M 2048 -K 4096 -N 4096 -m 32 -k 64 -n 128 --n-aie-cols 4 --dtype_in bf16 --dtype_out f32 --warmup 3 --iters 10 --c-single-buffer 1
--- stdout tail ---
  NPU time     (avg/min/max us): 25447.5 / 25212.0 / 25959.1
  End-to-end   (avg/min/max us): 26321.9 / 25851.3 / 26932.8
  NPU GFLOPS                    : 2700.44
  PASS!
(wall incl. compile: 5.6 s)

SUMMARY  (bf16->f32, 4 cols, k=64 n=128 c_single_buffer=1 b_col_maj=0; GFLOPS = 2MKN / NPU-bracket avg; L1 est = 2A+2B+C*(1|2)+stack, of 65,536)
           MxKxN   m   L1 est    verdict   NPU avg us   NPU min us   e2e avg us    GFLOPS
-----------------------------------------------------------------------------------------
  1024x1024x1024  32   60,672       PASS       1088.9       1066.0       1662.0   1972.14
  4096x2048x2048  32   60,672       PASS      13626.9      13551.2      14437.6   2521.46
  2048x4096x4096  32   60,672       PASS      25447.5      25212.0      26321.9   2700.44

######## 128/64/32 single-C across shapes ########
whole_array sweep  dtype bf16->f32  cols=4 k=64 n=32  c_single_buffer=1 b_col_maj=0  iters=10 warmup=3  python=C:\Users\<user>\mlir-aie\ironenv\Scripts\python.exe
whole_array dir: C:\Users\<user>\mlir-aie\programming_examples\basic\matrix_multiplication\whole_array

=== 1024x1024x1024  m=128 k=64 n=32  bf16->f32  c_single_buffer=1  L1 est 60,672 B (fits) ===
$ whole_array.py --dev npu -M 1024 -K 1024 -N 1024 -m 128 -k 64 -n 32 --n-aie-cols 4 --dtype_in bf16 --dtype_out f32 --warmup 3 --iters 10 --c-single-buffer 1
--- stdout tail ---
  NPU time     (avg/min/max us): 1138.8 / 1119.0 / 1194.1
  End-to-end   (avg/min/max us): 1676.8 / 1561.6 / 2009.1
  NPU GFLOPS                    : 1885.68
  PASS!
(wall incl. compile: 4.7 s)

=== 4096x2048x2048  m=128 k=64 n=32  bf16->f32  c_single_buffer=1  L1 est 60,672 B (fits) ===
$ whole_array.py --dev npu -M 4096 -K 2048 -N 2048 -m 128 -k 64 -n 32 --n-aie-cols 4 --dtype_in bf16 --dtype_out f32 --warmup 3 --iters 10 --c-single-buffer 1
--- stdout tail ---
  NPU time     (avg/min/max us): 16180.8 / 16025.6 / 16357.5
  End-to-end   (avg/min/max us): 17088.0 / 16837.0 / 17317.8
  NPU GFLOPS                    : 2123.49
  PASS!
(wall incl. compile: 5.2 s)

=== 2048x4096x4096  m=128 k=64 n=32  bf16->f32  c_single_buffer=1  L1 est 60,672 B (fits) ===
$ whole_array.py --dev npu -M 2048 -K 4096 -N 4096 -m 128 -k 64 -n 32 --n-aie-cols 4 --dtype_in bf16 --dtype_out f32 --warmup 3 --iters 10 --c-single-buffer 1
--- stdout tail ---
--- stderr tail (rc=1) ---
  (6/37)                 
  (6/37) [0/1] npu_materialized.mlir
  (7/37)                            
  (7/37) perCoreInDevice
  (8/37)                
  (8/37) [0/1] npu_dma_lowered.mlirC:\Users\<user>\.npu\cache\dbbd27d5e5d1cc254e98d464\aie.mlir:623:9: error: 'aie.dma_bd' op Stride 3 exceeds the [1:1048576] range.
          aie.dma_bd(%arg2 : memref<8388608xf32> offset = 0 len = 524288 sizes = [2, 32, 512, 32] strides = [2097152, 128, 4096, 1])
          ^
  C:\Users\<user>\.npu\cache\dbbd27d5e5d1cc254e98d464\aie.mlir:623:9: note: see current operation: "aie.dma_bd"(%arg2) <{bd_id = 0 : i32, operandSegmentSizes = array<i32: 1, 0, 0, 0, 0>, static_len = 524288 : i32, static_offset = 0 : i32, static_sizes = array<i64: 2, 32, 512, 32>, static_strides = arra
  aiecc: edge 'npu_dma_lowered.mlir' (key 'input.mlir') failed
  aiecc: pipeline failed
  
(wall incl. compile: 3.7 s)

SUMMARY  (bf16->f32, 4 cols, k=64 n=32 c_single_buffer=1 b_col_maj=0; GFLOPS = 2MKN / NPU-bracket avg; L1 est = 2A+2B+C*(1|2)+stack, of 65,536)
           MxKxN   m   L1 est    verdict   NPU avg us   NPU min us   e2e avg us    GFLOPS
-----------------------------------------------------------------------------------------
  1024x1024x1024 128   60,672       PASS       1138.8       1119.0       1676.8   1885.68
  4096x2048x2048 128   60,672       PASS      16180.8      16025.6      17088.0   2123.49
  2048x4096x4096 128   60,672 ERROR(rc=1)            -            -            -         -

######## PART 3: int8 at 2048^3 -- 64/64/64 double-C (reference), 128/64/64 and 64/128/64 single-C ########
whole_array sweep  dtype i8->i32  cols=4 k=64 n=64  c_single_buffer=0 b_col_maj=0  iters=10 warmup=3  python=C:\Users\<user>\mlir-aie\ironenv\Scripts\python.exe
whole_array dir: C:\Users\<user>\mlir-aie\programming_examples\basic\matrix_multiplication\whole_array

=== 2048x2048x2048  m=64 k=64 n=64  i8->i32  c_single_buffer=0  L1 est 52,480 B (fits) ===
$ whole_array.py --dev npu -M 2048 -K 2048 -N 2048 -m 64 -k 64 -n 64 --n-aie-cols 4 --dtype_in i8 --dtype_out i32 --warmup 3 --iters 10
--- stdout tail ---
  NPU time     (avg/min/max us): 4001.2 / 3764.7 / 4699.3
  End-to-end   (avg/min/max us): 4820.0 / 4593.7 / 5915.8
  NPU GFLOPS                    : 4293.63
  PASS!
(wall incl. compile: 76.5 s)

SUMMARY  (i8->i32, 4 cols, k=64 n=64 c_single_buffer=0 b_col_maj=0; GOPS = 2MKN / NPU-bracket avg; L1 est = 2A+2B+C*(1|2)+stack, of 65,536)
           MxKxN   m   L1 est    verdict   NPU avg us   NPU min us   e2e avg us      GOPS
-----------------------------------------------------------------------------------------
  2048x2048x2048  64   52,480       PASS       4001.2       3764.7       4820.0   4293.63
whole_array sweep  dtype i8->i32  cols=4 k=64 n=64  c_single_buffer=1 b_col_maj=0  iters=10 warmup=3  python=C:\Users\<user>\mlir-aie\ironenv\Scripts\python.exe
whole_array dir: C:\Users\<user>\mlir-aie\programming_examples\basic\matrix_multiplication\whole_array

=== 2048x2048x2048  m=128 k=64 n=64  i8->i32  c_single_buffer=1  L1 est 60,672 B (fits) ===
$ whole_array.py --dev npu -M 2048 -K 2048 -N 2048 -m 128 -k 64 -n 64 --n-aie-cols 4 --dtype_in i8 --dtype_out i32 --warmup 3 --iters 10 --c-single-buffer 1
--- stdout tail ---
  NPU time     (avg/min/max us): 3667.9 / 3535.2 / 3851.5
  End-to-end   (avg/min/max us): 4427.8 / 4268.1 / 4643.7
  NPU GFLOPS                    : 4683.89
  PASS!
(wall incl. compile: 76.3 s)

SUMMARY  (i8->i32, 4 cols, k=64 n=64 c_single_buffer=1 b_col_maj=0; GOPS = 2MKN / NPU-bracket avg; L1 est = 2A+2B+C*(1|2)+stack, of 65,536)
           MxKxN   m   L1 est    verdict   NPU avg us   NPU min us   e2e avg us      GOPS
-----------------------------------------------------------------------------------------
  2048x2048x2048 128   60,672       PASS       3667.9       3535.2       4427.8   4683.89
whole_array sweep  dtype i8->i32  cols=4 k=128 n=64  c_single_buffer=1 b_col_maj=0  iters=10 warmup=3  python=C:\Users\<user>\mlir-aie\ironenv\Scripts\python.exe
whole_array dir: C:\Users\<user>\mlir-aie\programming_examples\basic\matrix_multiplication\whole_array

=== 2048x2048x2048  m=64 k=128 n=64  i8->i32  c_single_buffer=1  L1 est 52,480 B (fits) ===
$ whole_array.py --dev npu -M 2048 -K 2048 -N 2048 -m 64 -k 128 -n 64 --n-aie-cols 4 --dtype_in i8 --dtype_out i32 --warmup 3 --iters 10 --c-single-buffer 1
--- stdout tail ---
  NPU time     (avg/min/max us): 3540.7 / 3460.9 / 3600.4
  End-to-end   (avg/min/max us): 4233.8 / 3988.7 / 4365.4
  NPU GFLOPS                    : 4852.06
  PASS!
(wall incl. compile: 76.6 s)

SUMMARY  (i8->i32, 4 cols, k=128 n=64 c_single_buffer=1 b_col_maj=0; GOPS = 2MKN / NPU-bracket avg; L1 est = 2A+2B+C*(1|2)+stack, of 65,536)
           MxKxN   m   L1 est    verdict   NPU avg us   NPU min us   e2e avg us      GOPS
-----------------------------------------------------------------------------------------
  2048x2048x2048  64   52,480       PASS       3540.7       3460.9       4233.8   4852.06

--- other python/compiler processes after NPU part ---
--- end ---

######## PART 4: CPU bf16/fp32 baseline, resnet_env, same sitting ########
CPU GEMM sweep -- torch, single process, this machine's Zen4 cores
torch 2.14.0+cpu, torch threads 8 (OMP_NUM_THREADS=<unset>), iters=20 warmup=5

--- dtype=fp32 ---
               MxKxN      MFLOP    mean ms     min ms     GFLOPS
----------------------------------------------------------------
      1024x1024x1024    2147.48     3.7880     3.4227      566.9
      2048x2048x2048   17179.87    27.8513    22.8327      616.8
      4096x2048x2048   34359.74    52.6997    46.3978      652.0
      2048x4096x4096   68719.48   101.3897    91.1713      677.8

--- dtype=bf16 ---
               MxKxN      MFLOP    mean ms     min ms     GFLOPS
----------------------------------------------------------------
      1024x1024x1024    2147.48     1.5126     0.9359     1419.8
      2048x2048x2048   17179.87    14.1981    12.0613     1210.0
      4096x2048x2048   34359.74    26.1240    21.3380     1315.3
      2048x4096x4096   68719.48    48.0102    39.0415     1431.4


--- other python/compiler processes at end ---
--- end ---
=== done 2026-09-08 00:04:48 ===


APPENDIX  the superseded screen, 2026-09-07 18:33 (run_screen.sh), verbatim -- CONTAMINATED
===========================================================================================
Ran while pid 6332 (resnet_env, pipelines/resnet50/3_quantize.py XINT8_ADAROUND on
wide_resnet101_2, 8 threads) was on the CPU; kept for the record, every number in it is
superseded by the clean run above.

=== K2 tile screen at 2048x2048x2048. start 2026-09-07 18:33:43 ===
--- other python/compiler processes at start (contention check) ---
6332 python.exe C:\Users\<user>\miniforge3\envs\resnet_env\python.exe pipelines/resnet50/3_quantize.py --calib-dir data/calib --limit 300 --config XINT8_ADAR
--- end ---

######## S1: bf16 default tile 64/64/32, double-buffered C (control) ########
whole_array sweep  dtype bf16->f32  cols=4 k=64 n=32  c_single_buffer=0  iters=10 warmup=3  python=C:\Users\<user>\mlir-aie\ironenv\Scripts\python.exe
whole_array dir: C:\Users\<user>\mlir-aie\programming_examples\basic\matrix_multiplication\whole_array

=== 2048x2048x2048  m=64 k=64 n=32  bf16->f32  c_single_buffer=0  L1 est 44,288 B (fits) ===
$ whole_array.py --dev npu -M 2048 -K 2048 -N 2048 -m 64 -k 64 -n 32 --n-aie-cols 4 --dtype_in bf16 --dtype_out f32 --warmup 3 --iters 10
--- stdout tail ---
  NPU time     (avg/min/max us): 10925.0 / 9607.7 / 12696.4
  End-to-end   (avg/min/max us): 11831.3 / 10313.9 / 13771.2
  NPU GFLOPS                    : 1572.53
  PASS!
(wall incl. compile: 6.1 s)

SUMMARY  (bf16->f32, 4 cols, k=64 n=32 c_single_buffer=0; GFLOPS = 2MKN / NPU-bracket avg; L1 est = 2A+2B+C*(1|2)+stack, of 65,536)
           MxKxN   m   L1 est    verdict   NPU avg us   NPU min us   e2e avg us    GFLOPS
-----------------------------------------------------------------------------------------
  2048x2048x2048  64   44,288       PASS      10925.0       9607.7      11831.3   1572.53

######## S2,S4: bf16 64/64/32 and 128/64/32, single-buffered C ########
whole_array sweep  dtype bf16->f32  cols=4 k=64 n=32  c_single_buffer=1  iters=10 warmup=3  python=C:\Users\<user>\mlir-aie\ironenv\Scripts\python.exe
whole_array dir: C:\Users\<user>\mlir-aie\programming_examples\basic\matrix_multiplication\whole_array

=== 2048x2048x2048  m=64 k=64 n=32  bf16->f32  c_single_buffer=1  L1 est 36,096 B (fits) ===
$ whole_array.py --dev npu -M 2048 -K 2048 -N 2048 -m 64 -k 64 -n 32 --n-aie-cols 4 --dtype_in bf16 --dtype_out f32 --warmup 3 --iters 10 --c-single-buffer 1
--- stdout tail ---
  NPU time     (avg/min/max us): 11613.0 / 9903.1 / 14518.8
  End-to-end   (avg/min/max us): 12543.6 / 10700.2 / 15309.3
  NPU GFLOPS                    : 1479.36
  PASS!
(wall incl. compile: 5.5 s)

=== 2048x2048x2048  m=128 k=64 n=32  bf16->f32  c_single_buffer=1  L1 est 60,672 B (fits) ===
$ whole_array.py --dev npu -M 2048 -K 2048 -N 2048 -m 128 -k 64 -n 32 --n-aie-cols 4 --dtype_in bf16 --dtype_out f32 --warmup 3 --iters 10 --c-single-buffer 1
--- stdout tail ---
  NPU time     (avg/min/max us): 9426.0 / 8946.1 / 12053.9
  End-to-end   (avg/min/max us): 10329.5 / 9515.2 / 13176.3
  NPU GFLOPS                    : 1822.60
  PASS!
(wall incl. compile: 5.3 s)

SUMMARY  (bf16->f32, 4 cols, k=64 n=32 c_single_buffer=1; GFLOPS = 2MKN / NPU-bracket avg; L1 est = 2A+2B+C*(1|2)+stack, of 65,536)
           MxKxN   m   L1 est    verdict   NPU avg us   NPU min us   e2e avg us    GFLOPS
-----------------------------------------------------------------------------------------
  2048x2048x2048  64   36,096       PASS      11613.0       9903.1      12543.6   1479.36
  2048x2048x2048 128   60,672       PASS       9426.0       8946.1      10329.5   1822.60

######## S3,S9: bf16 64/64/64 and 128/64/64 (predicted OVER), single-buffered C ########
whole_array sweep  dtype bf16->f32  cols=4 k=64 n=64  c_single_buffer=1  iters=10 warmup=3  python=C:\Users\<user>\mlir-aie\ironenv\Scripts\python.exe
whole_array dir: C:\Users\<user>\mlir-aie\programming_examples\basic\matrix_multiplication\whole_array

=== 2048x2048x2048  m=64 k=64 n=64  bf16->f32  c_single_buffer=1  L1 est 52,480 B (fits) ===
$ whole_array.py --dev npu -M 2048 -K 2048 -N 2048 -m 64 -k 64 -n 64 --n-aie-cols 4 --dtype_in bf16 --dtype_out f32 --warmup 3 --iters 10 --c-single-buffer 1
--- stdout tail ---
  NPU time     (avg/min/max us): 7351.9 / 7080.4 / 7726.9
  End-to-end   (avg/min/max us): 8173.9 / 7793.4 / 8600.5
  NPU GFLOPS                    : 2336.79
  PASS!
(wall incl. compile: 0.7 s)

=== 2048x2048x2048  m=128 k=64 n=64  bf16->f32  c_single_buffer=1  L1 est 85,248 B (OVER by 19,712) ===
$ whole_array.py --dev npu -M 2048 -K 2048 -N 2048 -m 128 -k 64 -n 64 --n-aie-cols 4 --dtype_in bf16 --dtype_out f32 --warmup 3 --iters 10 --c-single-buffer 1
--- stdout tail ---
--- stderr tail (rc=1) ---
  	C_L1L2_3_3_buff_0 	: 0xD00-0x8CFF 	(32768 bytes)
  	A_L2L1_3_3_cons_buff_0 	: 0x8D00-0xCCFF 	(16384 bytes)
  	A_L2L1_3_3_cons_buff_1 	: 0xCD00-0x10CFF 	(16384 bytes)
  	B_L2L1_3_3_cons_buff_0 	: 0x10D00-0x12CFF 	(8192 bytes)
  	B_L2L1_3_3_cons_buff_1 	: 0x12D00-0x14CFF 	(8192 bytes)
  C:\Users\<user>\.npu\cache\a9e51fccc9f24288ed521b8b\aie.mlir:2:3: error: 'aie.tile' op Basic sequential allocation failed.
    aie.device(npu1) {
    ^
  C:\Users\<user>\.npu\cache\a9e51fccc9f24288ed521b8b\aie.mlir:2:3: note: see current operation: %8 = "aie.tile"() <{col = 3 : i32, row = 5 : i32}> {controller_id = #aie.packet_info<pkt_type = 0, pkt_id = 31>} : () -> index
  aiecc: edge 'input_with_addresses.mlir' (key 'input.mlir') failed
  aiecc: pipeline failed
  
(wall incl. compile: 3.7 s)

SUMMARY  (bf16->f32, 4 cols, k=64 n=64 c_single_buffer=1; GFLOPS = 2MKN / NPU-bracket avg; L1 est = 2A+2B+C*(1|2)+stack, of 65,536)
           MxKxN   m   L1 est    verdict   NPU avg us   NPU min us   e2e avg us    GFLOPS
-----------------------------------------------------------------------------------------
  2048x2048x2048  64   52,480       PASS       7351.9       7080.4       8173.9   2336.79
  2048x2048x2048 128   85,248 ERROR(rc=1)            -            -            -         -

######## S5: bf16 32/64/128, single-buffered C ########
whole_array sweep  dtype bf16->f32  cols=4 k=64 n=128  c_single_buffer=1  iters=10 warmup=3  python=C:\Users\<user>\mlir-aie\ironenv\Scripts\python.exe
whole_array dir: C:\Users\<user>\mlir-aie\programming_examples\basic\matrix_multiplication\whole_array

=== 2048x2048x2048  m=32 k=64 n=128  bf16->f32  c_single_buffer=1  L1 est 60,672 B (fits) ===
$ whole_array.py --dev npu -M 2048 -K 2048 -N 2048 -m 32 -k 64 -n 128 --n-aie-cols 4 --dtype_in bf16 --dtype_out f32 --warmup 3 --iters 10 --c-single-buffer 1
--- stdout tail ---
  NPU time     (avg/min/max us): 7927.8 / 7165.2 / 10124.0
  End-to-end   (avg/min/max us): 8749.0 / 7955.6 / 10997.2
  NPU GFLOPS                    : 2167.03
  PASS!
(wall incl. compile: 5.7 s)

SUMMARY  (bf16->f32, 4 cols, k=64 n=128 c_single_buffer=1; GFLOPS = 2MKN / NPU-bracket avg; L1 est = 2A+2B+C*(1|2)+stack, of 65,536)
           MxKxN   m   L1 est    verdict   NPU avg us   NPU min us   e2e avg us    GFLOPS
-----------------------------------------------------------------------------------------
  2048x2048x2048  32   60,672       PASS       7927.8       7165.2       8749.0   2167.03

######## S6: bf16 64/128/32, single-buffered C ########
whole_array sweep  dtype bf16->f32  cols=4 k=128 n=32  c_single_buffer=1  iters=10 warmup=3  python=C:\Users\<user>\mlir-aie\ironenv\Scripts\python.exe
whole_array dir: C:\Users\<user>\mlir-aie\programming_examples\basic\matrix_multiplication\whole_array

=== 2048x2048x2048  m=64 k=128 n=32  bf16->f32  c_single_buffer=1  L1 est 60,672 B (fits) ===
$ whole_array.py --dev npu -M 2048 -K 2048 -N 2048 -m 64 -k 128 -n 32 --n-aie-cols 4 --dtype_in bf16 --dtype_out f32 --warmup 3 --iters 10 --c-single-buffer 1
--- stdout tail ---
  NPU time     (avg/min/max us): 10768.5 / 9849.4 / 12626.8
  End-to-end   (avg/min/max us): 11575.8 / 10527.0 / 13245.6
  NPU GFLOPS                    : 1595.38
  PASS!
(wall incl. compile: 5.4 s)

SUMMARY  (bf16->f32, 4 cols, k=128 n=32 c_single_buffer=1; GFLOPS = 2MKN / NPU-bracket avg; L1 est = 2A+2B+C*(1|2)+stack, of 65,536)
           MxKxN   m   L1 est    verdict   NPU avg us   NPU min us   e2e avg us    GFLOPS
-----------------------------------------------------------------------------------------
  2048x2048x2048  64   60,672       PASS      10768.5       9849.4      11575.8   1595.38

######## S10: bf16 64/128/64 (predicted OVER), single-buffered C ########
whole_array sweep  dtype bf16->f32  cols=4 k=128 n=64  c_single_buffer=1  iters=10 warmup=3  python=C:\Users\<user>\mlir-aie\ironenv\Scripts\python.exe
whole_array dir: C:\Users\<user>\mlir-aie\programming_examples\basic\matrix_multiplication\whole_array

=== 2048x2048x2048  m=64 k=128 n=64  bf16->f32  c_single_buffer=1  L1 est 85,248 B (OVER by 19,712) ===
$ whole_array.py --dev npu -M 2048 -K 2048 -N 2048 -m 64 -k 128 -n 64 --n-aie-cols 4 --dtype_in bf16 --dtype_out f32 --warmup 3 --iters 10 --c-single-buffer 1
--- stdout tail ---
--- stderr tail (rc=1) ---
  	C_L1L2_3_3_buff_0 	: 0xD00-0x4CFF 	(16384 bytes)
  	B_L2L1_3_3_cons_buff_0 	: 0x4D00-0x8CFF 	(16384 bytes)
  	B_L2L1_3_3_cons_buff_1 	: 0x8D00-0xCCFF 	(16384 bytes)
  	A_L2L1_3_3_cons_buff_0 	: 0xCD00-0x10CFF 	(16384 bytes)
  	A_L2L1_3_3_cons_buff_1 	: 0x10D00-0x14CFF 	(16384 bytes)
  C:\Users\<user>\.npu\cache\89977917bc94e2908fcecac8\aie.mlir:2:3: error: 'aie.tile' op Basic sequential allocation failed.
    aie.device(npu1) {
    ^
  C:\Users\<user>\.npu\cache\89977917bc94e2908fcecac8\aie.mlir:2:3: note: see current operation: %8 = "aie.tile"() <{col = 3 : i32, row = 5 : i32}> {controller_id = #aie.packet_info<pkt_type = 0, pkt_id = 31>} : () -> index
  aiecc: edge 'input_with_addresses.mlir' (key 'input.mlir') failed
  aiecc: pipeline failed
  
(wall incl. compile: 3.7 s)

SUMMARY  (bf16->f32, 4 cols, k=128 n=64 c_single_buffer=1; GFLOPS = 2MKN / NPU-bracket avg; L1 est = 2A+2B+C*(1|2)+stack, of 65,536)
           MxKxN   m   L1 est    verdict   NPU avg us   NPU min us   e2e avg us    GFLOPS
-----------------------------------------------------------------------------------------
  2048x2048x2048  64   85,248 ERROR(rc=1)            -            -            -         -

######## S7: bf16 128/32/64, single-buffered C ########
whole_array sweep  dtype bf16->f32  cols=4 k=32 n=64  c_single_buffer=1  iters=10 warmup=3  python=C:\Users\<user>\mlir-aie\ironenv\Scripts\python.exe
whole_array dir: C:\Users\<user>\mlir-aie\programming_examples\basic\matrix_multiplication\whole_array

=== 2048x2048x2048  m=128 k=32 n=64  bf16->f32  c_single_buffer=1  L1 est 60,672 B (fits) ===
$ whole_array.py --dev npu -M 2048 -K 2048 -N 2048 -m 128 -k 32 -n 64 --n-aie-cols 4 --dtype_in bf16 --dtype_out f32 --warmup 3 --iters 10 --c-single-buffer 1
--- stdout tail ---
  NPU time     (avg/min/max us): 8509.1 / 8283.3 / 8598.3
  End-to-end   (avg/min/max us): 9429.4 / 9086.7 / 9673.4
  NPU GFLOPS                    : 2018.99
  PASS!
(wall incl. compile: 5.4 s)

SUMMARY  (bf16->f32, 4 cols, k=32 n=64 c_single_buffer=1; GFLOPS = 2MKN / NPU-bracket avg; L1 est = 2A+2B+C*(1|2)+stack, of 65,536)
           MxKxN   m   L1 est    verdict   NPU avg us   NPU min us   e2e avg us    GFLOPS
-----------------------------------------------------------------------------------------
  2048x2048x2048 128   60,672       PASS       8509.1       8283.3       9429.4   2018.99

######## S8: bf16 64/32/128, single-buffered C ########
whole_array sweep  dtype bf16->f32  cols=4 k=32 n=128  c_single_buffer=1  iters=10 warmup=3  python=C:\Users\<user>\mlir-aie\ironenv\Scripts\python.exe
whole_array dir: C:\Users\<user>\mlir-aie\programming_examples\basic\matrix_multiplication\whole_array

=== 2048x2048x2048  m=64 k=32 n=128  bf16->f32  c_single_buffer=1  L1 est 60,672 B (fits) ===
$ whole_array.py --dev npu -M 2048 -K 2048 -N 2048 -m 64 -k 32 -n 128 --n-aie-cols 4 --dtype_in bf16 --dtype_out f32 --warmup 3 --iters 10 --c-single-buffer 1
--- stdout tail ---
  NPU time     (avg/min/max us): 8006.5 / 7942.0 / 8079.5
  End-to-end   (avg/min/max us): 8927.4 / 8772.7 / 9040.3
  NPU GFLOPS                    : 2145.73
  PASS!
(wall incl. compile: 5.5 s)

SUMMARY  (bf16->f32, 4 cols, k=32 n=128 c_single_buffer=1; GFLOPS = 2MKN / NPU-bracket avg; L1 est = 2A+2B+C*(1|2)+stack, of 65,536)
           MxKxN   m   L1 est    verdict   NPU avg us   NPU min us   e2e avg us    GFLOPS
-----------------------------------------------------------------------------------------
  2048x2048x2048  64   60,672       PASS       8006.5       7942.0       8927.4   2145.73

######## I1: int8 64/64/64, double-buffered C (the int8 log's tuned tile, re-measured) ########
whole_array sweep  dtype i8->i32  cols=4 k=64 n=64  c_single_buffer=0  iters=10 warmup=3  python=C:\Users\<user>\mlir-aie\ironenv\Scripts\python.exe
whole_array dir: C:\Users\<user>\mlir-aie\programming_examples\basic\matrix_multiplication\whole_array

=== 2048x2048x2048  m=64 k=64 n=64  i8->i32  c_single_buffer=0  L1 est 52,480 B (fits) ===
$ whole_array.py --dev npu -M 2048 -K 2048 -N 2048 -m 64 -k 64 -n 64 --n-aie-cols 4 --dtype_in i8 --dtype_out i32 --warmup 3 --iters 10
--- stdout tail ---
  NPU time     (avg/min/max us): 4075.5 / 3796.2 / 5478.9
  End-to-end   (avg/min/max us): 4843.2 / 4433.7 / 6288.4
  NPU GFLOPS                    : 4215.37
  PASS!
(wall incl. compile: 85.1 s)

SUMMARY  (i8->i32, 4 cols, k=64 n=64 c_single_buffer=0; GOPS = 2MKN / NPU-bracket avg; L1 est = 2A+2B+C*(1|2)+stack, of 65,536)
           MxKxN   m   L1 est    verdict   NPU avg us   NPU min us   e2e avg us      GOPS
-----------------------------------------------------------------------------------------
  2048x2048x2048  64   52,480       PASS       4075.5       3796.2       4843.2   4215.37

######## I2: int8 128/64/64, single-buffered C ########
whole_array sweep  dtype i8->i32  cols=4 k=64 n=64  c_single_buffer=1  iters=10 warmup=3  python=C:\Users\<user>\mlir-aie\ironenv\Scripts\python.exe
whole_array dir: C:\Users\<user>\mlir-aie\programming_examples\basic\matrix_multiplication\whole_array

=== 2048x2048x2048  m=128 k=64 n=64  i8->i32  c_single_buffer=1  L1 est 60,672 B (fits) ===
$ whole_array.py --dev npu -M 2048 -K 2048 -N 2048 -m 128 -k 64 -n 64 --n-aie-cols 4 --dtype_in i8 --dtype_out i32 --warmup 3 --iters 10 --c-single-buffer 1
--- stdout tail ---
  NPU time     (avg/min/max us): 3905.6 / 3739.9 / 4309.3
  End-to-end   (avg/min/max us): 4755.6 / 4538.7 / 5298.7
  NPU GFLOPS                    : 4398.78
  PASS!
(wall incl. compile: 91.5 s)

SUMMARY  (i8->i32, 4 cols, k=64 n=64 c_single_buffer=1; GOPS = 2MKN / NPU-bracket avg; L1 est = 2A+2B+C*(1|2)+stack, of 65,536)
           MxKxN   m   L1 est    verdict   NPU avg us   NPU min us   e2e avg us      GOPS
-----------------------------------------------------------------------------------------
  2048x2048x2048 128   60,672       PASS       3905.6       3739.9       4755.6   4398.78

######## I3: int8 64/128/64, single-buffered C ########
whole_array sweep  dtype i8->i32  cols=4 k=128 n=64  c_single_buffer=1  iters=10 warmup=3  python=C:\Users\<user>\mlir-aie\ironenv\Scripts\python.exe
whole_array dir: C:\Users\<user>\mlir-aie\programming_examples\basic\matrix_multiplication\whole_array

=== 2048x2048x2048  m=64 k=128 n=64  i8->i32  c_single_buffer=1  L1 est 52,480 B (fits) ===
$ whole_array.py --dev npu -M 2048 -K 2048 -N 2048 -m 64 -k 128 -n 64 --n-aie-cols 4 --dtype_in i8 --dtype_out i32 --warmup 3 --iters 10 --c-single-buffer 1
--- stdout tail ---
  NPU time     (avg/min/max us): 3926.9 / 3650.3 / 4124.8
  End-to-end   (avg/min/max us): 4794.4 / 4557.2 / 5056.9
  NPU GFLOPS                    : 4374.93
  PASS!
(wall incl. compile: 87.4 s)

SUMMARY  (i8->i32, 4 cols, k=128 n=64 c_single_buffer=1; GOPS = 2MKN / NPU-bracket avg; L1 est = 2A+2B+C*(1|2)+stack, of 65,536)
           MxKxN   m   L1 est    verdict   NPU avg us   NPU min us   e2e avg us      GOPS
-----------------------------------------------------------------------------------------
  2048x2048x2048  64   52,480       PASS       3926.9       3650.3       4794.4   4374.93

--- other python/compiler processes at end ---
6332 python.exe C:\Users\<user>\miniforge3\envs\resnet_env\python.exe pipelines/resnet50/3_quantize.py --calib-dir data/calib --limit 300 --config XINT8_ADAR
--- end ---
=== done 2026-09-07 18:38:55 ===
exit=0
