RESEARCH_PLATFORM {"machine": "Desktop 2", "cpu": "AMD Ryzen 7 8700G w/ Radeon 780M Graphics", "os": "Windows-11-10.0.26200-SP0", "ram_bytes": 33381138432, "source_sha256": {"tools/research_process.py": "23103a955f6830de62e1208f172577cd7a887be7d360ed7d234a8f8e0f12db2c", "tools/quant_calib_alphabet.py": "88cbdf7ceeb39e7de5a6bca25c360b89b93da0e7182516e3960c4414087248e9", "tools/xint8_arithmetic_probe.py": "f9c4b7def7909edbf5a5394b3bc31e1d10f2732ebb6a445b5febc6a9e078aa5c", "scripts/research-lowlevel.sh": "800bfc258200fec9695442c58cb7578ad4c4f3f6d6d49f55dadc14fc06ff425f", "scripts/research-iron.sh": "eb3e68dad67727528407f4ae41698c5f52178f9a24c53ef2705a7639fe55ac44", "kernels/memory_placement/probe.py": "4ef7ea560f776f309a441f14d78cccd529b36e1600d212455485038035bf1770", "kernels/memory_placement/memory_kernels.cc": "01fbe2cb8ed6ed153eef0f20512422e3eb44e5a1f5b8759956d039f04eef46f3", "scripts/research-matrix.sh": "a75975b7bc71326641182acd414db0bb47ac135dc5244d243f7ed2eee2f8595a", "kernels/memory_placement/gemm.py": "8dbf48f8f4a356cc69bc65793b8dd7eab9b18074d414a1e01fb7e0abe42319a3", "kernels/memory_placement/gemm_placement.cc": "2fa1d57cf316cdd8c3599eae4581284c26ee392ad7dbbf289bafd175342ad9bc"}, "commit": "1e27c5d48b30b9e83a821d36a27a0e8b81fa2bbc", "command": ["bash", "scripts/research-iron.sh", "kernels/memory_placement/gemm.py", "--targets", "1,2,4,8", "--out", "scratch/research_desktop2_20260909_g03/same_1", "--layout", "same", "--reference", "scratch/research_desktop2_20260909_g03/separate_1/result.json"], "seconds_limit": 240.0, "rss_gib_limit": 6.0, "checks_only": false, "free_ram_bytes": 21435613184}
HOST_LOAD busy_cores=2.26 logical_cores=16 free_ram_gb=20 sample_sec=1
HOST_LOAD_TOP 1.51 agy:22084 ws_mb=533
HOST_LOAD_TOP 0.36 pycharm64:9008 ws_mb=2136
HOST_LOAD_TOP 0.11 HWiNFO64:11920 ws_mb=15
HOST_LOAD_TOP 0.05 Taskmgr:17380 ws_mb=122
HOST_LOAD_TOP 0.05 powershell:26616 ws_mb=80
HOST_LOAD_VERDICT CLEAR

PRE_NPU_CONTEXT_WITNESS "\n-----------------------------\n[003d:00:01.1] : NPU Phoenix\n-----------------------------\nAIE Partitions\n  No hardware contexts running on device\n\n"
GEMM_PLACEMENT_PLATFORM 
-----------------------------
[003d:00:01.1] : NPU Phoenix
-----------------------------
Platform
  Name                   : NPU Phoenix 
  Power Mode             : Default 
  Total Columns          : 5 

Estimated Power          : N/A
pyxrt device.get_info(max_clock_frequency_mhz) = 800
NPU_TIMELINE "\n-----------------------------\n[003d:00:01.1] : NPU Phoenix\n-----------------------------\nAIE Partitions\n  Total Memory Usage: 20480 Byte\n  Partition Index   : 0\n    Columns: [1, 2, 3, 4]\n    HW Contexts:\n      |PID                 |Ctx ID     |Submissions |Migrations  |Err  |Priority |\n      |Process Name        |Status     |Completions |Suspensions |     |GOPS     |\n      |Memory Usage        |Instr BO   |            |            |     |FPS      |\n      |                    |           |            |            |     |Latency  |\n      |====================|===========|============|============|=====|=========|\n      |26200               |7          |0           |0           |0    |Normal   |\n      |python.exe          |Active     |0           |0           |     |N/A      |\n      |20480 Byte          |N/A        |            |            |     |N/A      |\n      |                    |           |            |            |     |N/A      |\n      |--------------------|-----------|------------|------------|-----|---------|\n"
NPU_OWNERSHIP {"context_pids": [26200], "owned_pids": [25776, 26016, 26200, 26236, 26444], "foreign_pids": []}
GEMM_PLACEMENT_ARTIFACTS {"a_address": 16384, "b_address": 24576, "reserved_address": 40960, "cache_directory": "C:\\Users\\<user>\\PycharmProjects\\ryzen-ai-xdna1-quantization\\scratch\\windows-lowlevel\\scratch\\iron-cache\\93219ced04fbb04008b168b3", "final_functions": [{"elf": "elfs_main_core_0_2.elf", "function_bytes": 1632, "function_sha256": "29b4b56e0bc42df03e7e8325937425c7237c26429faa7edc93cba21b36f1a044"}], "buffers": ["%parameters_cons_buff_0 = aie.buffer(%tile_0_2) {address = 1024 : i32, mem_bank = 0 : i32, sym_name = \"parameters_cons_buff_0\"} : memref<64xi32>  loc(#loc2)", "%gemm_result_buff_0 = aie.buffer(%tile_0_2) {address = 49152 : i32, mem_bank = 3 : i32, sym_name = \"gemm_result_buff_0\"} : memref<4096xi32>  loc(#loc3)", "%operand_a = aie.buffer(%tile_0_2) {address = 16384 : i32, mem_bank = 1 : i32, sym_name = \"operand_a\"} : memref<8192xi8>  loc(#loc4)", "%operand_b = aie.buffer(%tile_0_2) {address = 24576 : i32, mem_bank = 1 : i32, sym_name = \"operand_b\"} : memref<8192xi8>  loc(#loc5)", "%bank2_reserve = aie.buffer(%tile_0_2) {address = 40960 : i32, mem_bank = 2 : i32, sym_name = \"bank2_reserve\"} : memref<8192xi8>  loc(#loc6)"], "object_sha256": "983417317932ae2ee1feb8d778b39cf3694c2ab8385c02ba85cf30040a7ecd42"}
HOST_TIMELINE {"elapsed_seconds": 2.75, "tree_rss_bytes": 370135040, "foreign_peers": []}
GEMM_PLACEMENT_SAMPLES [{"panels": 1, "cycles": 17891, "wall_seconds": 0.09090860000287648, "hardware_ns": 897700, "checked_elements": 4096}, {"panels": 1, "cycles": 17891, "wall_seconds": 0.5174715000030119, "hardware_ns": 781500, "checked_elements": 4096}, {"panels": 1, "cycles": 17891, "wall_seconds": 0.07081399999879068, "hardware_ns": 803300, "checked_elements": 4096}, {"panels": 1, "cycles": 17891, "wall_seconds": 0.07861169999523554, "hardware_ns": 908600, "checked_elements": 4096}, {"panels": 1, "cycles": 17891, "wall_seconds": 0.08229049999499694, "hardware_ns": 773100, "checked_elements": 4096}]
GEMM_PLACEMENT_SAMPLES [{"panels": 2, "cycles": 33123, "wall_seconds": 0.07893139999941923, "hardware_ns": 798300, "checked_elements": 4096}, {"panels": 2, "cycles": 33123, "wall_seconds": 0.07311679999838816, "hardware_ns": 803000, "checked_elements": 4096}, {"panels": 2, "cycles": 33123, "wall_seconds": 0.08070130000123754, "hardware_ns": 793800, "checked_elements": 4096}, {"panels": 2, "cycles": 33123, "wall_seconds": 0.0810602999990806, "hardware_ns": 798500, "checked_elements": 4096}, {"panels": 2, "cycles": 33123, "wall_seconds": 0.0850674000030267, "hardware_ns": 809500, "checked_elements": 4096}]
HOST_TIMELINE {"elapsed_seconds": 5.313, "tree_rss_bytes": 101670912, "foreign_peers": []}
GEMM_PLACEMENT_SAMPLES [{"panels": 4, "cycles": 63587, "wall_seconds": 0.08144090000132564, "hardware_ns": 803900, "checked_elements": 4096}, {"panels": 4, "cycles": 63587, "wall_seconds": 0.09281449999980396, "hardware_ns": 862000, "checked_elements": 4096}, {"panels": 4, "cycles": 63587, "wall_seconds": 0.10923650000040652, "hardware_ns": 7651000, "checked_elements": 4096}, {"panels": 4, "cycles": 63587, "wall_seconds": 0.07227110000530956, "hardware_ns": 884500, "checked_elements": 4096}, {"panels": 4, "cycles": 63587, "wall_seconds": 0.5377047999936622, "hardware_ns": 817600, "checked_elements": 4096}]
NPU_TIMELINE "\n-----------------------------\n[003d:00:01.1] : NPU Phoenix\n-----------------------------\nAIE Partitions\n  Total Memory Usage: 20480 Byte\n  Partition Index   : 0\n    Columns: [1, 2, 3, 4]\n    HW Contexts:\n      |PID                 |Ctx ID     |Submissions |Migrations  |Err  |Priority |\n      |Process Name        |Status     |Completions |Suspensions |     |GOPS     |\n      |Memory Usage        |Instr BO   |            |            |     |FPS      |\n      |                    |           |            |            |     |Latency  |\n      |====================|===========|============|============|=====|=========|\n      |26200               |28         |0           |0           |0    |Normal   |\n      |python.exe          |Active     |0           |0           |     |N/A      |\n      |20480 Byte          |N/A        |            |            |     |N/A      |\n      |                    |           |            |            |     |N/A      |\n      |--------------------|-----------|------------|------------|-----|---------|\n"
NPU_OWNERSHIP {"context_pids": [26200], "owned_pids": [25776, 26016, 26200, 26236, 26444], "foreign_pids": []}
GEMM_PLACEMENT_SAMPLES [{"panels": 8, "cycles": 124515, "wall_seconds": 0.08277159999852302, "hardware_ns": 846400, "checked_elements": 4096}, {"panels": 8, "cycles": 124515, "wall_seconds": 0.5506846999996924, "hardware_ns": 879600, "checked_elements": 4096}, {"panels": 8, "cycles": 124515, "wall_seconds": 0.08149830000184011, "hardware_ns": 841100, "checked_elements": 4096}, {"panels": 8, "cycles": 124515, "wall_seconds": 0.08029710000118939, "hardware_ns": 847300, "checked_elements": 4096}, {"panels": 8, "cycles": 124515, "wall_seconds": 0.09072469999955501, "hardware_ns": 924500, "checked_elements": 4096}]
GEMM_PLACEMENT_RESULT {"layout": "same", "alternate_panels": false, "seed": 3, "pause_ms": 100, "shape": "64 x (64*panels) x 64", "dma_during_bracket": false, "fit": {"intercept": 2659.0, "slope": 15232.0, "r2": 1.0}}
RESEARCH_PROCESS_RESULT {"exit_code": 0, "stop": null, "peak_tree_rss_bytes": 571432960, "elapsed_seconds": 7.26600000000326, "foreign_contention_observed": false, "timing_eligible": true}
