RESEARCH_PLATFORM {"machine": "Desktop 2", "cpu": "AMD Ryzen 7 8700G w/ Radeon 780M Graphics", "os": "Windows-11-10.0.26200-SP0", "ram_bytes": 33381138432, "source_sha256": {"tools/research_process.py": "44e2c37a3ccbb9439c219e29c91fb8238d2d3bfb73734800ca81461eb756a11c", "tools/quant_calib_alphabet.py": "88cbdf7ceeb39e7de5a6bca25c360b89b93da0e7182516e3960c4414087248e9", "tools/xint8_arithmetic_probe.py": "f9c4b7def7909edbf5a5394b3bc31e1d10f2732ebb6a445b5febc6a9e078aa5c", "scripts/research-lowlevel.sh": "01577c5293fc3601e26aa57ea1f32204e3f318cf7c154162daf8593c8f440109", "scripts/research-iron.sh": "eb3e68dad67727528407f4ae41698c5f52178f9a24c53ef2705a7639fe55ac44", "kernels/memory_placement/probe.py": "4ef7ea560f776f309a441f14d78cccd529b36e1600d212455485038035bf1770", "kernels/memory_placement/memory_kernels.cc": "01fbe2cb8ed6ed153eef0f20512422e3eb44e5a1f5b8759956d039f04eef46f3", "scripts/research-matrix.sh": "b558fbf6381ee793863ef2ee467319edec47f79fc2ccbb8e88c138efdda48372", "kernels/memory_placement/gemm.py": "1061e1906006ab372ea17604a3b90bc26a7e76f39c5299e4ffd0098a7f65e6c7", "kernels/memory_placement/gemm_placement.cc": "2fa1d57cf316cdd8c3599eae4581284c26ee392ad7dbbf289bafd175342ad9bc"}, "commit": "1e27c5d48b30b9e83a821d36a27a0e8b81fa2bbc", "command": ["bash", "scripts/research-iron.sh", "kernels/memory_placement/gemm.py", "--targets", "1,2,4,8", "--out", "scratch/research_desktop2_20260909_g01/separate_1", "--layout", "separate"], "seconds_limit": 240.0, "rss_gib_limit": 6.0, "checks_only": false, "free_ram_bytes": 21644652544}
HOST_LOAD busy_cores=2.62 logical_cores=16 free_ram_gb=20.1 sample_sec=1
HOST_LOAD_TOP 1.71 agy:22084 ws_mb=515
HOST_LOAD_TOP 0.39 pycharm64:9008 ws_mb=2135
HOST_LOAD_TOP 0.17 HWiNFO64:11920 ws_mb=15
HOST_LOAD_TOP 0.14 powershell:24948 ws_mb=30
HOST_LOAD_TOP 0.06 Taskmgr:17380 ws_mb=121
HOST_LOAD_VERDICT CLEAR

PRE_NPU_CONTEXT_WITNESS "\n-----------------------------\n[003d:00:01.1] : NPU Phoenix\n-----------------------------\nAIE Partitions\n  No hardware contexts running on device\n\n"
GEMM_PLACEMENT_PLATFORM 
-----------------------------
[003d:00:01.1] : NPU Phoenix
-----------------------------
Platform
  Name                   : NPU Phoenix 
  Power Mode             : Default 
  Total Columns          : 5 

Estimated Power          : N/A
pyxrt device.get_info(max_clock_frequency_mhz) = 800
GEMM_PLACEMENT_ARTIFACTS {"a_address": 16384, "b_address": 32768, "reserved_address": 40960, "cache_directory": "C:\\Users\\<user>\\PycharmProjects\\ryzen-ai-xdna1-quantization\\scratch\\windows-lowlevel\\scratch\\iron-cache\\b7135d0252cb20bc066154d3", "final_functions": [{"elf": "elfs_main_core_0_2.elf", "function_bytes": 1632, "function_sha256": "29b4b56e0bc42df03e7e8325937425c7237c26429faa7edc93cba21b36f1a044"}], "buffers": ["%parameters_cons_buff_0 = aie.buffer(%tile_0_2) {address = 1024 : i32, mem_bank = 0 : i32, sym_name = \"parameters_cons_buff_0\"} : memref<64xi32>  loc(#loc2)", "%gemm_result_buff_0 = aie.buffer(%tile_0_2) {address = 49152 : i32, mem_bank = 3 : i32, sym_name = \"gemm_result_buff_0\"} : memref<4096xi32>  loc(#loc3)", "%operand_a = aie.buffer(%tile_0_2) {address = 16384 : i32, mem_bank = 1 : i32, sym_name = \"operand_a\"} : memref<8192xi8>  loc(#loc4)", "%operand_b = aie.buffer(%tile_0_2) {address = 32768 : i32, mem_bank = 2 : i32, sym_name = \"operand_b\"} : memref<8192xi8>  loc(#loc5)", "%bank2_reserve = aie.buffer(%tile_0_2) {address = 40960 : i32, mem_bank = 2 : i32, sym_name = \"bank2_reserve\"} : memref<8192xi8>  loc(#loc6)"], "object_sha256": "983417317932ae2ee1feb8d778b39cf3694c2ab8385c02ba85cf30040a7ecd42"}
NPU_TIMELINE "\n-----------------------------\n[003d:00:01.1] : NPU Phoenix\n-----------------------------\nAIE Partitions\n  Total Memory Usage: 24576 Byte\n  Partition Index   : 0\n    Columns: [1, 2, 3, 4]\n    HW Contexts:\n      |PID                 |Ctx ID     |Submissions |Migrations  |Err  |Priority |\n      |Process Name        |Status     |Completions |Suspensions |     |GOPS     |\n      |Memory Usage        |Instr BO   |            |            |     |FPS      |\n      |                    |           |            |            |     |Latency  |\n      |====================|===========|============|============|=====|=========|\n      |25472               |124        |0           |0           |0    |Normal   |\n      |python.exe          |Active     |0           |0           |     |N/A      |\n      |24576 Byte          |N/A        |            |            |     |N/A      |\n      |                    |           |            |            |     |N/A      |\n      |--------------------|-----------|------------|------------|-----|---------|\n"
NPU_OWNERSHIP {"context_pids": [25472], "owned_pids": [4716, 16784, 18244, 25360, 25472], "foreign_pids": []}
GEMM_PLACEMENT_SAMPLES [{"panels": 1, "cycles": 16867, "wall_seconds": 0.07386779999797, "hardware_ns": 783400, "checked_elements": 4096}, {"panels": 1, "cycles": 16867, "wall_seconds": 0.07398939999984577, "hardware_ns": 773300, "checked_elements": 4096}, {"panels": 1, "cycles": 16867, "wall_seconds": 0.07166040000447538, "hardware_ns": 781700, "checked_elements": 4096}, {"panels": 1, "cycles": 16867, "wall_seconds": 0.0856292999960715, "hardware_ns": 1102100, "checked_elements": 4096}, {"panels": 1, "cycles": 16867, "wall_seconds": 0.0840061000053538, "hardware_ns": 769200, "checked_elements": 4096}]
GEMM_PLACEMENT_SAMPLES [{"panels": 2, "cycles": 31075, "wall_seconds": 0.0743570999984513, "hardware_ns": 774700, "checked_elements": 4096}, {"panels": 2, "cycles": 31075, "wall_seconds": 0.08271240000613034, "hardware_ns": 774500, "checked_elements": 4096}, {"panels": 2, "cycles": 31075, "wall_seconds": 0.06695749999926193, "hardware_ns": 790000, "checked_elements": 4096}, {"panels": 2, "cycles": 31075, "wall_seconds": 0.0712409000043408, "hardware_ns": 777600, "checked_elements": 4096}, {"panels": 2, "cycles": 31075, "wall_seconds": 0.16220060000341618, "hardware_ns": 795300, "checked_elements": 4096}]
GEMM_PLACEMENT_SAMPLES [{"panels": 4, "cycles": 59491, "wall_seconds": 0.0827422000002116, "hardware_ns": 810600, "checked_elements": 4096}, {"panels": 4, "cycles": 59491, "wall_seconds": 0.06601869999576593, "hardware_ns": 827900, "checked_elements": 4096}, {"panels": 4, "cycles": 59491, "wall_seconds": 0.08284540000022389, "hardware_ns": 859600, "checked_elements": 4096}, {"panels": 4, "cycles": 59491, "wall_seconds": 0.08624470000358997, "hardware_ns": 813500, "checked_elements": 4096}, {"panels": 4, "cycles": 59491, "wall_seconds": 0.09044739999808371, "hardware_ns": 817000, "checked_elements": 4096}]
HOST_TIMELINE {"elapsed_seconds": 2.734, "tree_rss_bytes": 369721344, "foreign_peers": []}
GEMM_PLACEMENT_SAMPLES [{"panels": 8, "cycles": 116323, "wall_seconds": 0.09293170000455575, "hardware_ns": 825400, "checked_elements": 4096}, {"panels": 8, "cycles": 116323, "wall_seconds": 0.0791523000007146, "hardware_ns": 843000, "checked_elements": 4096}, {"panels": 8, "cycles": 116323, "wall_seconds": 0.084419999999227, "hardware_ns": 849200, "checked_elements": 4096}, {"panels": 8, "cycles": 116323, "wall_seconds": 0.09247400000458583, "hardware_ns": 837400, "checked_elements": 4096}, {"panels": 8, "cycles": 116323, "wall_seconds": 0.09347639999759849, "hardware_ns": 833300, "checked_elements": 4096}]
GEMM_PLACEMENT_RESULT {"layout": "separate", "alternate_panels": false, "seed": 3, "shape": "64 x (64*panels) x 64", "dma_during_bracket": false, "fit": {"intercept": 2659.0, "slope": 14208.0, "r2": 1.0}}
RESEARCH_PROCESS_RESULT {"exit_code": 0, "stop": null, "peak_tree_rss_bytes": 504004608, "elapsed_seconds": 3.3589999999967404, "foreign_contention_observed": false, "timing_eligible": true}
