RESEARCH_PLATFORM {"machine": "Desktop 2", "cpu": "AMD Ryzen 7 8700G w/ Radeon 780M Graphics", "os": "Windows-11-10.0.26200-SP0", "ram_bytes": 33381138432, "source_sha256": {"tools/research_process.py": "23103a955f6830de62e1208f172577cd7a887be7d360ed7d234a8f8e0f12db2c", "tools/quant_calib_alphabet.py": "88cbdf7ceeb39e7de5a6bca25c360b89b93da0e7182516e3960c4414087248e9", "tools/xint8_arithmetic_probe.py": "f9c4b7def7909edbf5a5394b3bc31e1d10f2732ebb6a445b5febc6a9e078aa5c", "scripts/research-lowlevel.sh": "800bfc258200fec9695442c58cb7578ad4c4f3f6d6d49f55dadc14fc06ff425f", "scripts/research-iron.sh": "eb3e68dad67727528407f4ae41698c5f52178f9a24c53ef2705a7639fe55ac44", "kernels/memory_placement/probe.py": "4ef7ea560f776f309a441f14d78cccd529b36e1600d212455485038035bf1770", "kernels/memory_placement/memory_kernels.cc": "01fbe2cb8ed6ed153eef0f20512422e3eb44e5a1f5b8759956d039f04eef46f3", "scripts/research-matrix.sh": "a75975b7bc71326641182acd414db0bb47ac135dc5244d243f7ed2eee2f8595a", "kernels/memory_placement/gemm.py": "8dbf48f8f4a356cc69bc65793b8dd7eab9b18074d414a1e01fb7e0abe42319a3", "kernels/memory_placement/gemm_placement.cc": "2fa1d57cf316cdd8c3599eae4581284c26ee392ad7dbbf289bafd175342ad9bc"}, "commit": "1e27c5d48b30b9e83a821d36a27a0e8b81fa2bbc", "command": ["bash", "scripts/research-iron.sh", "kernels/memory_placement/gemm.py", "--targets", "1,2,4,8", "--out", "scratch/research_desktop2_20260909_g03/same_2", "--layout", "same", "--reference", "scratch/research_desktop2_20260909_g03/separate_1/result.json"], "seconds_limit": 240.0, "rss_gib_limit": 6.0, "checks_only": false, "free_ram_bytes": 21476659200}
HOST_LOAD busy_cores=1.51 logical_cores=16 free_ram_gb=20 sample_sec=1
HOST_LOAD_TOP 0.98 agy:22084 ws_mb=529
HOST_LOAD_TOP 0.2 pycharm64:9008 ws_mb=2141
HOST_LOAD_TOP 0.09 Taskmgr:17380 ws_mb=121
HOST_LOAD_TOP 0.08 HWiNFO64:11920 ws_mb=15
HOST_LOAD_TOP 0.05 powershell:26136 ws_mb=80
HOST_LOAD_VERDICT CLEAR

PRE_NPU_CONTEXT_WITNESS "\n-----------------------------\n[003d:00:01.1] : NPU Phoenix\n-----------------------------\nAIE Partitions\n  No hardware contexts running on device\n\n"
GEMM_PLACEMENT_PLATFORM 
-----------------------------
[003d:00:01.1] : NPU Phoenix
-----------------------------
Platform
  Name                   : NPU Phoenix 
  Power Mode             : Default 
  Total Columns          : 5 

Estimated Power          : N/A
pyxrt device.get_info(max_clock_frequency_mhz) = 800
NPU_TIMELINE "\n-----------------------------\n[003d:00:01.1] : NPU Phoenix\n-----------------------------\nAIE Partitions\n  No hardware contexts running on device\n\n"
NPU_OWNERSHIP {"context_pids": [], "owned_pids": [25680, 25948, 25952, 25980, 26300, 26504], "foreign_pids": []}
GEMM_PLACEMENT_ARTIFACTS {"a_address": 16384, "b_address": 24576, "reserved_address": 40960, "cache_directory": "C:\\Users\\<user>\\PycharmProjects\\ryzen-ai-xdna1-quantization\\scratch\\windows-lowlevel\\scratch\\iron-cache\\93219ced04fbb04008b168b3", "final_functions": [{"elf": "elfs_main_core_0_2.elf", "function_bytes": 1632, "function_sha256": "29b4b56e0bc42df03e7e8325937425c7237c26429faa7edc93cba21b36f1a044"}], "buffers": ["%parameters_cons_buff_0 = aie.buffer(%tile_0_2) {address = 1024 : i32, mem_bank = 0 : i32, sym_name = \"parameters_cons_buff_0\"} : memref<64xi32>  loc(#loc2)", "%gemm_result_buff_0 = aie.buffer(%tile_0_2) {address = 49152 : i32, mem_bank = 3 : i32, sym_name = \"gemm_result_buff_0\"} : memref<4096xi32>  loc(#loc3)", "%operand_a = aie.buffer(%tile_0_2) {address = 16384 : i32, mem_bank = 1 : i32, sym_name = \"operand_a\"} : memref<8192xi8>  loc(#loc4)", "%operand_b = aie.buffer(%tile_0_2) {address = 24576 : i32, mem_bank = 1 : i32, sym_name = \"operand_b\"} : memref<8192xi8>  loc(#loc5)", "%bank2_reserve = aie.buffer(%tile_0_2) {address = 40960 : i32, mem_bank = 2 : i32, sym_name = \"bank2_reserve\"} : memref<8192xi8>  loc(#loc6)"], "object_sha256": "983417317932ae2ee1feb8d778b39cf3694c2ab8385c02ba85cf30040a7ecd42"}
GEMM_PLACEMENT_SAMPLES [{"panels": 1, "cycles": 17891, "wall_seconds": 0.08924580000166316, "hardware_ns": 845400, "checked_elements": 4096}, {"panels": 1, "cycles": 17891, "wall_seconds": 0.5103197999997064, "hardware_ns": 785700, "checked_elements": 4096}, {"panels": 1, "cycles": 17891, "wall_seconds": 0.08239969999704044, "hardware_ns": 770800, "checked_elements": 4096}, {"panels": 1, "cycles": 17891, "wall_seconds": 0.06665670000074897, "hardware_ns": 780500, "checked_elements": 4096}, {"panels": 1, "cycles": 17891, "wall_seconds": 0.09026480000466108, "hardware_ns": 800700, "checked_elements": 4096}]
HOST_TIMELINE {"elapsed_seconds": 2.766, "tree_rss_bytes": 303206400, "foreign_peers": []}
GEMM_PLACEMENT_SAMPLES [{"panels": 2, "cycles": 33123, "wall_seconds": 0.08915230000275187, "hardware_ns": 798200, "checked_elements": 4096}, {"panels": 2, "cycles": 33123, "wall_seconds": 0.08915620000334457, "hardware_ns": 802300, "checked_elements": 4096}, {"panels": 2, "cycles": 33123, "wall_seconds": 0.09372520000033546, "hardware_ns": 804700, "checked_elements": 4096}, {"panels": 2, "cycles": 33123, "wall_seconds": 0.07111289999738801, "hardware_ns": 789700, "checked_elements": 4096}, {"panels": 2, "cycles": 33123, "wall_seconds": 0.5598953000007896, "hardware_ns": 850200, "checked_elements": 4096}]
GEMM_PLACEMENT_SAMPLES [{"panels": 4, "cycles": 63587, "wall_seconds": 0.08378570000058971, "hardware_ns": 816300, "checked_elements": 4096}, {"panels": 4, "cycles": 63587, "wall_seconds": 0.07846850000350969, "hardware_ns": 792200, "checked_elements": 4096}, {"panels": 4, "cycles": 63587, "wall_seconds": 0.08106589999806602, "hardware_ns": 796100, "checked_elements": 4096}, {"panels": 4, "cycles": 63587, "wall_seconds": 0.0817317000037292, "hardware_ns": 816200, "checked_elements": 4096}, {"panels": 4, "cycles": 63587, "wall_seconds": 0.07866849999845726, "hardware_ns": 809400, "checked_elements": 4096}]
HOST_TIMELINE {"elapsed_seconds": 5.329, "tree_rss_bytes": 437551104, "foreign_peers": []}
NPU_TIMELINE "\n-----------------------------\n[003d:00:01.1] : NPU Phoenix\n-----------------------------\nAIE Partitions\n  No hardware contexts running on device\n\n"
NPU_OWNERSHIP {"context_pids": [], "owned_pids": [25680, 25948, 25952, 25980, 26300, 26504], "foreign_pids": []}
GEMM_PLACEMENT_SAMPLES [{"panels": 8, "cycles": 124515, "wall_seconds": 0.06598539999686182, "hardware_ns": 838600, "checked_elements": 4096}, {"panels": 8, "cycles": 124515, "wall_seconds": 0.07280020000325749, "hardware_ns": 5241800, "checked_elements": 4096}, {"panels": 8, "cycles": 124515, "wall_seconds": 0.0832762999998522, "hardware_ns": 814700, "checked_elements": 4096}, {"panels": 8, "cycles": 124515, "wall_seconds": 0.07587860000057844, "hardware_ns": 837700, "checked_elements": 4096}, {"panels": 8, "cycles": 124515, "wall_seconds": 0.0858275999999023, "hardware_ns": 854600, "checked_elements": 4096}]
GEMM_PLACEMENT_RESULT {"layout": "same", "alternate_panels": false, "seed": 3, "pause_ms": 100, "shape": "64 x (64*panels) x 64", "dma_during_bracket": false, "fit": {"intercept": 2659.0, "slope": 15232.0, "r2": 1.0}}
RESEARCH_PROCESS_RESULT {"exit_code": 0, "stop": null, "peak_tree_rss_bytes": 571813888, "elapsed_seconds": 6.235000000000582, "foreign_contention_observed": false, "timing_eligible": true}
