=============================================================================================================================
AMD PHOENIX XDNA1 AIE2 END-TO-END ONNX CONV2D SILICON EXECUTION REPORT
=============================================================================================================================
Timestamp: 2026-09-12 13:24:08 UTC
Platform: AMD Ryzen 7 8700G (Phoenix NPU [003d:00:01.1], Tile Clock: 1.80 GHz)
Source ONNX Model: models/yolov8n_cut_xint8.onnx
Target Subgraph: /model.15/m.0/cv1/conv/Conv (3x3 Conv, 32 Cout x 32 Cin)
Scales: s_x=0.03125 (pos=5), s_w=0.0078125 (pos=7), s_y=0.03125 (pos=5)
Shift Parameters: shift_cut=7, sigma=21
Transaction Binary: build/layer_conv0_16core.bin (15656 bytes)
Iterations: Sync=100 iters, Pipelined=100 iters (Warmup=10)

PERFORMANCE & PIPELINING SUMMARY:
Metric                               | Value
-------------------------------------+---------------------------------------------------------------------------------------
Sync Baseline Latency                | 170.22 us (5874.8 FPS)
Pipelined Effective Latency          | 90.77 us (11017.5 FPS)
Measured Speedup                     | 1.88x
Hidden Driver Floor                  | 79.45 us (46.7%)
Pipelined Step (Mean / Min / P95)   | 89.46 us / 52.00 us / 129.46 us
Effective Compute Throughput         | 0.0065 TOPS (Issue Density: 0.35%)

NUMERICAL PARITY EVALUATION:
Comparison Target                    | Bit-Agreement | MAE    | RMSE   | MaxAE | Parity Verdict
-------------------------------------+---------------+--------+--------+-------+----------------------------------------------
Silicon vs Exact INT8 QDQ Reference  | 100.00%       | 0.0000 | 0.0000 | 0     | Bit-Exact (100.0% Parity)
Silicon vs Floating-Point ORT CPU    |  51.56%       | 0.4844 | 0.6960 | 1     | Tie-Break Bound (<= 1 LSB Rounding)
Ping Set vs Pong Set Rings           |  29.39%       | 5.1855 | 7.9744 | 31    | 100.0% Deterministic Ring Parity
=============================================================================================================================
