RESEARCH_PLATFORM {"machine": "Desktop 2", "cpu": "AMD Ryzen 7 8700G w/ Radeon 780M Graphics", "os": "Windows-11-10.0.26200-SP0", "ram_bytes": 33381138432, "source_sha256": {"tools/research_process.py": "d2504ca56e3ac8ba0e00acf998eb73bdd10c846ffe72840477e90ec648ba1677", "tools/quant_calib_alphabet.py": "630502e608ec522abd2008c47993eac51a9c32b735e601ae0b1b45073f03cd00", "tools/xint8_arithmetic_probe.py": "f9c4b7def7909edbf5a5394b3bc31e1d10f2732ebb6a445b5febc6a9e078aa5c", "scripts/research-lowlevel.sh": "e7a59c463cd83f3c8dc9887c213b3569cc62ffa47b1ccc601a4b837063787cae", "scripts/research-iron.sh": "eb3e68dad67727528407f4ae41698c5f52178f9a24c53ef2705a7639fe55ac44", "kernels/memory_placement/probe.py": "e20dffa08cbc28d1c7deaec4f1eeda07deb9b4ed853296d5fb7e0a33165f0564", "kernels/memory_placement/memory_kernels.cc": "01fbe2cb8ed6ed153eef0f20512422e3eb44e5a1f5b8759956d039f04eef46f3"}, "commit": "1e27c5d48b30b9e83a821d36a27a0e8b81fa2bbc", "command": ["bash", "scripts/research-iron.sh", "kernels/memory_placement/probe.py", "--out", "scratch/research_desktop2_20260909_m01/same_offset_128", "--iters", "5", "--layout", "same", "--a-offset", "128", "--reference", "scratch/research_desktop2_20260909_m01/separate_1/result.json"], "seconds_limit": 240.0, "rss_gib_limit": 6.0, "checks_only": false, "free_ram_bytes": 22650245120}
HOST_LOAD busy_cores=1.23 logical_cores=16 free_ram_gb=21 sample_sec=1
HOST_LOAD_TOP 0.29 agy:22084 ws_mb=496
HOST_LOAD_TOP 0.2 pycharm64:9008 ws_mb=1997
HOST_LOAD_TOP 0.19 powershell:14032 ws_mb=66
HOST_LOAD_TOP 0.12 python:11136 ws_mb=29
HOST_LOAD_TOP 0.08 HWiNFO64:11920 ws_mb=13
HOST_LOAD_VERDICT CLEAR

PRE_NPU_CONTEXT_WITNESS "\n-----------------------------\n[003d:00:01.1] : NPU Phoenix\n-----------------------------\nAIE Partitions\n  No hardware contexts running on device\n\n"
PLACEMENT_PLATFORM 
-----------------------------
[003d:00:01.1] : NPU Phoenix
-----------------------------
Platform
  Name                   : NPU Phoenix 
  Power Mode             : Default 
  Total Columns          : 5 

Estimated Power          : N/A
pyxrt device.get_info(max_clock_frequency_mhz) = 800
NPU_TIMELINE "\n-----------------------------\n[003d:00:01.1] : NPU Phoenix\n-----------------------------\nAIE Partitions\n  No hardware contexts running on device\n\n"
NPU_OWNERSHIP {"context_pids": [], "owned_pids": [1652, 3048, 14232, 14856, 20712, 22864], "foreign_pids": []}
HOST_TIMELINE {"elapsed_seconds": 2.609, "tree_rss_bytes": 208707584, "foreign_peers": []}
PLACEMENT_ARTIFACTS {"object_sha256": "08ed0d9543bf5af47391d769a2aca2eed3720a0d8894e8548d8e186f6f26fdc4", "cache_directory": "C:\\Users\\<user>\\PycharmProjects\\ryzen-ai-xdna1-quantization\\scratch\\windows-lowlevel\\scratch\\iron-cache\\d72b8105d24e8c8f0df5152a", "a_address_requested": 16512, "b_address_requested": 18432, "final_functions": [{"elf": "elfs_main_core_0_2.elf", "function_bytes": 1760, "function_sha256": "87ab8a827f0ec7852b1418be7a6cef374e96dec2d0cc32c6c5eee7107cb9c10e"}], "buffer_declarations": ["%operand_a = aie.buffer(%logical_core) {address = 16512 : i32, sym_name = \"operand_a\"} : memref<512xi16>", "%operand_b = aie.buffer(%logical_core) {address = 18432 : i32, sym_name = \"operand_b\"} : memref<512xi16>", "%operand_a = aie.buffer(%tile_0_2) {address = 16512 : i32, mem_bank = 1 : i32, sym_name = \"operand_a\"} : memref<512xi16>  loc(#loc4)", "%operand_b = aie.buffer(%tile_0_2) {address = 18432 : i32, mem_bank = 1 : i32, sym_name = \"operand_b\"} : memref<512xi16>  loc(#loc5)"]}
PLACEMENT_SAMPLES [{"target": 512, "cycles": 6184, "hardware_ns": 347300, "wall_seconds": 0.07381840000016382, "checksum": 8176, "tile": [2, 1]}, {"target": 512, "cycles": 6184, "hardware_ns": 317000, "wall_seconds": 0.06954609999957029, "checksum": 8176, "tile": [2, 1]}, {"target": 512, "cycles": 6184, "hardware_ns": 305300, "wall_seconds": 0.07350599999335827, "checksum": 8176, "tile": [2, 1]}, {"target": 512, "cycles": 6184, "hardware_ns": 316800, "wall_seconds": 0.07366210000327555, "checksum": 8176, "tile": [2, 1]}, {"target": 512, "cycles": 6184, "hardware_ns": 295900, "wall_seconds": 0.5730791000023601, "checksum": 8176, "tile": [2, 1]}]
HOST_TIMELINE {"elapsed_seconds": 5.063, "tree_rss_bytes": 303931392, "foreign_peers": []}
PLACEMENT_SAMPLES [{"target": 1024, "cycles": 12328, "hardware_ns": 424000, "wall_seconds": 0.07021760000498034, "checksum": 16352, "tile": [2, 1]}, {"target": 1024, "cycles": 12328, "hardware_ns": 303100, "wall_seconds": 0.07099119999475079, "checksum": 16352, "tile": [2, 1]}, {"target": 1024, "cycles": 12328, "hardware_ns": 296000, "wall_seconds": 0.07171339999331394, "checksum": 16352, "tile": [2, 1]}, {"target": 1024, "cycles": 12328, "hardware_ns": 324100, "wall_seconds": 0.07418920000054641, "checksum": 16352, "tile": [2, 1]}, {"target": 1024, "cycles": 12328, "hardware_ns": 315100, "wall_seconds": 0.07071130000258563, "checksum": 16352, "tile": [2, 1]}]
NPU_TIMELINE "\n-----------------------------\n[003d:00:01.1] : NPU Phoenix\n-----------------------------\nAIE Partitions\n  Total Memory Usage: 64 MB\n  Partition Index   : 0\n    Columns: [1, 2, 3, 4]\n    HW Contexts:\n      |PID                 |Ctx ID     |Submissions |Migrations  |Err  |Priority |\n      |Process Name        |Status     |Completions |Suspensions |     |GOPS     |\n      |Memory Usage        |Instr BO   |            |            |     |FPS      |\n      |                    |           |            |            |     |Latency  |\n      |====================|===========|============|============|=====|=========|\n      |22864               |211        |1           |0           |0    |Normal   |\n      |python.exe          |Active     |1           |0           |     |N/A      |\n      |64 MB               |64 KB      |            |            |     |N/A      |\n      |                    |           |            |            |     |N/A      |\n      |--------------------|-----------|------------|------------|-----|---------|\n"
NPU_OWNERSHIP {"context_pids": [22864], "owned_pids": [1652, 2704, 3048, 14232, 14856, 15620, 17048, 20712, 22864], "foreign_pids": []}
PLACEMENT_SAMPLES [{"target": 2048, "cycles": 24616, "hardware_ns": 387000, "wall_seconds": 0.08138360000157263, "checksum": 32704, "tile": [2, 1]}, {"target": 2048, "cycles": 24616, "hardware_ns": 325900, "wall_seconds": 0.07334719999926165, "checksum": 32704, "tile": [2, 1]}, {"target": 2048, "cycles": 24616, "hardware_ns": 289700, "wall_seconds": 0.06894979999924544, "checksum": 32704, "tile": [2, 1]}, {"target": 2048, "cycles": 24616, "hardware_ns": 315600, "wall_seconds": 0.06808199999795761, "checksum": 32704, "tile": [2, 1]}, {"target": 2048, "cycles": 24616, "hardware_ns": 331300, "wall_seconds": 0.07444750000286149, "checksum": 32704, "tile": [2, 1]}]
PLACEMENT_SAMPLES [{"target": 4096, "cycles": 49192, "hardware_ns": 408400, "wall_seconds": 0.06728459999430925, "checksum": 65408, "tile": [2, 1]}, {"target": 4096, "cycles": 49192, "hardware_ns": 359800, "wall_seconds": 0.07241779999458231, "checksum": 65408, "tile": [2, 1]}, {"target": 4096, "cycles": 49192, "hardware_ns": 359800, "wall_seconds": 0.0720519999958924, "checksum": 65408, "tile": [2, 1]}, {"target": 4096, "cycles": 49192, "hardware_ns": 318300, "wall_seconds": 0.07526270000380464, "checksum": 65408, "tile": [2, 1]}, {"target": 4096, "cycles": 49192, "hardware_ns": 327100, "wall_seconds": 0.08195100000011735, "checksum": 65408, "tile": [2, 1]}]
PLACEMENT_SAMPLES [{"target": 8192, "cycles": 98344, "hardware_ns": 364300, "wall_seconds": 0.07275319999462226, "checksum": 130816, "tile": [2, 1]}, {"target": 8192, "cycles": 98344, "hardware_ns": 341600, "wall_seconds": 0.07988449999538716, "checksum": 130816, "tile": [2, 1]}, {"target": 8192, "cycles": 98344, "hardware_ns": 365000, "wall_seconds": 0.07059360000130255, "checksum": 130816, "tile": [2, 1]}, {"target": 8192, "cycles": 98344, "hardware_ns": 377700, "wall_seconds": 0.06713529999979073, "checksum": 130816, "tile": [2, 1]}, {"target": 8192, "cycles": 98344, "hardware_ns": 383100, "wall_seconds": 0.07275579999986803, "checksum": 130816, "tile": [2, 1]}]
HOST_TIMELINE {"elapsed_seconds": 7.484, "tree_rss_bytes": 505315328, "foreign_peers": []}
PLACEMENT_SAMPLES [{"target": 16384, "cycles": 196648, "hardware_ns": 466600, "wall_seconds": 0.07322879999992438, "checksum": 261632, "tile": [2, 1]}, {"target": 16384, "cycles": 196648, "hardware_ns": 445100, "wall_seconds": 0.06905929999629734, "checksum": 261632, "tile": [2, 1]}, {"target": 16384, "cycles": 196648, "hardware_ns": 397100, "wall_seconds": 0.07549540000036359, "checksum": 261632, "tile": [2, 1]}, {"target": 16384, "cycles": 196648, "hardware_ns": 510400, "wall_seconds": 0.07851759999903152, "checksum": 261632, "tile": [2, 1]}, {"target": 16384, "cycles": 196648, "hardware_ns": 417700, "wall_seconds": 0.08362649999617133, "checksum": 261632, "tile": [2, 1]}]
PLACEMENT_RESULT {"layout": "same", "a_offset": 128, "mode": "dual", "trace_size": 65536, "seed": 3, "fit": {"intercept": 40.0, "slope": 12.0, "r2": 1.0, "units": "core_cycles_per_iteration"}, "reference_function_identical": true, "dma_during_bracket": false}
RESEARCH_PROCESS_RESULT {"exit_code": 0, "stop": null, "peak_tree_rss_bytes": 572424192, "elapsed_seconds": 7.921999999998661, "foreign_contention_observed": false, "timing_eligible": true}
