RESEARCH_PLATFORM {"machine": "Desktop 2", "cpu": "AMD Ryzen 7 8700G w/ Radeon 780M Graphics", "os": "Windows-11-10.0.26200-SP0", "ram_bytes": 33381138432, "source_sha256": {"tools/research_process.py": "d2504ca56e3ac8ba0e00acf998eb73bdd10c846ffe72840477e90ec648ba1677", "tools/quant_calib_alphabet.py": "630502e608ec522abd2008c47993eac51a9c32b735e601ae0b1b45073f03cd00", "tools/xint8_arithmetic_probe.py": "f9c4b7def7909edbf5a5394b3bc31e1d10f2732ebb6a445b5febc6a9e078aa5c", "scripts/research-lowlevel.sh": "e7a59c463cd83f3c8dc9887c213b3569cc62ffa47b1ccc601a4b837063787cae", "scripts/research-iron.sh": "eb3e68dad67727528407f4ae41698c5f52178f9a24c53ef2705a7639fe55ac44", "kernels/memory_placement/probe.py": "e20dffa08cbc28d1c7deaec4f1eeda07deb9b4ed853296d5fb7e0a33165f0564", "kernels/memory_placement/memory_kernels.cc": "01fbe2cb8ed6ed153eef0f20512422e3eb44e5a1f5b8759956d039f04eef46f3"}, "commit": "1e27c5d48b30b9e83a821d36a27a0e8b81fa2bbc", "command": ["bash", "scripts/research-iron.sh", "kernels/memory_placement/probe.py", "--out", "scratch/research_desktop2_20260909_m01/single_same", "--iters", "5", "--layout", "same", "--mode", "single", "--reference", "scratch/research_desktop2_20260909_m01/separate_1/result.json"], "seconds_limit": 240.0, "rss_gib_limit": 6.0, "checks_only": false, "free_ram_bytes": 22661840896}
HOST_LOAD busy_cores=2.13 logical_cores=16 free_ram_gb=21.1 sample_sec=1
HOST_LOAD_TOP 1.5 agy:22084 ws_mb=500
HOST_LOAD_TOP 0.29 pycharm64:9008 ws_mb=1997
HOST_LOAD_TOP 0.08 HWiNFO64:11920 ws_mb=13
HOST_LOAD_TOP 0.05 Taskmgr:17380 ws_mb=115
HOST_LOAD_TOP 0.05 powershell:18516 ws_mb=80
HOST_LOAD_VERDICT CLEAR

PRE_NPU_CONTEXT_WITNESS "\n-----------------------------\n[003d:00:01.1] : NPU Phoenix\n-----------------------------\nAIE Partitions\n  No hardware contexts running on device\n\n"
PLACEMENT_PLATFORM 
-----------------------------
[003d:00:01.1] : NPU Phoenix
-----------------------------
Platform
  Name                   : NPU Phoenix 
  Power Mode             : Default 
  Total Columns          : 5 

Estimated Power          : N/A
pyxrt device.get_info(max_clock_frequency_mhz) = 800
PLACEMENT_ARTIFACTS {"object_sha256": "08ed0d9543bf5af47391d769a2aca2eed3720a0d8894e8548d8e186f6f26fdc4", "cache_directory": "C:\\Users\\<user>\\PycharmProjects\\ryzen-ai-xdna1-quantization\\scratch\\windows-lowlevel\\scratch\\iron-cache\\a33c09046db844619d4506c1", "a_address_requested": 16384, "b_address_requested": 18432, "final_functions": [{"elf": "elfs_main_core_0_2.elf", "function_bytes": 1760, "function_sha256": "87ab8a827f0ec7852b1418be7a6cef374e96dec2d0cc32c6c5eee7107cb9c10e"}], "buffer_declarations": ["%operand_a = aie.buffer(%logical_core) {address = 16384 : i32, sym_name = \"operand_a\"} : memref<512xi16>", "%operand_b = aie.buffer(%logical_core) {address = 18432 : i32, sym_name = \"operand_b\"} : memref<512xi16>", "%operand_a = aie.buffer(%tile_0_2) {address = 16384 : i32, mem_bank = 1 : i32, sym_name = \"operand_a\"} : memref<512xi16>  loc(#loc4)", "%operand_b = aie.buffer(%tile_0_2) {address = 18432 : i32, mem_bank = 1 : i32, sym_name = \"operand_b\"} : memref<512xi16>  loc(#loc5)"]}
NPU_TIMELINE "\n-----------------------------\n[003d:00:01.1] : NPU Phoenix\n-----------------------------\nAIE Partitions\n  Total Memory Usage: 64 MB\n  Partition Index   : 0\n    Columns: [1, 2, 3, 4]\n    HW Contexts:\n      |PID                 |Ctx ID     |Submissions |Migrations  |Err  |Priority |\n      |Process Name        |Status     |Completions |Suspensions |     |GOPS     |\n      |Memory Usage        |Instr BO   |            |            |     |FPS      |\n      |                    |           |            |            |     |Latency  |\n      |====================|===========|============|============|=====|=========|\n      |24060               |26         |1           |0           |0    |Normal   |\n      |python.exe          |Active     |1           |0           |     |N/A      |\n      |64 MB               |64 KB      |            |            |     |N/A      |\n      |                    |           |            |            |     |N/A      |\n      |--------------------|-----------|------------|------------|-----|---------|\n"
NPU_OWNERSHIP {"context_pids": [24060], "owned_pids": [8252, 9060, 13540, 14232, 24060], "foreign_pids": []}
PLACEMENT_SAMPLES [{"target": 512, "cycles": 5673, "hardware_ns": 311600, "wall_seconds": 0.07383860000118148, "checksum": 0, "tile": [2, 1]}, {"target": 512, "cycles": 5673, "hardware_ns": 298600, "wall_seconds": 0.06434469999658177, "checksum": 0, "tile": [2, 1]}, {"target": 512, "cycles": 5673, "hardware_ns": 306800, "wall_seconds": 0.08656750000227476, "checksum": 0, "tile": [2, 1]}, {"target": 512, "cycles": 5673, "hardware_ns": 308000, "wall_seconds": 0.0895883999983198, "checksum": 0, "tile": [2, 1]}, {"target": 512, "cycles": 5673, "hardware_ns": 294100, "wall_seconds": 0.08401279999816325, "checksum": 0, "tile": [2, 1]}]
PLACEMENT_SAMPLES [{"target": 1024, "cycles": 11305, "hardware_ns": 331500, "wall_seconds": 0.07617020000179764, "checksum": 0, "tile": [2, 1]}, {"target": 1024, "cycles": 11305, "hardware_ns": 294900, "wall_seconds": 0.08184410000103526, "checksum": 0, "tile": [2, 1]}, {"target": 1024, "cycles": 11305, "hardware_ns": 311300, "wall_seconds": 0.1633289999954286, "checksum": 0, "tile": [2, 1]}, {"target": 1024, "cycles": 11305, "hardware_ns": 407900, "wall_seconds": 0.47311330000229646, "checksum": 0, "tile": [2, 1]}, {"target": 1024, "cycles": 11305, "hardware_ns": 306300, "wall_seconds": 0.07850800000596792, "checksum": 0, "tile": [2, 1]}]
HOST_TIMELINE {"elapsed_seconds": 2.812, "tree_rss_bytes": 368566272, "foreign_peers": []}
PLACEMENT_SAMPLES [{"target": 2048, "cycles": 22569, "hardware_ns": 373300, "wall_seconds": 0.08985210000537336, "checksum": 0, "tile": [2, 1]}, {"target": 2048, "cycles": 22569, "hardware_ns": 333000, "wall_seconds": 0.0801461000010022, "checksum": 0, "tile": [2, 1]}, {"target": 2048, "cycles": 22569, "hardware_ns": 308900, "wall_seconds": 0.07468809999409132, "checksum": 0, "tile": [2, 1]}, {"target": 2048, "cycles": 22569, "hardware_ns": 331800, "wall_seconds": 0.08798250000108965, "checksum": 0, "tile": [2, 1]}, {"target": 2048, "cycles": 22569, "hardware_ns": 375000, "wall_seconds": 0.09265259999665432, "checksum": 0, "tile": [2, 1]}]
PLACEMENT_SAMPLES [{"target": 4096, "cycles": 45097, "hardware_ns": 376900, "wall_seconds": 0.08715839999786112, "checksum": 0, "tile": [2, 1]}, {"target": 4096, "cycles": 45097, "hardware_ns": 345700, "wall_seconds": 0.07980929999757791, "checksum": 0, "tile": [2, 1]}, {"target": 4096, "cycles": 45097, "hardware_ns": 324700, "wall_seconds": 0.07612639999570092, "checksum": 0, "tile": [2, 1]}, {"target": 4096, "cycles": 45097, "hardware_ns": 358000, "wall_seconds": 0.07379090000176802, "checksum": 0, "tile": [2, 1]}, {"target": 4096, "cycles": 45097, "hardware_ns": 348100, "wall_seconds": 0.08804349999991246, "checksum": 0, "tile": [2, 1]}]
PLACEMENT_SAMPLES [{"target": 8192, "cycles": 90153, "hardware_ns": 336800, "wall_seconds": 0.08078699999896344, "checksum": 0, "tile": [2, 1]}, {"target": 8192, "cycles": 90153, "hardware_ns": 358300, "wall_seconds": 0.09185060000163503, "checksum": 0, "tile": [2, 1]}, {"target": 8192, "cycles": 90153, "hardware_ns": 358400, "wall_seconds": 0.0871227000025101, "checksum": 0, "tile": [2, 1]}, {"target": 8192, "cycles": 90153, "hardware_ns": 385000, "wall_seconds": 0.09063590000005206, "checksum": 0, "tile": [2, 1]}, {"target": 8192, "cycles": 90153, "hardware_ns": 375500, "wall_seconds": 0.0896052999960375, "checksum": 0, "tile": [2, 1]}]
PLACEMENT_SAMPLES [{"target": 16384, "cycles": 180265, "hardware_ns": 405800, "wall_seconds": 0.07559489999403013, "checksum": 0, "tile": [2, 1]}, {"target": 16384, "cycles": 180265, "hardware_ns": 409800, "wall_seconds": 0.08571479999955045, "checksum": 0, "tile": [2, 1]}, {"target": 16384, "cycles": 180265, "hardware_ns": 494200, "wall_seconds": 0.09063579999929061, "checksum": 0, "tile": [2, 1]}, {"target": 16384, "cycles": 180265, "hardware_ns": 423800, "wall_seconds": 0.08493019999878015, "checksum": 0, "tile": [2, 1]}, {"target": 16384, "cycles": 180265, "hardware_ns": 442600, "wall_seconds": 0.07141380000393838, "checksum": 0, "tile": [2, 1]}]
PLACEMENT_RESULT {"layout": "same", "a_offset": 0, "mode": "single", "trace_size": 65536, "seed": 3, "fit": {"intercept": 41.0, "slope": 11.0, "r2": 1.0, "units": "core_cycles_per_iteration"}, "reference_function_identical": true, "dma_during_bracket": false}
RESEARCH_PROCESS_RESULT {"exit_code": 0, "stop": null, "peak_tree_rss_bytes": 569966592, "elapsed_seconds": 4.936999999998079, "foreign_contention_observed": false, "timing_eligible": true}
