RESEARCH_PLATFORM {"machine": "Desktop 2", "cpu": "AMD Ryzen 7 8700G w/ Radeon 780M Graphics", "os": "Windows-11-10.0.26200-SP0", "ram_bytes": 33381138432, "source_sha256": {"tools/research_process.py": "d2504ca56e3ac8ba0e00acf998eb73bdd10c846ffe72840477e90ec648ba1677", "tools/quant_calib_alphabet.py": "630502e608ec522abd2008c47993eac51a9c32b735e601ae0b1b45073f03cd00", "tools/xint8_arithmetic_probe.py": "f9c4b7def7909edbf5a5394b3bc31e1d10f2732ebb6a445b5febc6a9e078aa5c", "scripts/research-lowlevel.sh": "e7a59c463cd83f3c8dc9887c213b3569cc62ffa47b1ccc601a4b837063787cae", "scripts/research-iron.sh": "eb3e68dad67727528407f4ae41698c5f52178f9a24c53ef2705a7639fe55ac44", "kernels/memory_placement/probe.py": "e20dffa08cbc28d1c7deaec4f1eeda07deb9b4ed853296d5fb7e0a33165f0564", "kernels/memory_placement/memory_kernels.cc": "01fbe2cb8ed6ed153eef0f20512422e3eb44e5a1f5b8759956d039f04eef46f3"}, "commit": "1e27c5d48b30b9e83a821d36a27a0e8b81fa2bbc", "command": ["bash", "scripts/research-iron.sh", "kernels/memory_placement/probe.py", "--out", "scratch/research_desktop2_20260909_m01/same_3", "--iters", "5", "--layout", "same", "--reference", "scratch/research_desktop2_20260909_m01/separate_1/result.json"], "seconds_limit": 240.0, "rss_gib_limit": 6.0, "checks_only": false, "free_ram_bytes": 22766862336}
HOST_LOAD busy_cores=3.96 logical_cores=16 free_ram_gb=21.2 sample_sec=1
HOST_LOAD_TOP 1.8 pycharm64:9008 ws_mb=1993
HOST_LOAD_TOP 1.78 agy:22084 ws_mb=507
HOST_LOAD_TOP 0.11 Taskmgr:17380 ws_mb=115
HOST_LOAD_TOP 0.06 powershell:8100 ws_mb=80
HOST_LOAD_TOP 0.06 HWiNFO64:11920 ws_mb=13
HOST_LOAD_VERDICT CLEAR

PRE_NPU_CONTEXT_WITNESS "\n-----------------------------\n[003d:00:01.1] : NPU Phoenix\n-----------------------------\nAIE Partitions\n  No hardware contexts running on device\n\n"
PLACEMENT_PLATFORM 
-----------------------------
[003d:00:01.1] : NPU Phoenix
-----------------------------
Platform
  Name                   : NPU Phoenix 
  Power Mode             : Default 
  Total Columns          : 5 

Estimated Power          : N/A
pyxrt device.get_info(max_clock_frequency_mhz) = 800
NPU_TIMELINE "\n-----------------------------\n[003d:00:01.1] : NPU Phoenix\n-----------------------------\nAIE Partitions\n  No hardware contexts running on device\n\n"
NPU_OWNERSHIP {"context_pids": [], "owned_pids": [5440, 12540, 14364, 15572, 20568], "foreign_pids": []}
PLACEMENT_ARTIFACTS {"object_sha256": "08ed0d9543bf5af47391d769a2aca2eed3720a0d8894e8548d8e186f6f26fdc4", "cache_directory": "C:\\Users\\<user>\\PycharmProjects\\ryzen-ai-xdna1-quantization\\scratch\\windows-lowlevel\\scratch\\iron-cache\\a33c09046db844619d4506c1", "a_address_requested": 16384, "b_address_requested": 18432, "final_functions": [{"elf": "elfs_main_core_0_2.elf", "function_bytes": 1760, "function_sha256": "87ab8a827f0ec7852b1418be7a6cef374e96dec2d0cc32c6c5eee7107cb9c10e"}], "buffer_declarations": ["%operand_a = aie.buffer(%logical_core) {address = 16384 : i32, sym_name = \"operand_a\"} : memref<512xi16>", "%operand_b = aie.buffer(%logical_core) {address = 18432 : i32, sym_name = \"operand_b\"} : memref<512xi16>", "%operand_a = aie.buffer(%tile_0_2) {address = 16384 : i32, mem_bank = 1 : i32, sym_name = \"operand_a\"} : memref<512xi16>  loc(#loc4)", "%operand_b = aie.buffer(%tile_0_2) {address = 18432 : i32, mem_bank = 1 : i32, sym_name = \"operand_b\"} : memref<512xi16>  loc(#loc5)"]}
PLACEMENT_SAMPLES [{"target": 512, "cycles": 6184, "hardware_ns": 338300, "wall_seconds": 0.07274579999648267, "checksum": 8176, "tile": [2, 1]}, {"target": 512, "cycles": 6184, "hardware_ns": 310600, "wall_seconds": 0.0794917000021087, "checksum": 8176, "tile": [2, 1]}, {"target": 512, "cycles": 6184, "hardware_ns": 347200, "wall_seconds": 0.0886467000018456, "checksum": 8176, "tile": [2, 1]}, {"target": 512, "cycles": 6184, "hardware_ns": 334800, "wall_seconds": 0.07467909999832045, "checksum": 8176, "tile": [2, 1]}, {"target": 512, "cycles": 6184, "hardware_ns": 307900, "wall_seconds": 0.08097370000177762, "checksum": 8176, "tile": [2, 1]}]
PLACEMENT_SAMPLES [{"target": 1024, "cycles": 12328, "hardware_ns": 308700, "wall_seconds": 0.08147560000361409, "checksum": 16352, "tile": [2, 1]}, {"target": 1024, "cycles": 12328, "hardware_ns": 311300, "wall_seconds": 0.07801869999821065, "checksum": 16352, "tile": [2, 1]}, {"target": 1024, "cycles": 12328, "hardware_ns": 319700, "wall_seconds": 0.1613662000017939, "checksum": 16352, "tile": [2, 1]}, {"target": 1024, "cycles": 12328, "hardware_ns": 383700, "wall_seconds": 0.47148599999491125, "checksum": 16352, "tile": [2, 1]}, {"target": 1024, "cycles": 12328, "hardware_ns": 328300, "wall_seconds": 0.08874959999957355, "checksum": 16352, "tile": [2, 1]}]
HOST_TIMELINE {"elapsed_seconds": 2.672, "tree_rss_bytes": 570150912, "foreign_peers": []}
PLACEMENT_SAMPLES [{"target": 2048, "cycles": 24616, "hardware_ns": 324000, "wall_seconds": 0.08191739999892889, "checksum": 32704, "tile": [2, 1]}, {"target": 2048, "cycles": 24616, "hardware_ns": 292200, "wall_seconds": 0.06952889999956824, "checksum": 32704, "tile": [2, 1]}, {"target": 2048, "cycles": 24616, "hardware_ns": 317000, "wall_seconds": 0.09200509999936912, "checksum": 32704, "tile": [2, 1]}, {"target": 2048, "cycles": 24616, "hardware_ns": 329800, "wall_seconds": 0.5186227000012877, "checksum": 32704, "tile": [2, 1]}, {"target": 2048, "cycles": 24616, "hardware_ns": 314200, "wall_seconds": 0.07421149999572663, "checksum": 32704, "tile": [2, 1]}]
PLACEMENT_SAMPLES [{"target": 4096, "cycles": 49192, "hardware_ns": 389100, "wall_seconds": 0.0641408000010415, "checksum": 65408, "tile": [2, 1]}, {"target": 4096, "cycles": 49192, "hardware_ns": 318900, "wall_seconds": 0.07703459999902407, "checksum": 65408, "tile": [2, 1]}, {"target": 4096, "cycles": 49192, "hardware_ns": 332900, "wall_seconds": 0.08110299999680137, "checksum": 65408, "tile": [2, 1]}, {"target": 4096, "cycles": 49192, "hardware_ns": 348900, "wall_seconds": 0.554671199999575, "checksum": 65408, "tile": [2, 1]}, {"target": 4096, "cycles": 49192, "hardware_ns": 336800, "wall_seconds": 0.06728189999557799, "checksum": 65408, "tile": [2, 1]}]
PLACEMENT_SAMPLES [{"target": 8192, "cycles": 98344, "hardware_ns": 372300, "wall_seconds": 0.0722890000033658, "checksum": 130816, "tile": [2, 1]}, {"target": 8192, "cycles": 98344, "hardware_ns": 357900, "wall_seconds": 0.07017220000125235, "checksum": 130816, "tile": [2, 1]}, {"target": 8192, "cycles": 98344, "hardware_ns": 365700, "wall_seconds": 0.07303990000218619, "checksum": 130816, "tile": [2, 1]}, {"target": 8192, "cycles": 98344, "hardware_ns": 353500, "wall_seconds": 0.08455299999332055, "checksum": 130816, "tile": [2, 1]}, {"target": 8192, "cycles": 98344, "hardware_ns": 359200, "wall_seconds": 0.0705798000053619, "checksum": 130816, "tile": [2, 1]}]
HOST_TIMELINE {"elapsed_seconds": 5.172, "tree_rss_bytes": 368750592, "foreign_peers": []}
PLACEMENT_SAMPLES [{"target": 16384, "cycles": 196648, "hardware_ns": 383600, "wall_seconds": 0.08508819999406114, "checksum": 261632, "tile": [2, 1]}, {"target": 16384, "cycles": 196648, "hardware_ns": 503700, "wall_seconds": 0.07410759999766015, "checksum": 261632, "tile": [2, 1]}, {"target": 16384, "cycles": 196648, "hardware_ns": 406400, "wall_seconds": 0.07249420000152895, "checksum": 261632, "tile": [2, 1]}, {"target": 16384, "cycles": 196648, "hardware_ns": 414700, "wall_seconds": 0.07373519999964628, "checksum": 261632, "tile": [2, 1]}, {"target": 16384, "cycles": 196648, "hardware_ns": 382700, "wall_seconds": 0.07156780000514118, "checksum": 261632, "tile": [2, 1]}]
PLACEMENT_RESULT {"layout": "same", "a_offset": 0, "mode": "dual", "trace_size": 65536, "seed": 3, "fit": {"intercept": 40.0, "slope": 12.0, "r2": 1.0, "units": "core_cycles_per_iteration"}, "reference_function_identical": true, "dma_during_bracket": false}
RESEARCH_PROCESS_RESULT {"exit_code": 0, "stop": null, "peak_tree_rss_bytes": 570159104, "elapsed_seconds": 5.578000000001339, "foreign_contention_observed": false, "timing_eligible": true}
