RESEARCH_PLATFORM {"machine": "Desktop 2", "cpu": "AMD Ryzen 7 8700G w/ Radeon 780M Graphics", "os": "Windows-11-10.0.26200-SP0", "ram_bytes": 33381138432, "source_sha256": {"tools/research_process.py": "d2504ca56e3ac8ba0e00acf998eb73bdd10c846ffe72840477e90ec648ba1677", "tools/quant_calib_alphabet.py": "630502e608ec522abd2008c47993eac51a9c32b735e601ae0b1b45073f03cd00", "tools/xint8_arithmetic_probe.py": "f9c4b7def7909edbf5a5394b3bc31e1d10f2732ebb6a445b5febc6a9e078aa5c", "scripts/research-lowlevel.sh": "e7a59c463cd83f3c8dc9887c213b3569cc62ffa47b1ccc601a4b837063787cae", "scripts/research-iron.sh": "eb3e68dad67727528407f4ae41698c5f52178f9a24c53ef2705a7639fe55ac44", "kernels/memory_placement/probe.py": "e20dffa08cbc28d1c7deaec4f1eeda07deb9b4ed853296d5fb7e0a33165f0564", "kernels/memory_placement/memory_kernels.cc": "01fbe2cb8ed6ed153eef0f20512422e3eb44e5a1f5b8759956d039f04eef46f3"}, "commit": "1e27c5d48b30b9e83a821d36a27a0e8b81fa2bbc", "command": ["bash", "scripts/research-iron.sh", "kernels/memory_placement/probe.py", "--out", "scratch/research_desktop2_20260909_m01/same_2", "--iters", "5", "--layout", "same", "--reference", "scratch/research_desktop2_20260909_m01/separate_1/result.json"], "seconds_limit": 240.0, "rss_gib_limit": 6.0, "checks_only": false, "free_ram_bytes": 22734721024}
HOST_LOAD busy_cores=1.03 logical_cores=16 free_ram_gb=21.2 sample_sec=1
HOST_LOAD_TOP 0.43 pycharm64:9008 ws_mb=1987
HOST_LOAD_TOP 0.31 agy:22084 ws_mb=509
HOST_LOAD_TOP 0.09 HWiNFO64:11920 ws_mb=13
HOST_LOAD_TOP 0.05 powershell:15296 ws_mb=80
HOST_LOAD_TOP 0.05 Taskmgr:17380 ws_mb=114
HOST_LOAD_VERDICT CLEAR

PRE_NPU_CONTEXT_WITNESS "\n-----------------------------\n[003d:00:01.1] : NPU Phoenix\n-----------------------------\nAIE Partitions\n  No hardware contexts running on device\n\n"
PLACEMENT_PLATFORM 
-----------------------------
[003d:00:01.1] : NPU Phoenix
-----------------------------
Platform
  Name                   : NPU Phoenix 
  Power Mode             : Default 
  Total Columns          : 5 

Estimated Power          : N/A
pyxrt device.get_info(max_clock_frequency_mhz) = 800
NPU_TIMELINE "\n-----------------------------\n[003d:00:01.1] : NPU Phoenix\n-----------------------------\nAIE Partitions\n  No hardware contexts running on device\n\n"
NPU_OWNERSHIP {"context_pids": [], "owned_pids": [13260, 13488, 13844, 14880, 18664], "foreign_pids": []}
PLACEMENT_ARTIFACTS {"object_sha256": "08ed0d9543bf5af47391d769a2aca2eed3720a0d8894e8548d8e186f6f26fdc4", "cache_directory": "C:\\Users\\<user>\\PycharmProjects\\ryzen-ai-xdna1-quantization\\scratch\\windows-lowlevel\\scratch\\iron-cache\\a33c09046db844619d4506c1", "a_address_requested": 16384, "b_address_requested": 18432, "final_functions": [{"elf": "elfs_main_core_0_2.elf", "function_bytes": 1760, "function_sha256": "87ab8a827f0ec7852b1418be7a6cef374e96dec2d0cc32c6c5eee7107cb9c10e"}], "buffer_declarations": ["%operand_a = aie.buffer(%logical_core) {address = 16384 : i32, sym_name = \"operand_a\"} : memref<512xi16>", "%operand_b = aie.buffer(%logical_core) {address = 18432 : i32, sym_name = \"operand_b\"} : memref<512xi16>", "%operand_a = aie.buffer(%tile_0_2) {address = 16384 : i32, mem_bank = 1 : i32, sym_name = \"operand_a\"} : memref<512xi16>  loc(#loc4)", "%operand_b = aie.buffer(%tile_0_2) {address = 18432 : i32, mem_bank = 1 : i32, sym_name = \"operand_b\"} : memref<512xi16>  loc(#loc5)"]}
PLACEMENT_SAMPLES [{"target": 512, "cycles": 6184, "hardware_ns": 302400, "wall_seconds": 0.07101010000042152, "checksum": 8176, "tile": [2, 1]}, {"target": 512, "cycles": 6184, "hardware_ns": 363000, "wall_seconds": 0.07754790000035428, "checksum": 8176, "tile": [2, 1]}, {"target": 512, "cycles": 6184, "hardware_ns": 420100, "wall_seconds": 0.07529440000507748, "checksum": 8176, "tile": [2, 1]}, {"target": 512, "cycles": 6184, "hardware_ns": 304800, "wall_seconds": 0.08248749999620486, "checksum": 8176, "tile": [2, 1]}, {"target": 512, "cycles": 6184, "hardware_ns": 307100, "wall_seconds": 0.5418136000007507, "checksum": 8176, "tile": [2, 1]}]
PLACEMENT_SAMPLES [{"target": 1024, "cycles": 12328, "hardware_ns": 318000, "wall_seconds": 0.07041429999662796, "checksum": 16352, "tile": [2, 1]}, {"target": 1024, "cycles": 12328, "hardware_ns": 315500, "wall_seconds": 0.07535980000102427, "checksum": 16352, "tile": [2, 1]}, {"target": 1024, "cycles": 12328, "hardware_ns": 322200, "wall_seconds": 0.06988580000324873, "checksum": 16352, "tile": [2, 1]}, {"target": 1024, "cycles": 12328, "hardware_ns": 331500, "wall_seconds": 0.07891430000017863, "checksum": 16352, "tile": [2, 1]}, {"target": 1024, "cycles": 12328, "hardware_ns": 316400, "wall_seconds": 0.06590460000006715, "checksum": 16352, "tile": [2, 1]}]
HOST_TIMELINE {"elapsed_seconds": 2.5, "tree_rss_bytes": 369078272, "foreign_peers": []}
PLACEMENT_SAMPLES [{"target": 2048, "cycles": 24616, "hardware_ns": 351300, "wall_seconds": 0.07805650000227615, "checksum": 32704, "tile": [2, 1]}, {"target": 2048, "cycles": 24616, "hardware_ns": 325300, "wall_seconds": 0.08105519999662647, "checksum": 32704, "tile": [2, 1]}, {"target": 2048, "cycles": 24616, "hardware_ns": 315700, "wall_seconds": 0.07669820000592154, "checksum": 32704, "tile": [2, 1]}, {"target": 2048, "cycles": 24616, "hardware_ns": 321900, "wall_seconds": 0.08029460000398103, "checksum": 32704, "tile": [2, 1]}, {"target": 2048, "cycles": 24616, "hardware_ns": 331900, "wall_seconds": 0.5567904000054114, "checksum": 32704, "tile": [2, 1]}]
PLACEMENT_SAMPLES [{"target": 4096, "cycles": 49192, "hardware_ns": 324400, "wall_seconds": 0.07226400000217836, "checksum": 65408, "tile": [2, 1]}, {"target": 4096, "cycles": 49192, "hardware_ns": 350600, "wall_seconds": 0.0793820000035339, "checksum": 65408, "tile": [2, 1]}, {"target": 4096, "cycles": 49192, "hardware_ns": 328000, "wall_seconds": 0.06936549999954877, "checksum": 65408, "tile": [2, 1]}, {"target": 4096, "cycles": 49192, "hardware_ns": 326400, "wall_seconds": 0.07465569999476429, "checksum": 65408, "tile": [2, 1]}, {"target": 4096, "cycles": 49192, "hardware_ns": 325700, "wall_seconds": 0.06142159999581054, "checksum": 65408, "tile": [2, 1]}]
PLACEMENT_SAMPLES [{"target": 8192, "cycles": 98344, "hardware_ns": 361600, "wall_seconds": 0.07789619999675779, "checksum": 130816, "tile": [2, 1]}, {"target": 8192, "cycles": 98344, "hardware_ns": 367600, "wall_seconds": 0.07870980000006966, "checksum": 130816, "tile": [2, 1]}, {"target": 8192, "cycles": 98344, "hardware_ns": 419500, "wall_seconds": 0.07636769999953685, "checksum": 130816, "tile": [2, 1]}, {"target": 8192, "cycles": 98344, "hardware_ns": 401900, "wall_seconds": 0.0741351000033319, "checksum": 130816, "tile": [2, 1]}, {"target": 8192, "cycles": 98344, "hardware_ns": 349200, "wall_seconds": 0.08136089999607066, "checksum": 130816, "tile": [2, 1]}]
PLACEMENT_SAMPLES [{"target": 16384, "cycles": 196648, "hardware_ns": 482900, "wall_seconds": 0.07339599999977509, "checksum": 261632, "tile": [2, 1]}, {"target": 16384, "cycles": 196648, "hardware_ns": 417500, "wall_seconds": 0.06823889999941457, "checksum": 261632, "tile": [2, 1]}, {"target": 16384, "cycles": 196648, "hardware_ns": 412100, "wall_seconds": 0.07106139999814332, "checksum": 261632, "tile": [2, 1]}, {"target": 16384, "cycles": 196648, "hardware_ns": 415900, "wall_seconds": 0.07207259999995586, "checksum": 261632, "tile": [2, 1]}, {"target": 16384, "cycles": 196648, "hardware_ns": 393300, "wall_seconds": 0.08037679999688407, "checksum": 261632, "tile": [2, 1]}]
PLACEMENT_RESULT {"layout": "same", "a_offset": 0, "mode": "dual", "trace_size": 65536, "seed": 3, "fit": {"intercept": 40.0, "slope": 12.0, "r2": 1.0, "units": "core_cycles_per_iteration"}, "reference_function_identical": true, "dma_during_bracket": false}
HOST_TIMELINE {"elapsed_seconds": 4.985, "tree_rss_bytes": 0, "foreign_peers": []}
RESEARCH_PROCESS_RESULT {"exit_code": 0, "stop": null, "peak_tree_rss_bytes": 570527744, "elapsed_seconds": 5.39100000000326, "foreign_contention_observed": false, "timing_eligible": true}
