model: full graph (1 output), decode tail runs in the ONNX model
input: 640x640

=== CPU | models/yolov8m.onnx | 640px | assets/test_image.jpg ===
infer   mean 144.12 ms   median 141.68 ms   p95 168.21 ms   (6.9 fps)
post    mean 1.37 ms
19 detections:
   tv               0.94  (5,166,149,95)
   chair            0.90  (292,217,60,102)
   chair            0.89  (361,219,54,101)
   chair            0.81  (408,219,33,90)
   person           0.80  (411,157,54,139)
   refrigerator     0.76  (491,171,21,113)
   dining table     0.71  (320,223,118,97)
   vase             0.63  (549,298,36,102)
   tv               0.62  (557,208,81,79)
   dining table     0.62  (461,345,177,76)
   potted plant     0.61  (228,174,38,37)
   vase             0.58  (166,233,19,34)
   clock            0.57  (448,120,13,21)
   vase             0.47  (240,197,13,15)
   vase             0.47  (351,207,11,23)
   potted plant     0.36  (333,176,48,54)
   wine glass       0.34  (313,191,11,22)
   vase             0.31  (360,214,13,16)
   vase             0.31  (313,191,11,22)
wrote C:\Users\<user>\PycharmProjects\ryzen-ai-xdna1-quantization\results\out_yolov8m_cpu.jpg
