loading annotations into memory...
Done (t=0.28s)
creating index...
index created!
model: full graph (1 output), ONNX decode
eval : 5000 images, conf 0.001, iou 0.7, max_det 300, per-class NMS
  500/5000  (67834 detections so far)
  1000/5000  (135776 detections so far)
  1500/5000  (206636 detections so far)
  2000/5000  (274335 detections so far)
  2500/5000  (342246 detections so far)
  3000/5000  (411164 detections so far)
  3500/5000  (479837 detections so far)
  4000/5000  (549431 detections so far)
  4500/5000  (620931 detections so far)
  5000/5000  (689838 detections so far)

689838 detections over 5000 images in 249s
inference  mean 39.76 ms   median 39.55 ms
wrote C:\Users\<user>\src\timm-resnet50.a1_in1k-RyzenAI\results\dets_yolov8n_cpu.json
Loading and preparing results...
DONE (t=2.58s)
creating index...
index created!
Running per image evaluation...
Evaluate annotation type *bbox*
DONE (t=30.81s).
Accumulating evaluation results...
DONE (t=6.03s).
 Average Precision  (AP) @[ IoU=0.50:0.95 | area=   all | maxDets=100 ] = 0.367
 Average Precision  (AP) @[ IoU=0.50      | area=   all | maxDets=100 ] = 0.516
 Average Precision  (AP) @[ IoU=0.75      | area=   all | maxDets=100 ] = 0.399
 Average Precision  (AP) @[ IoU=0.50:0.95 | area= small | maxDets=100 ] = 0.178
 Average Precision  (AP) @[ IoU=0.50:0.95 | area=medium | maxDets=100 ] = 0.405
 Average Precision  (AP) @[ IoU=0.50:0.95 | area= large | maxDets=100 ] = 0.519
 Average Recall     (AR) @[ IoU=0.50:0.95 | area=   all | maxDets=  1 ] = 0.304
 Average Recall     (AR) @[ IoU=0.50:0.95 | area=   all | maxDets= 10 ] = 0.500
 Average Recall     (AR) @[ IoU=0.50:0.95 | area=   all | maxDets=100 ] = 0.550
 Average Recall     (AR) @[ IoU=0.50:0.95 | area= small | maxDets=100 ] = 0.326
 Average Recall     (AR) @[ IoU=0.50:0.95 | area=medium | maxDets=100 ] = 0.614
 Average Recall     (AR) @[ IoU=0.50:0.95 | area= large | maxDets=100 ] = 0.712

=== yolov8n | CPU | 5000 images ===
mAP@50-95  36.69
mAP@50     51.64
mAP small / medium / large   17.85 / 40.49 / 51.87
latency    39.76 ms
