
=== C:\Users\<user>\PycharmProjects\ryzen-ai-xdna1-quantization\modelcachekey\vitisai_ep_report.json ===
  all            nodeNum=  349  opTypes=9
  NPU            nodeNum=  347  opTypes=9
  VITIS_EP_CPU   nodeNum=    2  opTypes=2

  per-node device counts: {'CPU': 2, 'NPU': 347}

  347 nodes on the NPU, 2 elsewhere.

  op type x device:
    CPU           DequantizeLinear     1
    CPU           QuantizeLinear       1
    NPU           Add                  10
    NPU           Clip                 35
    NPU           Conv                 52
    NPU           DequantizeLinear     181
    NPU           Flatten              1
    NPU           Gemm                 1
    NPU           GlobalAveragePool    1
    NPU           Mul                  1
    NPU           QuantizeLinear       65

  2 nodes NOT on the NPU (first 25):
    CPU           QuantizeLinear       ['input_QuantizeLinear_Output']
    CPU           DequantizeLinear     ['output']
