=== models/resnet50_r288_xint8_c64.onnx ===
ir_version 8   opset [('ai.onnx', 17), ('com.microsoft.nchwc', 1), ('ai.onnx.ml', 5), ('ai.onnx.training', 1), ('ai.onnx.preview', 1), ('ai.onnx.preview.training', 1), ('com.microsoft.experimental', 1), ('com.microsoft', 1), ('org.pytorch.aten', 1), ('com.amd.quark', 1)]
producer   quark.onnx 0.11
nodes      380
input      input [1, 3, 288, 288]
output     output [1, 1000]
ops        [('DequantizeLinear', 182), ('QuantizeLinear', 74), ('Conv', 53), ('Relu', 49), ('Add', 16), ('MaxPool', 1), ('GlobalAveragePool', 1), ('Flatten', 1), ('Gemm', 1), ('Constant', 1), ('Mul', 1)]

Q/DQ       QuantizeLinear 74, DequantizeLinear 182

float compute nodes (no Q/DQ within 3 hops upstream): 0

first Conv/Gemm: /conv1/Conv
   input producers: ['DequantizeLinear', 'DequantizeLinear', 'DequantizeLinear']

=== C:\Users\<user>\src\timm-resnet50.a1_in1k-RyzenAI\modelcachekey\vitisai_ep_report.json ===
  all            nodeNum=  395  opTypes=10
  NPU            nodeNum=  393  opTypes=10
  VITIS_EP_CPU   nodeNum=    2  opTypes=2

  per-node device counts: {'CPU': 2, 'NPU': 393}

  393 nodes on the NPU, 2 elsewhere.

  op type x device:
    CPU           DequantizeLinear     1
    CPU           QuantizeLinear       1
    NPU           Add                  16
    NPU           Conv                 53
    NPU           DequantizeLinear     197
    NPU           Flatten              1
    NPU           Gemm                 1
    NPU           GlobalAveragePool    1
    NPU           MaxPool              1
    NPU           Mul                  1
    NPU           QuantizeLinear       73
    NPU           Relu                 49

  2 nodes NOT on the NPU (first 25):
    CPU           QuantizeLinear       ['input_QuantizeLinear_Output']
    CPU           DequantizeLinear     ['output']
