
=== C:\Users\<user>\PycharmProjects\ryzen-ai-xdna1-quantization\yolo11cutcachekey\vitisai_ep_report.json ===
  all            nodeNum= 1300  opTypes=14
  CPU            nodeNum=  382  opTypes=11
  NPU            nodeNum=    6  opTypes=4
  VITIS_EP_CPU   nodeNum=  912  opTypes=2

  per-node device counts: {'CPU': 1294, 'NPU': 6}

  6 nodes on the NPU, 1294 elsewhere.

  op type x device:
    CPU           Add                  14
    CPU           Concat               17
    CPU           Conv                 87
    CPU           DequantizeLinear     606
    CPU           HardSigmoid          77
    CPU           MatMul               2
    CPU           MaxPool              3
    CPU           Mul                  155
    CPU           QuantizeLinear       306
    CPU           Reshape              3
    CPU           Resize               2
    CPU           Slice                21
    CPU           Transpose            1
    NPU           DequantizeLinear     2
    NPU           QuantizeLinear       2
    NPU           Softmax              1
    NPU           Transpose            1

  1294 nodes NOT on the NPU (first 25):
    CPU           QuantizeLinear       ['images_QuantizeLinear_Output']
    CPU           DequantizeLinear     ['images_DequantizeLinear_Output']
    CPU           DequantizeLinear     ['model.0.conv.weight_DequantizeLinear_Output']
    CPU           DequantizeLinear     ['model.0.conv.bias_DequantizeLinear_Output']
    CPU           Conv                 ['/model.0/conv/Conv_output_0']
    CPU           QuantizeLinear       ['/model.0/conv/Conv_output_0_QuantizeLinear_Output']
    CPU           DequantizeLinear     ['/model.0/conv/Conv_output_0_DequantizeLinear_Output/duplicated']
    CPU           HardSigmoid          ['/model.0/act/Sigmoid_output_0_Mul']
    CPU           Mul                  ['/model.0/act/Sigmoid_output_0']
    CPU           QuantizeLinear       ['/model.0/act/Sigmoid_output_0_QuantizeLinear_Output']
    CPU           DequantizeLinear     ['/model.0/act/Sigmoid_output_0_DequantizeLinear_Output']
    CPU           DequantizeLinear     ['/model.0/conv/Conv_output_0_DequantizeLinear_Output']
    CPU           Mul                  ['/model.0/act/Mul_output_0']
    CPU           QuantizeLinear       ['/model.0/act/Mul_output_0_QuantizeLinear_Output']
    CPU           DequantizeLinear     ['/model.0/act/Mul_output_0_DequantizeLinear_Output']
    CPU           DequantizeLinear     ['model.1.conv.weight_DequantizeLinear_Output']
    CPU           DequantizeLinear     ['model.1.conv.bias_DequantizeLinear_Output']
    CPU           Conv                 ['/model.1/conv/Conv_output_0']
    CPU           QuantizeLinear       ['/model.1/conv/Conv_output_0_QuantizeLinear_Output']
    CPU           DequantizeLinear     ['/model.1/conv/Conv_output_0_DequantizeLinear_Output/duplicated']
    CPU           HardSigmoid          ['/model.1/act/Sigmoid_output_0_Mul']
    CPU           Mul                  ['/model.1/act/Sigmoid_output_0']
    CPU           QuantizeLinear       ['/model.1/act/Sigmoid_output_0_QuantizeLinear_Output']
    CPU           DequantizeLinear     ['/model.1/act/Sigmoid_output_0_DequantizeLinear_Output']
    CPU           DequantizeLinear     ['/model.1/conv/Conv_output_0_DequantizeLinear_Output']
