=== streams=1 ===
deleted stale cache C:\Users\Ignis\src\ryzen-ai-xdna1-quantization\yolocutcachekey
building 1 session(s) against models/yolov8n_cut_xint8.onnx ...
RYZEN_AI_INSTALLATION_PATH = C:\Program Files\RyzenAI\1.7.1
xclbin: C:\Program Files\RyzenAI\1.7.1\voe-4.0-win_amd64\xclbins\phoenix\4x4.xclbin
onnxruntime 1.23.3.dev20260320  providers: ['VitisAIExecutionProvider', 'DmlExecutionProvider', 'CPUExecutionProvider']
cache:  C:\Users\Ignis\src\ryzen-ai-xdna1-quantization\yolocutcachekey
First run compiles the model. It takes a while and looks frozen. It isn't.
1 session(s) ready. Holding busy for 15s, sampling xrt-smi every 3s from inside this process ...
  streams=1  npu memory: 93 MB  gops: 9  measured completions: 152.8/s
  streams=1  npu memory: 93 MB  gops: 9  measured completions: 150.8/s
  streams=1  npu memory: 93 MB  gops: 9  measured completions: 150.6/s
  streams=1  npu memory: 93 MB  gops: 9  measured completions: 150.4/s
  streams=1  npu memory: 93 MB  gops: 9  measured completions: 152.4/s
streams=1  mem_samples=[93, 93, 93, 93, 93]  mem_mean=93 MB  mem_max=93 MB
streams=1  gops_samples=[9, 9, 9, 9, 9]  gops_mean=9.0  gops_max=9
streams=1  fps_samples=[152.8, 150.8, 150.6, 150.4, 152.4]  fps_mean=151.4
done.

=== streams=2 ===
deleted stale cache C:\Users\Ignis\src\ryzen-ai-xdna1-quantization\yolocutcachekey
building 2 session(s) against models/yolov8n_cut_xint8.onnx ...
RYZEN_AI_INSTALLATION_PATH = C:\Program Files\RyzenAI\1.7.1
xclbin: C:\Program Files\RyzenAI\1.7.1\voe-4.0-win_amd64\xclbins\phoenix\4x4.xclbin
onnxruntime 1.23.3.dev20260320  providers: ['VitisAIExecutionProvider', 'DmlExecutionProvider', 'CPUExecutionProvider']
cache:  C:\Users\Ignis\src\ryzen-ai-xdna1-quantization\yolocutcachekey
First run compiles the model. It takes a while and looks frozen. It isn't.
RYZEN_AI_INSTALLATION_PATH = C:\Program Files\RyzenAI\1.7.1
xclbin: C:\Program Files\RyzenAI\1.7.1\voe-4.0-win_amd64\xclbins\phoenix\4x4.xclbin
onnxruntime 1.23.3.dev20260320  providers: ['VitisAIExecutionProvider', 'DmlExecutionProvider', 'CPUExecutionProvider']
cache:  C:\Users\Ignis\src\ryzen-ai-xdna1-quantization\yolocutcachekey
First run compiles the model. It takes a while and looks frozen. It isn't.
2 session(s) ready. Holding busy for 15s, sampling xrt-smi every 3s from inside this process ...
  streams=2  npu memory: 122 MB  gops: 18  measured completions: 174.4/s
  streams=2  npu memory: 122 MB  gops: 18  measured completions: 170.9/s
  streams=2  npu memory: 122 MB  gops: 18  measured completions: 170.9/s
  streams=2  npu memory: 122 MB  gops: 18  measured completions: 170.7/s
  streams=2  npu memory: 122 MB  gops: 18  measured completions: 171.0/s
streams=2  mem_samples=[122, 122, 122, 122, 122]  mem_mean=122 MB  mem_max=122 MB
streams=2  gops_samples=[18, 18, 18, 18, 18]  gops_mean=18.0  gops_max=18
streams=2  fps_samples=[174.4, 170.9, 170.9, 170.7, 171.0]  fps_mean=171.6
done.

=== streams=3 ===
deleted stale cache C:\Users\Ignis\src\ryzen-ai-xdna1-quantization\yolocutcachekey
building 3 session(s) against models/yolov8n_cut_xint8.onnx ...
RYZEN_AI_INSTALLATION_PATH = C:\Program Files\RyzenAI\1.7.1
xclbin: C:\Program Files\RyzenAI\1.7.1\voe-4.0-win_amd64\xclbins\phoenix\4x4.xclbin
onnxruntime 1.23.3.dev20260320  providers: ['VitisAIExecutionProvider', 'DmlExecutionProvider', 'CPUExecutionProvider']
cache:  C:\Users\Ignis\src\ryzen-ai-xdna1-quantization\yolocutcachekey
First run compiles the model. It takes a while and looks frozen. It isn't.
RYZEN_AI_INSTALLATION_PATH = C:\Program Files\RyzenAI\1.7.1
xclbin: C:\Program Files\RyzenAI\1.7.1\voe-4.0-win_amd64\xclbins\phoenix\4x4.xclbin
onnxruntime 1.23.3.dev20260320  providers: ['VitisAIExecutionProvider', 'DmlExecutionProvider', 'CPUExecutionProvider']
cache:  C:\Users\Ignis\src\ryzen-ai-xdna1-quantization\yolocutcachekey
First run compiles the model. It takes a while and looks frozen. It isn't.
RYZEN_AI_INSTALLATION_PATH = C:\Program Files\RyzenAI\1.7.1
xclbin: C:\Program Files\RyzenAI\1.7.1\voe-4.0-win_amd64\xclbins\phoenix\4x4.xclbin
onnxruntime 1.23.3.dev20260320  providers: ['VitisAIExecutionProvider', 'DmlExecutionProvider', 'CPUExecutionProvider']
cache:  C:\Users\Ignis\src\ryzen-ai-xdna1-quantization\yolocutcachekey
First run compiles the model. It takes a while and looks frozen. It isn't.
3 session(s) ready. Holding busy for 15s, sampling xrt-smi every 3s from inside this process ...
  streams=3  npu memory: 151 MB  gops: 27  measured completions: 161.4/s
  streams=3  npu memory: 151 MB  gops: 27  measured completions: 171.4/s
  streams=3  npu memory: 151 MB  gops: 27  measured completions: 171.1/s
  streams=3  npu memory: 151 MB  gops: 27  measured completions: 170.8/s
  streams=3  npu memory: 151 MB  gops: 27  measured completions: 171.1/s
streams=3  mem_samples=[151, 151, 151, 151, 151]  mem_mean=151 MB  mem_max=151 MB
streams=3  gops_samples=[27, 27, 27, 27, 27]  gops_mean=27.0  gops_max=27
streams=3  fps_samples=[161.4, 171.4, 171.1, 170.8, 171.1]  fps_mean=169.2
done.

=== streams=4 ===
deleted stale cache C:\Users\Ignis\src\ryzen-ai-xdna1-quantization\yolocutcachekey
building 4 session(s) against models/yolov8n_cut_xint8.onnx ...
RYZEN_AI_INSTALLATION_PATH = C:\Program Files\RyzenAI\1.7.1
xclbin: C:\Program Files\RyzenAI\1.7.1\voe-4.0-win_amd64\xclbins\phoenix\4x4.xclbin
onnxruntime 1.23.3.dev20260320  providers: ['VitisAIExecutionProvider', 'DmlExecutionProvider', 'CPUExecutionProvider']
cache:  C:\Users\Ignis\src\ryzen-ai-xdna1-quantization\yolocutcachekey
First run compiles the model. It takes a while and looks frozen. It isn't.
RYZEN_AI_INSTALLATION_PATH = C:\Program Files\RyzenAI\1.7.1
xclbin: C:\Program Files\RyzenAI\1.7.1\voe-4.0-win_amd64\xclbins\phoenix\4x4.xclbin
onnxruntime 1.23.3.dev20260320  providers: ['VitisAIExecutionProvider', 'DmlExecutionProvider', 'CPUExecutionProvider']
cache:  C:\Users\Ignis\src\ryzen-ai-xdna1-quantization\yolocutcachekey
First run compiles the model. It takes a while and looks frozen. It isn't.
RYZEN_AI_INSTALLATION_PATH = C:\Program Files\RyzenAI\1.7.1
xclbin: C:\Program Files\RyzenAI\1.7.1\voe-4.0-win_amd64\xclbins\phoenix\4x4.xclbin
onnxruntime 1.23.3.dev20260320  providers: ['VitisAIExecutionProvider', 'DmlExecutionProvider', 'CPUExecutionProvider']
cache:  C:\Users\Ignis\src\ryzen-ai-xdna1-quantization\yolocutcachekey
First run compiles the model. It takes a while and looks frozen. It isn't.
RYZEN_AI_INSTALLATION_PATH = C:\Program Files\RyzenAI\1.7.1
xclbin: C:\Program Files\RyzenAI\1.7.1\voe-4.0-win_amd64\xclbins\phoenix\4x4.xclbin
onnxruntime 1.23.3.dev20260320  providers: ['VitisAIExecutionProvider', 'DmlExecutionProvider', 'CPUExecutionProvider']
cache:  C:\Users\Ignis\src\ryzen-ai-xdna1-quantization\yolocutcachekey
First run compiles the model. It takes a while and looks frozen. It isn't.
4 session(s) ready. Holding busy for 15s, sampling xrt-smi every 3s from inside this process ...
  streams=4  npu memory: 181 MB  gops: 36  measured completions: 174.5/s
  streams=4  npu memory: 181 MB  gops: 36  measured completions: 170.4/s
  streams=4  npu memory: 181 MB  gops: 36  measured completions: 169.9/s
  streams=4  npu memory: 181 MB  gops: 36  measured completions: 170.8/s
  streams=4  npu memory: 181 MB  gops: 36  measured completions: 169.9/s
streams=4  mem_samples=[181, 181, 181, 181, 181]  mem_mean=181 MB  mem_max=181 MB
streams=4  gops_samples=[36, 36, 36, 36, 36]  gops_mean=36.0  gops_max=36
streams=4  fps_samples=[174.5, 170.4, 169.9, 170.8, 169.9]  fps_mean=171.1
done.

=== streams=6 ===
deleted stale cache C:\Users\Ignis\src\ryzen-ai-xdna1-quantization\yolocutcachekey
building 6 session(s) against models/yolov8n_cut_xint8.onnx ...
RYZEN_AI_INSTALLATION_PATH = C:\Program Files\RyzenAI\1.7.1
xclbin: C:\Program Files\RyzenAI\1.7.1\voe-4.0-win_amd64\xclbins\phoenix\4x4.xclbin
onnxruntime 1.23.3.dev20260320  providers: ['VitisAIExecutionProvider', 'DmlExecutionProvider', 'CPUExecutionProvider']
cache:  C:\Users\Ignis\src\ryzen-ai-xdna1-quantization\yolocutcachekey
First run compiles the model. It takes a while and looks frozen. It isn't.
RYZEN_AI_INSTALLATION_PATH = C:\Program Files\RyzenAI\1.7.1
xclbin: C:\Program Files\RyzenAI\1.7.1\voe-4.0-win_amd64\xclbins\phoenix\4x4.xclbin
onnxruntime 1.23.3.dev20260320  providers: ['VitisAIExecutionProvider', 'DmlExecutionProvider', 'CPUExecutionProvider']
cache:  C:\Users\Ignis\src\ryzen-ai-xdna1-quantization\yolocutcachekey
First run compiles the model. It takes a while and looks frozen. It isn't.
RYZEN_AI_INSTALLATION_PATH = C:\Program Files\RyzenAI\1.7.1
xclbin: C:\Program Files\RyzenAI\1.7.1\voe-4.0-win_amd64\xclbins\phoenix\4x4.xclbin
onnxruntime 1.23.3.dev20260320  providers: ['VitisAIExecutionProvider', 'DmlExecutionProvider', 'CPUExecutionProvider']
cache:  C:\Users\Ignis\src\ryzen-ai-xdna1-quantization\yolocutcachekey
First run compiles the model. It takes a while and looks frozen. It isn't.
RYZEN_AI_INSTALLATION_PATH = C:\Program Files\RyzenAI\1.7.1
xclbin: C:\Program Files\RyzenAI\1.7.1\voe-4.0-win_amd64\xclbins\phoenix\4x4.xclbin
onnxruntime 1.23.3.dev20260320  providers: ['VitisAIExecutionProvider', 'DmlExecutionProvider', 'CPUExecutionProvider']
cache:  C:\Users\Ignis\src\ryzen-ai-xdna1-quantization\yolocutcachekey
First run compiles the model. It takes a while and looks frozen. It isn't.
RYZEN_AI_INSTALLATION_PATH = C:\Program Files\RyzenAI\1.7.1
xclbin: C:\Program Files\RyzenAI\1.7.1\voe-4.0-win_amd64\xclbins\phoenix\4x4.xclbin
onnxruntime 1.23.3.dev20260320  providers: ['VitisAIExecutionProvider', 'DmlExecutionProvider', 'CPUExecutionProvider']
cache:  C:\Users\Ignis\src\ryzen-ai-xdna1-quantization\yolocutcachekey
First run compiles the model. It takes a while and looks frozen. It isn't.
RYZEN_AI_INSTALLATION_PATH = C:\Program Files\RyzenAI\1.7.1
xclbin: C:\Program Files\RyzenAI\1.7.1\voe-4.0-win_amd64\xclbins\phoenix\4x4.xclbin
onnxruntime 1.23.3.dev20260320  providers: ['VitisAIExecutionProvider', 'DmlExecutionProvider', 'CPUExecutionProvider']
cache:  C:\Users\Ignis\src\ryzen-ai-xdna1-quantization\yolocutcachekey
First run compiles the model. It takes a while and looks frozen. It isn't.
6 session(s) ready. Holding busy for 15s, sampling xrt-smi every 3s from inside this process ...
  streams=6  npu memory: 239 MB  gops: 54  measured completions: 165.4/s
  streams=6  npu memory: 239 MB  gops: 54  measured completions: 169.2/s
  streams=6  npu memory: 239 MB  gops: 54  measured completions: 170.3/s
  streams=6  npu memory: 239 MB  gops: 54  measured completions: 169.9/s
  streams=6  npu memory: 239 MB  gops: 54  measured completions: 169.8/s
streams=6  mem_samples=[239, 239, 239, 239, 239]  mem_mean=239 MB  mem_max=239 MB
streams=6  gops_samples=[54, 54, 54, 54, 54]  gops_mean=54.0  gops_max=54
streams=6  fps_samples=[165.4, 169.2, 170.3, 169.9, 169.8]  fps_mean=168.9
done.

=== streams=8 ===
deleted stale cache C:\Users\Ignis\src\ryzen-ai-xdna1-quantization\yolocutcachekey
building 8 session(s) against models/yolov8n_cut_xint8.onnx ...
RYZEN_AI_INSTALLATION_PATH = C:\Program Files\RyzenAI\1.7.1
xclbin: C:\Program Files\RyzenAI\1.7.1\voe-4.0-win_amd64\xclbins\phoenix\4x4.xclbin
onnxruntime 1.23.3.dev20260320  providers: ['VitisAIExecutionProvider', 'DmlExecutionProvider', 'CPUExecutionProvider']
cache:  C:\Users\Ignis\src\ryzen-ai-xdna1-quantization\yolocutcachekey
First run compiles the model. It takes a while and looks frozen. It isn't.
RYZEN_AI_INSTALLATION_PATH = C:\Program Files\RyzenAI\1.7.1
xclbin: C:\Program Files\RyzenAI\1.7.1\voe-4.0-win_amd64\xclbins\phoenix\4x4.xclbin
onnxruntime 1.23.3.dev20260320  providers: ['VitisAIExecutionProvider', 'DmlExecutionProvider', 'CPUExecutionProvider']
cache:  C:\Users\Ignis\src\ryzen-ai-xdna1-quantization\yolocutcachekey
First run compiles the model. It takes a while and looks frozen. It isn't.
RYZEN_AI_INSTALLATION_PATH = C:\Program Files\RyzenAI\1.7.1
xclbin: C:\Program Files\RyzenAI\1.7.1\voe-4.0-win_amd64\xclbins\phoenix\4x4.xclbin
onnxruntime 1.23.3.dev20260320  providers: ['VitisAIExecutionProvider', 'DmlExecutionProvider', 'CPUExecutionProvider']
cache:  C:\Users\Ignis\src\ryzen-ai-xdna1-quantization\yolocutcachekey
First run compiles the model. It takes a while and looks frozen. It isn't.
RYZEN_AI_INSTALLATION_PATH = C:\Program Files\RyzenAI\1.7.1
xclbin: C:\Program Files\RyzenAI\1.7.1\voe-4.0-win_amd64\xclbins\phoenix\4x4.xclbin
onnxruntime 1.23.3.dev20260320  providers: ['VitisAIExecutionProvider', 'DmlExecutionProvider', 'CPUExecutionProvider']
cache:  C:\Users\Ignis\src\ryzen-ai-xdna1-quantization\yolocutcachekey
First run compiles the model. It takes a while and looks frozen. It isn't.
RYZEN_AI_INSTALLATION_PATH = C:\Program Files\RyzenAI\1.7.1
xclbin: C:\Program Files\RyzenAI\1.7.1\voe-4.0-win_amd64\xclbins\phoenix\4x4.xclbin
onnxruntime 1.23.3.dev20260320  providers: ['VitisAIExecutionProvider', 'DmlExecutionProvider', 'CPUExecutionProvider']
cache:  C:\Users\Ignis\src\ryzen-ai-xdna1-quantization\yolocutcachekey
First run compiles the model. It takes a while and looks frozen. It isn't.
RYZEN_AI_INSTALLATION_PATH = C:\Program Files\RyzenAI\1.7.1
xclbin: C:\Program Files\RyzenAI\1.7.1\voe-4.0-win_amd64\xclbins\phoenix\4x4.xclbin
onnxruntime 1.23.3.dev20260320  providers: ['VitisAIExecutionProvider', 'DmlExecutionProvider', 'CPUExecutionProvider']
cache:  C:\Users\Ignis\src\ryzen-ai-xdna1-quantization\yolocutcachekey
First run compiles the model. It takes a while and looks frozen. It isn't.
RYZEN_AI_INSTALLATION_PATH = C:\Program Files\RyzenAI\1.7.1
xclbin: C:\Program Files\RyzenAI\1.7.1\voe-4.0-win_amd64\xclbins\phoenix\4x4.xclbin
onnxruntime 1.23.3.dev20260320  providers: ['VitisAIExecutionProvider', 'DmlExecutionProvider', 'CPUExecutionProvider']
cache:  C:\Users\Ignis\src\ryzen-ai-xdna1-quantization\yolocutcachekey
First run compiles the model. It takes a while and looks frozen. It isn't.
RYZEN_AI_INSTALLATION_PATH = C:\Program Files\RyzenAI\1.7.1
xclbin: C:\Program Files\RyzenAI\1.7.1\voe-4.0-win_amd64\xclbins\phoenix\4x4.xclbin
onnxruntime 1.23.3.dev20260320  providers: ['VitisAIExecutionProvider', 'DmlExecutionProvider', 'CPUExecutionProvider']
cache:  C:\Users\Ignis\src\ryzen-ai-xdna1-quantization\yolocutcachekey
First run compiles the model. It takes a while and looks frozen. It isn't.
8 session(s) ready. Holding busy for 15s, sampling xrt-smi every 3s from inside this process ...
  streams=8  npu memory: 298 MB  gops: 72  measured completions: 180.1/s
  streams=8  npu memory: 298 MB  gops: 72  measured completions: 169.8/s
  streams=8  npu memory: 298 MB  gops: 72  measured completions: 169.5/s
  streams=8  npu memory: 298 MB  gops: 72  measured completions: 170.0/s
  streams=8  npu memory: 298 MB  gops: 72  measured completions: 169.6/s
streams=8  mem_samples=[298, 298, 298, 298, 298]  mem_mean=298 MB  mem_max=298 MB
streams=8  gops_samples=[72, 72, 72, 72, 72]  gops_mean=72.0  gops_max=72
streams=8  fps_samples=[180.1, 169.8, 169.5, 170.0, 169.6]  fps_mean=171.8
done.

