loading annotations into memory...
Done (t=0.16s)
creating index...
index created!
model: head-cut (9 outputs), numpy decode, input 640x640
eval : 500 images, conf 0.001, iou 0.7, max_det 300, class-agnostic NMS (single class)
  500/500  (17187 detections so far)

17187 detections over 500 images in 22s
inference  mean 36.47 ms   median 36.56 ms
wrote C:\Users\Ignis\src\ryzen-ai-xdna1-quantization\results\dets_kpts_yolov8n-pose_cut_cpu.json
Loading and preparing results...
DONE (t=0.41s)
creating index...
index created!
Running per image evaluation...
Evaluate annotation type *keypoints*
DONE (t=0.57s).
Accumulating evaluation results...
DONE (t=0.03s).
 Average Precision  (AP) @[ IoU=0.50:0.95 | area=   all | maxDets= 20 ] = 0.495
 Average Precision  (AP) @[ IoU=0.50      | area=   all | maxDets= 20 ] = 0.790
 Average Precision  (AP) @[ IoU=0.75      | area=   all | maxDets= 20 ] = 0.520
 Average Precision  (AP) @[ IoU=0.50:0.95 | area=medium | maxDets= 20 ] = 0.378
 Average Precision  (AP) @[ IoU=0.50:0.95 | area= large | maxDets= 20 ] = 0.639
 Average Recall     (AR) @[ IoU=0.50:0.95 | area=   all | maxDets= 20 ] = 0.574
 Average Recall     (AR) @[ IoU=0.50      | area=   all | maxDets= 20 ] = 0.856
 Average Recall     (AR) @[ IoU=0.75      | area=   all | maxDets= 20 ] = 0.601
 Average Recall     (AR) @[ IoU=0.50:0.95 | area=medium | maxDets= 20 ] = 0.458
 Average Recall     (AR) @[ IoU=0.50:0.95 | area= large | maxDets= 20 ] = 0.719

=== yolov8n-pose_cut | CPU | 640px | 500 images ===
OKS mAP@50-95  49.49
OKS mAP@50     79.05
latency        36.47 ms
