deleted stale cache C:\Users\Ignis\src\ryzen-ai-xdna1-quantization\yolocutcachekey
loading annotations into memory...
Done (t=0.30s)
creating index...
index created!
RYZEN_AI_INSTALLATION_PATH = C:\Program Files\RyzenAI\1.7.1
xclbin: C:\Program Files\RyzenAI\1.7.1\voe-4.0-win_amd64\xclbins\phoenix\4x4.xclbin
onnxruntime 1.23.3.dev20260320  providers: ['VitisAIExecutionProvider', 'DmlExecutionProvider', 'CPUExecutionProvider']
cache:  C:\Users\Ignis\src\ryzen-ai-xdna1-quantization\yolocutcachekey
First run compiles the model. It takes a while and looks frozen. It isn't.
model: head-cut (6 outputs), numpy decode, input 640x640
eval : 5000 images, conf 0.001, iou 0.7, max_det 300, per-class NMS
  500/5000  (45593 detections so far)
  1000/5000  (91380 detections so far)
  1500/5000  (140115 detections so far)
  2000/5000  (186036 detections so far)
  2500/5000  (230435 detections so far)
  3000/5000  (276637 detections so far)
  3500/5000  (323162 detections so far)
  4000/5000  (370134 detections so far)
  4500/5000  (418233 detections so far)
  5000/5000  (464038 detections so far)

464038 detections over 5000 images in 442s
inference  mean 80.85 ms   median 80.56 ms
wrote C:\Users\Ignis\src\ryzen-ai-xdna1-quantization\results\dets_yolov8s_cut_xint8_adaround_npu.json
Loading and preparing results...
DONE (t=1.66s)
creating index...
index created!
Running per image evaluation...
Evaluate annotation type *bbox*
DONE (t=23.60s).
Accumulating evaluation results...
DONE (t=4.02s).
 Average Precision  (AP) @[ IoU=0.50:0.95 | area=   all | maxDets=100 ] = 0.400
 Average Precision  (AP) @[ IoU=0.50      | area=   all | maxDets=100 ] = 0.561
 Average Precision  (AP) @[ IoU=0.75      | area=   all | maxDets=100 ] = 0.436
 Average Precision  (AP) @[ IoU=0.50:0.95 | area= small | maxDets=100 ] = 0.216
 Average Precision  (AP) @[ IoU=0.50:0.95 | area=medium | maxDets=100 ] = 0.444
 Average Precision  (AP) @[ IoU=0.50:0.95 | area= large | maxDets=100 ] = 0.561
 Average Recall     (AR) @[ IoU=0.50:0.95 | area=   all | maxDets=  1 ] = 0.327
 Average Recall     (AR) @[ IoU=0.50:0.95 | area=   all | maxDets= 10 ] = 0.531
 Average Recall     (AR) @[ IoU=0.50:0.95 | area=   all | maxDets=100 ] = 0.577
 Average Recall     (AR) @[ IoU=0.50:0.95 | area= small | maxDets=100 ] = 0.363
 Average Recall     (AR) @[ IoU=0.50:0.95 | area=medium | maxDets=100 ] = 0.635
 Average Recall     (AR) @[ IoU=0.50:0.95 | area= large | maxDets=100 ] = 0.732

=== yolov8s_cut_xint8_adaround | NPU | 640px | 5000 images ===
mAP@50-95  39.98
mAP@50     56.11
mAP small / medium / large   21.57 / 44.42 / 56.11
latency    80.85 ms
