deleted stale cache C:\Users\Ignis\src\ryzen-ai-xdna1-quantization\yolocutcachekey
loading annotations into memory...
Done (t=0.29s)
creating index...
index created!
RYZEN_AI_INSTALLATION_PATH = C:\Program Files\RyzenAI\1.7.1
xclbin: C:\Program Files\RyzenAI\1.7.1\voe-4.0-win_amd64\xclbins\phoenix\4x4.xclbin
onnxruntime 1.23.3.dev20260320  providers: ['VitisAIExecutionProvider', 'DmlExecutionProvider', 'CPUExecutionProvider']
cache:  C:\Users\Ignis\src\ryzen-ai-xdna1-quantization\yolocutcachekey
First run compiles the model. It takes a while and looks frozen. It isn't.
model: head-cut (6 outputs), numpy decode, input 640x640
eval : 5000 images, conf 0.001, iou 0.7, max_det 300, per-class NMS
  500/5000  (46606 detections so far)
  1000/5000  (93806 detections so far)
  1500/5000  (143922 detections so far)
  2000/5000  (190668 detections so far)
  2500/5000  (235266 detections so far)
  3000/5000  (283105 detections so far)
  3500/5000  (331086 detections so far)
  4000/5000  (379728 detections so far)
  4500/5000  (431247 detections so far)
  5000/5000  (479353 detections so far)

479353 detections over 5000 images in 2328s
inference  mean 455.07 ms   median 453.05 ms
wrote C:\Users\Ignis\src\ryzen-ai-xdna1-quantization\results\dets_yolov8x_cut_xint8_npu.json
Loading and preparing results...
DONE (t=2.01s)
creating index...
index created!
Running per image evaluation...
Evaluate annotation type *bbox*
DONE (t=28.68s).
Accumulating evaluation results...
DONE (t=5.45s).
 Average Precision  (AP) @[ IoU=0.50:0.95 | area=   all | maxDets=100 ] = 0.451
 Average Precision  (AP) @[ IoU=0.50      | area=   all | maxDets=100 ] = 0.614
 Average Precision  (AP) @[ IoU=0.75      | area=   all | maxDets=100 ] = 0.490
 Average Precision  (AP) @[ IoU=0.50:0.95 | area= small | maxDets=100 ] = 0.275
 Average Precision  (AP) @[ IoU=0.50:0.95 | area=medium | maxDets=100 ] = 0.502
 Average Precision  (AP) @[ IoU=0.50:0.95 | area= large | maxDets=100 ] = 0.585
 Average Recall     (AR) @[ IoU=0.50:0.95 | area=   all | maxDets=  1 ] = 0.351
 Average Recall     (AR) @[ IoU=0.50:0.95 | area=   all | maxDets= 10 ] = 0.579
 Average Recall     (AR) @[ IoU=0.50:0.95 | area=   all | maxDets=100 ] = 0.623
 Average Recall     (AR) @[ IoU=0.50:0.95 | area= small | maxDets=100 ] = 0.444
 Average Recall     (AR) @[ IoU=0.50:0.95 | area=medium | maxDets=100 ] = 0.680
 Average Recall     (AR) @[ IoU=0.50:0.95 | area= large | maxDets=100 ] = 0.758

=== yolov8x_cut_xint8 | NPU | 640px | 5000 images ===
mAP@50-95  45.09
mAP@50     61.37
mAP small / medium / large   27.48 / 50.17 / 58.47
latency    455.07 ms
