deleted stale cache C:\Users\<user>\PycharmProjects\ryzen-ai-xdna1-quantization\yoloposecutcachekey
loading annotations into memory...
Done (t=0.15s)
creating index...
index created!
RYZEN_AI_INSTALLATION_PATH = C:\Program Files\RyzenAI\1.7.1
xclbin: C:\Program Files\RyzenAI\1.7.1\voe-4.0-win_amd64\xclbins\phoenix\4x4.xclbin
onnxruntime 1.23.3.dev20260320  providers: ['VitisAIExecutionProvider', 'DmlExecutionProvider', 'CPUExecutionProvider']
cache:  C:\Users\<user>\PycharmProjects\ryzen-ai-xdna1-quantization\yoloposecutcachekey
First run compiles the model. It takes a while and looks frozen. It isn't.
model: head-cut (9 outputs), numpy decode, input 640x640
eval : 5000 images, conf 0.001, iou 0.7, max_det 300, class-agnostic NMS (single class)
  500/5000  (13894 detections so far)
  1000/5000  (28418 detections so far)
  1500/5000  (43119 detections so far)
  2000/5000  (57314 detections so far)
  2500/5000  (71693 detections so far)
  3000/5000  (85451 detections so far)
  3500/5000  (99471 detections so far)
  4000/5000  (113530 detections so far)
  4500/5000  (126419 detections so far)
  5000/5000  (139993 detections so far)

139993 detections over 5000 images in 85s
inference  mean 9.35 ms   median 9.26 ms
wrote C:\Users\<user>\PycharmProjects\ryzen-ai-xdna1-quantization\results\dets_kpts_yolov8n-pose_cut_xint8_adaround_npu.json
Loading and preparing results...
DONE (t=2.90s)
creating index...
index created!
Running per image evaluation...
Evaluate annotation type *keypoints*
DONE (t=5.17s).
Accumulating evaluation results...
DONE (t=0.24s).
 Average Precision  (AP) @[ IoU=0.50:0.95 | area=   all | maxDets= 20 ] = 0.343
 Average Precision  (AP) @[ IoU=0.50      | area=   all | maxDets= 20 ] = 0.718
 Average Precision  (AP) @[ IoU=0.75      | area=   all | maxDets= 20 ] = 0.282
 Average Precision  (AP) @[ IoU=0.50:0.95 | area=medium | maxDets= 20 ] = 0.255
 Average Precision  (AP) @[ IoU=0.50:0.95 | area= large | maxDets= 20 ] = 0.459
 Average Recall     (AR) @[ IoU=0.50:0.95 | area=   all | maxDets= 20 ] = 0.431
 Average Recall     (AR) @[ IoU=0.50      | area=   all | maxDets= 20 ] = 0.796
 Average Recall     (AR) @[ IoU=0.75      | area=   all | maxDets= 20 ] = 0.413
 Average Recall     (AR) @[ IoU=0.50:0.95 | area=medium | maxDets= 20 ] = 0.340
 Average Recall     (AR) @[ IoU=0.50:0.95 | area= large | maxDets= 20 ] = 0.556

=== yolov8n-pose_cut_xint8_adaround | NPU | 640px | 5000 images ===
OKS mAP@50-95  34.32
OKS mAP@50     71.85
latency        9.35 ms
