deleted stale cache C:\Users\<user>\PycharmProjects\ryzen-ai-xdna1-quantization\yoloposecutcachekey
loading annotations into memory...
Done (t=0.15s)
creating index...
index created!
RYZEN_AI_INSTALLATION_PATH = C:\Program Files\RyzenAI\1.7.1
xclbin: C:\Program Files\RyzenAI\1.7.1\voe-4.0-win_amd64\xclbins\phoenix\4x4.xclbin
onnxruntime 1.23.3.dev20260320  providers: ['VitisAIExecutionProvider', 'DmlExecutionProvider', 'CPUExecutionProvider']
cache:  C:\Users\<user>\PycharmProjects\ryzen-ai-xdna1-quantization\yoloposecutcachekey
First run compiles the model. It takes a while and looks frozen. It isn't.
model: head-cut (9 outputs), numpy decode, input 640x640
eval : 5000 images, conf 0.001, iou 0.7, max_det 300, class-agnostic NMS (single class)
  500/5000  (11319 detections so far)
  1000/5000  (23536 detections so far)
  1500/5000  (35986 detections so far)
  2000/5000  (48361 detections so far)
  2500/5000  (60252 detections so far)
  3000/5000  (71877 detections so far)
  3500/5000  (84148 detections so far)
  4000/5000  (95912 detections so far)
  4500/5000  (106772 detections so far)
  5000/5000  (118729 detections so far)

118729 detections over 5000 images in 74s
inference  mean 9.10 ms   median 9.04 ms
wrote C:\Users\<user>\PycharmProjects\ryzen-ai-xdna1-quantization\results\dets_kpts_yolov8n-pose_cut_xint8_npu.json
Loading and preparing results...
DONE (t=2.41s)
creating index...
index created!
Running per image evaluation...
Evaluate annotation type *keypoints*
DONE (t=5.13s).
Accumulating evaluation results...
DONE (t=0.23s).
 Average Precision  (AP) @[ IoU=0.50:0.95 | area=   all | maxDets= 20 ] = 0.326
 Average Precision  (AP) @[ IoU=0.50      | area=   all | maxDets= 20 ] = 0.669
 Average Precision  (AP) @[ IoU=0.75      | area=   all | maxDets= 20 ] = 0.280
 Average Precision  (AP) @[ IoU=0.50:0.95 | area=medium | maxDets= 20 ] = 0.235
 Average Precision  (AP) @[ IoU=0.50:0.95 | area= large | maxDets= 20 ] = 0.452
 Average Recall     (AR) @[ IoU=0.50:0.95 | area=   all | maxDets= 20 ] = 0.426
 Average Recall     (AR) @[ IoU=0.50      | area=   all | maxDets= 20 ] = 0.779
 Average Recall     (AR) @[ IoU=0.75      | area=   all | maxDets= 20 ] = 0.409
 Average Recall     (AR) @[ IoU=0.50:0.95 | area=medium | maxDets= 20 ] = 0.331
 Average Recall     (AR) @[ IoU=0.50:0.95 | area= large | maxDets= 20 ] = 0.557

=== yolov8n-pose_cut_xint8 | NPU | 640px | 5000 images ===
OKS mAP@50-95  32.64
OKS mAP@50     66.90
latency        9.10 ms
