model: models/yolov8n_cut_xint8.onnx
sweep: [1, 2, 3, 4, 6, 8] streams, 8s each

=== 1 concurrent stream(s) ===
RYZEN_AI_INSTALLATION_PATH = C:\Program Files\RyzenAI\1.7.1
xclbin: C:\Program Files\RyzenAI\1.7.1\voe-4.0-win_amd64\xclbins\phoenix\4x4.xclbin
onnxruntime 1.23.3.dev20260320  providers: ['VitisAIExecutionProvider', 'DmlExecutionProvider', 'CPUExecutionProvider']
cache:  C:\Users\Ignis\src\ryzen-ai-xdna1-quantization\yolocutcachekey
First run compiles the model. It takes a while and looks frozen. It isn't.
  session ready: detect, 640x640, 6 outputs
  combined 78.7 fps  (1.00x vs 1-stream)  per-stream: [78.7]  mismatches: 0

=== 2 concurrent stream(s) ===
RYZEN_AI_INSTALLATION_PATH = C:\Program Files\RyzenAI\1.7.1
xclbin: C:\Program Files\RyzenAI\1.7.1\voe-4.0-win_amd64\xclbins\phoenix\4x4.xclbin
onnxruntime 1.23.3.dev20260320  providers: ['VitisAIExecutionProvider', 'DmlExecutionProvider', 'CPUExecutionProvider']
cache:  C:\Users\Ignis\src\ryzen-ai-xdna1-quantization\yolocutcachekey
First run compiles the model. It takes a while and looks frozen. It isn't.
  session ready: detect, 640x640, 6 outputs
RYZEN_AI_INSTALLATION_PATH = C:\Program Files\RyzenAI\1.7.1
xclbin: C:\Program Files\RyzenAI\1.7.1\voe-4.0-win_amd64\xclbins\phoenix\4x4.xclbin
onnxruntime 1.23.3.dev20260320  providers: ['VitisAIExecutionProvider', 'DmlExecutionProvider', 'CPUExecutionProvider']
cache:  C:\Users\Ignis\src\ryzen-ai-xdna1-quantization\yolocutcachekey
First run compiles the model. It takes a while and looks frozen. It isn't.
  session ready: detect, 640x640, 6 outputs
  combined 143.2 fps  (1.82x vs 1-stream)  per-stream: [71.5, 71.6]  mismatches: 0

=== 3 concurrent stream(s) ===
RYZEN_AI_INSTALLATION_PATH = C:\Program Files\RyzenAI\1.7.1
xclbin: C:\Program Files\RyzenAI\1.7.1\voe-4.0-win_amd64\xclbins\phoenix\4x4.xclbin
onnxruntime 1.23.3.dev20260320  providers: ['VitisAIExecutionProvider', 'DmlExecutionProvider', 'CPUExecutionProvider']
cache:  C:\Users\Ignis\src\ryzen-ai-xdna1-quantization\yolocutcachekey
First run compiles the model. It takes a while and looks frozen. It isn't.
  session ready: detect, 640x640, 6 outputs
RYZEN_AI_INSTALLATION_PATH = C:\Program Files\RyzenAI\1.7.1
xclbin: C:\Program Files\RyzenAI\1.7.1\voe-4.0-win_amd64\xclbins\phoenix\4x4.xclbin
onnxruntime 1.23.3.dev20260320  providers: ['VitisAIExecutionProvider', 'DmlExecutionProvider', 'CPUExecutionProvider']
cache:  C:\Users\Ignis\src\ryzen-ai-xdna1-quantization\yolocutcachekey
First run compiles the model. It takes a while and looks frozen. It isn't.
  session ready: detect, 640x640, 6 outputs
RYZEN_AI_INSTALLATION_PATH = C:\Program Files\RyzenAI\1.7.1
xclbin: C:\Program Files\RyzenAI\1.7.1\voe-4.0-win_amd64\xclbins\phoenix\4x4.xclbin
onnxruntime 1.23.3.dev20260320  providers: ['VitisAIExecutionProvider', 'DmlExecutionProvider', 'CPUExecutionProvider']
cache:  C:\Users\Ignis\src\ryzen-ai-xdna1-quantization\yolocutcachekey
First run compiles the model. It takes a while and looks frozen. It isn't.
  session ready: detect, 640x640, 6 outputs
  combined 167.2 fps  (2.12x vs 1-stream)  per-stream: [55.8, 55.8, 55.7]  mismatches: 0

=== 4 concurrent stream(s) ===
RYZEN_AI_INSTALLATION_PATH = C:\Program Files\RyzenAI\1.7.1
xclbin: C:\Program Files\RyzenAI\1.7.1\voe-4.0-win_amd64\xclbins\phoenix\4x4.xclbin
onnxruntime 1.23.3.dev20260320  providers: ['VitisAIExecutionProvider', 'DmlExecutionProvider', 'CPUExecutionProvider']
cache:  C:\Users\Ignis\src\ryzen-ai-xdna1-quantization\yolocutcachekey
First run compiles the model. It takes a while and looks frozen. It isn't.
  session ready: detect, 640x640, 6 outputs
RYZEN_AI_INSTALLATION_PATH = C:\Program Files\RyzenAI\1.7.1
xclbin: C:\Program Files\RyzenAI\1.7.1\voe-4.0-win_amd64\xclbins\phoenix\4x4.xclbin
onnxruntime 1.23.3.dev20260320  providers: ['VitisAIExecutionProvider', 'DmlExecutionProvider', 'CPUExecutionProvider']
cache:  C:\Users\Ignis\src\ryzen-ai-xdna1-quantization\yolocutcachekey
First run compiles the model. It takes a while and looks frozen. It isn't.
  session ready: detect, 640x640, 6 outputs
RYZEN_AI_INSTALLATION_PATH = C:\Program Files\RyzenAI\1.7.1
xclbin: C:\Program Files\RyzenAI\1.7.1\voe-4.0-win_amd64\xclbins\phoenix\4x4.xclbin
onnxruntime 1.23.3.dev20260320  providers: ['VitisAIExecutionProvider', 'DmlExecutionProvider', 'CPUExecutionProvider']
cache:  C:\Users\Ignis\src\ryzen-ai-xdna1-quantization\yolocutcachekey
First run compiles the model. It takes a while and looks frozen. It isn't.
  session ready: detect, 640x640, 6 outputs
RYZEN_AI_INSTALLATION_PATH = C:\Program Files\RyzenAI\1.7.1
xclbin: C:\Program Files\RyzenAI\1.7.1\voe-4.0-win_amd64\xclbins\phoenix\4x4.xclbin
onnxruntime 1.23.3.dev20260320  providers: ['VitisAIExecutionProvider', 'DmlExecutionProvider', 'CPUExecutionProvider']
cache:  C:\Users\Ignis\src\ryzen-ai-xdna1-quantization\yolocutcachekey
First run compiles the model. It takes a while and looks frozen. It isn't.
  session ready: detect, 640x640, 6 outputs
  combined 167.4 fps  (2.13x vs 1-stream)  per-stream: [41.9, 41.9, 41.9, 41.8]  mismatches: 0

=== 6 concurrent stream(s) ===
RYZEN_AI_INSTALLATION_PATH = C:\Program Files\RyzenAI\1.7.1
xclbin: C:\Program Files\RyzenAI\1.7.1\voe-4.0-win_amd64\xclbins\phoenix\4x4.xclbin
onnxruntime 1.23.3.dev20260320  providers: ['VitisAIExecutionProvider', 'DmlExecutionProvider', 'CPUExecutionProvider']
cache:  C:\Users\Ignis\src\ryzen-ai-xdna1-quantization\yolocutcachekey
First run compiles the model. It takes a while and looks frozen. It isn't.
  session ready: detect, 640x640, 6 outputs
RYZEN_AI_INSTALLATION_PATH = C:\Program Files\RyzenAI\1.7.1
xclbin: C:\Program Files\RyzenAI\1.7.1\voe-4.0-win_amd64\xclbins\phoenix\4x4.xclbin
onnxruntime 1.23.3.dev20260320  providers: ['VitisAIExecutionProvider', 'DmlExecutionProvider', 'CPUExecutionProvider']
cache:  C:\Users\Ignis\src\ryzen-ai-xdna1-quantization\yolocutcachekey
First run compiles the model. It takes a while and looks frozen. It isn't.
  session ready: detect, 640x640, 6 outputs
RYZEN_AI_INSTALLATION_PATH = C:\Program Files\RyzenAI\1.7.1
xclbin: C:\Program Files\RyzenAI\1.7.1\voe-4.0-win_amd64\xclbins\phoenix\4x4.xclbin
onnxruntime 1.23.3.dev20260320  providers: ['VitisAIExecutionProvider', 'DmlExecutionProvider', 'CPUExecutionProvider']
cache:  C:\Users\Ignis\src\ryzen-ai-xdna1-quantization\yolocutcachekey
First run compiles the model. It takes a while and looks frozen. It isn't.
  session ready: detect, 640x640, 6 outputs
RYZEN_AI_INSTALLATION_PATH = C:\Program Files\RyzenAI\1.7.1
xclbin: C:\Program Files\RyzenAI\1.7.1\voe-4.0-win_amd64\xclbins\phoenix\4x4.xclbin
onnxruntime 1.23.3.dev20260320  providers: ['VitisAIExecutionProvider', 'DmlExecutionProvider', 'CPUExecutionProvider']
cache:  C:\Users\Ignis\src\ryzen-ai-xdna1-quantization\yolocutcachekey
First run compiles the model. It takes a while and looks frozen. It isn't.
  session ready: detect, 640x640, 6 outputs
RYZEN_AI_INSTALLATION_PATH = C:\Program Files\RyzenAI\1.7.1
xclbin: C:\Program Files\RyzenAI\1.7.1\voe-4.0-win_amd64\xclbins\phoenix\4x4.xclbin
onnxruntime 1.23.3.dev20260320  providers: ['VitisAIExecutionProvider', 'DmlExecutionProvider', 'CPUExecutionProvider']
cache:  C:\Users\Ignis\src\ryzen-ai-xdna1-quantization\yolocutcachekey
First run compiles the model. It takes a while and looks frozen. It isn't.
  session ready: detect, 640x640, 6 outputs
RYZEN_AI_INSTALLATION_PATH = C:\Program Files\RyzenAI\1.7.1
xclbin: C:\Program Files\RyzenAI\1.7.1\voe-4.0-win_amd64\xclbins\phoenix\4x4.xclbin
onnxruntime 1.23.3.dev20260320  providers: ['VitisAIExecutionProvider', 'DmlExecutionProvider', 'CPUExecutionProvider']
cache:  C:\Users\Ignis\src\ryzen-ai-xdna1-quantization\yolocutcachekey
First run compiles the model. It takes a while and looks frozen. It isn't.
  session ready: detect, 640x640, 6 outputs
  combined 166.6 fps  (2.12x vs 1-stream)  per-stream: [27.8, 27.9, 27.6, 27.9, 27.6, 27.8]  mismatches: 0

=== 8 concurrent stream(s) ===
RYZEN_AI_INSTALLATION_PATH = C:\Program Files\RyzenAI\1.7.1
xclbin: C:\Program Files\RyzenAI\1.7.1\voe-4.0-win_amd64\xclbins\phoenix\4x4.xclbin
onnxruntime 1.23.3.dev20260320  providers: ['VitisAIExecutionProvider', 'DmlExecutionProvider', 'CPUExecutionProvider']
cache:  C:\Users\Ignis\src\ryzen-ai-xdna1-quantization\yolocutcachekey
First run compiles the model. It takes a while and looks frozen. It isn't.
  session ready: detect, 640x640, 6 outputs
RYZEN_AI_INSTALLATION_PATH = C:\Program Files\RyzenAI\1.7.1
xclbin: C:\Program Files\RyzenAI\1.7.1\voe-4.0-win_amd64\xclbins\phoenix\4x4.xclbin
onnxruntime 1.23.3.dev20260320  providers: ['VitisAIExecutionProvider', 'DmlExecutionProvider', 'CPUExecutionProvider']
cache:  C:\Users\Ignis\src\ryzen-ai-xdna1-quantization\yolocutcachekey
First run compiles the model. It takes a while and looks frozen. It isn't.
  session ready: detect, 640x640, 6 outputs
RYZEN_AI_INSTALLATION_PATH = C:\Program Files\RyzenAI\1.7.1
xclbin: C:\Program Files\RyzenAI\1.7.1\voe-4.0-win_amd64\xclbins\phoenix\4x4.xclbin
onnxruntime 1.23.3.dev20260320  providers: ['VitisAIExecutionProvider', 'DmlExecutionProvider', 'CPUExecutionProvider']
cache:  C:\Users\Ignis\src\ryzen-ai-xdna1-quantization\yolocutcachekey
First run compiles the model. It takes a while and looks frozen. It isn't.
  session ready: detect, 640x640, 6 outputs
RYZEN_AI_INSTALLATION_PATH = C:\Program Files\RyzenAI\1.7.1
xclbin: C:\Program Files\RyzenAI\1.7.1\voe-4.0-win_amd64\xclbins\phoenix\4x4.xclbin
onnxruntime 1.23.3.dev20260320  providers: ['VitisAIExecutionProvider', 'DmlExecutionProvider', 'CPUExecutionProvider']
cache:  C:\Users\Ignis\src\ryzen-ai-xdna1-quantization\yolocutcachekey
First run compiles the model. It takes a while and looks frozen. It isn't.
  session ready: detect, 640x640, 6 outputs
RYZEN_AI_INSTALLATION_PATH = C:\Program Files\RyzenAI\1.7.1
xclbin: C:\Program Files\RyzenAI\1.7.1\voe-4.0-win_amd64\xclbins\phoenix\4x4.xclbin
onnxruntime 1.23.3.dev20260320  providers: ['VitisAIExecutionProvider', 'DmlExecutionProvider', 'CPUExecutionProvider']
cache:  C:\Users\Ignis\src\ryzen-ai-xdna1-quantization\yolocutcachekey
First run compiles the model. It takes a while and looks frozen. It isn't.
  session ready: detect, 640x640, 6 outputs
RYZEN_AI_INSTALLATION_PATH = C:\Program Files\RyzenAI\1.7.1
xclbin: C:\Program Files\RyzenAI\1.7.1\voe-4.0-win_amd64\xclbins\phoenix\4x4.xclbin
onnxruntime 1.23.3.dev20260320  providers: ['VitisAIExecutionProvider', 'DmlExecutionProvider', 'CPUExecutionProvider']
cache:  C:\Users\Ignis\src\ryzen-ai-xdna1-quantization\yolocutcachekey
First run compiles the model. It takes a while and looks frozen. It isn't.
  session ready: detect, 640x640, 6 outputs
RYZEN_AI_INSTALLATION_PATH = C:\Program Files\RyzenAI\1.7.1
xclbin: C:\Program Files\RyzenAI\1.7.1\voe-4.0-win_amd64\xclbins\phoenix\4x4.xclbin
onnxruntime 1.23.3.dev20260320  providers: ['VitisAIExecutionProvider', 'DmlExecutionProvider', 'CPUExecutionProvider']
cache:  C:\Users\Ignis\src\ryzen-ai-xdna1-quantization\yolocutcachekey
First run compiles the model. It takes a while and looks frozen. It isn't.
  session ready: detect, 640x640, 6 outputs
RYZEN_AI_INSTALLATION_PATH = C:\Program Files\RyzenAI\1.7.1
xclbin: C:\Program Files\RyzenAI\1.7.1\voe-4.0-win_amd64\xclbins\phoenix\4x4.xclbin
onnxruntime 1.23.3.dev20260320  providers: ['VitisAIExecutionProvider', 'DmlExecutionProvider', 'CPUExecutionProvider']
cache:  C:\Users\Ignis\src\ryzen-ai-xdna1-quantization\yolocutcachekey
First run compiles the model. It takes a while and looks frozen. It isn't.
  session ready: detect, 640x640, 6 outputs
  combined 167.4 fps  (2.13x vs 1-stream)  per-stream: [21.0, 21.0, 20.9, 20.9, 20.9, 20.9, 20.9, 20.9]  mismatches: 0

=== summary ===
streams  combined fps   speedup  mismatches
      1          78.7     1.00x           0
      2         143.2     1.82x           0
      3         167.2     2.12x           0
      4         167.4     2.13x           0
      6         166.6     2.12x           0
      8         167.4     2.13x           0

no cross-talk at any stream count.
