[32m
[QUARK-INFO]: Checking custom ops library ...[0m
[33m
[QUARK-WARNING]: The custom ops library C:\Users\<user>\miniforge3\envs\resnet_env\Lib\site-packages\quark\onnx\operators\custom_ops\lib\custom_ops.dll does NOT exist.[0m
[32m
[QUARK-INFO]: Start compiling CPU version of custom ops library.[0m
C:\Users\<user>\miniforge3\envs\resnet_env\Lib\site-packages\torch\utils\cpp_extension.py:380: UserWarning: Error checking compiler version for cl: [WinError 2] The system cannot find the file specified
  warnings.warn(f'Error checking compiler version for {compiler}: {error}')
INFO: Could not find files for the given pattern(s).
[31m
[QUARK-ERROR]: CPU version of custom ops library compilation failed:Command '['where', 'cl']' returned non-zero exit status 1.[0m
[33m
[QUARK-WARNING]: Custom ops library compilation failed: CPU version of custom ops library compilation failed:Command '['where', 'cl']' returned non-zero exit status 1..[0m
[32m
[QUARK-INFO]: Checked custom ops library.[0m
[33m
[QUARK-WARNING]: The api `activation` has been replaced with `input_tensors` and will be removed in the next release.[0m
[33m
[QUARK-WARNING]: The custom ops library C:\Users\<user>\miniforge3\envs\resnet_env\Lib\site-packages\quark\onnx\operators\custom_ops\lib\custom_ops.dll does NOT exist.[0m
[33m
[QUARK-WARNING]: Config has been replaced by QConfig. The old API will be removed in the next release.[0m
[33m
[QUARK-WARNING]: The algorithm API is algo_config in QConfig. The old API will be removed in the next release.[0m
[32m
[QUARK-INFO]: The input ONNX model can create InferenceSession successfully[0m
[32m
[QUARK-INFO]: Folding or fusing operators for better accuracy and performance.[0m
[33m
[QUARK-WARNING]: The opset version is 17 < 20. Skipping fusing Gelu.[0m
[32m
[QUARK-INFO]: Start applying CLE algorithm on the float model...[0m
[32m
[QUARK-INFO]: CrossLayerEqualization pattern num: 12[0m
[32m
[QUARK-INFO]: Total CrossLayerEqualization steps: 1[0m
[32m
[QUARK-INFO]: The CLE algorithm has been applied. It took 0.4s to complete.[0m
[32m
[QUARK-INFO]: Optimizing the model for a better hardware compatibility.[0m
[32m
[QUARK-INFO]: The input ONNX model can run inference successfully[0m
[32m
[QUARK-INFO]: Start running calibration on 300 samples with extra options {}...[0m
[32m
[QUARK-INFO]: Data collection of PowerOfTwoMethod.MinMSE in progress. Runtime will depend on your model and data size.[0m
Pinned process affinity mask to 0x5555 (8 real cores, no SMT)
CPU threads: 8
Input model: models/midas_small_nearest_cut.onnx, 193 nodes, 256x256 resolution
Calibrating on 300 images at 256x256
Quantizing with XINT8 -> C:\Users\<user>\PycharmProjects\ryzen-ai-xdna1-quantization\models\midas_small_nearest_cut_xint8.onnx
[QUARK_INFO]: Time information:
2026-09-08 02:46:41.848092
[QUARK_INFO]: OS and CPU information:
                                        system --- Windows
                                          node --- DESKTOP-CBL5NUA
                                       release --- 11
                                       version --- 10.0.26200
                                       machine --- AMD64
                                     processor --- AMD64 Family 25 Model 117 Stepping 2, AuthenticAMD
[QUARK_INFO]: Tools version information:
                                        python --- 3.12.11
                                          onnx --- 1.19.0
                                   onnxruntime --- 1.22.1
                                    quark.onnx --- 0.11rc1
[QUARK_INFO]: Quantized Configuration information:
                                   model_input --- models/midas_small_nearest_cut.onnx
                                  model_output --- C:\Users\<user>\PycharmProjects\ryzen-ai-xdna1-quantization\models\midas_small_nearest_cut_xint8.onnx
                       calibration_data_reader --- <__main__.MidasCalibReader object at 0x0000025CE23D8050>
                         calibration_data_path --- None
                                  quant_format --- QDQ
                                   input_nodes --- []
                                  output_nodes --- []
                          op_types_to_quantize --- []
                    extra_op_types_to_quantize --- []
                                   per_channel --- False
                                  reduce_range --- False
                               activation_type --- QUInt8
                                   weight_type --- QInt8
                             nodes_to_quantize --- []
                              nodes_to_exclude --- []
                          subgraphs_to_exclude --- []
                                optimize_model --- True
                      use_external_data_format --- False
                              calibrate_method --- PowerOfTwoMethod.MinMSE
                           execution_providers --- ['CPUExecutionProvider']
                                enable_npu_cnn --- True
                        enable_npu_transformer --- False
                     specific_tensor_precision --- False
                                    debug_mode --- False
                          convert_fp16_to_fp32 --- False
                          convert_nchw_to_nhwc --- False
                                   include_cle --- True
                                    include_sq --- False
                              include_rotation --- False
                               include_fast_ft --- False
                                 extra_options --- {'ActivationSymmetric': True}
  calib 50/300
  calib 100/300
  calib 150/300
  calib 200/300
  calib 250/300
  calib 300/300

  0%|          | 0/300 [00:00<?, ?it/s]
Cached 0.09GB:   0%|          | 0/300 [00:00<?, ?it/s]
Cached 0.09GB:   0%|          | 1/300 [00:00<02:21,  2.12it/s]
Cached 0.17GB:   0%|          | 1/300 [00:01<02:21,  2.12it/s]
Cached 0.17GB:   1%|          | 2/300 [00:01<02:30,  1.98it/s]
Cached 0.26GB:   1%|          | 2/300 [00:01<02:30,  1.98it/s]
Cached 0.26GB:   1%|1         | 3/300 [00:01<02:30,  1.98it/s]
Cached 0.35GB:   1%|1         | 3/300 [00:01<02:30,  1.98it/s]
Cached 0.35GB:   1%|1         | 4/300 [00:01<02:20,  2.11it/s]
Cached 0.43GB:   1%|1         | 4/300 [00:02<02:20,  2.11it/s]
Cached 0.43GB:   2%|1         | 5/300 [00:02<02:09,  2.28it/s]
Cached 0.52GB:   2%|1         | 5/300 [00:02<02:09,  2.28it/s]
Cached 0.52GB:   2%|2         | 6/300 [00:02<02:02,  2.41it/s]
Cached 0.61GB:   2%|2         | 6/300 [00:03<02:02,  2.41it/s]
Cached 0.61GB:   2%|2         | 7/300 [00:03<01:59,  2.46it/s]
Cached 0.69GB:   2%|2         | 7/300 [00:03<01:59,  2.46it/s]
Cached 0.69GB:   3%|2         | 8/300 [00:03<01:57,  2.49it/s]
Cached 0.78GB:   3%|2         | 8/300 [00:03<01:57,  2.49it/s]
Cached 0.78GB:   3%|3         | 9/300 [00:03<02:00,  2.42it/s]
Cached 0.87GB:   3%|3         | 9/300 [00:04<02:00,  2.42it/s]
Cached 0.87GB:   3%|3         | 10/300 [00:04<02:02,  2.37it/s]
Cached 0.96GB:   3%|3         | 10/300 [00:04<02:02,  2.37it/s]
Cached 0.96GB:   4%|3         | 11/300 [00:04<01:57,  2.46it/s]
Cached 1.04GB:   4%|3         | 11/300 [00:05<01:57,  2.46it/s]
Cached 1.04GB:   4%|4         | 12/300 [00:05<01:55,  2.49it/s]
Cached 1.13GB:   4%|4         | 12/300 [00:05<01:55,  2.49it/s]
Cached 1.13GB:   4%|4         | 13/300 [00:05<01:56,  2.47it/s]
Cached 1.22GB:   4%|4         | 13/300 [00:05<01:56,  2.47it/s]
Cached 1.22GB:   5%|4         | 14/300 [00:05<02:00,  2.38it/s]
Cached 1.30GB:   5%|4         | 14/300 [00:06<02:00,  2.38it/s]
Cached 1.30GB:   5%|5         | 15/300 [00:06<02:01,  2.35it/s]
Cached 1.39GB:   5%|5         | 15/300 [00:06<02:01,  2.35it/s]
Cached 1.39GB:   5%|5         | 16/300 [00:06<02:02,  2.31it/s]
Cached 1.48GB:   5%|5         | 16/300 [00:07<02:02,  2.31it/s]
Cached 1.48GB:   6%|5         | 17/300 [00:07<01:57,  2.41it/s]
Cached 1.56GB:   6%|5         | 17/300 [00:07<01:57,  2.41it/s]
Cached 1.56GB:   6%|6         | 18/300 [00:07<01:55,  2.43it/s]
Cached 1.65GB:   6%|6         | 18/300 [00:08<01:55,  2.43it/s]
Cached 1.65GB:   6%|6         | 19/300 [00:08<01:56,  2.41it/s]
Cached 1.74GB:   6%|6         | 19/300 [00:08<01:56,  2.41it/s]
Cached 1.74GB:   7%|6         | 20/300 [00:08<01:57,  2.38it/s]
Cached 1.82GB:   7%|6         | 20/300 [00:08<01:57,  2.38it/s]
Cached 1.82GB:   7%|7         | 21/300 [00:08<02:01,  2.30it/s]
Cached 1.91GB:   7%|7         | 21/300 [00:09<02:01,  2.30it/s]
Cached 1.91GB:   7%|7         | 22/300 [00:09<01:58,  2.34it/s]
Cached 2.00GB:   7%|7         | 22/300 [00:09<01:58,  2.34it/s]
Cached 2.00GB:   8%|7         | 23/300 [00:09<02:00,  2.30it/s]
Cached 2.08GB:   8%|7         | 23/300 [00:10<02:00,  2.30it/s]
Cached 2.08GB:   8%|8         | 24/300 [00:10<01:55,  2.38it/s]
Cached 2.17GB:   8%|8         | 24/300 [00:10<01:55,  2.38it/s]
Cached 2.17GB:   8%|8         | 25/300 [00:10<01:57,  2.34it/s]
Cached 2.26GB:   8%|8         | 25/300 [00:11<01:57,  2.34it/s]
Cached 2.26GB:   9%|8         | 26/300 [00:11<01:58,  2.31it/s]
Cached 2.35GB:   9%|8         | 26/300 [00:11<01:58,  2.31it/s]
Cached 2.35GB:   9%|9         | 27/300 [00:11<02:05,  2.18it/s]
Cached 2.43GB:   9%|9         | 27/300 [00:12<02:05,  2.18it/s]
Cached 2.43GB:   9%|9         | 28/300 [00:12<02:05,  2.17it/s]
Cached 2.52GB:   9%|9         | 28/300 [00:12<02:05,  2.17it/s]
Cached 2.52GB:  10%|9         | 29/300 [00:12<01:59,  2.27it/s]
Cached 2.61GB:  10%|9         | 29/300 [00:12<01:59,  2.27it/s]
Cached 2.61GB:  10%|#         | 30/300 [00:12<01:59,  2.27it/s]
Cached 2.69GB:  10%|#         | 30/300 [00:13<01:59,  2.27it/s]
Cached 2.69GB:  10%|#         | 31/300 [00:13<01:55,  2.33it/s]
Cached 2.78GB:  10%|#         | 31/300 [00:13<01:55,  2.33it/s]
Cached 2.78GB:  11%|#         | 32/300 [00:13<01:55,  2.33it/s]
Cached 2.87GB:  11%|#         | 32/300 [00:14<01:55,  2.33it/s]
Cached 2.87GB:  11%|#1        | 33/300 [00:14<01:51,  2.39it/s]
Cached 2.95GB:  11%|#1        | 33/300 [00:14<01:51,  2.39it/s]
Cached 2.95GB:  11%|#1        | 34/300 [00:14<01:54,  2.33it/s]
Cached 3.04GB:  11%|#1        | 34/300 [00:15<01:54,  2.33it/s]
Cached 3.04GB:  12%|#1        | 35/300 [00:15<01:54,  2.31it/s]
Cached 3.13GB:  12%|#1        | 35/300 [00:15<01:54,  2.31it/s]
Cached 3.13GB:  12%|#2        | 36/300 [00:15<01:53,  2.33it/s]
Cached 3.21GB:  12%|#2        | 36/300 [00:15<01:53,  2.33it/s]
Cached 3.21GB:  12%|#2        | 37/300 [00:15<01:49,  2.40it/s]
Cached 3.30GB:  12%|#2        | 37/300 [00:16<01:49,  2.40it/s]
Cached 3.30GB:  13%|#2        | 38/300 [00:16<01:51,  2.34it/s]
Cached 3.39GB:  13%|#2        | 38/300 [00:16<01:51,  2.34it/s]
Cached 3.39GB:  13%|#3        | 39/300 [00:16<01:52,  2.31it/s]
Cached 3.47GB:  13%|#3        | 39/300 [00:17<01:52,  2.31it/s]
Cached 3.47GB:  13%|#3        | 40/300 [00:17<01:50,  2.35it/s]
Cached 3.56GB:  13%|#3        | 40/300 [00:17<01:50,  2.35it/s]
Cached 3.56GB:  14%|#3        | 41/300 [00:17<01:53,  2.27it/s]
Cached 3.65GB:  14%|#3        | 41/300 [00:18<01:53,  2.27it/s]
Cached 3.65GB:  14%|#4        | 42/300 [00:18<01:52,  2.29it/s]
Cached 3.74GB:  14%|#4        | 42/300 [00:18<01:52,  2.29it/s]
Cached 3.74GB:  14%|#4        | 43/300 [00:18<01:49,  2.34it/s]
Cached 3.82GB:  14%|#4        | 43/300 [00:18<01:49,  2.34it/s]
Cached 3.82GB:  15%|#4        | 44/300 [00:18<01:51,  2.30it/s]
Cached 3.91GB:  15%|#4        | 44/300 [00:19<01:51,  2.30it/s]
Cached 3.91GB:  15%|#5        | 45/300 [00:19<01:46,  2.39it/s]
Cached 4.00GB:  15%|#5        | 45/300 [00:19<01:46,  2.39it/s]
Cached 4.00GB:  15%|#5        | 46/300 [00:19<01:35,  2.66it/s]
Cached 4.08GB:  15%|#5        | 46/300 [00:19<01:35,  2.66it/s]
Cached 4.08GB:  16%|#5        | 47/300 [00:19<01:32,  2.74it/s]
Cached 4.17GB:  16%|#5        | 47/300 [00:20<01:32,  2.74it/s]
Cached 4.17GB:  16%|#6        | 48/300 [00:20<01:35,  2.65it/s]
Cached 4.26GB:  16%|#6        | 48/300 [00:20<01:35,  2.65it/s]
Cached 4.26GB:  16%|#6        | 49/300 [00:20<01:34,  2.66it/s]
Cached 4.34GB:  16%|#6        | 49/300 [00:21<01:34,  2.66it/s]
Cached 4.34GB:  17%|#6        | 50/300 [00:21<01:41,  2.47it/s]
Cached 4.43GB:  17%|#6        | 50/300 [00:21<01:41,  2.47it/s]
Cached 4.43GB:  17%|#7        | 51/300 [00:21<01:38,  2.54it/s]
Cached 4.52GB:  17%|#7        | 51/300 [00:21<01:38,  2.54it/s]
Cached 4.52GB:  17%|#7        | 52/300 [00:21<01:37,  2.54it/s]
Cached 4.60GB:  17%|#7        | 52/300 [00:22<01:37,  2.54it/s]
Cached 4.60GB:  18%|#7        | 53/300 [00:22<01:53,  2.17it/s]
Cached 4.69GB:  18%|#7        | 53/300 [00:22<01:53,  2.17it/s]
Cached 4.69GB:  18%|#8        | 54/300 [00:22<01:51,  2.20it/s]
Cached 4.78GB:  18%|#8        | 54/300 [00:23<01:51,  2.20it/s]
Cached 4.78GB:  18%|#8        | 55/300 [00:23<01:46,  2.30it/s]
Cached 4.86GB:  18%|#8        | 55/300 [00:23<01:46,  2.30it/s]
Cached 4.86GB:  19%|#8        | 56/300 [00:23<01:46,  2.30it/s]
Cached 4.95GB:  19%|#8        | 56/300 [00:24<01:46,  2.30it/s]
Cached 4.95GB:  19%|#9        | 57/300 [00:24<01:44,  2.32it/s]
Cached 5.04GB:  19%|#9        | 57/300 [00:24<01:44,  2.32it/s]
Cached 5.04GB:  19%|#9        | 58/300 [00:24<01:42,  2.37it/s]
Cached 5.13GB:  19%|#9        | 58/300 [00:25<01:42,  2.37it/s]
Cached 5.13GB:  20%|#9        | 59/300 [00:25<01:44,  2.32it/s]
Cached 5.21GB:  20%|#9        | 59/300 [00:25<01:44,  2.32it/s]
Cached 5.21GB:  20%|##        | 60/300 [00:25<01:53,  2.11it/s]
Cached 5.30GB:  20%|##        | 60/300 [00:26<01:53,  2.11it/s]
Cached 5.30GB:  20%|##        | 61/300 [00:26<01:56,  2.05it/s]
Cached 5.39GB:  20%|##        | 61/300 [00:26<01:56,  2.05it/s]
Cached 5.39GB:  21%|##        | 62/300 [00:26<01:47,  2.21it/s]
Cached 5.47GB:  21%|##        | 62/300 [00:26<01:47,  2.21it/s]
Cached 5.47GB:  21%|##1       | 63/300 [00:26<01:42,  2.32it/s]
Cached 5.56GB:  21%|##1       | 63/300 [00:27<01:42,  2.32it/s]
Cached 5.56GB:  21%|##1       | 64/300 [00:27<01:47,  2.20it/s]
Cached 5.65GB:  21%|##1       | 64/300 [00:27<01:47,  2.20it/s]
Cached 5.65GB:  22%|##1       | 65/300 [00:27<01:42,  2.30it/s]
Cached 5.73GB:  22%|##1       | 65/300 [00:28<01:42,  2.30it/s]
Cached 5.73GB:  22%|##2       | 66/300 [00:28<01:38,  2.38it/s]
Cached 5.82GB:  22%|##2       | 66/300 [00:28<01:38,  2.38it/s]
Cached 5.82GB:  22%|##2       | 67/300 [00:28<01:39,  2.34it/s]
Cached 5.91GB:  22%|##2       | 67/300 [00:29<01:39,  2.34it/s]
Cached 5.91GB:  23%|##2       | 68/300 [00:29<01:34,  2.46it/s]
Cached 5.99GB:  23%|##2       | 68/300 [00:29<01:34,  2.46it/s]
Cached 5.99GB:  23%|##3       | 69/300 [00:29<01:28,  2.60it/s]
Cached 6.08GB:  23%|##3       | 69/300 [00:29<01:28,  2.60it/s]
Cached 6.08GB:  23%|##3       | 70/300 [00:29<01:29,  2.57it/s]
Cached 6.17GB:  23%|##3       | 70/300 [00:30<01:29,  2.57it/s]
Cached 6.17GB:  24%|##3       | 71/300 [00:30<01:33,  2.46it/s]
Cached 6.25GB:  24%|##3       | 71/300 [00:30<01:33,  2.46it/s]
Cached 6.25GB:  24%|##4       | 72/300 [00:30<01:38,  2.31it/s]
Cached 6.34GB:  24%|##4       | 72/300 [00:31<01:38,  2.31it/s]
Cached 6.34GB:  24%|##4       | 73/300 [00:31<01:38,  2.29it/s]
Cached 6.43GB:  24%|##4       | 73/300 [00:31<01:38,  2.29it/s]
Cached 6.43GB:  25%|##4       | 74/300 [00:31<01:37,  2.32it/s]
Cached 6.52GB:  25%|##4       | 74/300 [00:32<01:37,  2.32it/s]
Cached 6.52GB:  25%|##5       | 75/300 [00:32<01:42,  2.20it/s]
Cached 6.60GB:  25%|##5       | 75/300 [00:32<01:42,  2.20it/s]
Cached 6.60GB:  25%|##5       | 76/300 [00:32<01:36,  2.32it/s]
Cached 6.69GB:  25%|##5       | 76/300 [00:32<01:36,  2.32it/s]
Cached 6.69GB:  26%|##5       | 77/300 [00:32<01:33,  2.38it/s]
Cached 6.78GB:  26%|##5       | 77/300 [00:33<01:33,  2.38it/s]
Cached 6.78GB:  26%|##6       | 78/300 [00:33<01:30,  2.46it/s]
Cached 6.86GB:  26%|##6       | 78/300 [00:33<01:30,  2.46it/s]
Cached 6.86GB:  26%|##6       | 79/300 [00:33<01:28,  2.49it/s]
Cached 6.95GB:  26%|##6       | 79/300 [00:33<01:28,  2.49it/s]
Cached 6.95GB:  27%|##6       | 80/300 [00:33<01:24,  2.60it/s]
Cached 7.04GB:  27%|##6       | 80/300 [00:34<01:24,  2.60it/s]
Cached 7.04GB:  27%|##7       | 81/300 [00:34<01:21,  2.70it/s]
Cached 7.12GB:  27%|##7       | 81/300 [00:34<01:21,  2.70it/s]
Cached 7.12GB:  27%|##7       | 82/300 [00:34<01:19,  2.73it/s]
Cached 7.21GB:  27%|##7       | 82/300 [00:35<01:19,  2.73it/s]
Cached 7.21GB:  28%|##7       | 83/300 [00:35<01:22,  2.63it/s]
Cached 7.30GB:  28%|##7       | 83/300 [00:35<01:22,  2.63it/s]
Cached 7.30GB:  28%|##8       | 84/300 [00:35<01:22,  2.61it/s]
Cached 7.38GB:  28%|##8       | 84/300 [00:35<01:22,  2.61it/s]
Cached 7.38GB:  28%|##8       | 85/300 [00:35<01:21,  2.65it/s]
Cached 7.47GB:  28%|##8       | 85/300 [00:36<01:21,  2.65it/s]
Cached 7.47GB:  29%|##8       | 86/300 [00:36<01:20,  2.65it/s]
Cached 7.56GB:  29%|##8       | 86/300 [00:36<01:20,  2.65it/s]
Cached 7.56GB:  29%|##9       | 87/300 [00:36<01:24,  2.51it/s]
Cached 7.64GB:  29%|##9       | 87/300 [00:36<01:24,  2.51it/s]
Cached 7.64GB:  29%|##9       | 88/300 [00:36<01:21,  2.59it/s]
Cached 7.73GB:  29%|##9       | 88/300 [00:37<01:21,  2.59it/s]
Cached 7.73GB:  30%|##9       | 89/300 [00:37<01:24,  2.51it/s]
Cached 7.82GB:  30%|##9       | 89/300 [00:37<01:24,  2.51it/s]
Cached 7.82GB:  30%|###       | 90/300 [00:37<01:20,  2.62it/s]
Cached 7.90GB:  30%|###       | 90/300 [00:38<01:20,  2.62it/s]
Cached 7.90GB:  30%|###       | 91/300 [00:38<01:17,  2.68it/s]
Cached 7.99GB:  30%|###       | 91/300 [00:38<01:17,  2.68it/s]
Cached 7.99GB:  31%|###       | 92/300 [00:38<01:18,  2.64it/s]
Cached 8.08GB:  31%|###       | 92/300 [00:38<01:18,  2.64it/s]
Cached 8.08GB:  31%|###1      | 93/300 [00:38<01:15,  2.76it/s]
Cached 8.17GB:  31%|###1      | 93/300 [00:39<01:15,  2.76it/s]
Cached 8.17GB:  31%|###1      | 94/300 [00:39<01:17,  2.66it/s]
Cached 8.25GB:  31%|###1      | 94/300 [00:39<01:17,  2.66it/s]
Cached 8.25GB:  32%|###1      | 95/300 [00:39<01:15,  2.70it/s]
Cached 8.34GB:  32%|###1      | 95/300 [00:39<01:15,  2.70it/s]
Cached 8.34GB:  32%|###2      | 96/300 [00:39<01:17,  2.64it/s]
Cached 8.43GB:  32%|###2      | 96/300 [00:40<01:17,  2.64it/s]
Cached 8.43GB:  32%|###2      | 97/300 [00:40<01:23,  2.43it/s]
Cached 8.51GB:  32%|###2      | 97/300 [00:40<01:23,  2.43it/s]
Cached 8.51GB:  33%|###2      | 98/300 [00:40<01:27,  2.30it/s]
Cached 8.60GB:  33%|###2      | 98/300 [00:41<01:27,  2.30it/s]
Cached 8.60GB:  33%|###3      | 99/300 [00:41<01:26,  2.33it/s]
Cached 8.69GB:  33%|###3      | 99/300 [00:41<01:26,  2.33it/s]
Cached 8.69GB:  33%|###3      | 100/300 [00:41<01:30,  2.21it/s]
Cached 8.77GB:  33%|###3      | 100/300 [00:42<01:30,  2.21it/s]
Cached 8.77GB:  34%|###3      | 101/300 [00:42<01:27,  2.27it/s]
Cached 8.86GB:  34%|###3      | 101/300 [00:42<01:27,  2.27it/s]
Cached 8.86GB:  34%|###4      | 102/300 [00:42<01:22,  2.39it/s]
Cached 8.95GB:  34%|###4      | 102/300 [00:43<01:22,  2.39it/s]
Cached 8.95GB:  34%|###4      | 103/300 [00:43<01:20,  2.45it/s]
Cached 9.03GB:  34%|###4      | 103/300 [00:43<01:20,  2.45it/s]
Cached 9.03GB:  35%|###4      | 104/300 [00:43<01:26,  2.26it/s]
Cached 9.12GB:  35%|###4      | 104/300 [00:43<01:26,  2.26it/s]
Cached 9.12GB:  35%|###5      | 105/300 [00:43<01:20,  2.43it/s]
Cached 9.21GB:  35%|###5      | 105/300 [00:44<01:20,  2.43it/s]
Cached 9.21GB:  35%|###5      | 106/300 [00:44<01:17,  2.52it/s]
Cached 9.29GB:  35%|###5      | 106/300 [00:44<01:17,  2.52it/s]
Cached 9.29GB:  36%|###5      | 107/300 [00:44<01:12,  2.67it/s]
Cached 9.38GB:  36%|###5      | 107/300 [00:44<01:12,  2.67it/s]
Cached 9.38GB:  36%|###6      | 108/300 [00:44<01:12,  2.66it/s]
Cached 9.47GB:  36%|###6      | 108/300 [00:45<01:12,  2.66it/s]
Cached 9.47GB:  36%|###6      | 109/300 [00:45<01:09,  2.75it/s]
Cached 9.56GB:  36%|###6      | 109/300 [00:45<01:09,  2.75it/s]
Cached 9.56GB:  37%|###6      | 110/300 [00:45<01:09,  2.73it/s]
Cached 9.64GB:  37%|###6      | 110/300 [00:46<01:09,  2.73it/s]
Cached 9.64GB:  37%|###7      | 111/300 [00:46<01:10,  2.69it/s]
Cached 9.73GB:  37%|###7      | 111/300 [00:46<01:10,  2.69it/s]
Cached 9.73GB:  37%|###7      | 112/300 [00:46<01:08,  2.76it/s]
Cached 9.82GB:  37%|###7      | 112/300 [00:46<01:08,  2.76it/s]
Cached 9.82GB:  38%|###7      | 113/300 [00:46<01:09,  2.67it/s]
Cached 9.90GB:  38%|###7      | 113/300 [00:47<01:09,  2.67it/s]
Cached 9.90GB:  38%|###8      | 114/300 [00:47<01:11,  2.60it/s]
Cached 9.99GB:  38%|###8      | 114/300 [00:47<01:11,  2.60it/s]
Cached 9.99GB:  38%|###8      | 115/300 [00:47<01:16,  2.42it/s]
Cached 10.08GB:  38%|###8      | 115/300 [00:48<01:16,  2.42it/s]
Cached 10.08GB:  39%|###8      | 116/300 [00:48<01:14,  2.47it/s]
Cached 10.16GB:  39%|###8      | 116/300 [00:48<01:14,  2.47it/s]
Cached 10.16GB:  39%|###9      | 117/300 [00:48<01:11,  2.58it/s]
Cached 10.25GB:  39%|###9      | 117/300 [00:48<01:11,  2.58it/s]
Cached 10.25GB:  39%|###9      | 118/300 [00:48<01:10,  2.58it/s]
Cached 10.34GB:  39%|###9      | 118/300 [00:49<01:10,  2.58it/s]
Cached 10.34GB:  40%|###9      | 119/300 [00:49<01:13,  2.45it/s]
Cached 10.42GB:  40%|###9      | 119/300 [00:49<01:13,  2.45it/s]
Cached 10.42GB:  40%|####      | 120/300 [00:49<01:13,  2.46it/s]
Cached 10.51GB:  40%|####      | 120/300 [00:50<01:13,  2.46it/s]
Cached 10.51GB:  40%|####      | 121/300 [00:50<01:10,  2.55it/s]
Cached 10.60GB:  40%|####      | 121/300 [00:50<01:10,  2.55it/s]
Cached 10.60GB:  41%|####      | 122/300 [00:50<01:09,  2.54it/s]
Cached 10.68GB:  41%|####      | 122/300 [00:50<01:09,  2.54it/s]
Cached 10.68GB:  41%|####1     | 123/300 [00:50<01:07,  2.63it/s]
Cached 10.77GB:  41%|####1     | 123/300 [00:51<01:07,  2.63it/s]
Cached 10.77GB:  41%|####1     | 124/300 [00:51<01:06,  2.65it/s]
Cached 10.86GB:  41%|####1     | 124/300 [00:51<01:06,  2.65it/s]
Cached 10.86GB:  42%|####1     | 125/300 [00:51<01:08,  2.56it/s]
Cached 10.95GB:  42%|####1     | 125/300 [00:51<01:08,  2.56it/s]
Cached 10.95GB:  42%|####2     | 126/300 [00:51<01:05,  2.66it/s]
Cached 11.03GB:  42%|####2     | 126/300 [00:52<01:05,  2.66it/s]
Cached 11.03GB:  42%|####2     | 127/300 [00:52<01:07,  2.58it/s]
Cached 11.12GB:  42%|####2     | 127/300 [00:52<01:07,  2.58it/s]
Cached 11.12GB:  43%|####2     | 128/300 [00:52<01:05,  2.62it/s]
Cached 11.21GB:  43%|####2     | 128/300 [00:53<01:05,  2.62it/s]
Cached 11.21GB:  43%|####3     | 129/300 [00:53<01:04,  2.66it/s]
Cached 11.29GB:  43%|####3     | 129/300 [00:53<01:04,  2.66it/s]
Cached 11.29GB:  43%|####3     | 130/300 [00:53<01:03,  2.66it/s]
Cached 11.38GB:  43%|####3     | 130/300 [00:53<01:03,  2.66it/s]
Cached 11.38GB:  44%|####3     | 131/300 [00:53<01:02,  2.72it/s]
Cached 11.47GB:  44%|####3     | 131/300 [00:54<01:02,  2.72it/s]
Cached 11.47GB:  44%|####4     | 132/300 [00:54<01:02,  2.70it/s]
Cached 11.55GB:  44%|####4     | 132/300 [00:54<01:02,  2.70it/s]
Cached 11.55GB:  44%|####4     | 133/300 [00:54<01:03,  2.65it/s]
Cached 11.64GB:  44%|####4     | 133/300 [00:54<01:03,  2.65it/s]
Cached 11.64GB:  45%|####4     | 134/300 [00:54<01:02,  2.64it/s]
Cached 11.73GB:  45%|####4     | 134/300 [00:55<01:02,  2.64it/s]
Cached 11.73GB:  45%|####5     | 135/300 [00:55<01:01,  2.69it/s]
Cached 11.81GB:  45%|####5     | 135/300 [00:55<01:01,  2.69it/s]
Cached 11.81GB:  45%|####5     | 136/300 [00:55<01:03,  2.58it/s]
Cached 11.90GB:  45%|####5     | 136/300 [00:56<01:03,  2.58it/s]
Cached 11.90GB:  46%|####5     | 137/300 [00:56<01:03,  2.55it/s]
Cached 11.99GB:  46%|####5     | 137/300 [00:56<01:03,  2.55it/s]
Cached 11.99GB:  46%|####6     | 138/300 [00:56<01:01,  2.63it/s]
Cached 12.07GB:  46%|####6     | 138/300 [00:56<01:01,  2.63it/s]
Cached 12.07GB:  46%|####6     | 139/300 [00:56<01:01,  2.64it/s]
Cached 12.16GB:  46%|####6     | 139/300 [00:57<01:01,  2.64it/s]
Cached 12.16GB:  47%|####6     | 140/300 [00:57<01:01,  2.60it/s]
Cached 12.25GB:  47%|####6     | 140/300 [00:57<01:01,  2.60it/s]
Cached 12.25GB:  47%|####6     | 141/300 [00:57<00:59,  2.67it/s]
Cached 12.34GB:  47%|####6     | 141/300 [00:58<00:59,  2.67it/s]
Cached 12.34GB:  47%|####7     | 142/300 [00:58<01:04,  2.45it/s]
Cached 12.42GB:  47%|####7     | 142/300 [00:58<01:04,  2.45it/s]
Cached 12.42GB:  48%|####7     | 143/300 [00:58<01:01,  2.57it/s]
Cached 12.51GB:  48%|####7     | 143/300 [00:58<01:01,  2.57it/s]
Cached 12.51GB:  48%|####8     | 144/300 [00:58<01:05,  2.39it/s]
Cached 12.60GB:  48%|####8     | 144/300 [00:59<01:05,  2.39it/s]
Cached 12.60GB:  48%|####8     | 145/300 [00:59<01:08,  2.25it/s]
Cached 12.68GB:  48%|####8     | 145/300 [00:59<01:08,  2.25it/s]
Cached 12.68GB:  49%|####8     | 146/300 [00:59<01:11,  2.16it/s]
Cached 12.77GB:  49%|####8     | 146/300 [01:00<01:11,  2.16it/s]
Cached 12.77GB:  49%|####9     | 147/300 [01:00<01:08,  2.25it/s]
Cached 12.86GB:  49%|####9     | 147/300 [01:00<01:08,  2.25it/s]
Cached 12.86GB:  49%|####9     | 148/300 [01:00<01:04,  2.35it/s]
Cached 12.94GB:  49%|####9     | 148/300 [01:01<01:04,  2.35it/s]
Cached 12.94GB:  50%|####9     | 149/300 [01:01<01:01,  2.46it/s]
Cached 13.03GB:  50%|####9     | 149/300 [01:01<01:01,  2.46it/s]
Cached 13.03GB:  50%|#####     | 150/300 [01:01<00:58,  2.58it/s]
Cached 13.12GB:  50%|#####     | 150/300 [01:01<00:58,  2.58it/s]
Cached 13.12GB:  50%|#####     | 151/300 [01:01<00:57,  2.59it/s]
Cached 13.20GB:  50%|#####     | 151/300 [01:02<00:57,  2.59it/s]
Cached 13.20GB:  51%|#####     | 152/300 [01:02<00:56,  2.62it/s]
Cached 13.29GB:  51%|#####     | 152/300 [01:02<00:56,  2.62it/s]
Cached 13.29GB:  51%|#####1    | 153/300 [01:02<00:57,  2.56it/s]
Cached 13.38GB:  51%|#####1    | 153/300 [01:02<00:57,  2.56it/s]
Cached 13.38GB:  51%|#####1    | 154/300 [01:02<00:55,  2.64it/s]
Cached 13.46GB:  51%|#####1    | 154/300 [01:03<00:55,  2.64it/s]
Cached 13.46GB:  52%|#####1    | 155/300 [01:03<00:54,  2.67it/s]
Cached 13.55GB:  52%|#####1    | 155/300 [01:03<00:54,  2.67it/s]
Cached 13.55GB:  52%|#####2    | 156/300 [01:03<00:55,  2.58it/s]
Cached 13.64GB:  52%|#####2    | 156/300 [01:04<00:55,  2.58it/s]
Cached 13.64GB:  52%|#####2    | 157/300 [01:04<00:53,  2.65it/s]
Cached 13.73GB:  52%|#####2    | 157/300 [01:04<00:53,  2.65it/s]
Cached 13.73GB:  53%|#####2    | 158/300 [01:04<00:56,  2.53it/s]
Cached 13.81GB:  53%|#####2    | 158/300 [01:04<00:56,  2.53it/s]
Cached 13.81GB:  53%|#####3    | 159/300 [01:04<00:55,  2.54it/s]
Cached 13.90GB:  53%|#####3    | 159/300 [01:05<00:55,  2.54it/s]
Cached 13.90GB:  53%|#####3    | 160/300 [01:05<00:49,  2.80it/s]
Cached 13.99GB:  53%|#####3    | 160/300 [01:05<00:49,  2.80it/s]
Cached 13.99GB:  54%|#####3    | 161/300 [01:05<00:46,  2.97it/s]
Cached 14.07GB:  54%|#####3    | 161/300 [01:05<00:46,  2.97it/s]
Cached 14.07GB:  54%|#####4    | 162/300 [01:05<00:43,  3.19it/s]
Cached 14.16GB:  54%|#####4    | 162/300 [01:05<00:43,  3.19it/s]
Cached 14.16GB:  54%|#####4    | 163/300 [01:05<00:39,  3.44it/s]
Cached 14.25GB:  54%|#####4    | 163/300 [01:06<00:39,  3.44it/s]
Cached 14.25GB:  55%|#####4    | 164/300 [01:06<00:38,  3.55it/s]
Cached 14.33GB:  55%|#####4    | 164/300 [01:06<00:38,  3.55it/s]
Cached 14.33GB:  55%|#####5    | 165/300 [01:06<00:38,  3.52it/s]
Cached 14.42GB:  55%|#####5    | 165/300 [01:06<00:38,  3.52it/s]
Cached 14.42GB:  55%|#####5    | 166/300 [01:06<00:36,  3.64it/s]
Cached 14.51GB:  55%|#####5    | 166/300 [01:07<00:36,  3.64it/s]
Cached 14.51GB:  56%|#####5    | 167/300 [01:07<00:35,  3.73it/s]
Cached 14.59GB:  56%|#####5    | 167/300 [01:07<00:35,  3.73it/s]
Cached 14.59GB:  56%|#####6    | 168/300 [01:07<00:36,  3.62it/s]
Cached 14.68GB:  56%|#####6    | 168/300 [01:07<00:36,  3.62it/s]
Cached 14.68GB:  56%|#####6    | 169/300 [01:07<00:36,  3.63it/s]
Cached 14.77GB:  56%|#####6    | 169/300 [01:07<00:36,  3.63it/s]
Cached 14.77GB:  57%|#####6    | 170/300 [01:07<00:35,  3.67it/s]
Cached 14.85GB:  57%|#####6    | 170/300 [01:08<00:35,  3.67it/s]
Cached 14.85GB:  57%|#####6    | 171/300 [01:08<00:34,  3.69it/s]
Cached 14.94GB:  57%|#####6    | 171/300 [01:08<00:34,  3.69it/s]
Cached 14.94GB:  57%|#####7    | 172/300 [01:08<00:34,  3.70it/s]
Cached 15.03GB:  57%|#####7    | 172/300 [01:08<00:34,  3.70it/s]
Cached 15.03GB:  58%|#####7    | 173/300 [01:08<00:34,  3.70it/s]
Cached 15.11GB:  58%|#####7    | 173/300 [01:08<00:34,  3.70it/s]
Cached 15.11GB:  58%|#####8    | 174/300 [01:08<00:33,  3.77it/s]
Cached 15.20GB:  58%|#####8    | 174/300 [01:09<00:33,  3.77it/s]
Cached 15.20GB:  58%|#####8    | 175/300 [01:09<00:32,  3.79it/s]
Cached 15.29GB:  58%|#####8    | 175/300 [01:09<00:32,  3.79it/s]
Cached 15.29GB:  59%|#####8    | 176/300 [01:09<00:32,  3.84it/s]
Cached 15.38GB:  59%|#####8    | 176/300 [01:09<00:32,  3.84it/s]
Cached 15.38GB:  59%|#####8    | 177/300 [01:09<00:31,  3.87it/s]
Cached 15.46GB:  59%|#####8    | 177/300 [01:09<00:31,  3.87it/s]
Cached 15.46GB:  59%|#####9    | 178/300 [01:09<00:31,  3.86it/s]
Cached 15.55GB:  59%|#####9    | 178/300 [01:10<00:31,  3.86it/s]
Cached 15.55GB:  60%|#####9    | 179/300 [01:10<00:32,  3.74it/s]
Cached 15.64GB:  60%|#####9    | 179/300 [01:10<00:32,  3.74it/s]
Cached 15.64GB:  60%|######    | 180/300 [01:10<00:33,  3.56it/s]
Cached 15.72GB:  60%|######    | 180/300 [01:10<00:33,  3.56it/s]
Cached 15.72GB:  60%|######    | 181/300 [01:10<00:35,  3.35it/s]
Cached 15.81GB:  60%|######    | 181/300 [01:11<00:35,  3.35it/s]
Cached 15.81GB:  61%|######    | 182/300 [01:11<00:34,  3.38it/s]
Cached 15.90GB:  61%|######    | 182/300 [01:11<00:34,  3.38it/s]
Cached 15.90GB:  61%|######1   | 183/300 [01:11<00:34,  3.36it/s]
Cached 15.98GB:  61%|######1   | 183/300 [01:11<00:34,  3.36it/s]
Cached 15.98GB:  61%|######1   | 184/300 [01:11<00:33,  3.44it/s]
Cached 16.07GB:  61%|######1   | 184/300 [01:11<00:33,  3.44it/s]
Cached 16.07GB:  62%|######1   | 185/300 [01:11<00:32,  3.58it/s]
Cached 16.16GB:  62%|######1   | 185/300 [01:12<00:32,  3.58it/s]
Cached 16.16GB:  62%|######2   | 186/300 [01:12<00:31,  3.60it/s]
Cached 16.24GB:  62%|######2   | 186/300 [01:12<00:31,  3.60it/s]
Cached 16.24GB:  62%|######2   | 187/300 [01:12<00:31,  3.64it/s]
Cached 16.33GB:  62%|######2   | 187/300 [01:12<00:31,  3.64it/s]
Cached 16.33GB:  63%|######2   | 188/300 [01:12<00:30,  3.67it/s]
Cached 16.42GB:  63%|######2   | 188/300 [01:13<00:30,  3.67it/s]
Cached 16.42GB:  63%|######3   | 189/300 [01:13<00:30,  3.69it/s]
Cached 16.50GB:  63%|######3   | 189/300 [01:13<00:30,  3.69it/s]
Cached 16.50GB:  63%|######3   | 190/300 [01:13<00:29,  3.71it/s]
Cached 16.59GB:  63%|######3   | 190/300 [01:13<00:29,  3.71it/s]
Cached 16.59GB:  64%|######3   | 191/300 [01:13<00:28,  3.80it/s]
Cached 16.68GB:  64%|######3   | 191/300 [01:13<00:28,  3.80it/s]
Cached 16.68GB:  64%|######4   | 192/300 [01:13<00:28,  3.74it/s]
Cached 16.77GB:  64%|######4   | 192/300 [01:14<00:28,  3.74it/s]
Cached 16.77GB:  64%|######4   | 193/300 [01:14<00:28,  3.72it/s]
Cached 16.85GB:  64%|######4   | 193/300 [01:14<00:28,  3.72it/s]
Cached 16.85GB:  65%|######4   | 194/300 [01:14<00:28,  3.76it/s]
Cached 16.94GB:  65%|######4   | 194/300 [01:14<00:28,  3.76it/s]
Cached 16.94GB:  65%|######5   | 195/300 [01:14<00:27,  3.80it/s]
Cached 17.03GB:  65%|######5   | 195/300 [01:14<00:27,  3.80it/s]
Cached 17.03GB:  65%|######5   | 196/300 [01:14<00:27,  3.78it/s]
Cached 17.11GB:  65%|######5   | 196/300 [01:15<00:27,  3.78it/s]
Cached 17.11GB:  66%|######5   | 197/300 [01:15<00:27,  3.79it/s]
Cached 17.20GB:  66%|######5   | 197/300 [01:15<00:27,  3.79it/s]
Cached 17.20GB:  66%|######6   | 198/300 [01:15<00:27,  3.77it/s]
Cached 17.29GB:  66%|######6   | 198/300 [01:15<00:27,  3.77it/s]
Cached 17.29GB:  66%|######6   | 199/300 [01:15<00:26,  3.80it/s]
Cached 17.37GB:  66%|######6   | 199/300 [01:15<00:26,  3.80it/s]
Cached 17.37GB:  67%|######6   | 200/300 [01:15<00:26,  3.79it/s]
Cached 17.46GB:  67%|######6   | 200/300 [01:16<00:26,  3.79it/s]
Cached 17.46GB:  67%|######7   | 201/300 [01:16<00:25,  3.84it/s]
Cached 17.55GB:  67%|######7   | 201/300 [01:16<00:25,  3.84it/s]
Cached 17.55GB:  67%|######7   | 202/300 [01:16<00:26,  3.75it/s]
Cached 17.63GB:  67%|######7   | 202/300 [01:16<00:26,  3.75it/s]
Cached 17.63GB:  68%|######7   | 203/300 [01:16<00:25,  3.81it/s]
Cached 17.72GB:  68%|######7   | 203/300 [01:17<00:25,  3.81it/s]
Cached 17.72GB:  68%|######8   | 204/300 [01:17<00:25,  3.83it/s]
Cached 17.81GB:  68%|######8   | 204/300 [01:17<00:25,  3.83it/s]
Cached 17.81GB:  68%|######8   | 205/300 [01:17<00:25,  3.79it/s]
Cached 17.89GB:  68%|######8   | 205/300 [01:17<00:25,  3.79it/s]
Cached 17.89GB:  69%|######8   | 206/300 [01:17<00:25,  3.74it/s]
Cached 17.98GB:  69%|######8   | 206/300 [01:17<00:25,  3.74it/s]
Cached 17.98GB:  69%|######9   | 207/300 [01:17<00:24,  3.78it/s]
Cached 18.07GB:  69%|######9   | 207/300 [01:18<00:24,  3.78it/s]
Cached 18.07GB:  69%|######9   | 208/300 [01:18<00:23,  3.84it/s]
Cached 18.16GB:  69%|######9   | 208/300 [01:18<00:23,  3.84it/s]
Cached 18.16GB:  70%|######9   | 209/300 [01:18<00:24,  3.68it/s]
Cached 18.24GB:  70%|######9   | 209/300 [01:18<00:24,  3.68it/s]
Cached 18.24GB:  70%|#######   | 210/300 [01:18<00:24,  3.74it/s]
Cached 18.33GB:  70%|#######   | 210/300 [01:18<00:24,  3.74it/s]
Cached 18.33GB:  70%|#######   | 211/300 [01:18<00:23,  3.74it/s]
Cached 18.42GB:  70%|#######   | 211/300 [01:19<00:23,  3.74it/s]
Cached 18.42GB:  71%|#######   | 212/300 [01:19<00:23,  3.78it/s]
Cached 18.50GB:  71%|#######   | 212/300 [01:19<00:23,  3.78it/s]
Cached 18.50GB:  71%|#######1  | 213/300 [01:19<00:22,  3.79it/s]
Cached 18.59GB:  71%|#######1  | 213/300 [01:19<00:22,  3.79it/s]
Cached 18.59GB:  71%|#######1  | 214/300 [01:19<00:22,  3.76it/s]
Cached 18.68GB:  71%|#######1  | 214/300 [01:19<00:22,  3.76it/s]
Cached 18.68GB:  72%|#######1  | 215/300 [01:19<00:22,  3.86it/s]
Cached 18.76GB:  72%|#######1  | 215/300 [01:20<00:22,  3.86it/s]
Cached 18.76GB:  72%|#######2  | 216/300 [01:20<00:21,  3.90it/s]
Cached 18.85GB:  72%|#######2  | 216/300 [01:20<00:21,  3.90it/s]
Cached 18.85GB:  72%|#######2  | 217/300 [01:20<00:20,  3.97it/s]
Cached 18.94GB:  72%|#######2  | 217/300 [01:20<00:20,  3.97it/s]
Cached 18.94GB:  73%|#######2  | 218/300 [01:20<00:20,  4.03it/s]
Cached 19.02GB:  73%|#######2  | 218/300 [01:20<00:20,  4.03it/s]
Cached 19.02GB:  73%|#######3  | 219/300 [01:20<00:20,  4.04it/s]
Cached 19.11GB:  73%|#######3  | 219/300 [01:21<00:20,  4.04it/s]
Cached 19.11GB:  73%|#######3  | 220/300 [01:21<00:19,  4.05it/s]
Cached 19.20GB:  73%|#######3  | 220/300 [01:21<00:19,  4.05it/s]
Cached 19.20GB:  74%|#######3  | 221/300 [01:21<00:20,  3.91it/s]
Cached 19.28GB:  74%|#######3  | 221/300 [01:21<00:20,  3.91it/s]
Cached 19.28GB:  74%|#######4  | 222/300 [01:21<00:19,  3.96it/s]
Cached 19.37GB:  74%|#######4  | 222/300 [01:21<00:19,  3.96it/s]
Cached 19.37GB:  74%|#######4  | 223/300 [01:21<00:19,  4.00it/s]
Cached 19.46GB:  74%|#######4  | 223/300 [01:22<00:19,  4.00it/s]
Cached 19.46GB:  75%|#######4  | 224/300 [01:22<00:18,  4.05it/s]
Cached 19.55GB:  75%|#######4  | 224/300 [01:22<00:18,  4.05it/s]
Cached 19.55GB:  75%|#######5  | 225/300 [01:22<00:18,  4.04it/s]
Cached 19.63GB:  75%|#######5  | 225/300 [01:22<00:18,  4.04it/s]
Cached 19.63GB:  75%|#######5  | 226/300 [01:22<00:18,  3.99it/s]
Cached 19.72GB:  75%|#######5  | 226/300 [01:22<00:18,  3.99it/s]
Cached 19.72GB:  76%|#######5  | 227/300 [01:22<00:18,  4.04it/s]
Cached 19.81GB:  76%|#######5  | 227/300 [01:23<00:18,  4.04it/s]
Cached 19.81GB:  76%|#######6  | 228/300 [01:23<00:17,  4.08it/s]
Cached 19.89GB:  76%|#######6  | 228/300 [01:23<00:17,  4.08it/s]
Cached 19.89GB:  76%|#######6  | 229/300 [01:23<00:17,  4.09it/s]
Cached 19.98GB:  76%|#######6  | 229/300 [01:23<00:17,  4.09it/s]
Cached 19.98GB:  77%|#######6  | 230/300 [01:23<00:17,  4.04it/s]
Cached 20.07GB:  77%|#######6  | 230/300 [01:23<00:17,  4.04it/s]
Cached 20.07GB:  77%|#######7  | 231/300 [01:23<00:16,  4.11it/s]
Cached 20.15GB:  77%|#######7  | 231/300 [01:24<00:16,  4.11it/s]
Cached 20.15GB:  77%|#######7  | 232/300 [01:24<00:16,  4.08it/s]
Cached 20.24GB:  77%|#######7  | 232/300 [01:24<00:16,  4.08it/s]
Cached 20.24GB:  78%|#######7  | 233/300 [01:24<00:16,  4.15it/s]
Cached 20.33GB:  78%|#######7  | 233/300 [01:24<00:16,  4.15it/s]
Cached 20.33GB:  78%|#######8  | 234/300 [01:24<00:16,  4.10it/s]
Cached 20.41GB:  78%|#######8  | 234/300 [01:24<00:16,  4.10it/s]
Cached 20.41GB:  78%|#######8  | 235/300 [01:24<00:16,  4.02it/s]
Cached 20.50GB:  78%|#######8  | 235/300 [01:25<00:16,  4.02it/s]
Cached 20.50GB:  79%|#######8  | 236/300 [01:25<00:16,  3.79it/s]
Cached 20.59GB:  79%|#######8  | 236/300 [01:25<00:16,  3.79it/s]
Cached 20.59GB:  79%|#######9  | 237/300 [01:25<00:18,  3.45it/s]
Cached 20.67GB:  79%|#######9  | 237/300 [01:25<00:18,  3.45it/s]
Cached 20.67GB:  79%|#######9  | 238/300 [01:25<00:17,  3.56it/s]
Cached 20.76GB:  79%|#######9  | 238/300 [01:26<00:17,  3.56it/s]
Cached 20.76GB:  80%|#######9  | 239/300 [01:26<00:16,  3.69it/s]
Cached 20.85GB:  80%|#######9  | 239/300 [01:26<00:16,  3.69it/s]
Cached 20.85GB:  80%|########  | 240/300 [01:26<00:15,  3.75it/s]
Cached 20.94GB:  80%|########  | 240/300 [01:26<00:15,  3.75it/s]
Cached 20.94GB:  80%|########  | 241/300 [01:26<00:15,  3.81it/s]
Cached 21.02GB:  80%|########  | 241/300 [01:26<00:15,  3.81it/s]
Cached 21.02GB:  81%|########  | 242/300 [01:26<00:15,  3.73it/s]
Cached 21.11GB:  81%|########  | 242/300 [01:27<00:15,  3.73it/s]
Cached 21.11GB:  81%|########1 | 243/300 [01:27<00:15,  3.76it/s]
Cached 21.20GB:  81%|########1 | 243/300 [01:27<00:15,  3.76it/s]
Cached 21.20GB:  81%|########1 | 244/300 [01:27<00:14,  3.91it/s]
Cached 21.28GB:  81%|########1 | 244/300 [01:27<00:14,  3.91it/s]
Cached 21.28GB:  82%|########1 | 245/300 [01:27<00:13,  3.96it/s]
Cached 21.37GB:  82%|########1 | 245/300 [01:27<00:13,  3.96it/s]
Cached 21.37GB:  82%|########2 | 246/300 [01:27<00:13,  4.04it/s]
Cached 21.46GB:  82%|########2 | 246/300 [01:28<00:13,  4.04it/s]
Cached 21.46GB:  82%|########2 | 247/300 [01:28<00:13,  4.06it/s]
Cached 21.54GB:  82%|########2 | 247/300 [01:28<00:13,  4.06it/s]
Cached 21.54GB:  83%|########2 | 248/300 [01:28<00:13,  3.94it/s]
Cached 21.63GB:  83%|########2 | 248/300 [01:28<00:13,  3.94it/s]
Cached 21.63GB:  83%|########2 | 249/300 [01:28<00:12,  4.03it/s]
Cached 21.72GB:  83%|########2 | 249/300 [01:28<00:12,  4.03it/s]
Cached 21.72GB:  83%|########3 | 250/300 [01:28<00:12,  4.07it/s]
Cached 21.80GB:  83%|########3 | 250/300 [01:29<00:12,  4.07it/s]
Cached 21.80GB:  84%|########3 | 251/300 [01:29<00:12,  4.04it/s]
Cached 21.89GB:  84%|########3 | 251/300 [01:29<00:12,  4.04it/s]
Cached 21.89GB:  84%|########4 | 252/300 [01:29<00:11,  4.08it/s]
Cached 21.98GB:  84%|########4 | 252/300 [01:29<00:11,  4.08it/s]
Cached 21.98GB:  84%|########4 | 253/300 [01:29<00:11,  3.93it/s]
Cached 22.06GB:  84%|########4 | 253/300 [01:29<00:11,  3.93it/s]
Cached 22.06GB:  85%|########4 | 254/300 [01:29<00:11,  3.99it/s]
Cached 22.15GB:  85%|########4 | 254/300 [01:30<00:11,  3.99it/s]
Cached 22.15GB:  85%|########5 | 255/300 [01:30<00:11,  4.02it/s]
Cached 22.24GB:  85%|########5 | 255/300 [01:30<00:11,  4.02it/s]
Cached 22.24GB:  85%|########5 | 256/300 [01:30<00:11,  3.92it/s]
Cached 22.32GB:  85%|########5 | 256/300 [01:30<00:11,  3.92it/s]
Cached 22.32GB:  86%|########5 | 257/300 [01:30<00:11,  3.89it/s]
Cached 22.41GB:  86%|########5 | 257/300 [01:30<00:11,  3.89it/s]
Cached 22.41GB:  86%|########6 | 258/300 [01:30<00:10,  3.85it/s]
Cached 22.50GB:  86%|########6 | 258/300 [01:31<00:10,  3.85it/s]
Cached 22.50GB:  86%|########6 | 259/300 [01:31<00:10,  3.76it/s]
Cached 22.59GB:  86%|########6 | 259/300 [01:31<00:10,  3.76it/s]
Cached 22.59GB:  87%|########6 | 260/300 [01:31<00:10,  3.77it/s]
Cached 22.67GB:  87%|########6 | 260/300 [01:31<00:10,  3.77it/s]
Cached 22.67GB:  87%|########7 | 261/300 [01:31<00:10,  3.78it/s]
Cached 22.76GB:  87%|########7 | 261/300 [01:31<00:10,  3.78it/s]
Cached 22.76GB:  87%|########7 | 262/300 [01:31<00:10,  3.70it/s]
Cached 22.85GB:  87%|########7 | 262/300 [01:32<00:10,  3.70it/s]
Cached 22.85GB:  88%|########7 | 263/300 [01:32<00:09,  3.72it/s]
Cached 22.93GB:  88%|########7 | 263/300 [01:32<00:09,  3.72it/s]
Cached 22.93GB:  88%|########8 | 264/300 [01:32<00:09,  3.73it/s]
Cached 23.02GB:  88%|########8 | 264/300 [01:32<00:09,  3.73it/s]
Cached 23.02GB:  88%|########8 | 265/300 [01:32<00:09,  3.60it/s]
Cached 23.11GB:  88%|########8 | 265/300 [01:32<00:09,  3.60it/s]
Cached 23.11GB:  89%|########8 | 266/300 [01:32<00:09,  3.71it/s]
Cached 23.19GB:  89%|########8 | 266/300 [01:33<00:09,  3.71it/s]
Cached 23.19GB:  89%|########9 | 267/300 [01:33<00:08,  3.73it/s]
Cached 23.28GB:  89%|########9 | 267/300 [01:33<00:08,  3.73it/s]
Cached 23.28GB:  89%|########9 | 268/300 [01:33<00:08,  3.74it/s]
Cached 23.37GB:  89%|########9 | 268/300 [01:33<00:08,  3.74it/s]
Cached 23.37GB:  90%|########9 | 269/300 [01:33<00:08,  3.61it/s]
Cached 23.45GB:  90%|########9 | 269/300 [01:34<00:08,  3.61it/s]
Cached 23.45GB:  90%|######### | 270/300 [01:34<00:08,  3.66it/s]
Cached 23.54GB:  90%|######### | 270/300 [01:34<00:08,  3.66it/s]
Cached 23.54GB:  90%|######### | 271/300 [01:34<00:08,  3.56it/s]
Cached 23.63GB:  90%|######### | 271/300 [01:34<00:08,  3.56it/s]
Cached 23.63GB:  91%|######### | 272/300 [01:34<00:07,  3.64it/s]
Cached 23.71GB:  91%|######### | 272/300 [01:34<00:07,  3.64it/s]
Cached 23.71GB:  91%|#########1| 273/300 [01:34<00:07,  3.69it/s]
Cached 23.80GB:  91%|#########1| 273/300 [01:35<00:07,  3.69it/s]
Cached 23.80GB:  91%|#########1| 274/300 [01:35<00:07,  3.57it/s]
Cached 23.89GB:  91%|#########1| 274/300 [01:35<00:07,  3.57it/s]
Cached 23.89GB:  92%|#########1| 275/300 [01:35<00:06,  3.64it/s]
Cached 23.98GB:  92%|#########1| 275/300 [01:35<00:06,  3.64it/s]
Cached 23.98GB:  92%|#########2| 276/300 [01:35<00:06,  3.67it/s]
Cached 24.06GB:  92%|#########2| 276/300 [01:36<00:06,  3.67it/s]
Cached 24.06GB:  92%|#########2| 277/300 [01:36<00:06,  3.57it/s]
Cached 24.15GB:  92%|#########2| 277/300 [01:36<00:06,  3.57it/s]
Cached 24.15GB:  93%|#########2| 278/300 [01:36<00:06,  3.65it/s]
Cached 24.24GB:  93%|#########2| 278/300 [01:36<00:06,  3.65it/s]
Cached 24.24GB:  93%|#########3| 279/300 [01:36<00:05,  3.63it/s]
Cached 24.32GB:  93%|#########3| 279/300 [01:36<00:05,  3.63it/s]
Cached 24.32GB:  93%|#########3| 280/300 [01:36<00:05,  3.71it/s]
Cached 24.41GB:  93%|#########3| 280/300 [01:37<00:05,  3.71it/s]
Cached 24.41GB:  94%|#########3| 281/300 [01:37<00:05,  3.56it/s]
Cached 24.50GB:  94%|#########3| 281/300 [01:37<00:05,  3.56it/s]
Cached 24.50GB:  94%|#########3| 282/300 [01:37<00:04,  3.60it/s]
Cached 24.58GB:  94%|#########3| 282/300 [01:37<00:04,  3.60it/s]
Cached 24.58GB:  94%|#########4| 283/300 [01:37<00:04,  3.70it/s]
Cached 24.67GB:  94%|#########4| 283/300 [01:37<00:04,  3.70it/s]
Cached 24.67GB:  95%|#########4| 284/300 [01:37<00:04,  3.56it/s]
Cached 24.76GB:  95%|#########4| 284/300 [01:38<00:04,  3.56it/s]
Cached 24.76GB:  95%|#########5| 285/300 [01:38<00:04,  3.64it/s]
Cached 24.84GB:  95%|#########5| 285/300 [01:38<00:04,  3.64it/s]
Cached 24.84GB:  95%|#########5| 286/300 [01:38<00:03,  3.69it/s]
Cached 24.93GB:  95%|#########5| 286/300 [01:38<00:03,  3.69it/s]
Cached 24.93GB:  96%|#########5| 287/300 [01:38<00:03,  3.70it/s]
Cached 25.02GB:  96%|#########5| 287/300 [01:39<00:03,  3.70it/s]
Cached 25.02GB:  96%|#########6| 288/300 [01:39<00:03,  3.73it/s]
Cached 25.10GB:  96%|#########6| 288/300 [01:39<00:03,  3.73it/s]
Cached 25.10GB:  96%|#########6| 289/300 [01:39<00:03,  3.64it/s]
Cached 25.19GB:  96%|#########6| 289/300 [01:39<00:03,  3.64it/s]
Cached 25.19GB:  97%|#########6| 290/300 [01:39<00:02,  3.73it/s]
Cached 25.28GB:  97%|#########6| 290/300 [01:39<00:02,  3.73it/s]
Cached 25.28GB:  97%|#########7| 291/300 [01:39<00:02,  3.73it/s]
Cached 25.37GB:  97%|#########7| 291/300 [01:40<00:02,  3.73it/s]
Cached 25.37GB:  97%|#########7| 292/300 [01:40<00:02,  3.72it/s]
Cached 25.45GB:  97%|#########7| 292/300 [01:40<00:02,  3.72it/s]
Cached 25.45GB:  98%|#########7| 293/300 [01:40<00:01,  3.55it/s]
Cached 25.54GB:  98%|#########7| 293/300 [01:40<00:01,  3.55it/s]
Cached 25.54GB:  98%|#########8| 294/300 [01:40<00:01,  3.59it/s]
Cached 25.63GB:  98%|#########8| 294/300 [01:40<00:01,  3.59it/s]
Cached 25.63GB:  98%|#########8| 295/300 [01:40<00:01,  3.54it/s]
Cached 25.71GB:  98%|#########8| 295/300 [01:41<00:01,  3.54it/s]
Cached 25.71GB:  99%|#########8| 296/300 [01:41<00:01,  3.57it/s]
Cached 25.80GB:  99%|#########8| 296/300 [01:41<00:01,  3.57it/s]
Cached 25.80GB:  99%|#########9| 297/300 [01:41<00:00,  3.58it/s]
Cached 25.89GB:  99%|#########9| 297/300 [01:41<00:00,  3.58it/s]
Cached 25.89GB:  99%|#########9| 298/300 [01:41<00:00,  3.63it/s]
Cached 25.97GB:  99%|#########9| 298/300 [01:42<00:00,  3.63it/s]
Cached 25.97GB: 100%|#########9| 299/300 [01:42<00:00,  3.68it/s]
Cached 26.06GB: 100%|#########9| 299/300 [01:42<00:00,  3.68it/s]
Cached 26.06GB: 100%|##########| 300/300 [01:42<00:00,  3.54it/s]
Cached 26.06GB: 100%|##########| 300/300 [01:42<00:00,  2.93it/s]
[32m
[QUARK-INFO]: Finding optimal threshold for each tensor using PowerOfTwoMethod.MinMSE algorithm in 'All' mode ...[0m

  0%|          | 0/194 [00:00<?, ?it/s]
  1%|          | 1/194 [00:01<03:18,  1.03s/it]
  1%|1         | 2/194 [00:03<05:24,  1.69s/it]
  2%|1         | 3/194 [00:03<03:29,  1.10s/it]
  2%|2         | 4/194 [00:11<11:47,  3.73s/it]
  3%|2         | 5/194 [00:15<12:09,  3.86s/it]
  3%|3         | 6/194 [00:17<09:59,  3.19s/it]
  4%|3         | 7/194 [00:20<09:39,  3.10s/it]
  4%|4         | 8/194 [00:27<13:42,  4.42s/it]
  5%|4         | 9/194 [00:28<10:37,  3.45s/it]
  5%|5         | 10/194 [00:29<08:13,  2.68s/it]
  6%|5         | 11/194 [00:33<09:04,  2.97s/it]
  6%|6         | 12/194 [00:37<09:45,  3.22s/it]
  7%|6         | 13/194 [00:38<07:58,  2.65s/it]
  7%|7         | 14/194 [00:39<06:43,  2.24s/it]
  8%|7         | 15/194 [00:40<05:07,  1.72s/it]
  8%|8         | 16/194 [00:42<05:26,  1.83s/it]
  9%|8         | 17/194 [00:50<11:15,  3.82s/it]
  9%|9         | 18/194 [00:54<11:28,  3.91s/it]
 10%|9         | 19/194 [00:56<09:06,  3.13s/it]
 10%|#         | 20/194 [00:58<07:57,  2.75s/it]
 11%|#         | 21/194 [00:59<06:22,  2.21s/it]
 11%|#1        | 22/194 [01:01<06:13,  2.17s/it]
 12%|#1        | 23/194 [01:04<06:50,  2.40s/it]
 12%|#2        | 24/194 [01:06<06:32,  2.31s/it]
 13%|#2        | 25/194 [01:06<04:46,  1.70s/it]
 13%|#3        | 26/194 [01:13<09:24,  3.36s/it]
 14%|#3        | 27/194 [01:14<07:26,  2.67s/it]
 14%|#4        | 28/194 [01:15<05:30,  1.99s/it]
 15%|#4        | 29/194 [01:46<29:55, 10.88s/it]
 15%|#5        | 30/194 [01:47<21:13,  7.76s/it]
 16%|#5        | 31/194 [01:51<17:48,  6.55s/it]
 16%|#6        | 32/194 [01:52<13:31,  5.01s/it]
 17%|#7        | 33/194 [01:56<12:25,  4.63s/it]
 18%|#7        | 34/194 [01:57<09:45,  3.66s/it]
 18%|#8        | 35/194 [02:01<10:12,  3.85s/it]
 19%|#8        | 36/194 [02:02<07:55,  3.01s/it]
 19%|#9        | 37/194 [02:14<14:22,  5.50s/it]
 20%|#9        | 38/194 [02:18<13:20,  5.13s/it]
 20%|##        | 39/194 [02:19<10:22,  4.02s/it]
 21%|##        | 40/194 [02:23<10:09,  3.95s/it]
 21%|##1       | 41/194 [02:24<07:29,  2.94s/it]
 22%|##1       | 42/194 [02:25<06:16,  2.48s/it]
 22%|##2       | 43/194 [02:33<10:01,  3.98s/it]
 23%|##2       | 44/194 [02:33<07:12,  2.89s/it]
 23%|##3       | 45/194 [02:34<06:02,  2.44s/it]
 24%|##3       | 46/194 [02:37<06:21,  2.58s/it]
 24%|##4       | 47/194 [02:40<06:39,  2.72s/it]
 25%|##4       | 48/194 [02:42<05:40,  2.33s/it]
 25%|##5       | 49/194 [02:42<04:19,  1.79s/it]
 26%|##5       | 50/194 [02:45<04:36,  1.92s/it]
 26%|##6       | 51/194 [03:19<27:57, 11.73s/it]
 27%|##6       | 52/194 [03:22<21:36,  9.13s/it]
 27%|##7       | 53/194 [03:23<15:45,  6.70s/it]
 28%|##7       | 54/194 [03:25<12:19,  5.28s/it]
 28%|##8       | 55/194 [03:26<08:52,  3.83s/it]
 29%|##8       | 56/194 [03:27<06:52,  2.99s/it]
 29%|##9       | 57/194 [03:29<06:05,  2.67s/it]
 30%|##9       | 58/194 [03:31<05:32,  2.45s/it]
 30%|###       | 59/194 [03:33<05:11,  2.31s/it]
 31%|###       | 60/194 [03:33<04:00,  1.80s/it]
 31%|###1      | 61/194 [03:34<03:08,  1.42s/it]
 32%|###1      | 62/194 [03:42<07:38,  3.47s/it]
 32%|###2      | 63/194 [03:46<08:05,  3.71s/it]
 33%|###2      | 64/194 [03:47<06:01,  2.78s/it]
 34%|###3      | 65/194 [03:58<11:14,  5.23s/it]
 34%|###4      | 66/194 [03:58<08:05,  3.80s/it]
 35%|###4      | 67/194 [04:00<06:50,  3.24s/it]
 35%|###5      | 68/194 [04:02<06:07,  2.92s/it]
 36%|###5      | 69/194 [04:04<05:27,  2.62s/it]
 36%|###6      | 70/194 [04:05<04:10,  2.02s/it]
 37%|###6      | 71/194 [04:06<03:25,  1.67s/it]
 37%|###7      | 72/194 [04:06<02:38,  1.30s/it]
 38%|###7      | 73/194 [04:07<02:26,  1.21s/it]
 38%|###8      | 74/194 [04:08<02:30,  1.26s/it]
 39%|###8      | 75/194 [04:10<02:33,  1.29s/it]
 39%|###9      | 76/194 [04:10<01:57,  1.00it/s]
 40%|###9      | 77/194 [04:10<01:32,  1.26it/s]
 40%|####      | 78/194 [04:12<01:51,  1.04it/s]
 41%|####      | 79/194 [04:13<01:42,  1.12it/s]
 41%|####1     | 80/194 [04:27<09:34,  5.04s/it]
 42%|####1     | 81/194 [04:28<07:14,  3.85s/it]
 42%|####2     | 82/194 [04:33<07:25,  3.98s/it]
 43%|####2     | 83/194 [04:33<05:35,  3.02s/it]
 43%|####3     | 84/194 [04:36<05:04,  2.77s/it]
 44%|####3     | 85/194 [04:39<05:35,  3.08s/it]
 44%|####4     | 86/194 [04:42<05:27,  3.03s/it]
 45%|####4     | 87/194 [04:45<04:58,  2.79s/it]
 45%|####5     | 88/194 [04:46<04:11,  2.37s/it]
 46%|####5     | 89/194 [04:50<04:50,  2.77s/it]
 46%|####6     | 90/194 [04:52<04:30,  2.60s/it]
 47%|####6     | 91/194 [04:52<03:24,  1.98s/it]
 47%|####7     | 92/194 [04:53<02:46,  1.63s/it]
 48%|####7     | 93/194 [04:55<03:01,  1.79s/it]
 48%|####8     | 94/194 [04:59<03:58,  2.38s/it]
 49%|####8     | 95/194 [05:02<04:15,  2.59s/it]
 49%|####9     | 96/194 [05:05<04:26,  2.72s/it]
 50%|#####     | 97/194 [05:11<05:47,  3.58s/it]
 51%|#####     | 98/194 [05:12<04:28,  2.80s/it]
 51%|#####1    | 99/194 [05:14<04:05,  2.58s/it]
 52%|#####1    | 100/194 [05:15<03:26,  2.19s/it]
 52%|#####2    | 101/194 [05:19<04:07,  2.66s/it]
 53%|#####2    | 102/194 [05:19<03:01,  1.98s/it]
 53%|#####3    | 103/194 [05:21<02:57,  1.95s/it]
 54%|#####3    | 104/194 [05:22<02:18,  1.54s/it]
 54%|#####4    | 105/194 [05:23<02:11,  1.48s/it]
 55%|#####4    | 106/194 [05:25<02:20,  1.60s/it]
 55%|#####5    | 107/194 [05:26<02:10,  1.51s/it]
 56%|#####5    | 108/194 [05:28<02:22,  1.66s/it]
 56%|#####6    | 109/194 [05:32<03:24,  2.41s/it]
 57%|#####6    | 110/194 [05:33<02:35,  1.85s/it]
 57%|#####7    | 111/194 [05:34<02:20,  1.70s/it]
 58%|#####7    | 112/194 [05:37<02:49,  2.07s/it]
 58%|#####8    | 113/194 [05:39<02:43,  2.01s/it]
 59%|#####8    | 114/194 [05:42<03:04,  2.31s/it]
 59%|#####9    | 115/194 [05:43<02:17,  1.74s/it]
 60%|#####9    | 116/194 [05:44<02:06,  1.62s/it]
 60%|######    | 117/194 [05:56<06:03,  4.72s/it]
 61%|######    | 118/194 [06:00<05:41,  4.49s/it]
 61%|######1   | 119/194 [06:07<06:43,  5.38s/it]
 62%|######1   | 120/194 [06:09<05:28,  4.44s/it]
 62%|######2   | 121/194 [06:17<06:33,  5.39s/it]
 63%|######2   | 122/194 [06:18<04:44,  3.95s/it]
 63%|######3   | 123/194 [06:21<04:17,  3.63s/it]
 64%|######3   | 124/194 [06:23<03:59,  3.41s/it]
 64%|######4   | 125/194 [06:26<03:45,  3.26s/it]
 65%|######4   | 126/194 [06:27<02:52,  2.54s/it]
 65%|######5   | 127/194 [06:29<02:35,  2.33s/it]
 66%|######5   | 128/194 [06:30<01:58,  1.80s/it]
 66%|######6   | 129/194 [06:30<01:27,  1.35s/it]
 67%|######7   | 130/194 [06:33<01:58,  1.86s/it]
 68%|######7   | 131/194 [06:35<02:02,  1.94s/it]
 68%|######8   | 132/194 [06:46<04:49,  4.67s/it]
 69%|######8   | 133/194 [06:47<03:26,  3.39s/it]
 69%|######9   | 134/194 [06:47<02:35,  2.59s/it]
 70%|######9   | 135/194 [06:49<02:24,  2.44s/it]
 70%|#######   | 136/194 [06:52<02:28,  2.56s/it]
 71%|#######   | 137/194 [06:53<02:03,  2.17s/it]
 71%|#######1  | 138/194 [06:55<01:55,  2.06s/it]
 72%|#######1  | 139/194 [06:58<02:05,  2.28s/it]
 72%|#######2  | 140/194 [06:59<01:37,  1.81s/it]
 73%|#######2  | 141/194 [07:12<04:44,  5.37s/it]
 73%|#######3  | 142/194 [07:13<03:29,  4.03s/it]
 74%|#######3  | 143/194 [07:14<02:38,  3.10s/it]
 74%|#######4  | 144/194 [07:16<02:15,  2.71s/it]
 75%|#######4  | 145/194 [07:17<01:51,  2.28s/it]
 75%|#######5  | 146/194 [07:18<01:21,  1.69s/it]
 76%|#######5  | 147/194 [07:21<01:45,  2.25s/it]
 76%|#######6  | 148/194 [07:22<01:25,  1.85s/it]
 77%|#######6  | 149/194 [07:24<01:22,  1.82s/it]
 77%|#######7  | 150/194 [07:27<01:33,  2.13s/it]
 78%|#######7  | 151/194 [07:37<03:18,  4.62s/it]
 78%|#######8  | 152/194 [07:41<02:59,  4.27s/it]
 79%|#######8  | 153/194 [07:43<02:37,  3.83s/it]
 79%|#######9  | 154/194 [07:44<01:50,  2.77s/it]
 80%|#######9  | 155/194 [07:46<01:39,  2.55s/it]
 80%|########  | 156/194 [07:47<01:19,  2.08s/it]
 81%|########  | 157/194 [07:47<00:57,  1.55s/it]
 81%|########1 | 158/194 [07:57<02:28,  4.13s/it]
 82%|########1 | 159/194 [08:01<02:22,  4.06s/it]
 82%|########2 | 160/194 [08:03<01:56,  3.44s/it]
 83%|########2 | 161/194 [08:07<01:57,  3.57s/it]
 84%|########3 | 162/194 [08:09<01:37,  3.04s/it]
 84%|########4 | 163/194 [08:10<01:17,  2.51s/it]
 85%|########4 | 164/194 [08:12<01:08,  2.30s/it]
 85%|########5 | 165/194 [08:13<00:55,  1.91s/it]
 86%|########5 | 166/194 [08:42<04:44, 10.17s/it]
 86%|########6 | 167/194 [08:44<03:22,  7.52s/it]
 87%|########6 | 168/194 [08:54<03:37,  8.37s/it]
 87%|########7 | 169/194 [08:55<02:33,  6.16s/it]
 88%|########7 | 170/194 [08:58<02:08,  5.34s/it]
 88%|########8 | 171/194 [08:59<01:29,  3.88s/it]
 89%|########8 | 172/194 [08:59<01:03,  2.89s/it]
 89%|########9 | 173/194 [09:32<04:06, 11.75s/it]
 90%|########9 | 174/194 [09:34<02:57,  8.86s/it]
 90%|######### | 175/194 [09:45<03:00,  9.50s/it]
 91%|######### | 176/194 [09:47<02:10,  7.23s/it]
 91%|#########1| 177/194 [09:58<02:23,  8.46s/it]
 92%|#########1| 178/194 [09:59<01:37,  6.10s/it]
 92%|#########2| 179/194 [10:01<01:14,  4.94s/it]
 93%|#########2| 180/194 [10:12<01:34,  6.78s/it]
 93%|#########3| 181/194 [10:16<01:16,  5.86s/it]
 94%|#########3| 182/194 [10:17<00:54,  4.52s/it]
 94%|#########4| 183/194 [10:18<00:35,  3.27s/it]
 95%|#########4| 184/194 [10:18<00:23,  2.39s/it]
 95%|#########5| 185/194 [10:19<00:16,  1.85s/it]
 96%|#########5| 186/194 [10:19<00:11,  1.43s/it]
 96%|#########6| 187/194 [10:22<00:14,  2.02s/it]
 97%|#########6| 188/194 [10:52<01:00, 10.15s/it]
 97%|#########7| 189/194 [10:54<00:38,  7.73s/it]
 98%|#########7| 190/194 [10:58<00:26,  6.62s/it]
 98%|#########8| 191/194 [10:59<00:14,  4.98s/it]
 99%|#########8| 192/194 [11:02<00:08,  4.41s/it]
 99%|#########9| 193/194 [11:04<00:03,  3.70s/it]
100%|##########| 194/194 [11:07<00:00,  3.47s/it]
100%|##########| 194/194 [11:07<00:00,  3.44s/it]
[32m
[QUARK-INFO]: The calibration has been finished. It took 770.3s to complete.[0m
[32m
[QUARK-INFO]: Remove QuantizeLinear & DequantizeLinear on certain operations(such as conv-relu).[0m
[32m
[QUARK-INFO]: Adjust the quantize info to meet the compiler constraints[0m
[32m
[QUARK-INFO]: Quark_latency_profiler: e2e quantization time consumed:777.120547[0m
[32m
[QUARK-INFO]: The operation types and their corresponding quantities of the input float model is shown in the table below.[0m
+-----------------------------------------------------------------------------+
| Op Type              | Float Model                                          |
|----------------------+------------------------------------------------------|
| Conv                 | 97                                                   |
| Clip                 | 48                                                   |
| Add                  | 27                                                   |
| Relu                 | 16                                                   |
| Resize               | 5                                                    |
|----------------------+------------------------------------------------------|
| Quantized model path | C:\Users\<user>\PycharmProjects\ryzen-ai-xdna1-quant� |
+-----------------------------------------------------------------------------+
[32m
[QUARK-INFO]: The quantized information for all operation types is shown in the table below.[0m
[32m
[QUARK-INFO]: The discrepancy between the operation types in the quantized model and the float model is due to the application of graph optimization.[0m
+--------------------------------------------+
| Op Type | Activation | Weights  | Bias     |
|---------+------------+----------+----------|
| Conv    | UINT8(97)  | INT8(97) | INT8(93) |
| Add     | UINT8(27)  |          |          |
| Relu    | UINT8(7)   |          |          |
| Resize  | UINT8(5)   |          |          |
+--------------------------------------------+
Wrote C:\Users\<user>\PycharmProjects\ryzen-ai-xdna1-quantization\models\midas_small_nearest_cut_xint8.onnx: 657 nodes
  Ops: [('DequantizeLinear', 327), ('QuantizeLinear', 137), ('Conv', 97), ('Clip', 48), ('Add', 27), ('Relu', 16), ('Resize', 5)]
