[32m
[QUARK-INFO]: Checking custom ops library ...[0m
[33m
[QUARK-WARNING]: The custom ops library C:\Users\<user>\miniforge3\envs\resnet_env\Lib\site-packages\quark\onnx\operators\custom_ops\lib\custom_ops.dll does NOT exist.[0m
[32m
[QUARK-INFO]: Start compiling CPU version of custom ops library.[0m
C:\Users\<user>\miniforge3\envs\resnet_env\Lib\site-packages\torch\utils\cpp_extension.py:380: UserWarning: Error checking compiler version for cl: [WinError 2] The system cannot find the file specified
  warnings.warn(f'Error checking compiler version for {compiler}: {error}')
INFO: Could not find files for the given pattern(s).
[31m
[QUARK-ERROR]: CPU version of custom ops library compilation failed:Command '['where', 'cl']' returned non-zero exit status 1.[0m
[33m
[QUARK-WARNING]: Custom ops library compilation failed: CPU version of custom ops library compilation failed:Command '['where', 'cl']' returned non-zero exit status 1..[0m
[32m
[QUARK-INFO]: Checked custom ops library.[0m
[33m
[QUARK-WARNING]: The api `activation` has been replaced with `input_tensors` and will be removed in the next release.[0m
[33m
[QUARK-WARNING]: The custom ops library C:\Users\<user>\miniforge3\envs\resnet_env\Lib\site-packages\quark\onnx\operators\custom_ops\lib\custom_ops.dll does NOT exist.[0m
[33m
[QUARK-WARNING]: Config has been replaced by QConfig. The old API will be removed in the next release.[0m
[33m
[QUARK-WARNING]: The algorithm API is algo_config in QConfig. The old API will be removed in the next release.[0m
[32m
[QUARK-INFO]: The input ONNX model can create InferenceSession successfully[0m
[32m
[QUARK-INFO]: Folding or fusing operators for better accuracy and performance.[0m
[33m
[QUARK-WARNING]: The opset version is 17 < 20. Skipping fusing Gelu.[0m
[32m
[QUARK-INFO]: Start applying CLE algorithm on the float model...[0m
[32m
[QUARK-INFO]: CrossLayerEqualization pattern num: 7[0m
[32m
[QUARK-INFO]: Total CrossLayerEqualization steps: 1[0m
[32m
[QUARK-INFO]: The CLE algorithm has been applied. It took 0.0s to complete.[0m
[32m
[QUARK-INFO]: Optimizing the model for a better hardware compatibility.[0m
[32m
[QUARK-INFO]: The input ONNX model can run inference successfully[0m
[32m
[QUARK-INFO]: Start running calibration on 100 samples with extra options {}...[0m
[32m
[QUARK-INFO]: Data collection of PowerOfTwoMethod.MinMSE in progress. Runtime will depend on your model and data size.[0m
Pinned process affinity mask to 0x5555 (8 real cores, no SMT)
CPU threads: 8
Input model: models/sesr_m7_fp32.onnx, 18 nodes, 256x256 resolution
Calibrating on 100 images at 256x256
Quantizing with XINT8 -> models/sesr_m7_xint8.onnx
[QUARK_INFO]: Time information:
2026-09-08 03:34:48.606007
[QUARK_INFO]: OS and CPU information:
                                        system --- Windows
                                          node --- DESKTOP-CBL5NUA
                                       release --- 11
                                       version --- 10.0.26200
                                       machine --- AMD64
                                     processor --- AMD64 Family 25 Model 117 Stepping 2, AuthenticAMD
[QUARK_INFO]: Tools version information:
                                        python --- 3.12.11
                                          onnx --- 1.19.0
                                   onnxruntime --- 1.22.1
                                    quark.onnx --- 0.11rc1
[QUARK_INFO]: Quantized Configuration information:
                                   model_input --- models/sesr_m7_fp32.onnx
                                  model_output --- models/sesr_m7_xint8.onnx
                       calibration_data_reader --- <__main__.SesrCalibReader object at 0x000001CA8B576C30>
                         calibration_data_path --- None
                                  quant_format --- QDQ
                                   input_nodes --- []
                                  output_nodes --- []
                          op_types_to_quantize --- []
                    extra_op_types_to_quantize --- []
                                   per_channel --- False
                                  reduce_range --- False
                               activation_type --- QUInt8
                                   weight_type --- QInt8
                             nodes_to_quantize --- []
                              nodes_to_exclude --- []
                          subgraphs_to_exclude --- []
                                optimize_model --- True
                      use_external_data_format --- False
                              calibrate_method --- PowerOfTwoMethod.MinMSE
                           execution_providers --- ['CPUExecutionProvider']
                                enable_npu_cnn --- True
                        enable_npu_transformer --- False
                     specific_tensor_precision --- False
                                    debug_mode --- False
                          convert_fp16_to_fp32 --- False
                          convert_nchw_to_nhwc --- False
                                   include_cle --- True
                                    include_sq --- False
                              include_rotation --- False
                               include_fast_ft --- False
                                 extra_options --- {'ActivationSymmetric': True}
  calib 25/100
  calib 50/100
  calib 75/100
  calib 100/100

  0%|          | 0/100 [00:00<?, ?it/s]
Cached 0.03GB:   0%|          | 0/100 [00:00<?, ?it/s]
Cached 0.07GB:   0%|          | 0/100 [00:00<?, ?it/s]
Cached 0.07GB:   2%|2         | 2/100 [00:00<00:08, 11.20it/s]
Cached 0.10GB:   2%|2         | 2/100 [00:00<00:08, 11.20it/s]
Cached 0.14GB:   2%|2         | 2/100 [00:00<00:08, 11.20it/s]
Cached 0.14GB:   4%|4         | 4/100 [00:00<00:08, 11.74it/s]
Cached 0.17GB:   4%|4         | 4/100 [00:00<00:08, 11.74it/s]
Cached 0.21GB:   4%|4         | 4/100 [00:00<00:08, 11.74it/s]
Cached 0.21GB:   6%|6         | 6/100 [00:00<00:07, 12.02it/s]
Cached 0.24GB:   6%|6         | 6/100 [00:00<00:07, 12.02it/s]
Cached 0.28GB:   6%|6         | 6/100 [00:00<00:07, 12.02it/s]
Cached 0.28GB:   8%|8         | 8/100 [00:00<00:07, 11.79it/s]
Cached 0.31GB:   8%|8         | 8/100 [00:00<00:07, 11.79it/s]
Cached 0.35GB:   8%|8         | 8/100 [00:00<00:07, 11.79it/s]
Cached 0.35GB:  10%|#         | 10/100 [00:00<00:07, 12.11it/s]
Cached 0.38GB:  10%|#         | 10/100 [00:00<00:07, 12.11it/s]
Cached 0.41GB:  10%|#         | 10/100 [00:00<00:07, 12.11it/s]
Cached 0.41GB:  12%|#2        | 12/100 [00:00<00:07, 12.27it/s]
Cached 0.45GB:  12%|#2        | 12/100 [00:01<00:07, 12.27it/s]
Cached 0.48GB:  12%|#2        | 12/100 [00:01<00:07, 12.27it/s]
Cached 0.48GB:  14%|#4        | 14/100 [00:01<00:06, 12.37it/s]
Cached 0.52GB:  14%|#4        | 14/100 [00:01<00:06, 12.37it/s]
Cached 0.55GB:  14%|#4        | 14/100 [00:01<00:06, 12.37it/s]
Cached 0.55GB:  16%|#6        | 16/100 [00:01<00:06, 12.15it/s]
Cached 0.59GB:  16%|#6        | 16/100 [00:01<00:06, 12.15it/s]
Cached 0.62GB:  16%|#6        | 16/100 [00:01<00:06, 12.15it/s]
Cached 0.62GB:  18%|#8        | 18/100 [00:01<00:06, 12.30it/s]
Cached 0.66GB:  18%|#8        | 18/100 [00:01<00:06, 12.30it/s]
Cached 0.69GB:  18%|#8        | 18/100 [00:01<00:06, 12.30it/s]
Cached 0.69GB:  20%|##        | 20/100 [00:01<00:06, 12.30it/s]
Cached 0.73GB:  20%|##        | 20/100 [00:01<00:06, 12.30it/s]
Cached 0.76GB:  20%|##        | 20/100 [00:01<00:06, 12.30it/s]
Cached 0.76GB:  22%|##2       | 22/100 [00:01<00:06, 12.36it/s]
Cached 0.79GB:  22%|##2       | 22/100 [00:01<00:06, 12.36it/s]
Cached 0.83GB:  22%|##2       | 22/100 [00:01<00:06, 12.36it/s]
Cached 0.83GB:  24%|##4       | 24/100 [00:01<00:06, 12.27it/s]
Cached 0.86GB:  24%|##4       | 24/100 [00:02<00:06, 12.27it/s]
Cached 0.90GB:  24%|##4       | 24/100 [00:02<00:06, 12.27it/s]
Cached 0.90GB:  26%|##6       | 26/100 [00:02<00:06, 12.20it/s]
Cached 0.93GB:  26%|##6       | 26/100 [00:02<00:06, 12.20it/s]
Cached 0.97GB:  26%|##6       | 26/100 [00:02<00:06, 12.20it/s]
Cached 0.97GB:  28%|##8       | 28/100 [00:02<00:05, 12.26it/s]
Cached 1.00GB:  28%|##8       | 28/100 [00:02<00:05, 12.26it/s]
Cached 1.04GB:  28%|##8       | 28/100 [00:02<00:05, 12.26it/s]
Cached 1.04GB:  30%|###       | 30/100 [00:02<00:05, 12.33it/s]
Cached 1.07GB:  30%|###       | 30/100 [00:02<00:05, 12.33it/s]
Cached 1.11GB:  30%|###       | 30/100 [00:02<00:05, 12.33it/s]
Cached 1.11GB:  32%|###2      | 32/100 [00:02<00:05, 11.74it/s]
Cached 1.14GB:  32%|###2      | 32/100 [00:02<00:05, 11.74it/s]
Cached 1.17GB:  32%|###2      | 32/100 [00:02<00:05, 11.74it/s]
Cached 1.17GB:  34%|###4      | 34/100 [00:02<00:05, 11.97it/s]
Cached 1.21GB:  34%|###4      | 34/100 [00:02<00:05, 11.97it/s]
Cached 1.24GB:  34%|###4      | 34/100 [00:02<00:05, 11.97it/s]
Cached 1.24GB:  36%|###6      | 36/100 [00:02<00:05, 11.66it/s]
Cached 1.28GB:  36%|###6      | 36/100 [00:03<00:05, 11.66it/s]
Cached 1.31GB:  36%|###6      | 36/100 [00:03<00:05, 11.66it/s]
Cached 1.31GB:  38%|###8      | 38/100 [00:03<00:05, 11.85it/s]
Cached 1.35GB:  38%|###8      | 38/100 [00:03<00:05, 11.85it/s]
Cached 1.38GB:  38%|###8      | 38/100 [00:03<00:05, 11.85it/s]
Cached 1.38GB:  40%|####      | 40/100 [00:03<00:04, 12.10it/s]
Cached 1.42GB:  40%|####      | 40/100 [00:03<00:04, 12.10it/s]
Cached 1.45GB:  40%|####      | 40/100 [00:03<00:04, 12.10it/s]
Cached 1.45GB:  42%|####2     | 42/100 [00:03<00:04, 12.38it/s]
Cached 1.49GB:  42%|####2     | 42/100 [00:03<00:04, 12.38it/s]
Cached 1.52GB:  42%|####2     | 42/100 [00:03<00:04, 12.38it/s]
Cached 1.52GB:  44%|####4     | 44/100 [00:03<00:04, 11.86it/s]
Cached 1.55GB:  44%|####4     | 44/100 [00:03<00:04, 11.86it/s]
Cached 1.59GB:  44%|####4     | 44/100 [00:03<00:04, 11.86it/s]
Cached 1.59GB:  46%|####6     | 46/100 [00:03<00:04, 11.64it/s]
Cached 1.62GB:  46%|####6     | 46/100 [00:03<00:04, 11.64it/s]
Cached 1.66GB:  46%|####6     | 46/100 [00:03<00:04, 11.64it/s]
Cached 1.66GB:  48%|####8     | 48/100 [00:03<00:04, 12.01it/s]
Cached 1.69GB:  48%|####8     | 48/100 [00:04<00:04, 12.01it/s]
Cached 1.73GB:  48%|####8     | 48/100 [00:04<00:04, 12.01it/s]
Cached 1.73GB:  50%|#####     | 50/100 [00:04<00:04, 11.98it/s]
Cached 1.76GB:  50%|#####     | 50/100 [00:04<00:04, 11.98it/s]
Cached 1.80GB:  50%|#####     | 50/100 [00:04<00:04, 11.98it/s]
Cached 1.80GB:  52%|#####2    | 52/100 [00:04<00:03, 12.13it/s]
Cached 1.83GB:  52%|#####2    | 52/100 [00:04<00:03, 12.13it/s]
Cached 1.87GB:  52%|#####2    | 52/100 [00:04<00:03, 12.13it/s]
Cached 1.87GB:  54%|#####4    | 54/100 [00:04<00:04, 11.47it/s]
Cached 1.90GB:  54%|#####4    | 54/100 [00:04<00:04, 11.47it/s]
Cached 1.93GB:  54%|#####4    | 54/100 [00:04<00:04, 11.47it/s]
Cached 1.93GB:  56%|#####6    | 56/100 [00:04<00:04, 10.48it/s]
Cached 1.97GB:  56%|#####6    | 56/100 [00:04<00:04, 10.48it/s]
Cached 2.00GB:  56%|#####6    | 56/100 [00:04<00:04, 10.48it/s]
Cached 2.00GB:  58%|#####8    | 58/100 [00:04<00:03, 10.72it/s]
Cached 2.04GB:  58%|#####8    | 58/100 [00:05<00:03, 10.72it/s]
Cached 2.07GB:  58%|#####8    | 58/100 [00:05<00:03, 10.72it/s]
Cached 2.07GB:  60%|######    | 60/100 [00:05<00:03, 10.89it/s]
Cached 2.11GB:  60%|######    | 60/100 [00:05<00:03, 10.89it/s]
Cached 2.14GB:  60%|######    | 60/100 [00:05<00:03, 10.89it/s]
Cached 2.14GB:  62%|######2   | 62/100 [00:05<00:03, 11.10it/s]
Cached 2.18GB:  62%|######2   | 62/100 [00:05<00:03, 11.10it/s]
Cached 2.21GB:  62%|######2   | 62/100 [00:05<00:03, 11.10it/s]
Cached 2.21GB:  64%|######4   | 64/100 [00:05<00:03, 11.24it/s]
Cached 2.25GB:  64%|######4   | 64/100 [00:05<00:03, 11.24it/s]
Cached 2.28GB:  64%|######4   | 64/100 [00:05<00:03, 11.24it/s]
Cached 2.28GB:  66%|######6   | 66/100 [00:05<00:03, 10.89it/s]
Cached 2.31GB:  66%|######6   | 66/100 [00:05<00:03, 10.89it/s]
Cached 2.35GB:  66%|######6   | 66/100 [00:05<00:03, 10.89it/s]
Cached 2.35GB:  68%|######8   | 68/100 [00:05<00:03,  9.89it/s]
Cached 2.38GB:  68%|######8   | 68/100 [00:05<00:03,  9.89it/s]
Cached 2.42GB:  68%|######8   | 68/100 [00:06<00:03,  9.89it/s]
Cached 2.42GB:  70%|#######   | 70/100 [00:06<00:02, 10.55it/s]
Cached 2.45GB:  70%|#######   | 70/100 [00:06<00:02, 10.55it/s]
Cached 2.49GB:  70%|#######   | 70/100 [00:06<00:02, 10.55it/s]
Cached 2.49GB:  72%|#######2  | 72/100 [00:06<00:02, 10.65it/s]
Cached 2.52GB:  72%|#######2  | 72/100 [00:06<00:02, 10.65it/s]
Cached 2.56GB:  72%|#######2  | 72/100 [00:06<00:02, 10.65it/s]
Cached 2.56GB:  74%|#######4  | 74/100 [00:06<00:02, 11.22it/s]
Cached 2.59GB:  74%|#######4  | 74/100 [00:06<00:02, 11.22it/s]
Cached 2.63GB:  74%|#######4  | 74/100 [00:06<00:02, 11.22it/s]
Cached 2.63GB:  76%|#######6  | 76/100 [00:06<00:02, 11.59it/s]
Cached 2.66GB:  76%|#######6  | 76/100 [00:06<00:02, 11.59it/s]
Cached 2.69GB:  76%|#######6  | 76/100 [00:06<00:02, 11.59it/s]
Cached 2.69GB:  78%|#######8  | 78/100 [00:06<00:02, 10.80it/s]
Cached 2.73GB:  78%|#######8  | 78/100 [00:06<00:02, 10.80it/s]
Cached 2.76GB:  78%|#######8  | 78/100 [00:06<00:02, 10.80it/s]
Cached 2.76GB:  80%|########  | 80/100 [00:06<00:01, 11.12it/s]
Cached 2.80GB:  80%|########  | 80/100 [00:06<00:01, 11.12it/s]
Cached 2.83GB:  80%|########  | 80/100 [00:07<00:01, 11.12it/s]
Cached 2.83GB:  82%|########2 | 82/100 [00:07<00:01, 11.56it/s]
Cached 2.87GB:  82%|########2 | 82/100 [00:07<00:01, 11.56it/s]
Cached 2.90GB:  82%|########2 | 82/100 [00:07<00:01, 11.56it/s]
Cached 2.90GB:  84%|########4 | 84/100 [00:07<00:01, 11.85it/s]
Cached 2.94GB:  84%|########4 | 84/100 [00:07<00:01, 11.85it/s]
Cached 2.97GB:  84%|########4 | 84/100 [00:07<00:01, 11.85it/s]
Cached 2.97GB:  86%|########6 | 86/100 [00:07<00:01, 12.15it/s]
Cached 3.01GB:  86%|########6 | 86/100 [00:07<00:01, 12.15it/s]
Cached 3.04GB:  86%|########6 | 86/100 [00:07<00:01, 12.15it/s]
Cached 3.04GB:  88%|########8 | 88/100 [00:07<00:01, 11.65it/s]
Cached 3.07GB:  88%|########8 | 88/100 [00:07<00:01, 11.65it/s]
Cached 3.11GB:  88%|########8 | 88/100 [00:07<00:01, 11.65it/s]
Cached 3.11GB:  90%|######### | 90/100 [00:07<00:00, 11.71it/s]
Cached 3.14GB:  90%|######### | 90/100 [00:07<00:00, 11.71it/s]
Cached 3.18GB:  90%|######### | 90/100 [00:07<00:00, 11.71it/s]
Cached 3.18GB:  92%|#########2| 92/100 [00:07<00:00, 11.89it/s]
Cached 3.21GB:  92%|#########2| 92/100 [00:07<00:00, 11.89it/s]
Cached 3.25GB:  92%|#########2| 92/100 [00:08<00:00, 11.89it/s]
Cached 3.25GB:  94%|#########3| 94/100 [00:08<00:00, 11.99it/s]
Cached 3.28GB:  94%|#########3| 94/100 [00:08<00:00, 11.99it/s]
Cached 3.32GB:  94%|#########3| 94/100 [00:08<00:00, 11.99it/s]
Cached 3.32GB:  96%|#########6| 96/100 [00:08<00:00, 10.58it/s]
Cached 3.35GB:  96%|#########6| 96/100 [00:08<00:00, 10.58it/s]
Cached 3.39GB:  96%|#########6| 96/100 [00:08<00:00, 10.58it/s]
Cached 3.39GB:  98%|#########8| 98/100 [00:08<00:00, 11.14it/s]
Cached 3.42GB:  98%|#########8| 98/100 [00:08<00:00, 11.14it/s]
Cached 3.45GB:  98%|#########8| 98/100 [00:08<00:00, 11.14it/s]
Cached 3.45GB: 100%|##########| 100/100 [00:08<00:00, 11.60it/s]
Cached 3.45GB: 100%|##########| 100/100 [00:08<00:00, 11.59it/s]
[32m
[QUARK-INFO]: Finding optimal threshold for each tensor using PowerOfTwoMethod.MinMSE algorithm in 'All' mode ...[0m

  0%|          | 0/19 [00:00<?, ?it/s]
  5%|5         | 1/19 [00:03<01:05,  3.66s/it]
 11%|#         | 2/19 [00:08<01:14,  4.36s/it]
 16%|#5        | 3/19 [00:13<01:13,  4.58s/it]
 21%|##1       | 4/19 [00:18<01:10,  4.68s/it]
 26%|##6       | 5/19 [00:21<01:00,  4.31s/it]
 32%|###1      | 6/19 [00:26<00:58,  4.51s/it]
 37%|###6      | 7/19 [00:31<00:55,  4.61s/it]
 42%|####2     | 8/19 [00:36<00:51,  4.69s/it]
 47%|####7     | 9/19 [00:41<00:47,  4.73s/it]
 53%|#####2    | 10/19 [00:46<00:42,  4.76s/it]
 58%|#####7    | 11/19 [00:46<00:28,  3.59s/it]
 63%|######3   | 12/19 [00:51<00:27,  3.95s/it]
 68%|######8   | 13/19 [00:56<00:25,  4.25s/it]
 74%|#######3  | 14/19 [01:01<00:21,  4.38s/it]
 79%|#######8  | 15/19 [01:06<00:18,  4.56s/it]
 84%|########4 | 16/19 [01:11<00:13,  4.60s/it]
 89%|########9 | 17/19 [01:15<00:09,  4.65s/it]
 95%|#########4| 18/19 [01:20<00:04,  4.69s/it]
100%|##########| 19/19 [01:25<00:00,  4.76s/it]
100%|##########| 19/19 [01:25<00:00,  4.50s/it]
[32m
[QUARK-INFO]: The calibration has been finished. It took 94.4s to complete.[0m
[32m
[QUARK-INFO]: Remove QuantizeLinear & DequantizeLinear on certain operations(such as conv-relu).[0m
[32m
[QUARK-INFO]: Adjust the quantize info to meet the compiler constraints[0m
[32m
[QUARK-INFO]: Quark_latency_profiler: e2e quantization time consumed:94.859851[0m
[32m
[QUARK-INFO]: The operation types and their corresponding quantities of the input float model is shown in the table below.[0m
+--------------------------------------------------+
| Op Type              | Float Model               |
|----------------------+---------------------------|
| Conv                 | 9                         |
| Relu                 | 7                         |
| Add                  | 1                         |
| DepthToSpace         | 1                         |
|----------------------+---------------------------|
| Quantized model path | models/sesr_m7_xint8.onnx |
+--------------------------------------------------+
[32m
[QUARK-INFO]: The quantized information for all operation types is shown in the table below.[0m
[32m
[QUARK-INFO]: The discrepancy between the operation types in the quantized model and the float model is due to the application of graph optimization.[0m
+--------------------------------------------+
| Op Type      | Activation | Weights | Bias |
|--------------+------------+---------+------|
| Conv         | UINT8(9)   | INT8(9) |      |
| Add          | UINT8(1)   |         |      |
| DepthToSpace | UINT8(1)   |         |      |
+--------------------------------------------+
Wrote models/sesr_m7_xint8.onnx: 51 nodes
  Ops: [('DequantizeLinear', 21), ('QuantizeLinear', 12), ('Conv', 9), ('Relu', 7), ('Add', 1), ('DepthToSpace', 1)]
