RESEARCH_PLATFORM {"machine": "Desktop 2", "cpu": "AMD Ryzen 7 8700G w/ Radeon 780M Graphics", "os": "Windows-11-10.0.26200-SP0", "ram_bytes": 33381138432, "source_sha256": {"tools/research_process.py": "b97c5b1f4821ad42214cd4ec55eef829f1abff924c8ece7f5474f9669586ee5e", "tools/quant_calib_alphabet.py": "88cbdf7ceeb39e7de5a6bca25c360b89b93da0e7182516e3960c4414087248e9", "tools/xint8_arithmetic_probe.py": "f9c4b7def7909edbf5a5394b3bc31e1d10f2732ebb6a445b5febc6a9e078aa5c", "scripts/research-lowlevel.sh": "800bfc258200fec9695442c58cb7578ad4c4f3f6d6d49f55dadc14fc06ff425f", "scripts/research-iron.sh": "eb3e68dad67727528407f4ae41698c5f52178f9a24c53ef2705a7639fe55ac44", "kernels/memory_placement/probe.py": "4ef7ea560f776f309a441f14d78cccd529b36e1600d212455485038035bf1770", "kernels/memory_placement/memory_kernels.cc": "01fbe2cb8ed6ed153eef0f20512422e3eb44e5a1f5b8759956d039f04eef46f3", "scripts/research-matrix.sh": "e9768d5e802e794e4c496b04d6735d5e8ace72194fecdf055e7e73c37701eb5f", "kernels/memory_placement/gemm.py": "8dbf48f8f4a356cc69bc65793b8dd7eab9b18074d414a1e01fb7e0abe42319a3", "kernels/memory_placement/gemm_placement.cc": "2fa1d57cf316cdd8c3599eae4581284c26ee392ad7dbbf289bafd175342ad9bc", "tools/research_summary.py": "e5d1913068f293914d67034d982ffd5363e5187d035108da8d6cdf4a09386efb", "tools/research_toolchain.py": "c6c01235e9eb9ca7f83e9f42e61d1c98bff86c5284a9ab1cd7fd91e571b010ca"}, "commit": "1e27c5d48b30b9e83a821d36a27a0e8b81fa2bbc", "command": ["python", "tools/quant_calib_alphabet.py", "--in-model", "../../models/modnet/modnet_cut_fp32.onnx", "--calib-dir", "../../data/modnet_calib", "--cfg-path", "../../models/modnet/preprocess_config.json", "--out", "scratch/research_desktop2_20260909_c03/modnet_cle_legacy_1.onnx", "--method", "legacy", "--limit", "64", "--cle"], "seconds_limit": 900.0, "rss_gib_limit": 16.0, "checks_only": true, "free_ram_bytes": 20034207744}
CALIBRATION images=64 tensors=99 skipped_prunable=52 sample_bytes=12714516480
HOST_TIMELINE {"elapsed_seconds": 2.813, "tree_rss_bytes": 1362907136, "foreign_peers": []}
HOST_TIMELINE {"elapsed_seconds": 6.031, "tree_rss_bytes": 1575309312, "foreign_peers": []}
HOST_TIMELINE {"elapsed_seconds": 8.75, "tree_rss_bytes": 1577279488, "foreign_peers": [{"pid": 9008, "name": "pycharm64.exe", "cores": 2.058, "command": "C:\\Program Files\\JetBrains\\PyCharm 2026.2.1\\bin\\pycharm64.exe"}]}
COLLECT 16/64
HOST_TIMELINE {"elapsed_seconds": 11.453, "tree_rss_bytes": 1580433408, "foreign_peers": []}
HOST_TIMELINE {"elapsed_seconds": 14.141, "tree_rss_bytes": 1582710784, "foreign_peers": []}
HOST_TIMELINE {"elapsed_seconds": 16.844, "tree_rss_bytes": 1578455040, "foreign_peers": []}
HOST_TIMELINE {"elapsed_seconds": 19.516, "tree_rss_bytes": 1578405888, "foreign_peers": []}
COLLECT 32/64
HOST_TIMELINE {"elapsed_seconds": 22.188, "tree_rss_bytes": 1579413504, "foreign_peers": []}
HOST_TIMELINE {"elapsed_seconds": 24.953, "tree_rss_bytes": 1577381888, "foreign_peers": []}
HOST_TIMELINE {"elapsed_seconds": 27.766, "tree_rss_bytes": 1598885888, "foreign_peers": []}
COLLECT 48/64
HOST_TIMELINE {"elapsed_seconds": 30.438, "tree_rss_bytes": 1582862336, "foreign_peers": []}
HOST_TIMELINE {"elapsed_seconds": 33.047, "tree_rss_bytes": 1583706112, "foreign_peers": []}
HOST_TIMELINE {"elapsed_seconds": 35.688, "tree_rss_bytes": 1597829120, "foreign_peers": []}
COLLECT 64/64
HOST_TIMELINE {"elapsed_seconds": 38.328, "tree_rss_bytes": 2077253632, "foreign_peers": []}
HOST_TIMELINE {"elapsed_seconds": 41.125, "tree_rss_bytes": 3050405888, "foreign_peers": []}
HOST_TIMELINE {"elapsed_seconds": 43.938, "tree_rss_bytes": 3720032256, "foreign_peers": []}
HOST_TIMELINE {"elapsed_seconds": 46.672, "tree_rss_bytes": 3731705856, "foreign_peers": []}
HOST_TIMELINE {"elapsed_seconds": 49.328, "tree_rss_bytes": 3490779136, "foreign_peers": []}
HOST_TIMELINE {"elapsed_seconds": 52.172, "tree_rss_bytes": 3241152512, "foreign_peers": []}
HOST_TIMELINE {"elapsed_seconds": 54.953, "tree_rss_bytes": 2594299904, "foreign_peers": []}
HOST_TIMELINE {"elapsed_seconds": 57.703, "tree_rss_bytes": 3592159232, "foreign_peers": []}
HOST_TIMELINE {"elapsed_seconds": 60.563, "tree_rss_bytes": 6699622400, "foreign_peers": []}
HOST_TIMELINE {"elapsed_seconds": 63.422, "tree_rss_bytes": 8568524800, "foreign_peers": []}
HOST_TIMELINE {"elapsed_seconds": 66.266, "tree_rss_bytes": 4765777920, "foreign_peers": []}
HOST_TIMELINE {"elapsed_seconds": 69.031, "tree_rss_bytes": 7962955776, "foreign_peers": []}
HOST_TIMELINE {"elapsed_seconds": 71.844, "tree_rss_bytes": 8290267136, "foreign_peers": []}
HOST_TIMELINE {"elapsed_seconds": 74.61, "tree_rss_bytes": 9100038144, "foreign_peers": []}
HOST_TIMELINE {"elapsed_seconds": 77.438, "tree_rss_bytes": 3987292160, "foreign_peers": []}
HOST_TIMELINE {"elapsed_seconds": 80.172, "tree_rss_bytes": 3252142080, "foreign_peers": []}
HOST_TIMELINE {"elapsed_seconds": 83.078, "tree_rss_bytes": 1687318528, "foreign_peers": []}
HOST_TIMELINE {"elapsed_seconds": 85.797, "tree_rss_bytes": 3880116224, "foreign_peers": []}
HOST_TIMELINE {"elapsed_seconds": 88.5, "tree_rss_bytes": 4464369664, "foreign_peers": []}
HOST_TIMELINE {"elapsed_seconds": 91.188, "tree_rss_bytes": 3409727488, "foreign_peers": []}
HOST_TIMELINE {"elapsed_seconds": 94.078, "tree_rss_bytes": 2786054144, "foreign_peers": []}
HOST_TIMELINE {"elapsed_seconds": 97.563, "tree_rss_bytes": 1723854848, "foreign_peers": []}
HOST_TIMELINE {"elapsed_seconds": 100.953, "tree_rss_bytes": 3624554496, "foreign_peers": []}
HOST_TIMELINE {"elapsed_seconds": 103.688, "tree_rss_bytes": 3755245568, "foreign_peers": []}
HOST_TIMELINE {"elapsed_seconds": 106.516, "tree_rss_bytes": 4325556224, "foreign_peers": []}
HOST_TIMELINE {"elapsed_seconds": 109.344, "tree_rss_bytes": 4305604608, "foreign_peers": []}
HOST_TIMELINE {"elapsed_seconds": 112.063, "tree_rss_bytes": 4542582784, "foreign_peers": []}
HOST_TIMELINE {"elapsed_seconds": 114.813, "tree_rss_bytes": 1931038720, "foreign_peers": []}
HOST_TIMELINE {"elapsed_seconds": 117.516, "tree_rss_bytes": 4121260032, "foreign_peers": []}
HOST_TIMELINE {"elapsed_seconds": 120.375, "tree_rss_bytes": 4636700672, "foreign_peers": []}
CHOOSE 16/99
HOST_TIMELINE {"elapsed_seconds": 123.047, "tree_rss_bytes": 2021138432, "foreign_peers": []}
HOST_TIMELINE {"elapsed_seconds": 125.813, "tree_rss_bytes": 2465923072, "foreign_peers": []}
HOST_TIMELINE {"elapsed_seconds": 128.656, "tree_rss_bytes": 1718116352, "foreign_peers": []}
HOST_TIMELINE {"elapsed_seconds": 131.453, "tree_rss_bytes": 1836720128, "foreign_peers": []}
HOST_TIMELINE {"elapsed_seconds": 134.297, "tree_rss_bytes": 2498715648, "foreign_peers": []}
HOST_TIMELINE {"elapsed_seconds": 137.219, "tree_rss_bytes": 2573012992, "foreign_peers": []}
HOST_TIMELINE {"elapsed_seconds": 139.969, "tree_rss_bytes": 2031558656, "foreign_peers": []}
HOST_TIMELINE {"elapsed_seconds": 142.656, "tree_rss_bytes": 2184429568, "foreign_peers": []}
HOST_TIMELINE {"elapsed_seconds": 145.438, "tree_rss_bytes": 2136981504, "foreign_peers": []}
CHOOSE 32/99
HOST_TIMELINE {"elapsed_seconds": 148.172, "tree_rss_bytes": 1898844160, "foreign_peers": []}
HOST_TIMELINE {"elapsed_seconds": 151.0, "tree_rss_bytes": 1892388864, "foreign_peers": []}
HOST_TIMELINE {"elapsed_seconds": 153.703, "tree_rss_bytes": 1655853056, "foreign_peers": []}
HOST_TIMELINE {"elapsed_seconds": 156.422, "tree_rss_bytes": 1694932992, "foreign_peers": []}
HOST_TIMELINE {"elapsed_seconds": 159.078, "tree_rss_bytes": 2113867776, "foreign_peers": []}
CHOOSE 48/99
HOST_TIMELINE {"elapsed_seconds": 161.86, "tree_rss_bytes": 1621291008, "foreign_peers": [{"pid": 17180, "name": "syncthing.exe", "cores": 3.442, "command": "C:\\Users\\<user>\\AppData\\Local\\Programs\\Syncthing\\syncthing.exe --no-browser"}]}
HOST_TIMELINE {"elapsed_seconds": 164.594, "tree_rss_bytes": 1906446336, "foreign_peers": []}
HOST_TIMELINE {"elapsed_seconds": 167.313, "tree_rss_bytes": 2124435456, "foreign_peers": []}
HOST_TIMELINE {"elapsed_seconds": 170.141, "tree_rss_bytes": 1569046528, "foreign_peers": []}
CHOOSE 64/99
HOST_TIMELINE {"elapsed_seconds": 172.781, "tree_rss_bytes": 1850228736, "foreign_peers": []}
HOST_TIMELINE {"elapsed_seconds": 175.531, "tree_rss_bytes": 1923137536, "foreign_peers": []}
HOST_TIMELINE {"elapsed_seconds": 178.391, "tree_rss_bytes": 2759573504, "foreign_peers": []}
HOST_TIMELINE {"elapsed_seconds": 181.219, "tree_rss_bytes": 1694326784, "foreign_peers": []}
CHOOSE 80/99
HOST_TIMELINE {"elapsed_seconds": 183.969, "tree_rss_bytes": 3183239168, "foreign_peers": []}
HOST_TIMELINE {"elapsed_seconds": 186.766, "tree_rss_bytes": 2407075840, "foreign_peers": []}
HOST_TIMELINE {"elapsed_seconds": 189.594, "tree_rss_bytes": 2718957568, "foreign_peers": []}
HOST_TIMELINE {"elapsed_seconds": 192.438, "tree_rss_bytes": 1883660288, "foreign_peers": []}
HOST_TIMELINE {"elapsed_seconds": 195.172, "tree_rss_bytes": 3379236864, "foreign_peers": []}
HOST_TIMELINE {"elapsed_seconds": 197.875, "tree_rss_bytes": 3554021376, "foreign_peers": []}
HOST_TIMELINE {"elapsed_seconds": 200.5, "tree_rss_bytes": 2342047744, "foreign_peers": []}
HOST_TIMELINE {"elapsed_seconds": 203.375, "tree_rss_bytes": 2646028288, "foreign_peers": []}
HOST_TIMELINE {"elapsed_seconds": 206.219, "tree_rss_bytes": 2787893248, "foreign_peers": []}
HOST_TIMELINE {"elapsed_seconds": 209.031, "tree_rss_bytes": 2544431104, "foreign_peers": []}
HOST_TIMELINE {"elapsed_seconds": 211.719, "tree_rss_bytes": 4621230080, "foreign_peers": []}
HOST_TIMELINE {"elapsed_seconds": 214.656, "tree_rss_bytes": 6393987072, "foreign_peers": []}
HOST_TIMELINE {"elapsed_seconds": 217.438, "tree_rss_bytes": 3344560128, "foreign_peers": []}
HOST_TIMELINE {"elapsed_seconds": 220.328, "tree_rss_bytes": 6771449856, "foreign_peers": []}
HOST_TIMELINE {"elapsed_seconds": 223.141, "tree_rss_bytes": 3938209792, "foreign_peers": []}
HOST_TIMELINE {"elapsed_seconds": 226.0, "tree_rss_bytes": 5924417536, "foreign_peers": []}
HOST_TIMELINE {"elapsed_seconds": 228.813, "tree_rss_bytes": 4059295744, "foreign_peers": []}
HOST_TIMELINE {"elapsed_seconds": 231.61, "tree_rss_bytes": 5512007680, "foreign_peers": []}
HOST_TIMELINE {"elapsed_seconds": 234.281, "tree_rss_bytes": 2145705984, "foreign_peers": []}
HOST_TIMELINE {"elapsed_seconds": 236.922, "tree_rss_bytes": 2609233920, "foreign_peers": []}
HOST_TIMELINE {"elapsed_seconds": 239.672, "tree_rss_bytes": 3921584128, "foreign_peers": []}
HOST_TIMELINE {"elapsed_seconds": 242.375, "tree_rss_bytes": 3963068416, "foreign_peers": []}
HOST_TIMELINE {"elapsed_seconds": 245.172, "tree_rss_bytes": 3669778432, "foreign_peers": []}
HOST_TIMELINE {"elapsed_seconds": 247.938, "tree_rss_bytes": 2111750144, "foreign_peers": []}
HOST_TIMELINE {"elapsed_seconds": 250.61, "tree_rss_bytes": 4042567680, "foreign_peers": []}
HOST_TIMELINE {"elapsed_seconds": 253.25, "tree_rss_bytes": 3771543552, "foreign_peers": []}
HOST_TIMELINE {"elapsed_seconds": 256.031, "tree_rss_bytes": 6436073472, "foreign_peers": []}
HOST_TIMELINE {"elapsed_seconds": 258.75, "tree_rss_bytes": 4832415744, "foreign_peers": []}
HOST_TIMELINE {"elapsed_seconds": 261.469, "tree_rss_bytes": 5743587328, "foreign_peers": []}
HOST_TIMELINE {"elapsed_seconds": 264.328, "tree_rss_bytes": 5817262080, "foreign_peers": []}
HOST_TIMELINE {"elapsed_seconds": 267.094, "tree_rss_bytes": 3403395072, "foreign_peers": []}
HOST_TIMELINE {"elapsed_seconds": 270.047, "tree_rss_bytes": 2701279232, "foreign_peers": []}
HOST_TIMELINE {"elapsed_seconds": 272.922, "tree_rss_bytes": 5752467456, "foreign_peers": []}
HOST_TIMELINE {"elapsed_seconds": 275.813, "tree_rss_bytes": 12665552896, "foreign_peers": []}
HOST_TIMELINE {"elapsed_seconds": 278.75, "tree_rss_bytes": 5063774208, "foreign_peers": []}
HOST_TIMELINE {"elapsed_seconds": 281.641, "tree_rss_bytes": 10303770624, "foreign_peers": []}
HOST_TIMELINE {"elapsed_seconds": 284.578, "tree_rss_bytes": 10786189312, "foreign_peers": []}
HOST_TIMELINE {"elapsed_seconds": 287.36, "tree_rss_bytes": 10853212160, "foreign_peers": []}
HOST_TIMELINE {"elapsed_seconds": 290.11, "tree_rss_bytes": 12380549120, "foreign_peers": []}
HOST_TIMELINE {"elapsed_seconds": 292.969, "tree_rss_bytes": 5879705600, "foreign_peers": []}
HOST_TIMELINE {"elapsed_seconds": 295.891, "tree_rss_bytes": 9908744192, "foreign_peers": []}
CHOOSE 96/99
HOST_TIMELINE {"elapsed_seconds": 298.813, "tree_rss_bytes": 4190842880, "foreign_peers": []}
HOST_TIMELINE {"elapsed_seconds": 301.75, "tree_rss_bytes": 12841377792, "foreign_peers": []}
HOST_TIMELINE {"elapsed_seconds": 304.672, "tree_rss_bytes": 10884370432, "foreign_peers": []}
HOST_TIMELINE {"elapsed_seconds": 307.641, "tree_rss_bytes": 12212752384, "foreign_peers": []}
HOST_TIMELINE {"elapsed_seconds": 310.531, "tree_rss_bytes": 6556274688, "foreign_peers": []}
HOST_TIMELINE {"elapsed_seconds": 313.469, "tree_rss_bytes": 9308958720, "foreign_peers": []}
HOST_TIMELINE {"elapsed_seconds": 316.36, "tree_rss_bytes": 11894194176, "foreign_peers": []}
HOST_TIMELINE {"elapsed_seconds": 319.25, "tree_rss_bytes": 11688845312, "foreign_peers": []}
HOST_TIMELINE {"elapsed_seconds": 322.0, "tree_rss_bytes": 12089016320, "foreign_peers": []}
HOST_TIMELINE {"elapsed_seconds": 324.703, "tree_rss_bytes": 10884374528, "foreign_peers": []}
HOST_TIMELINE {"elapsed_seconds": 327.36, "tree_rss_bytes": 4850466816, "foreign_peers": []}
HOST_TIMELINE {"elapsed_seconds": 330.203, "tree_rss_bytes": 4794908672, "foreign_peers": []}
HOST_TIMELINE {"elapsed_seconds": 332.906, "tree_rss_bytes": 4582027264, "foreign_peers": []}
HOST_TIMELINE {"elapsed_seconds": 335.797, "tree_rss_bytes": 3767820288, "foreign_peers": []}
CHOOSE 99/99
HOST_TIMELINE {"elapsed_seconds": 338.563, "tree_rss_bytes": 287567872, "foreign_peers": []}
ALPHABET_MODEL_RESULT {"method": "legacy", "family": "modnet", "wall_seconds": 340.50447839999833, "output_sha256": "71eb3f5f07ddce1facb47f5987fb735a64579ca3890c98f73bac7c848840bdb9", "production_default_changed": false, "calibration_error_report": "legacy_float32"}
RESEARCH_PROCESS_RESULT {"exit_code": 0, "stop": null, "peak_tree_rss_bytes": 13763878912, "rss_measurement": "maximum observed across sampled descendant working sets; zero observations reported as null", "elapsed_seconds": 341.0630000000019, "foreign_contention_observed": true, "timing_eligible": false}
