RESEARCH_PLATFORM {"machine": "Desktop 2", "cpu": "AMD Ryzen 7 8700G w/ Radeon 780M Graphics", "os": "Windows-11-10.0.26200-SP0", "ram_bytes": 33381138432, "source_sha256": {"tools/research_process.py": "b97c5b1f4821ad42214cd4ec55eef829f1abff924c8ece7f5474f9669586ee5e", "tools/quant_calib_alphabet.py": "88cbdf7ceeb39e7de5a6bca25c360b89b93da0e7182516e3960c4414087248e9", "tools/xint8_arithmetic_probe.py": "f9c4b7def7909edbf5a5394b3bc31e1d10f2732ebb6a445b5febc6a9e078aa5c", "scripts/research-lowlevel.sh": "800bfc258200fec9695442c58cb7578ad4c4f3f6d6d49f55dadc14fc06ff425f", "scripts/research-iron.sh": "eb3e68dad67727528407f4ae41698c5f52178f9a24c53ef2705a7639fe55ac44", "kernels/memory_placement/probe.py": "4ef7ea560f776f309a441f14d78cccd529b36e1600d212455485038035bf1770", "kernels/memory_placement/memory_kernels.cc": "01fbe2cb8ed6ed153eef0f20512422e3eb44e5a1f5b8759956d039f04eef46f3", "scripts/research-matrix.sh": "e9768d5e802e794e4c496b04d6735d5e8ace72194fecdf055e7e73c37701eb5f", "kernels/memory_placement/gemm.py": "8dbf48f8f4a356cc69bc65793b8dd7eab9b18074d414a1e01fb7e0abe42319a3", "kernels/memory_placement/gemm_placement.cc": "2fa1d57cf316cdd8c3599eae4581284c26ee392ad7dbbf289bafd175342ad9bc", "tools/research_summary.py": "e5d1913068f293914d67034d982ffd5363e5187d035108da8d6cdf4a09386efb", "tools/research_toolchain.py": "c6c01235e9eb9ca7f83e9f42e61d1c98bff86c5284a9ab1cd7fd91e571b010ca"}, "commit": "1e27c5d48b30b9e83a821d36a27a0e8b81fa2bbc", "command": ["python", "tools/quant_calib_alphabet.py", "--in-model", "../../models/yolov8n_cut.onnx", "--calib-dir", "../../data/coco_calib", "--cfg-path", "../../models/preprocess_config.json", "--out", "scratch/research_desktop2_20260909_c03/yolov8n_cle_legacy_1.onnx", "--method", "legacy", "--limit", "64", "--cle"], "seconds_limit": 900.0, "rss_gib_limit": 16.0, "checks_only": true, "free_ram_bytes": 20839682048}
CALIBRATION images=64 tensors=218 skipped_prunable=0 sample_bytes=7106560000
HOST_TIMELINE {"elapsed_seconds": 2.672, "tree_rss_bytes": 777183232, "foreign_peers": []}
COLLECT 16/64
HOST_TIMELINE {"elapsed_seconds": 5.297, "tree_rss_bytes": 773128192, "foreign_peers": []}
HOST_TIMELINE {"elapsed_seconds": 8.016, "tree_rss_bytes": 776122368, "foreign_peers": []}
COLLECT 32/64
HOST_TIMELINE {"elapsed_seconds": 10.672, "tree_rss_bytes": 776556544, "foreign_peers": []}
HOST_TIMELINE {"elapsed_seconds": 13.266, "tree_rss_bytes": 778121216, "foreign_peers": []}
COLLECT 48/64
HOST_TIMELINE {"elapsed_seconds": 15.906, "tree_rss_bytes": 780451840, "foreign_peers": []}
HOST_TIMELINE {"elapsed_seconds": 18.547, "tree_rss_bytes": 777953280, "foreign_peers": []}
COLLECT 64/64
HOST_TIMELINE {"elapsed_seconds": 21.172, "tree_rss_bytes": 2022076416, "foreign_peers": []}
HOST_TIMELINE {"elapsed_seconds": 23.86, "tree_rss_bytes": 2864033792, "foreign_peers": []}
HOST_TIMELINE {"elapsed_seconds": 26.656, "tree_rss_bytes": 1731497984, "foreign_peers": [{"pid": 9008, "name": "pycharm64.exe", "cores": 3.242, "command": "C:\\Program Files\\JetBrains\\PyCharm 2026.2.1\\bin\\pycharm64.exe"}]}
HOST_TIMELINE {"elapsed_seconds": 29.438, "tree_rss_bytes": 2003800064, "foreign_peers": []}
HOST_TIMELINE {"elapsed_seconds": 32.156, "tree_rss_bytes": 2199453696, "foreign_peers": []}
HOST_TIMELINE {"elapsed_seconds": 34.938, "tree_rss_bytes": 2354438144, "foreign_peers": []}
HOST_TIMELINE {"elapsed_seconds": 37.719, "tree_rss_bytes": 2113269760, "foreign_peers": []}
HOST_TIMELINE {"elapsed_seconds": 40.438, "tree_rss_bytes": 1673506816, "foreign_peers": []}
HOST_TIMELINE {"elapsed_seconds": 43.094, "tree_rss_bytes": 1204563968, "foreign_peers": []}
HOST_TIMELINE {"elapsed_seconds": 45.844, "tree_rss_bytes": 1334669312, "foreign_peers": []}
HOST_TIMELINE {"elapsed_seconds": 48.625, "tree_rss_bytes": 872878080, "foreign_peers": []}
HOST_TIMELINE {"elapsed_seconds": 51.297, "tree_rss_bytes": 1777864704, "foreign_peers": []}
HOST_TIMELINE {"elapsed_seconds": 54.047, "tree_rss_bytes": 1079877632, "foreign_peers": []}
HOST_TIMELINE {"elapsed_seconds": 56.828, "tree_rss_bytes": 1186123776, "foreign_peers": []}
HOST_TIMELINE {"elapsed_seconds": 59.641, "tree_rss_bytes": 1253240832, "foreign_peers": []}
CHOOSE 16/218
HOST_TIMELINE {"elapsed_seconds": 62.25, "tree_rss_bytes": 1179635712, "foreign_peers": []}
HOST_TIMELINE {"elapsed_seconds": 65.0, "tree_rss_bytes": 1247178752, "foreign_peers": []}
HOST_TIMELINE {"elapsed_seconds": 67.781, "tree_rss_bytes": 2084769792, "foreign_peers": []}
HOST_TIMELINE {"elapsed_seconds": 70.5, "tree_rss_bytes": 1667149824, "foreign_peers": []}
HOST_TIMELINE {"elapsed_seconds": 73.203, "tree_rss_bytes": 1702281216, "foreign_peers": []}
HOST_TIMELINE {"elapsed_seconds": 75.922, "tree_rss_bytes": 1408659456, "foreign_peers": []}
HOST_TIMELINE {"elapsed_seconds": 78.656, "tree_rss_bytes": 927690752, "foreign_peers": []}
HOST_TIMELINE {"elapsed_seconds": 81.422, "tree_rss_bytes": 1061355520, "foreign_peers": []}
HOST_TIMELINE {"elapsed_seconds": 84.281, "tree_rss_bytes": 931688448, "foreign_peers": []}
CHOOSE 32/218
HOST_TIMELINE {"elapsed_seconds": 87.094, "tree_rss_bytes": 903118848, "foreign_peers": []}
HOST_TIMELINE {"elapsed_seconds": 89.844, "tree_rss_bytes": 870789120, "foreign_peers": []}
HOST_TIMELINE {"elapsed_seconds": 92.516, "tree_rss_bytes": 976064512, "foreign_peers": []}
HOST_TIMELINE {"elapsed_seconds": 95.219, "tree_rss_bytes": 1479159808, "foreign_peers": []}
HOST_TIMELINE {"elapsed_seconds": 97.906, "tree_rss_bytes": 1215893504, "foreign_peers": []}
CHOOSE 48/218
HOST_TIMELINE {"elapsed_seconds": 100.625, "tree_rss_bytes": 992006144, "foreign_peers": []}
HOST_TIMELINE {"elapsed_seconds": 103.328, "tree_rss_bytes": 903237632, "foreign_peers": []}
HOST_TIMELINE {"elapsed_seconds": 105.969, "tree_rss_bytes": 841080832, "foreign_peers": []}
CHOOSE 64/218
HOST_TIMELINE {"elapsed_seconds": 108.719, "tree_rss_bytes": 1112010752, "foreign_peers": []}
HOST_TIMELINE {"elapsed_seconds": 111.422, "tree_rss_bytes": 874827776, "foreign_peers": []}
CHOOSE 80/218
HOST_TIMELINE {"elapsed_seconds": 114.156, "tree_rss_bytes": 805789696, "foreign_peers": []}
CHOOSE 96/218
HOST_TIMELINE {"elapsed_seconds": 116.922, "tree_rss_bytes": 758722560, "foreign_peers": []}
HOST_TIMELINE {"elapsed_seconds": 119.625, "tree_rss_bytes": 1204314112, "foreign_peers": []}
HOST_TIMELINE {"elapsed_seconds": 122.344, "tree_rss_bytes": 1006809088, "foreign_peers": []}
CHOOSE 112/218
HOST_TIMELINE {"elapsed_seconds": 125.0, "tree_rss_bytes": 854667264, "foreign_peers": []}
HOST_TIMELINE {"elapsed_seconds": 127.703, "tree_rss_bytes": 879235072, "foreign_peers": []}
HOST_TIMELINE {"elapsed_seconds": 130.453, "tree_rss_bytes": 1450029056, "foreign_peers": []}
HOST_TIMELINE {"elapsed_seconds": 133.313, "tree_rss_bytes": 1977704448, "foreign_peers": []}
HOST_TIMELINE {"elapsed_seconds": 136.016, "tree_rss_bytes": 853225472, "foreign_peers": []}
HOST_TIMELINE {"elapsed_seconds": 138.75, "tree_rss_bytes": 1150476288, "foreign_peers": []}
CHOOSE 128/218
HOST_TIMELINE {"elapsed_seconds": 141.485, "tree_rss_bytes": 961495040, "foreign_peers": []}
HOST_TIMELINE {"elapsed_seconds": 144.188, "tree_rss_bytes": 792584192, "foreign_peers": []}
HOST_TIMELINE {"elapsed_seconds": 146.938, "tree_rss_bytes": 1181200384, "foreign_peers": []}
HOST_TIMELINE {"elapsed_seconds": 149.703, "tree_rss_bytes": 1143705600, "foreign_peers": []}
HOST_TIMELINE {"elapsed_seconds": 152.406, "tree_rss_bytes": 1224429568, "foreign_peers": []}
HOST_TIMELINE {"elapsed_seconds": 155.078, "tree_rss_bytes": 1004134400, "foreign_peers": []}
CHOOSE 144/218
HOST_TIMELINE {"elapsed_seconds": 157.813, "tree_rss_bytes": 1226231808, "foreign_peers": []}
HOST_TIMELINE {"elapsed_seconds": 160.578, "tree_rss_bytes": 1072013312, "foreign_peers": []}
HOST_TIMELINE {"elapsed_seconds": 163.188, "tree_rss_bytes": 1300172800, "foreign_peers": []}
HOST_TIMELINE {"elapsed_seconds": 165.922, "tree_rss_bytes": 1300123648, "foreign_peers": []}
HOST_TIMELINE {"elapsed_seconds": 168.594, "tree_rss_bytes": 1023619072, "foreign_peers": []}
HOST_TIMELINE {"elapsed_seconds": 171.172, "tree_rss_bytes": 1175441408, "foreign_peers": []}
CHOOSE 160/218
HOST_TIMELINE {"elapsed_seconds": 173.828, "tree_rss_bytes": 854794240, "foreign_peers": []}
HOST_TIMELINE {"elapsed_seconds": 176.469, "tree_rss_bytes": 796225536, "foreign_peers": []}
HOST_TIMELINE {"elapsed_seconds": 179.11, "tree_rss_bytes": 797147136, "foreign_peers": []}
CHOOSE 176/218
HOST_TIMELINE {"elapsed_seconds": 181.813, "tree_rss_bytes": 797728768, "foreign_peers": []}
HOST_TIMELINE {"elapsed_seconds": 184.422, "tree_rss_bytes": 846372864, "foreign_peers": []}
CHOOSE 192/218
HOST_TIMELINE {"elapsed_seconds": 187.047, "tree_rss_bytes": 848785408, "foreign_peers": []}
CHOOSE 208/218
CHOOSE 218/218
HOST_TIMELINE {"elapsed_seconds": 189.781, "tree_rss_bytes": 1400086528, "foreign_peers": []}
ALPHABET_MODEL_RESULT {"method": "legacy", "family": "yolo_cut", "wall_seconds": 190.46330699999817, "output_sha256": "b4b7e0fa3c086d1abf8ed9f6d8f407bc4075ec325fe26447032bb03e87776cec", "production_default_changed": false, "calibration_error_report": "legacy_float32"}
RESEARCH_PROCESS_RESULT {"exit_code": 0, "stop": null, "peak_tree_rss_bytes": 2943070208, "rss_measurement": "maximum observed across sampled descendant working sets; zero observations reported as null", "elapsed_seconds": 190.98500000000058, "foreign_contention_observed": true, "timing_eligible": false}
