RESEARCH_PLATFORM {"machine": "Desktop 2", "cpu": "AMD Ryzen 7 8700G w/ Radeon 780M Graphics", "os": "Windows-11-10.0.26200-SP0", "ram_bytes": 33381138432, "source_sha256": {"tools/research_process.py": "b97c5b1f4821ad42214cd4ec55eef829f1abff924c8ece7f5474f9669586ee5e", "tools/quant_calib_alphabet.py": "88cbdf7ceeb39e7de5a6bca25c360b89b93da0e7182516e3960c4414087248e9", "tools/xint8_arithmetic_probe.py": "6aa3df08b9870c3c2264b868459d7ffbac3070dddc1349d7c6f3f480075f7041", "scripts/research-lowlevel.sh": "800bfc258200fec9695442c58cb7578ad4c4f3f6d6d49f55dadc14fc06ff425f", "scripts/research-iron.sh": "eb3e68dad67727528407f4ae41698c5f52178f9a24c53ef2705a7639fe55ac44", "kernels/memory_placement/probe.py": "4ef7ea560f776f309a441f14d78cccd529b36e1600d212455485038035bf1770", "kernels/memory_placement/memory_kernels.cc": "01fbe2cb8ed6ed153eef0f20512422e3eb44e5a1f5b8759956d039f04eef46f3", "scripts/research-matrix.sh": "d6bad11de9011f75a4942d2d6f5c1e8155eef00f0bbc1bdde85a785d69545ecc", "kernels/memory_placement/gemm.py": "8dbf48f8f4a356cc69bc65793b8dd7eab9b18074d414a1e01fb7e0abe42319a3", "kernels/memory_placement/gemm_placement.cc": "2fa1d57cf316cdd8c3599eae4581284c26ee392ad7dbbf289bafd175342ad9bc", "tools/research_summary.py": "e5d1913068f293914d67034d982ffd5363e5187d035108da8d6cdf4a09386efb", "tools/research_toolchain.py": "c6c01235e9eb9ca7f83e9f42e61d1c98bff86c5284a9ab1cd7fd91e571b010ca"}, "commit": "ed71bdbc4c2915dc5d98391122e0f4700a9799c1", "command": ["python", "tools/xint8_arithmetic_probe.py", "--fresh", "--out-of-contract", "--channels", "32", "--shift-cut", "-14", "--out", "scratch/sigma_desktop2_20260909_s01/sigma0_sc-14"], "seconds_limit": 300.0, "rss_gib_limit": 6.0, "checks_only": true, "free_ram_bytes": 19436810240}
PRE_NPU_CONTEXT_WITNESS "\n-----------------------------\n[003d:00:01.1] : NPU Phoenix\n-----------------------------\nAIE Partitions\n  No hardware contexts running on device\n\n"
ARITHMETIC_CONTEXT 
-----------------------------
[003d:00:01.1] : NPU Phoenix
-----------------------------
AIE Partitions
  No hardware contexts running on device


deleted stale cache C:\Users\<user>\PycharmProjects\ryzen-ai-xdna1-quantization\scratch\windows-lowlevel\modelcachekey
RYZEN_AI_INSTALLATION_PATH = C:\Program Files\RyzenAI\1.7.1
xclbin: C:\Program Files\RyzenAI\1.7.1\voe-4.0-win_amd64\xclbins\phoenix\4x4.xclbin
onnxruntime 1.23.3.dev20260320  providers: ['VitisAIExecutionProvider', 'DmlExecutionProvider', 'CPUExecutionProvider']
cache:  C:\Users\<user>\PycharmProjects\ryzen-ai-xdna1-quantization\scratch\windows-lowlevel\modelcachekey
First run compiles the model. It takes a while and looks frozen. It isn't.
NPU_TIMELINE "\n-----------------------------\n[003d:00:01.1] : NPU Phoenix\n-----------------------------\nAIE Partitions\n  No hardware contexts running on device\n\n"
NPU_OWNERSHIP {"context_pids": [], "owned_pids": [6820, 11828], "foreign_pids": []}
ARITHMETIC_EP {"report_sha256": "3f0a7fbc411d04b138440cb75cb3573cb630fa6b5d0fa534f93eface8fb6864e", "total": 7, "npu": 0, "device_counts": {"CPU": 7}, "ops_by_device": {"CPU:Conv": 1, "CPU:DequantizeLinear": 4, "CPU:QuantizeLinear": 2}, "non_npu_count": 7, "non_npu_first_25": [{"device": "CPU", "opType": "QuantizeLinear", "input": ["input", "weight_scale", "input_zero_point"], "output": ["input_QuantizeLinear_Output"]}, {"device": "CPU", "opType": "DequantizeLinear", "input": ["input_QuantizeLinear_Output", "weight_scale", "input_zero_point"], "output": ["input_DequantizeLinear_Output"]}, {"device": "CPU", "opType": "DequantizeLinear", "input": ["bias_quantized", "weight_scale", "bias_zero_point"], "output": ["bias_DequantizeLinear_Output"]}, {"device": "CPU", "opType": "DequantizeLinear", "input": ["weight_quantized", "weight_scale", "weight_zero_point"], "output": ["weight_DequantizeLinear_Output"]}, {"device": "CPU", "opType": "Conv", "input": ["input_DequantizeLinear_Output", "weight_DequantizeLinear_Output", "bias_DequantizeLinear_Output"], "output": ["output_QuantizeLinear_Input"]}, {"device": "CPU", "opType": "QuantizeLinear", "input": ["output_QuantizeLinear_Input", "output_scale", "output_zero_point"], "output": ["output_QuantizeLinear_Output"]}, {"device": "CPU", "opType": "DequantizeLinear", "input": ["output_QuantizeLinear_Output", "output_scale", "output_zero_point"], "output": ["output"]}], "deviceStat": [{"name": "all", "nodeNum": 7, "supportedOpType": ["::Conv", "::DequantizeLinear", "::QuantizeLinear"]}, {"name": "CPU", "nodeNum": 1, "supportedOpType": ["::Conv"]}, {"name": "VITIS_EP_CPU", "nodeNum": 6, "supportedOpType": ["::DequantizeLinear", "::QuantizeLinear"]}]}
ARITHMETIC_COMPARISON {"provider": "cpu_unoptimized", "fixture": "fit_ramp", "mismatches": 0, "elements": 8192, "max_lsb": 0, "first": []}
ARITHMETIC_COMPARISON {"provider": "cpu_unoptimized", "fixture": "fit_zero_input_bias", "mismatches": 0, "elements": 8192, "max_lsb": 0, "first": []}
ARITHMETIC_COMPARISON {"provider": "cpu_unoptimized", "fixture": "fit_input_ties", "mismatches": 0, "elements": 8192, "max_lsb": 0, "first": []}
ARITHMETIC_COMPARISON {"provider": "cpu_unoptimized", "fixture": "holdout_below_ties", "mismatches": 0, "elements": 8192, "max_lsb": 0, "first": []}
ARITHMETIC_COMPARISON {"provider": "cpu_unoptimized", "fixture": "holdout_above_ties", "mismatches": 0, "elements": 8192, "max_lsb": 0, "first": []}
ARITHMETIC_COMPARISON {"provider": "cpu_unoptimized", "fixture": "holdout_channel_phase", "mismatches": 0, "elements": 8192, "max_lsb": 0, "first": []}
ARITHMETIC_COMPARISON {"provider": "cpu_unoptimized", "fixture": "holdout_cancellation", "mismatches": 0, "elements": 8192, "max_lsb": 0, "first": []}
ARITHMETIC_COMPARISON {"provider": "cpu_optimized", "fixture": "fit_ramp", "mismatches": 0, "elements": 8192, "max_lsb": 0, "first": []}
ARITHMETIC_COMPARISON {"provider": "cpu_optimized", "fixture": "fit_zero_input_bias", "mismatches": 0, "elements": 8192, "max_lsb": 0, "first": []}
ARITHMETIC_COMPARISON {"provider": "cpu_optimized", "fixture": "fit_input_ties", "mismatches": 0, "elements": 8192, "max_lsb": 0, "first": []}
ARITHMETIC_COMPARISON {"provider": "cpu_optimized", "fixture": "holdout_below_ties", "mismatches": 0, "elements": 8192, "max_lsb": 0, "first": []}
ARITHMETIC_COMPARISON {"provider": "cpu_optimized", "fixture": "holdout_above_ties", "mismatches": 0, "elements": 8192, "max_lsb": 0, "first": []}
ARITHMETIC_COMPARISON {"provider": "cpu_optimized", "fixture": "holdout_channel_phase", "mismatches": 0, "elements": 8192, "max_lsb": 0, "first": []}
ARITHMETIC_COMPARISON {"provider": "cpu_optimized", "fixture": "holdout_cancellation", "mismatches": 0, "elements": 8192, "max_lsb": 0, "first": []}
ARITHMETIC_COMPARISON {"provider": "npu", "fixture": "fit_ramp", "mismatches": 764, "elements": 8192, "max_lsb": 255, "first": [{"index": [0, 5, 10, 1], "actual": 0, "expected": 255}, {"index": [0, 5, 10, 2], "actual": 0, "expected": 255}, {"index": [0, 5, 10, 3], "actual": 0, "expected": 255}, {"index": [0, 5, 10, 4], "actual": 0, "expected": 255}, {"index": [0, 5, 10, 5], "actual": 0, "expected": 255}, {"index": [0, 5, 10, 6], "actual": 0, "expected": 255}, {"index": [0, 5, 10, 7], "actual": 0, "expected": 255}, {"index": [0, 5, 10, 8], "actual": 0, "expected": 255}, {"index": [0, 5, 10, 9], "actual": 0, "expected": 255}, {"index": [0, 5, 10, 10], "actual": 0, "expected": 255}, {"index": [0, 5, 10, 11], "actual": 0, "expected": 255}, {"index": [0, 5, 10, 12], "actual": 0, "expected": 255}]}
ARITHMETIC_COMPARISON {"provider": "npu", "fixture": "fit_zero_input_bias", "mismatches": 0, "elements": 8192, "max_lsb": 0, "first": []}
ARITHMETIC_COMPARISON {"provider": "npu", "fixture": "fit_input_ties", "mismatches": 760, "elements": 8192, "max_lsb": 255, "first": [{"index": [0, 5, 10, 1], "actual": 0, "expected": 255}, {"index": [0, 5, 10, 2], "actual": 0, "expected": 255}, {"index": [0, 5, 10, 3], "actual": 0, "expected": 255}, {"index": [0, 5, 10, 4], "actual": 0, "expected": 255}, {"index": [0, 5, 10, 5], "actual": 0, "expected": 255}, {"index": [0, 5, 10, 6], "actual": 0, "expected": 255}, {"index": [0, 5, 10, 7], "actual": 0, "expected": 255}, {"index": [0, 5, 10, 8], "actual": 0, "expected": 255}, {"index": [0, 5, 10, 9], "actual": 0, "expected": 255}, {"index": [0, 5, 10, 10], "actual": 0, "expected": 255}, {"index": [0, 5, 10, 11], "actual": 0, "expected": 255}, {"index": [0, 5, 10, 12], "actual": 0, "expected": 255}]}
ARITHMETIC_COMPARISON {"provider": "npu", "fixture": "holdout_below_ties", "mismatches": 764, "elements": 8192, "max_lsb": 255, "first": [{"index": [0, 5, 10, 1], "actual": 0, "expected": 255}, {"index": [0, 5, 10, 2], "actual": 0, "expected": 255}, {"index": [0, 5, 10, 3], "actual": 0, "expected": 255}, {"index": [0, 5, 10, 4], "actual": 0, "expected": 255}, {"index": [0, 5, 10, 5], "actual": 0, "expected": 255}, {"index": [0, 5, 10, 6], "actual": 0, "expected": 255}, {"index": [0, 5, 10, 7], "actual": 0, "expected": 255}, {"index": [0, 5, 10, 8], "actual": 0, "expected": 255}, {"index": [0, 5, 10, 9], "actual": 0, "expected": 255}, {"index": [0, 5, 10, 10], "actual": 0, "expected": 255}, {"index": [0, 5, 10, 11], "actual": 0, "expected": 255}, {"index": [0, 5, 10, 12], "actual": 0, "expected": 255}]}
ARITHMETIC_COMPARISON {"provider": "npu", "fixture": "holdout_above_ties", "mismatches": 764, "elements": 8192, "max_lsb": 255, "first": [{"index": [0, 5, 10, 0], "actual": 0, "expected": 255}, {"index": [0, 5, 10, 1], "actual": 0, "expected": 255}, {"index": [0, 5, 10, 2], "actual": 0, "expected": 255}, {"index": [0, 5, 10, 3], "actual": 0, "expected": 255}, {"index": [0, 5, 10, 4], "actual": 0, "expected": 255}, {"index": [0, 5, 10, 5], "actual": 0, "expected": 255}, {"index": [0, 5, 10, 6], "actual": 0, "expected": 255}, {"index": [0, 5, 10, 7], "actual": 0, "expected": 255}, {"index": [0, 5, 10, 8], "actual": 0, "expected": 255}, {"index": [0, 5, 10, 9], "actual": 0, "expected": 255}, {"index": [0, 5, 10, 10], "actual": 0, "expected": 255}, {"index": [0, 5, 10, 11], "actual": 0, "expected": 255}]}
ARITHMETIC_COMPARISON {"provider": "npu", "fixture": "holdout_channel_phase", "mismatches": 0, "elements": 8192, "max_lsb": 0, "first": []}
ARITHMETIC_COMPARISON {"provider": "npu", "fixture": "holdout_cancellation", "mismatches": 0, "elements": 8192, "max_lsb": 0, "first": []}
ARITHMETIC_RESULT {"channels": 32, "shift_cut": -14, "shift_bias": 0, "reverse_channels": false, "model_sha256": "12ffa5153b10993f0de00d4c3b62f4a7e5eff8293901a024d72f62e6a90e09ed", "ort_version": "1.23.3.dev20260320", "fresh": true, "scope": "observable compiled-stack arithmetic; no accuracy or latency claim", "formula": "clip(zp_out + R((sum((qx-zpx)*qw) + qb*2^shift_bias)/2^shift_cut))", "xclbin_sha256": "d3b5e845b05f91beb90555b6f50ca542e05f69379f3fd9ab15246ad344c469fe", "tested_conv_on_npu": false, "fit_survivors": [], "heldout_survivors": [], "status": "fallback", "raw_outputs_sha256": "820225947e98047db1d5bbc9d6fb90246212b3cef54527207aea9e4536cf3a16"}
RESEARCH_PROCESS_RESULT {"exit_code": 6, "stop": null, "peak_tree_rss_bytes": 187854848, "rss_measurement": "maximum observed across sampled descendant working sets; zero observations reported as null", "elapsed_seconds": 1.2339999999967404, "foreign_contention_observed": false, "timing_eligible": false}
