RESEARCH_PLATFORM {"machine": "Desktop 2", "cpu": "AMD Ryzen 7 8700G w/ Radeon 780M Graphics", "os": "Windows-11-10.0.26200-SP0", "ram_bytes": 33381138432, "source_sha256": {"tools/research_process.py": "b97c5b1f4821ad42214cd4ec55eef829f1abff924c8ece7f5474f9669586ee5e", "tools/quant_calib_alphabet.py": "88cbdf7ceeb39e7de5a6bca25c360b89b93da0e7182516e3960c4414087248e9", "tools/xint8_arithmetic_probe.py": "6aa3df08b9870c3c2264b868459d7ffbac3070dddc1349d7c6f3f480075f7041", "scripts/research-lowlevel.sh": "800bfc258200fec9695442c58cb7578ad4c4f3f6d6d49f55dadc14fc06ff425f", "scripts/research-iron.sh": "eb3e68dad67727528407f4ae41698c5f52178f9a24c53ef2705a7639fe55ac44", "kernels/memory_placement/probe.py": "4ef7ea560f776f309a441f14d78cccd529b36e1600d212455485038035bf1770", "kernels/memory_placement/memory_kernels.cc": "01fbe2cb8ed6ed153eef0f20512422e3eb44e5a1f5b8759956d039f04eef46f3", "scripts/research-matrix.sh": "d6bad11de9011f75a4942d2d6f5c1e8155eef00f0bbc1bdde85a785d69545ecc", "kernels/memory_placement/gemm.py": "8dbf48f8f4a356cc69bc65793b8dd7eab9b18074d414a1e01fb7e0abe42319a3", "kernels/memory_placement/gemm_placement.cc": "2fa1d57cf316cdd8c3599eae4581284c26ee392ad7dbbf289bafd175342ad9bc", "tools/research_summary.py": "e5d1913068f293914d67034d982ffd5363e5187d035108da8d6cdf4a09386efb", "tools/research_toolchain.py": "c6c01235e9eb9ca7f83e9f42e61d1c98bff86c5284a9ab1cd7fd91e571b010ca"}, "commit": "ed71bdbc4c2915dc5d98391122e0f4700a9799c1", "command": ["python", "tools/xint8_arithmetic_probe.py", "--fresh", "--out-of-contract", "--channels", "32", "--shift-cut", "17", "--out", "scratch/sigma_desktop2_20260909_s01/sigma31_sc17"], "seconds_limit": 300.0, "rss_gib_limit": 6.0, "checks_only": true, "free_ram_bytes": 19526533120}
PRE_NPU_CONTEXT_WITNESS "\n-----------------------------\n[003d:00:01.1] : NPU Phoenix\n-----------------------------\nAIE Partitions\n  No hardware contexts running on device\n\n"
ARITHMETIC_CONTEXT 
-----------------------------
[003d:00:01.1] : NPU Phoenix
-----------------------------
AIE Partitions
  Total Memory Usage: 108 MB
  Partition Index   : 0
    Columns: [1, 2, 3, 4]
    HW Contexts:
      |PID                 |Ctx ID     |Submissions |Migrations  |Err  |Priority |
      |Process Name        |Status     |Completions |Suspensions |     |GOPS     |
      |Memory Usage        |Instr BO   |            |            |     |FPS      |
      |                    |           |            |            |     |Latency  |
      |====================|===========|============|============|=====|=========|
      |10352               |23         |36          |0           |0    |Normal   |
      |python.exe          |Active     |35          |0           |     |N/A      |
      |108 MB              |96 KB      |            |            |     |N/A      |
      |                    |           |            |            |     |N/A      |
      |--------------------|-----------|------------|------------|-----|---------|

RESEARCH_PROCESS_RESULT {"exit_code": 3, "stop": null, "peak_tree_rss_bytes": null, "rss_measurement": "maximum observed across sampled descendant working sets; zero observations reported as null", "elapsed_seconds": 0.6870000000053551, "foreign_contention_observed": false, "timing_eligible": false}
