PROBE_PREPARED {
  "status": "prepared",
  "machine": "Desktop 2 / Ryzen 7 8700G",
  "mutation": {
    "name": "bias_int32_dtype",
    "note": "Cast stored INT8 biases and their zero points to INT32; same scales and real bias values.",
    "changed_initializers": [
      {
        "name": "fc.bias_quantized",
        "before_dtype": "int8",
        "after_dtype": "int32",
        "before_shape": [
          1000
        ],
        "after_shape": [
          1000
        ]
      },
      {
        "name": "fc.bias_zero_point",
        "before_dtype": "int8",
        "after_dtype": "int32",
        "before_shape": [],
        "after_shape": []
      },
      {
        "name": "onnx::Conv_498_quantized",
        "before_dtype": "int8",
        "after_dtype": "int32",
        "before_shape": [
          64
        ],
        "after_shape": [
          64
        ]
      },
      {
        "name": "onnx::Conv_498_zero_point",
        "before_dtype": "int8",
        "after_dtype": "int32",
        "before_shape": [],
        "after_shape": []
      },
      {
        "name": "onnx::Conv_501_quantized",
        "before_dtype": "int8",
        "after_dtype": "int32",
        "before_shape": [
          64
        ],
        "after_shape": [
          64
        ]
      },
      {
        "name": "onnx::Conv_501_zero_point",
        "before_dtype": "int8",
        "after_dtype": "int32",
        "before_shape": [],
        "after_shape": []
      },
      {
        "name": "onnx::Conv_504_quantized",
        "before_dtype": "int8",
        "after_dtype": "int32",
        "before_shape": [
          64
        ],
        "after_shape": [
          64
        ]
      },
      {
        "name": "onnx::Conv_504_zero_point",
        "before_dtype": "int8",
        "after_dtype": "int32",
        "before_shape": [],
        "after_shape": []
      },
      {
        "name": "onnx::Conv_507_quantized",
        "before_dtype": "int8",
        "after_dtype": "int32",
        "before_shape": [
          256
        ],
        "after_shape": [
          256
        ]
      },
      {
        "name": "onnx::Conv_507_zero_point",
        "before_dtype": "int8",
        "after_dtype": "int32",
        "before_shape": [],
        "after_shape": []
      },
      {
        "name": "onnx::Conv_510_quantized",
        "before_dtype": "int8",
        "after_dtype": "int32",
        "before_shape": [
          256
        ],
        "after_shape": [
          256
        ]
      },
      {
        "name": "onnx::Conv_510_zero_point",
        "before_dtype": "int8",
        "after_dtype": "int32",
        "before_shape": [],
        "after_shape": []
      },
      {
        "name": "onnx::Conv_513_quantized",
        "before_dtype": "int8",
        "after_dtype": "int32",
        "before_shape": [
          64
        ],
        "after_shape": [
          64
        ]
      },
      {
        "name": "onnx::Conv_513_zero_point",
        "before_dtype": "int8",
        "after_dtype": "int32",
        "before_shape": [],
        "after_shape": []
      },
      {
        "name": "onnx::Conv_516_quantized",
        "before_dtype": "int8",
        "after_dtype": "int32",
        "before_shape": [
          64
        ],
        "after_shape": [
          64
        ]
      },
      {
        "name": "onnx::Conv_516_zero_point",
        "before_dtype": "int8",
        "after_dtype": "int32",
        "before_shape": [],
        "after_shape": []
      },
      {
        "name": "onnx::Conv_519_quantized",
        "before_dtype": "int8",
        "after_dtype": "int32",
        "before_shape": [
          256
        ],
        "after_shape": [
          256
        ]
      },
      {
        "name": "onnx::Conv_519_zero_point",
        "before_dtype": "int8",
        "after_dtype": "int32",
        "before_shape": [],
        "after_shape": []
      },
      {
        "name": "onnx::Conv_522_quantized",
        "before_dtype": "int8",
        "after_dtype": "int32",
        "before_shape": [
          64
        ],
        "after_shape": [
          64
        ]
      },
      {
        "name": "onnx::Conv_522_zero_point",
        "before_dtype": "int8",
        "after_dtype": "int32",
        "before_shape": [],
        "after_shape": []
      },
      {
        "name": "onnx::Conv_525_quantized",
        "before_dtype": "int8",
        "after_dtype": "int32",
        "before_shape": [
          64
        ],
        "after_shape": [
          64
        ]
      },
      {
        "name": "onnx::Conv_525_zero_point",
        "before_dtype": "int8",
        "after_dtype": "int32",
        "before_shape": [],
        "after_shape": []
      },
      {
        "name": "onnx::Conv_528_quantized",
        "before_dtype": "int8",
        "after_dtype": "int32",
        "before_shape": [
          256
        ],
        "after_shape": [
          256
        ]
      },
      {
        "name": "onnx::Conv_528_zero_point",
        "before_dtype": "int8",
        "after_dtype": "int32",
        "before_shape": [],
        "after_shape": []
      },
      {
        "name": "onnx::Conv_531_quantized",
        "before_dtype": "int8",
        "after_dtype": "int32",
        "before_shape": [
          128
        ],
        "after_shape": [
          128
        ]
      },
      {
        "name": "onnx::Conv_531_zero_point",
        "before_dtype": "int8",
        "after_dtype": "int32",
        "before_shape": [],
        "after_shape": []
      },
      {
        "name": "onnx::Conv_534_quantized",
        "before_dtype": "int8",
        "after_dtype": "int32",
        "before_shape": [
          128
        ],
        "after_shape": [
          128
        ]
      },
      {
        "name": "onnx::Conv_534_zero_point",
        "before_dtype": "int8",
        "after_dtype": "int32",
        "before_shape": [],
        "after_shape": []
      },
      {
        "name": "onnx::Conv_537_quantized",
        "before_dtype": "int8",
        "after_dtype": "int32",
        "before_shape": [
          512
        ],
        "after_shape": [
          512
        ]
      },
      {
        "name": "onnx::Conv_537_zero_point",
        "before_dtype": "int8",
        "after_dtype": "int32",
        "before_shape": [],
        "after_shape": []
      },
      {
        "name": "onnx::Conv_540_quantized",
        "before_dtype": "int8",
        "after_dtype": "int32",
        "before_shape": [
          512
        ],
        "after_shape": [
          512
        ]
      },
      {
        "name": "onnx::Conv_540_zero_point",
        "before_dtype": "int8",
        "after_dtype": "int32",
        "before_shape": [],
        "after_shape": []
      },
      {
        "name": "onnx::Conv_543_quantized",
        "before_dtype": "int8",
        "after_dtype": "int32",
        "before_shape": [
          128
        ],
        "after_shape": [
          128
        ]
      },
      {
        "name": "onnx::Conv_543_zero_point",
        "before_dtype": "int8",
        "after_dtype": "int32",
        "before_shape": [],
        "after_shape": []
      },
      {
        "name": "onnx::Conv_546_quantized",
        "before_dtype": "int8",
        "after_dtype": "int32",
        "before_shape": [
          128
        ],
        "after_shape": [
          128
        ]
      },
      {
        "name": "onnx::Conv_546_zero_point",
        "before_dtype": "int8",
        "after_dtype": "int32",
        "before_shape": [],
        "after_shape": []
      },
      {
        "name": "onnx::Conv_549_quantized",
        "before_dtype": "int8",
        "after_dtype": "int32",
        "before_shape": [
          512
        ],
        "after_shape": [
          512
        ]
      },
      {
        "name": "onnx::Conv_549_zero_point",
        "before_dtype": "int8",
        "after_dtype": "int32",
        "before_shape": [],
        "after_shape": []
      },
      {
        "name": "onnx::Conv_552_quantized",
        "before_dtype": "int8",
        "after_dtype": "int32",
        "before_shape": [
          128
        ],
        "after_shape": [
          128
        ]
      },
      {
        "name": "onnx::Conv_552_zero_point",
        "before_dtype": "int8",
        "after_dtype": "int32",
        "before_shape": [],
        "after_shape": []
      },
      {
        "name": "onnx::Conv_555_quantized",
        "before_dtype": "int8",
        "after_dtype": "int32",
        "before_shape": [
          128
        ],
        "after_shape": [
          128
        ]
      },
      {
        "name": "onnx::Conv_555_zero_point",
        "before_dtype": "int8",
        "after_dtype": "int32",
        "before_shape": [],
        "after_shape": []
      },
      {
        "name": "onnx::Conv_558_quantized",
        "before_dtype": "int8",
        "after_dtype": "int32",
        "before_shape": [
          512
        ],
        "after_shape": [
          512
        ]
      },
      {
        "name": "onnx::Conv_558_zero_point",
        "before_dtype": "int8",
        "after_dtype": "int32",
        "before_shape": [],
        "after_shape": []
      },
      {
        "name": "onnx::Conv_561_quantized",
        "before_dtype": "int8",
        "after_dtype": "int32",
        "before_shape": [
          128
        ],
        "after_shape": [
          128
        ]
      },
      {
        "name": "onnx::Conv_561_zero_point",
        "before_dtype": "int8",
        "after_dtype": "int32",
        "before_shape": [],
        "after_shape": []
      },
      {
        "name": "onnx::Conv_564_quantized",
        "before_dtype": "int8",
        "after_dtype": "int32",
        "before_shape": [
          128
        ],
        "after_shape": [
          128
        ]
      },
      {
        "name": "onnx::Conv_564_zero_point",
        "before_dtype": "int8",
        "after_dtype": "int32",
        "before_shape": [],
        "after_shape": []
      },
      {
        "name": "onnx::Conv_567_quantized",
        "before_dtype": "int8",
        "after_dtype": "int32",
        "before_shape": [
          512
        ],
        "after_shape": [
          512
        ]
      },
      {
        "name": "onnx::Conv_567_zero_point",
        "before_dtype": "int8",
        "after_dtype": "int32",
        "before_shape": [],
        "after_shape": []
      },
      {
        "name": "onnx::Conv_570_quantized",
        "before_dtype": "int8",
        "after_dtype": "int32",
        "before_shape": [
          256
        ],
        "after_shape": [
          256
        ]
      },
      {
        "name": "onnx::Conv_570_zero_point",
        "before_dtype": "int8",
        "after_dtype": "int32",
        "before_shape": [],
        "after_shape": []
      },
      {
        "name": "onnx::Conv_573_quantized",
        "before_dtype": "int8",
        "after_dtype": "int32",
        "before_shape": [
          256
        ],
        "after_shape": [
          256
        ]
      },
      {
        "name": "onnx::Conv_573_zero_point",
        "before_dtype": "int8",
        "after_dtype": "int32",
        "before_shape": [],
        "after_shape": []
      },
      {
        "name": "onnx::Conv_576_quantized",
        "before_dtype": "int8",
        "after_dtype": "int32",
        "before_shape": [
          1024
        ],
        "after_shape": [
          1024
        ]
      },
      {
        "name": "onnx::Conv_576_zero_point",
        "before_dtype": "int8",
        "after_dtype": "int32",
        "before_shape": [],
        "after_shape": []
      },
      {
        "name": "onnx::Conv_579_quantized",
        "before_dtype": "int8",
        "after_dtype": "int32",
        "before_shape": [
          1024
        ],
        "after_shape": [
          1024
        ]
      },
      {
        "name": "onnx::Conv_579_zero_point",
        "before_dtype": "int8",
        "after_dtype": "int32",
        "before_shape": [],
        "after_shape": []
      },
      {
        "name": "onnx::Conv_582_quantized",
        "before_dtype": "int8",
        "after_dtype": "int32",
        "before_shape": [
          256
        ],
        "after_shape": [
          256
        ]
      },
      {
        "name": "onnx::Conv_582_zero_point",
        "before_dtype": "int8",
        "after_dtype": "int32",
        "before_shape": [],
        "after_shape": []
      },
      {
        "name": "onnx::Conv_585_quantized",
        "before_dtype": "int8",
        "after_dtype": "int32",
        "before_shape": [
          256
        ],
        "after_shape": [
          256
        ]
      },
      {
        "name": "onnx::Conv_585_zero_point",
        "before_dtype": "int8",
        "after_dtype": "int32",
        "before_shape": [],
        "after_shape": []
      },
      {
        "name": "onnx::Conv_588_quantized",
        "before_dtype": "int8",
        "after_dtype": "int32",
        "before_shape": [
          1024
        ],
        "after_shape": [
          1024
        ]
      },
      {
        "name": "onnx::Conv_588_zero_point",
        "before_dtype": "int8",
        "after_dtype": "int32",
        "before_shape": [],
        "after_shape": []
      },
      {
        "name": "onnx::Conv_591_quantized",
        "before_dtype": "int8",
        "after_dtype": "int32",
        "before_shape": [
          256
        ],
        "after_shape": [
          256
        ]
      },
      {
        "name": "onnx::Conv_591_zero_point",
        "before_dtype": "int8",
        "after_dtype": "int32",
        "before_shape": [],
        "after_shape": []
      },
      {
        "name": "onnx::Conv_594_quantized",
        "before_dtype": "int8",
        "after_dtype": "int32",
        "before_shape": [
          256
        ],
        "after_shape": [
          256
        ]
      },
      {
        "name": "onnx::Conv_594_zero_point",
        "before_dtype": "int8",
        "after_dtype": "int32",
        "before_shape": [],
        "after_shape": []
      },
      {
        "name": "onnx::Conv_597_quantized",
        "before_dtype": "int8",
        "after_dtype": "int32",
        "before_shape": [
          1024
        ],
        "after_shape": [
          1024
        ]
      },
      {
        "name": "onnx::Conv_597_zero_point",
        "before_dtype": "int8",
        "after_dtype": "int32",
        "before_shape": [],
        "after_shape": []
      },
      {
        "name": "onnx::Conv_600_quantized",
        "before_dtype": "int8",
        "after_dtype": "int32",
        "before_shape": [
          256
        ],
        "after_shape": [
          256
        ]
      },
      {
        "name": "onnx::Conv_600_zero_point",
        "before_dtype": "int8",
        "after_dtype": "int32",
        "before_shape": [],
        "after_shape": []
      },
      {
        "name": "onnx::Conv_603_quantized",
        "before_dtype": "int8",
        "after_dtype": "int32",
        "before_shape": [
          256
        ],
        "after_shape": [
          256
        ]
      },
      {
        "name": "onnx::Conv_603_zero_point",
        "before_dtype": "int8",
        "after_dtype": "int32",
        "before_shape": [],
        "after_shape": []
      },
      {
        "name": "onnx::Conv_606_quantized",
        "before_dtype": "int8",
        "after_dtype": "int32",
        "before_shape": [
          1024
        ],
        "after_shape": [
          1024
        ]
      },
      {
        "name": "onnx::Conv_606_zero_point",
        "before_dtype": "int8",
        "after_dtype": "int32",
        "before_shape": [],
        "after_shape": []
      },
      {
        "name": "onnx::Conv_609_quantized",
        "before_dtype": "int8",
        "after_dtype": "int32",
        "before_shape": [
          256
        ],
        "after_shape": [
          256
        ]
      },
      {
        "name": "onnx::Conv_609_zero_point",
        "before_dtype": "int8",
        "after_dtype": "int32",
        "before_shape": [],
        "after_shape": []
      },
      {
        "name": "onnx::Conv_612_quantized",
        "before_dtype": "int8",
        "after_dtype": "int32",
        "before_shape": [
          256
        ],
        "after_shape": [
          256
        ]
      },
      {
        "name": "onnx::Conv_612_zero_point",
        "before_dtype": "int8",
        "after_dtype": "int32",
        "before_shape": [],
        "after_shape": []
      },
      {
        "name": "onnx::Conv_615_quantized",
        "before_dtype": "int8",
        "after_dtype": "int32",
        "before_shape": [
          1024
        ],
        "after_shape": [
          1024
        ]
      },
      {
        "name": "onnx::Conv_615_zero_point",
        "before_dtype": "int8",
        "after_dtype": "int32",
        "before_shape": [],
        "after_shape": []
      },
      {
        "name": "onnx::Conv_618_quantized",
        "before_dtype": "int8",
        "after_dtype": "int32",
        "before_shape": [
          256
        ],
        "after_shape": [
          256
        ]
      },
      {
        "name": "onnx::Conv_618_zero_point",
        "before_dtype": "int8",
        "after_dtype": "int32",
        "before_shape": [],
        "after_shape": []
      },
      {
        "name": "onnx::Conv_621_quantized",
        "before_dtype": "int8",
        "after_dtype": "int32",
        "before_shape": [
          256
        ],
        "after_shape": [
          256
        ]
      },
      {
        "name": "onnx::Conv_621_zero_point",
        "before_dtype": "int8",
        "after_dtype": "int32",
        "before_shape": [],
        "after_shape": []
      },
      {
        "name": "onnx::Conv_624_quantized",
        "before_dtype": "int8",
        "after_dtype": "int32",
        "before_shape": [
          1024
        ],
        "after_shape": [
          1024
        ]
      },
      {
        "name": "onnx::Conv_624_zero_point",
        "before_dtype": "int8",
        "after_dtype": "int32",
        "before_shape": [],
        "after_shape": []
      },
      {
        "name": "onnx::Conv_627_quantized",
        "before_dtype": "int8",
        "after_dtype": "int32",
        "before_shape": [
          512
        ],
        "after_shape": [
          512
        ]
      },
      {
        "name": "onnx::Conv_627_zero_point",
        "before_dtype": "int8",
        "after_dtype": "int32",
        "before_shape": [],
        "after_shape": []
      },
      {
        "name": "onnx::Conv_630_quantized",
        "before_dtype": "int8",
        "after_dtype": "int32",
        "before_shape": [
          512
        ],
        "after_shape": [
          512
        ]
      },
      {
        "name": "onnx::Conv_630_zero_point",
        "before_dtype": "int8",
        "after_dtype": "int32",
        "before_shape": [],
        "after_shape": []
      },
      {
        "name": "onnx::Conv_633_quantized",
        "before_dtype": "int8",
        "after_dtype": "int32",
        "before_shape": [
          2048
        ],
        "after_shape": [
          2048
        ]
      },
      {
        "name": "onnx::Conv_633_zero_point",
        "before_dtype": "int8",
        "after_dtype": "int32",
        "before_shape": [],
        "after_shape": []
      },
      {
        "name": "onnx::Conv_636_quantized",
        "before_dtype": "int8",
        "after_dtype": "int32",
        "before_shape": [
          2048
        ],
        "after_shape": [
          2048
        ]
      },
      {
        "name": "onnx::Conv_636_zero_point",
        "before_dtype": "int8",
        "after_dtype": "int32",
        "before_shape": [],
        "after_shape": []
      },
      {
        "name": "onnx::Conv_639_quantized",
        "before_dtype": "int8",
        "after_dtype": "int32",
        "before_shape": [
          512
        ],
        "after_shape": [
          512
        ]
      },
      {
        "name": "onnx::Conv_639_zero_point",
        "before_dtype": "int8",
        "after_dtype": "int32",
        "before_shape": [],
        "after_shape": []
      },
      {
        "name": "onnx::Conv_642_quantized",
        "before_dtype": "int8",
        "after_dtype": "int32",
        "before_shape": [
          512
        ],
        "after_shape": [
          512
        ]
      },
      {
        "name": "onnx::Conv_642_zero_point",
        "before_dtype": "int8",
        "after_dtype": "int32",
        "before_shape": [],
        "after_shape": []
      },
      {
        "name": "onnx::Conv_645_quantized",
        "before_dtype": "int8",
        "after_dtype": "int32",
        "before_shape": [
          2048
        ],
        "after_shape": [
          2048
        ]
      },
      {
        "name": "onnx::Conv_645_zero_point",
        "before_dtype": "int8",
        "after_dtype": "int32",
        "before_shape": [],
        "after_shape": []
      },
      {
        "name": "onnx::Conv_648_quantized",
        "before_dtype": "int8",
        "after_dtype": "int32",
        "before_shape": [
          512
        ],
        "after_shape": [
          512
        ]
      },
      {
        "name": "onnx::Conv_648_zero_point",
        "before_dtype": "int8",
        "after_dtype": "int32",
        "before_shape": [],
        "after_shape": []
      },
      {
        "name": "onnx::Conv_651_quantized",
        "before_dtype": "int8",
        "after_dtype": "int32",
        "before_shape": [
          512
        ],
        "after_shape": [
          512
        ]
      },
      {
        "name": "onnx::Conv_651_zero_point",
        "before_dtype": "int8",
        "after_dtype": "int32",
        "before_shape": [],
        "after_shape": []
      },
      {
        "name": "onnx::Conv_654_quantized",
        "before_dtype": "int8",
        "after_dtype": "int32",
        "before_shape": [
          2048
        ],
        "after_shape": [
          2048
        ]
      },
      {
        "name": "onnx::Conv_654_zero_point",
        "before_dtype": "int8",
        "after_dtype": "int32",
        "before_shape": [],
        "after_shape": []
      }
    ],
    "changed_nodes": [],
    "nodes_before": 380,
    "nodes_after": 380
  },
  "base_sha256": "c1945d2dce29e6afeaed16ef8c2bcc5689044f5210543440f84fb258c29e0ea5",
  "model_sha256": "76549b1ecf06f5162256adc98ec1f85cb72ba1e1013a6a5b1990741c67ff3c8f",
  "ort_version": "1.23.3.dev20260320",
  "images": 4,
  "scope": "diagnostic output agreement; not dataset accuracy",
  "listing": [
    "data/eval/000000.jpg",
    "data/eval/000001.jpg",
    "data/eval/000002.jpg",
    "data/eval/000003.jpg"
  ],
  "preprocess": {
    "input_size": [
      3,
      224,
      224
    ],
    "interpolation": "bicubic",
    "mean": [
      0.485,
      0.456,
      0.406
    ],
    "std": [
      0.229,
      0.224,
      0.225
    ],
    "crop_pct": 0.95,
    "crop_mode": "center"
  },
  "inputs_sha256": "6284e46b6eef5f395aa9a35dbd9bd29ca63d57b20d1a2dd19637d0d08f605102",
  "cache_key": "modelcachekey",
  "fresh": true
}
CPU_COMPARISON {"images": 4, "max_abs": 19.25, "mae": 3.75696875, "rmse": 4.568814551527563, "exact_elements_fraction": 0.00575, "argmax_agreement_fraction": 0.0}
PROBE_RESULT {
  "status": "cpu_only_completed",
  "machine": "Desktop 2 / Ryzen 7 8700G",
  "mutation": {
    "name": "bias_int32_dtype",
    "note": "Cast stored INT8 biases and their zero points to INT32; same scales and real bias values.",
    "changed_initializers": [
      {
        "name": "fc.bias_quantized",
        "before_dtype": "int8",
        "after_dtype": "int32",
        "before_shape": [
          1000
        ],
        "after_shape": [
          1000
        ]
      },
      {
        "name": "fc.bias_zero_point",
        "before_dtype": "int8",
        "after_dtype": "int32",
        "before_shape": [],
        "after_shape": []
      },
      {
        "name": "onnx::Conv_498_quantized",
        "before_dtype": "int8",
        "after_dtype": "int32",
        "before_shape": [
          64
        ],
        "after_shape": [
          64
        ]
      },
      {
        "name": "onnx::Conv_498_zero_point",
        "before_dtype": "int8",
        "after_dtype": "int32",
        "before_shape": [],
        "after_shape": []
      },
      {
        "name": "onnx::Conv_501_quantized",
        "before_dtype": "int8",
        "after_dtype": "int32",
        "before_shape": [
          64
        ],
        "after_shape": [
          64
        ]
      },
      {
        "name": "onnx::Conv_501_zero_point",
        "before_dtype": "int8",
        "after_dtype": "int32",
        "before_shape": [],
        "after_shape": []
      },
      {
        "name": "onnx::Conv_504_quantized",
        "before_dtype": "int8",
        "after_dtype": "int32",
        "before_shape": [
          64
        ],
        "after_shape": [
          64
        ]
      },
      {
        "name": "onnx::Conv_504_zero_point",
        "before_dtype": "int8",
        "after_dtype": "int32",
        "before_shape": [],
        "after_shape": []
      },
      {
        "name": "onnx::Conv_507_quantized",
        "before_dtype": "int8",
        "after_dtype": "int32",
        "before_shape": [
          256
        ],
        "after_shape": [
          256
        ]
      },
      {
        "name": "onnx::Conv_507_zero_point",
        "before_dtype": "int8",
        "after_dtype": "int32",
        "before_shape": [],
        "after_shape": []
      },
      {
        "name": "onnx::Conv_510_quantized",
        "before_dtype": "int8",
        "after_dtype": "int32",
        "before_shape": [
          256
        ],
        "after_shape": [
          256
        ]
      },
      {
        "name": "onnx::Conv_510_zero_point",
        "before_dtype": "int8",
        "after_dtype": "int32",
        "before_shape": [],
        "after_shape": []
      },
      {
        "name": "onnx::Conv_513_quantized",
        "before_dtype": "int8",
        "after_dtype": "int32",
        "before_shape": [
          64
        ],
        "after_shape": [
          64
        ]
      },
      {
        "name": "onnx::Conv_513_zero_point",
        "before_dtype": "int8",
        "after_dtype": "int32",
        "before_shape": [],
        "after_shape": []
      },
      {
        "name": "onnx::Conv_516_quantized",
        "before_dtype": "int8",
        "after_dtype": "int32",
        "before_shape": [
          64
        ],
        "after_shape": [
          64
        ]
      },
      {
        "name": "onnx::Conv_516_zero_point",
        "before_dtype": "int8",
        "after_dtype": "int32",
        "before_shape": [],
        "after_shape": []
      },
      {
        "name": "onnx::Conv_519_quantized",
        "before_dtype": "int8",
        "after_dtype": "int32",
        "before_shape": [
          256
        ],
        "after_shape": [
          256
        ]
      },
      {
        "name": "onnx::Conv_519_zero_point",
        "before_dtype": "int8",
        "after_dtype": "int32",
        "before_shape": [],
        "after_shape": []
      },
      {
        "name": "onnx::Conv_522_quantized",
        "before_dtype": "int8",
        "after_dtype": "int32",
        "before_shape": [
          64
        ],
        "after_shape": [
          64
        ]
      },
      {
        "name": "onnx::Conv_522_zero_point",
        "before_dtype": "int8",
        "after_dtype": "int32",
        "before_shape": [],
        "after_shape": []
      },
      {
        "name": "onnx::Conv_525_quantized",
        "before_dtype": "int8",
        "after_dtype": "int32",
        "before_shape": [
          64
        ],
        "after_shape": [
          64
        ]
      },
      {
        "name": "onnx::Conv_525_zero_point",
        "before_dtype": "int8",
        "after_dtype": "int32",
        "before_shape": [],
        "after_shape": []
      },
      {
        "name": "onnx::Conv_528_quantized",
        "before_dtype": "int8",
        "after_dtype": "int32",
        "before_shape": [
          256
        ],
        "after_shape": [
          256
        ]
      },
      {
        "name": "onnx::Conv_528_zero_point",
        "before_dtype": "int8",
        "after_dtype": "int32",
        "before_shape": [],
        "after_shape": []
      },
      {
        "name": "onnx::Conv_531_quantized",
        "before_dtype": "int8",
        "after_dtype": "int32",
        "before_shape": [
          128
        ],
        "after_shape": [
          128
        ]
      },
      {
        "name": "onnx::Conv_531_zero_point",
        "before_dtype": "int8",
        "after_dtype": "int32",
        "before_shape": [],
        "after_shape": []
      },
      {
        "name": "onnx::Conv_534_quantized",
        "before_dtype": "int8",
        "after_dtype": "int32",
        "before_shape": [
          128
        ],
        "after_shape": [
          128
        ]
      },
      {
        "name": "onnx::Conv_534_zero_point",
        "before_dtype": "int8",
        "after_dtype": "int32",
        "before_shape": [],
        "after_shape": []
      },
      {
        "name": "onnx::Conv_537_quantized",
        "before_dtype": "int8",
        "after_dtype": "int32",
        "before_shape": [
          512
        ],
        "after_shape": [
          512
        ]
      },
      {
        "name": "onnx::Conv_537_zero_point",
        "before_dtype": "int8",
        "after_dtype": "int32",
        "before_shape": [],
        "after_shape": []
      },
      {
        "name": "onnx::Conv_540_quantized",
        "before_dtype": "int8",
        "after_dtype": "int32",
        "before_shape": [
          512
        ],
        "after_shape": [
          512
        ]
      },
      {
        "name": "onnx::Conv_540_zero_point",
        "before_dtype": "int8",
        "after_dtype": "int32",
        "before_shape": [],
        "after_shape": []
      },
      {
        "name": "onnx::Conv_543_quantized",
        "before_dtype": "int8",
        "after_dtype": "int32",
        "before_shape": [
          128
        ],
        "after_shape": [
          128
        ]
      },
      {
        "name": "onnx::Conv_543_zero_point",
        "before_dtype": "int8",
        "after_dtype": "int32",
        "before_shape": [],
        "after_shape": []
      },
      {
        "name": "onnx::Conv_546_quantized",
        "before_dtype": "int8",
        "after_dtype": "int32",
        "before_shape": [
          128
        ],
        "after_shape": [
          128
        ]
      },
      {
        "name": "onnx::Conv_546_zero_point",
        "before_dtype": "int8",
        "after_dtype": "int32",
        "before_shape": [],
        "after_shape": []
      },
      {
        "name": "onnx::Conv_549_quantized",
        "before_dtype": "int8",
        "after_dtype": "int32",
        "before_shape": [
          512
        ],
        "after_shape": [
          512
        ]
      },
      {
        "name": "onnx::Conv_549_zero_point",
        "before_dtype": "int8",
        "after_dtype": "int32",
        "before_shape": [],
        "after_shape": []
      },
      {
        "name": "onnx::Conv_552_quantized",
        "before_dtype": "int8",
        "after_dtype": "int32",
        "before_shape": [
          128
        ],
        "after_shape": [
          128
        ]
      },
      {
        "name": "onnx::Conv_552_zero_point",
        "before_dtype": "int8",
        "after_dtype": "int32",
        "before_shape": [],
        "after_shape": []
      },
      {
        "name": "onnx::Conv_555_quantized",
        "before_dtype": "int8",
        "after_dtype": "int32",
        "before_shape": [
          128
        ],
        "after_shape": [
          128
        ]
      },
      {
        "name": "onnx::Conv_555_zero_point",
        "before_dtype": "int8",
        "after_dtype": "int32",
        "before_shape": [],
        "after_shape": []
      },
      {
        "name": "onnx::Conv_558_quantized",
        "before_dtype": "int8",
        "after_dtype": "int32",
        "before_shape": [
          512
        ],
        "after_shape": [
          512
        ]
      },
      {
        "name": "onnx::Conv_558_zero_point",
        "before_dtype": "int8",
        "after_dtype": "int32",
        "before_shape": [],
        "after_shape": []
      },
      {
        "name": "onnx::Conv_561_quantized",
        "before_dtype": "int8",
        "after_dtype": "int32",
        "before_shape": [
          128
        ],
        "after_shape": [
          128
        ]
      },
      {
        "name": "onnx::Conv_561_zero_point",
        "before_dtype": "int8",
        "after_dtype": "int32",
        "before_shape": [],
        "after_shape": []
      },
      {
        "name": "onnx::Conv_564_quantized",
        "before_dtype": "int8",
        "after_dtype": "int32",
        "before_shape": [
          128
        ],
        "after_shape": [
          128
        ]
      },
      {
        "name": "onnx::Conv_564_zero_point",
        "before_dtype": "int8",
        "after_dtype": "int32",
        "before_shape": [],
        "after_shape": []
      },
      {
        "name": "onnx::Conv_567_quantized",
        "before_dtype": "int8",
        "after_dtype": "int32",
        "before_shape": [
          512
        ],
        "after_shape": [
          512
        ]
      },
      {
        "name": "onnx::Conv_567_zero_point",
        "before_dtype": "int8",
        "after_dtype": "int32",
        "before_shape": [],
        "after_shape": []
      },
      {
        "name": "onnx::Conv_570_quantized",
        "before_dtype": "int8",
        "after_dtype": "int32",
        "before_shape": [
          256
        ],
        "after_shape": [
          256
        ]
      },
      {
        "name": "onnx::Conv_570_zero_point",
        "before_dtype": "int8",
        "after_dtype": "int32",
        "before_shape": [],
        "after_shape": []
      },
      {
        "name": "onnx::Conv_573_quantized",
        "before_dtype": "int8",
        "after_dtype": "int32",
        "before_shape": [
          256
        ],
        "after_shape": [
          256
        ]
      },
      {
        "name": "onnx::Conv_573_zero_point",
        "before_dtype": "int8",
        "after_dtype": "int32",
        "before_shape": [],
        "after_shape": []
      },
      {
        "name": "onnx::Conv_576_quantized",
        "before_dtype": "int8",
        "after_dtype": "int32",
        "before_shape": [
          1024
        ],
        "after_shape": [
          1024
        ]
      },
      {
        "name": "onnx::Conv_576_zero_point",
        "before_dtype": "int8",
        "after_dtype": "int32",
        "before_shape": [],
        "after_shape": []
      },
      {
        "name": "onnx::Conv_579_quantized",
        "before_dtype": "int8",
        "after_dtype": "int32",
        "before_shape": [
          1024
        ],
        "after_shape": [
          1024
        ]
      },
      {
        "name": "onnx::Conv_579_zero_point",
        "before_dtype": "int8",
        "after_dtype": "int32",
        "before_shape": [],
        "after_shape": []
      },
      {
        "name": "onnx::Conv_582_quantized",
        "before_dtype": "int8",
        "after_dtype": "int32",
        "before_shape": [
          256
        ],
        "after_shape": [
          256
        ]
      },
      {
        "name": "onnx::Conv_582_zero_point",
        "before_dtype": "int8",
        "after_dtype": "int32",
        "before_shape": [],
        "after_shape": []
      },
      {
        "name": "onnx::Conv_585_quantized",
        "before_dtype": "int8",
        "after_dtype": "int32",
        "before_shape": [
          256
        ],
        "after_shape": [
          256
        ]
      },
      {
        "name": "onnx::Conv_585_zero_point",
        "before_dtype": "int8",
        "after_dtype": "int32",
        "before_shape": [],
        "after_shape": []
      },
      {
        "name": "onnx::Conv_588_quantized",
        "before_dtype": "int8",
        "after_dtype": "int32",
        "before_shape": [
          1024
        ],
        "after_shape": [
          1024
        ]
      },
      {
        "name": "onnx::Conv_588_zero_point",
        "before_dtype": "int8",
        "after_dtype": "int32",
        "before_shape": [],
        "after_shape": []
      },
      {
        "name": "onnx::Conv_591_quantized",
        "before_dtype": "int8",
        "after_dtype": "int32",
        "before_shape": [
          256
        ],
        "after_shape": [
          256
        ]
      },
      {
        "name": "onnx::Conv_591_zero_point",
        "before_dtype": "int8",
        "after_dtype": "int32",
        "before_shape": [],
        "after_shape": []
      },
      {
        "name": "onnx::Conv_594_quantized",
        "before_dtype": "int8",
        "after_dtype": "int32",
        "before_shape": [
          256
        ],
        "after_shape": [
          256
        ]
      },
      {
        "name": "onnx::Conv_594_zero_point",
        "before_dtype": "int8",
        "after_dtype": "int32",
        "before_shape": [],
        "after_shape": []
      },
      {
        "name": "onnx::Conv_597_quantized",
        "before_dtype": "int8",
        "after_dtype": "int32",
        "before_shape": [
          1024
        ],
        "after_shape": [
          1024
        ]
      },
      {
        "name": "onnx::Conv_597_zero_point",
        "before_dtype": "int8",
        "after_dtype": "int32",
        "before_shape": [],
        "after_shape": []
      },
      {
        "name": "onnx::Conv_600_quantized",
        "before_dtype": "int8",
        "after_dtype": "int32",
        "before_shape": [
          256
        ],
        "after_shape": [
          256
        ]
      },
      {
        "name": "onnx::Conv_600_zero_point",
        "before_dtype": "int8",
        "after_dtype": "int32",
        "before_shape": [],
        "after_shape": []
      },
      {
        "name": "onnx::Conv_603_quantized",
        "before_dtype": "int8",
        "after_dtype": "int32",
        "before_shape": [
          256
        ],
        "after_shape": [
          256
        ]
      },
      {
        "name": "onnx::Conv_603_zero_point",
        "before_dtype": "int8",
        "after_dtype": "int32",
        "before_shape": [],
        "after_shape": []
      },
      {
        "name": "onnx::Conv_606_quantized",
        "before_dtype": "int8",
        "after_dtype": "int32",
        "before_shape": [
          1024
        ],
        "after_shape": [
          1024
        ]
      },
      {
        "name": "onnx::Conv_606_zero_point",
        "before_dtype": "int8",
        "after_dtype": "int32",
        "before_shape": [],
        "after_shape": []
      },
      {
        "name": "onnx::Conv_609_quantized",
        "before_dtype": "int8",
        "after_dtype": "int32",
        "before_shape": [
          256
        ],
        "after_shape": [
          256
        ]
      },
      {
        "name": "onnx::Conv_609_zero_point",
        "before_dtype": "int8",
        "after_dtype": "int32",
        "before_shape": [],
        "after_shape": []
      },
      {
        "name": "onnx::Conv_612_quantized",
        "before_dtype": "int8",
        "after_dtype": "int32",
        "before_shape": [
          256
        ],
        "after_shape": [
          256
        ]
      },
      {
        "name": "onnx::Conv_612_zero_point",
        "before_dtype": "int8",
        "after_dtype": "int32",
        "before_shape": [],
        "after_shape": []
      },
      {
        "name": "onnx::Conv_615_quantized",
        "before_dtype": "int8",
        "after_dtype": "int32",
        "before_shape": [
          1024
        ],
        "after_shape": [
          1024
        ]
      },
      {
        "name": "onnx::Conv_615_zero_point",
        "before_dtype": "int8",
        "after_dtype": "int32",
        "before_shape": [],
        "after_shape": []
      },
      {
        "name": "onnx::Conv_618_quantized",
        "before_dtype": "int8",
        "after_dtype": "int32",
        "before_shape": [
          256
        ],
        "after_shape": [
          256
        ]
      },
      {
        "name": "onnx::Conv_618_zero_point",
        "before_dtype": "int8",
        "after_dtype": "int32",
        "before_shape": [],
        "after_shape": []
      },
      {
        "name": "onnx::Conv_621_quantized",
        "before_dtype": "int8",
        "after_dtype": "int32",
        "before_shape": [
          256
        ],
        "after_shape": [
          256
        ]
      },
      {
        "name": "onnx::Conv_621_zero_point",
        "before_dtype": "int8",
        "after_dtype": "int32",
        "before_shape": [],
        "after_shape": []
      },
      {
        "name": "onnx::Conv_624_quantized",
        "before_dtype": "int8",
        "after_dtype": "int32",
        "before_shape": [
          1024
        ],
        "after_shape": [
          1024
        ]
      },
      {
        "name": "onnx::Conv_624_zero_point",
        "before_dtype": "int8",
        "after_dtype": "int32",
        "before_shape": [],
        "after_shape": []
      },
      {
        "name": "onnx::Conv_627_quantized",
        "before_dtype": "int8",
        "after_dtype": "int32",
        "before_shape": [
          512
        ],
        "after_shape": [
          512
        ]
      },
      {
        "name": "onnx::Conv_627_zero_point",
        "before_dtype": "int8",
        "after_dtype": "int32",
        "before_shape": [],
        "after_shape": []
      },
      {
        "name": "onnx::Conv_630_quantized",
        "before_dtype": "int8",
        "after_dtype": "int32",
        "before_shape": [
          512
        ],
        "after_shape": [
          512
        ]
      },
      {
        "name": "onnx::Conv_630_zero_point",
        "before_dtype": "int8",
        "after_dtype": "int32",
        "before_shape": [],
        "after_shape": []
      },
      {
        "name": "onnx::Conv_633_quantized",
        "before_dtype": "int8",
        "after_dtype": "int32",
        "before_shape": [
          2048
        ],
        "after_shape": [
          2048
        ]
      },
      {
        "name": "onnx::Conv_633_zero_point",
        "before_dtype": "int8",
        "after_dtype": "int32",
        "before_shape": [],
        "after_shape": []
      },
      {
        "name": "onnx::Conv_636_quantized",
        "before_dtype": "int8",
        "after_dtype": "int32",
        "before_shape": [
          2048
        ],
        "after_shape": [
          2048
        ]
      },
      {
        "name": "onnx::Conv_636_zero_point",
        "before_dtype": "int8",
        "after_dtype": "int32",
        "before_shape": [],
        "after_shape": []
      },
      {
        "name": "onnx::Conv_639_quantized",
        "before_dtype": "int8",
        "after_dtype": "int32",
        "before_shape": [
          512
        ],
        "after_shape": [
          512
        ]
      },
      {
        "name": "onnx::Conv_639_zero_point",
        "before_dtype": "int8",
        "after_dtype": "int32",
        "before_shape": [],
        "after_shape": []
      },
      {
        "name": "onnx::Conv_642_quantized",
        "before_dtype": "int8",
        "after_dtype": "int32",
        "before_shape": [
          512
        ],
        "after_shape": [
          512
        ]
      },
      {
        "name": "onnx::Conv_642_zero_point",
        "before_dtype": "int8",
        "after_dtype": "int32",
        "before_shape": [],
        "after_shape": []
      },
      {
        "name": "onnx::Conv_645_quantized",
        "before_dtype": "int8",
        "after_dtype": "int32",
        "before_shape": [
          2048
        ],
        "after_shape": [
          2048
        ]
      },
      {
        "name": "onnx::Conv_645_zero_point",
        "before_dtype": "int8",
        "after_dtype": "int32",
        "before_shape": [],
        "after_shape": []
      },
      {
        "name": "onnx::Conv_648_quantized",
        "before_dtype": "int8",
        "after_dtype": "int32",
        "before_shape": [
          512
        ],
        "after_shape": [
          512
        ]
      },
      {
        "name": "onnx::Conv_648_zero_point",
        "before_dtype": "int8",
        "after_dtype": "int32",
        "before_shape": [],
        "after_shape": []
      },
      {
        "name": "onnx::Conv_651_quantized",
        "before_dtype": "int8",
        "after_dtype": "int32",
        "before_shape": [
          512
        ],
        "after_shape": [
          512
        ]
      },
      {
        "name": "onnx::Conv_651_zero_point",
        "before_dtype": "int8",
        "after_dtype": "int32",
        "before_shape": [],
        "after_shape": []
      },
      {
        "name": "onnx::Conv_654_quantized",
        "before_dtype": "int8",
        "after_dtype": "int32",
        "before_shape": [
          2048
        ],
        "after_shape": [
          2048
        ]
      },
      {
        "name": "onnx::Conv_654_zero_point",
        "before_dtype": "int8",
        "after_dtype": "int32",
        "before_shape": [],
        "after_shape": []
      }
    ],
    "changed_nodes": [],
    "nodes_before": 380,
    "nodes_after": 380
  },
  "base_sha256": "c1945d2dce29e6afeaed16ef8c2bcc5689044f5210543440f84fb258c29e0ea5",
  "model_sha256": "76549b1ecf06f5162256adc98ec1f85cb72ba1e1013a6a5b1990741c67ff3c8f",
  "ort_version": "1.23.3.dev20260320",
  "images": 4,
  "scope": "diagnostic output agreement; not dataset accuracy",
  "listing": [
    "data/eval/000000.jpg",
    "data/eval/000001.jpg",
    "data/eval/000002.jpg",
    "data/eval/000003.jpg"
  ],
  "preprocess": {
    "input_size": [
      3,
      224,
      224
    ],
    "interpolation": "bicubic",
    "mean": [
      0.485,
      0.456,
      0.406
    ],
    "std": [
      0.229,
      0.224,
      0.225
    ],
    "crop_pct": 0.95,
    "crop_mode": "center"
  },
  "inputs_sha256": "6284e46b6eef5f395aa9a35dbd9bd29ca63d57b20d1a2dd19637d0d08f605102",
  "cache_key": "modelcachekey",
  "fresh": true,
  "cpu_latency_ms": {
    "mean": 37.887175001742435,
    "median": 35.959400000137975,
    "p95": 47.58279000197945,
    "runs": 4,
    "warmup": 5
  },
  "cpu_vs_baseline_cpu": {
    "images": 4,
    "max_abs": 19.25,
    "mae": 3.75696875,
    "rmse": 4.568814551527563,
    "exact_elements_fraction": 0.00575,
    "argmax_agreement_fraction": 0.0
  },
  "optimized_cpu_vs_unoptimized_cpu": {
    "images": 4,
    "max_abs": 19.25,
    "mae": 3.75696875,
    "rmse": 4.568814551527563,
    "exact_elements_fraction": 0.00575,
    "argmax_agreement_fraction": 0.0
  },
  "unoptimized_cpu_vs_baseline_unoptimized_cpu": {
    "images": 4,
    "max_abs": 0.0,
    "mae": 0.0,
    "rmse": 0.0,
    "exact_elements_fraction": 1.0,
    "argmax_agreement_fraction": 1.0
  }
}
UNOPTIMIZED REFERENCE CHECK PASS; no NPU session requested
