CORE IMPORTS: no Quark or torch
PIPELINE CHECKS PASS
ALPHA_ARTIFACT {"model_sha256": "afe15baa15a250ffdb0b68c5ce1f97efc1720d4c53140be42164321e7fb0686d", "version": "0.1.0a1", "calibration_images": 64}
Ignition 0.1.0a1 (Alpha)
CLI_REJECT python -m quant quantize: error: the following arguments are required: --no-cle
CLI_REJECT python -m quant: error: --limit must be positive
CLI_REJECT python -m quant: error: Choose a new output/sidecar name; existing artifacts are never overwritten
GRAPH_REJECT opset Expected exactly one standard opset import at 17, got [19]
GRAPH_REJECT batch Input 'input' must have a fully static positive shape with batch 1
GRAPH_REJECT dynamic Input 'input' must have a fully static positive shape with batch 1
GRAPH_REJECT operator Unsupported float operator: :Sigmoid
GRAPH_REJECT gap Ignition Alpha supports only 7x7 GAP, got (1, 2048, 8, 8)
IGNITION ALPHA CHECKS PASS; no NPU sessions requested
REAL_MODEL_MUTATION_CHECKS {
  "rename_and_resort_accepted": true,
  "residual_rewire_rejected": true,
  "changed_scale_rejected": true,
  "one_lsb_accepted_and_counted": true,
  "two_lsb_rejected": true,
  "ties_even_symmetric_clip": true
}
QUANT VERIFY CHECKS PASS
