[32m
[QUARK-INFO]: Checking custom ops library ...[0m
[33m
[QUARK-WARNING]: The custom ops library C:\Users\<user>\miniforge3\envs\resnet_env\Lib\site-packages\quark\onnx\operators\custom_ops\lib\custom_ops.dll does NOT exist.[0m
[32m
[QUARK-INFO]: Start compiling CPU version of custom ops library.[0m
C:\Users\<user>\miniforge3\envs\resnet_env\Lib\site-packages\torch\utils\cpp_extension.py:380: UserWarning: Error checking compiler version for cl: [WinError 2] The system cannot find the file specified
  warnings.warn(f'Error checking compiler version for {compiler}: {error}')
INFO: Could not find files for the given pattern(s).
[31m
[QUARK-ERROR]: CPU version of custom ops library compilation failed:Command '['where', 'cl']' returned non-zero exit status 1.[0m
[33m
[QUARK-WARNING]: Custom ops library compilation failed: CPU version of custom ops library compilation failed:Command '['where', 'cl']' returned non-zero exit status 1..[0m
[32m
[QUARK-INFO]: Checked custom ops library.[0m
[33m
[QUARK-WARNING]: The api `activation` has been replaced with `input_tensors` and will be removed in the next release.[0m
[33m
[QUARK-WARNING]: The custom ops library C:\Users\<user>\miniforge3\envs\resnet_env\Lib\site-packages\quark\onnx\operators\custom_ops\lib\custom_ops.dll does NOT exist.[0m
CLE_PROBE_SETUP {
  "in_model": "C:/Users/<user>/PycharmProjects/ryzen-ai-xdna1-quantization/models/regnetx_002_fp32.onnx",
  "sha256": "e137954092b9a18f64fb6146f02da16a4f1ab876798f764e1529a21aa4680190",
  "versions": {
    "amd-quark": "0.11rc1",
    "onnx": "1.19.0",
    "numpy": "1.26.4"
  },
  "op_types_to_quantize": [
    "Add",
    "ArgMax",
    "AveragePool",
    "Clip",
    "Concat",
    "Conv",
    "ConvTranspose",
    "DepthToSpace",
    "Div",
    "EmbedLayerNormalization",
    "Erf",
    "Gather",
    "Gelu",
    "Gemm",
    "GlobalAveragePool",
    "HardSigmoid",
    "InstanceNormalization",
    "LayerNormalization",
    "LeakyRelu",
    "LpNormalization",
    "MatMul",
    "Max",
    "MaxPool",
    "Min",
    "Mul",
    "PRelu",
    "Pad",
    "ReduceMean",
    "Relu",
    "Reshape",
    "Resize",
    "Sigmoid",
    "Slice",
    "Softmax",
    "SpaceToDepth",
    "Split",
    "Squeeze",
    "Sub",
    "Tanh",
    "Transpose",
    "Unsqueeze",
    "Where"
  ],
  "steps": 1,
  "convs": 44,
  "convs_with_group_attribute": 44,
  "float_initializers": 90
}
CLE_PROBE_RESULT {
  "quark_log": [
    "CrossLayerEqualization pattern num: 27",
    "Total CrossLayerEqualization steps: 1"
  ],
  "quark_pattern_count": 27,
  "ignition_pattern_count": 27,
  "unique_pairs": 26,
  "patterns_equal": true,
  "steps": [
    1,
    1
  ],
  "changed_initializers": [
    65,
    65
  ],
  "changed_equal": true,
  "byte_mismatches": {},
  "seconds": [
    0.058,
    0.024
  ],
  "ignition_last_diff": 2.4673990248546005
}
CLE_PAIRS [["/s1/b1/conv1/conv/Conv", "/s1/b1/conv3/conv/Conv", ["/s1/b1/conv1/conv/Conv_output_0", "/s1/b1/conv1/bn/act/Relu_output_0", "/s1/b1/conv2/conv/Conv_output_0", "/s1/b1/conv2/bn/act/Relu_output_0", "/s1/b1/conv3/conv/Conv_output_0"]], ["/s1/b1/conv1/conv/Conv", "/s1/b1/conv3/conv/Conv", ["/s1/b1/conv1/conv/Conv_output_0", "/s1/b1/conv1/bn/act/Relu_output_0", "/s1/b1/conv2/conv/Conv_output_0", "/s1/b1/conv2/bn/act/Relu_output_0", "/s1/b1/conv3/conv/Conv_output_0"]], ["/s2/b1/conv1/conv/Conv", "/s2/b1/conv3/conv/Conv", ["/s2/b1/conv1/conv/Conv_output_0", "/s2/b1/conv1/bn/act/Relu_output_0", "/s2/b1/conv2/conv/Conv_output_0", "/s2/b1/conv2/bn/act/Relu_output_0", "/s2/b1/conv3/conv/Conv_output_0"]], ["/s2/b1/conv2/conv/Conv", "/s2/b1/conv3/conv/Conv", ["/s2/b1/conv2/conv/Conv_output_0", "/s2/b1/conv2/bn/act/Relu_output_0", "/s2/b1/conv3/conv/Conv_output_0"]], ["/s3/b1/conv1/conv/Conv", "/s3/b1/conv3/conv/Conv", ["/s3/b1/conv1/conv/Conv_output_0", "/s3/b1/conv1/bn/act/Relu_output_0", "/s3/b1/conv2/conv/Conv_output_0", "/s3/b1/conv2/bn/act/Relu_output_0", "/s3/b1/conv3/conv/Conv_output_0"]], ["/s3/b1/conv2/conv/Conv", "/s3/b1/conv3/conv/Conv", ["/s3/b1/conv2/conv/Conv_output_0", "/s3/b1/conv2/bn/act/Relu_output_0", "/s3/b1/conv3/conv/Conv_output_0"]], ["/s3/b2/conv1/conv/Conv", "/s3/b2/conv3/conv/Conv", ["/s3/b2/conv1/conv/Conv_output_0", "/s3/b2/conv1/bn/act/Relu_output_0", "/s3/b2/conv2/conv/Conv_output_0", "/s3/b2/conv2/bn/act/Relu_output_0", "/s3/b2/conv3/conv/Conv_output_0"]], ["/s3/b2/conv2/conv/Conv", "/s3/b2/conv3/conv/Conv", ["/s3/b2/conv2/conv/Conv_output_0", "/s3/b2/conv2/bn/act/Relu_output_0", "/s3/b2/conv3/conv/Conv_output_0"]], ["/s3/b3/conv1/conv/Conv", "/s3/b3/conv3/conv/Conv", ["/s3/b3/conv1/conv/Conv_output_0", "/s3/b3/conv1/bn/act/Relu_output_0", "/s3/b3/conv2/conv/Conv_output_0", "/s3/b3/conv2/bn/act/Relu_output_0", "/s3/b3/conv3/conv/Conv_output_0"]], ["/s3/b3/conv2/conv/Conv", "/s3/b3/conv3/conv/Conv", ["/s3/b3/conv2/conv/Conv_output_0", "/s3/b3/conv2/bn/act/Relu_output_0", "/s3/b3/conv3/conv/Conv_output_0"]], ["/s3/b4/conv1/conv/Conv", "/s3/b4/conv3/conv/Conv", ["/s3/b4/conv1/conv/Conv_output_0", "/s3/b4/conv1/bn/act/Relu_output_0", "/s3/b4/conv2/conv/Conv_output_0", "/s3/b4/conv2/bn/act/Relu_output_0", "/s3/b4/conv3/conv/Conv_output_0"]], ["/s3/b4/conv2/conv/Conv", "/s3/b4/conv3/conv/Conv", ["/s3/b4/conv2/conv/Conv_output_0", "/s3/b4/conv2/bn/act/Relu_output_0", "/s3/b4/conv3/conv/Conv_output_0"]], ["/s4/b1/conv1/conv/Conv", "/s4/b1/conv3/conv/Conv", ["/s4/b1/conv1/conv/Conv_output_0", "/s4/b1/conv1/bn/act/Relu_output_0", "/s4/b1/conv2/conv/Conv_output_0", "/s4/b1/conv2/bn/act/Relu_output_0", "/s4/b1/conv3/conv/Conv_output_0"]], ["/s4/b1/conv2/conv/Conv", "/s4/b1/conv3/conv/Conv", ["/s4/b1/conv2/conv/Conv_output_0", "/s4/b1/conv2/bn/act/Relu_output_0", "/s4/b1/conv3/conv/Conv_output_0"]], ["/s4/b2/conv1/conv/Conv", "/s4/b2/conv3/conv/Conv", ["/s4/b2/conv1/conv/Conv_output_0", "/s4/b2/conv1/bn/act/Relu_output_0", "/s4/b2/conv2/conv/Conv_output_0", "/s4/b2/conv2/bn/act/Relu_output_0", "/s4/b2/conv3/conv/Conv_output_0"]], ["/s4/b2/conv2/conv/Conv", "/s4/b2/conv3/conv/Conv", ["/s4/b2/conv2/conv/Conv_output_0", "/s4/b2/conv2/bn/act/Relu_output_0", "/s4/b2/conv3/conv/Conv_output_0"]], ["/s4/b3/conv1/conv/Conv", "/s4/b3/conv3/conv/Conv", ["/s4/b3/conv1/conv/Conv_output_0", "/s4/b3/conv1/bn/act/Relu_output_0", "/s4/b3/conv2/conv/Conv_output_0", "/s4/b3/conv2/bn/act/Relu_output_0", "/s4/b3/conv3/conv/Conv_output_0"]], ["/s4/b3/conv2/conv/Conv", "/s4/b3/conv3/conv/Conv", ["/s4/b3/conv2/conv/Conv_output_0", "/s4/b3/conv2/bn/act/Relu_output_0", "/s4/b3/conv3/conv/Conv_output_0"]], ["/s4/b4/conv1/conv/Conv", "/s4/b4/conv3/conv/Conv", ["/s4/b4/conv1/conv/Conv_output_0", "/s4/b4/conv1/bn/act/Relu_output_0", "/s4/b4/conv2/conv/Conv_output_0", "/s4/b4/conv2/bn/act/Relu_output_0", "/s4/b4/conv3/conv/Conv_output_0"]], ["/s4/b4/conv2/conv/Conv", "/s4/b4/conv3/conv/Conv", ["/s4/b4/conv2/conv/Conv_output_0", "/s4/b4/conv2/bn/act/Relu_output_0", "/s4/b4/conv3/conv/Conv_output_0"]], ["/s4/b5/conv1/conv/Conv", "/s4/b5/conv3/conv/Conv", ["/s4/b5/conv1/conv/Conv_output_0", "/s4/b5/conv1/bn/act/Relu_output_0", "/s4/b5/conv2/conv/Conv_output_0", "/s4/b5/conv2/bn/act/Relu_output_0", "/s4/b5/conv3/conv/Conv_output_0"]], ["/s4/b5/conv2/conv/Conv", "/s4/b5/conv3/conv/Conv", ["/s4/b5/conv2/conv/Conv_output_0", "/s4/b5/conv2/bn/act/Relu_output_0", "/s4/b5/conv3/conv/Conv_output_0"]], ["/s4/b6/conv1/conv/Conv", "/s4/b6/conv3/conv/Conv", ["/s4/b6/conv1/conv/Conv_output_0", "/s4/b6/conv1/bn/act/Relu_output_0", "/s4/b6/conv2/conv/Conv_output_0", "/s4/b6/conv2/bn/act/Relu_output_0", "/s4/b6/conv3/conv/Conv_output_0"]], ["/s4/b6/conv2/conv/Conv", "/s4/b6/conv3/conv/Conv", ["/s4/b6/conv2/conv/Conv_output_0", "/s4/b6/conv2/bn/act/Relu_output_0", "/s4/b6/conv3/conv/Conv_output_0"]], ["/s4/b7/conv1/conv/Conv", "/s4/b7/conv3/conv/Conv", ["/s4/b7/conv1/conv/Conv_output_0", "/s4/b7/conv1/bn/act/Relu_output_0", "/s4/b7/conv2/conv/Conv_output_0", "/s4/b7/conv2/bn/act/Relu_output_0", "/s4/b7/conv3/conv/Conv_output_0"]], ["/s4/b7/conv2/conv/Conv", "/s4/b7/conv3/conv/Conv", ["/s4/b7/conv2/conv/Conv_output_0", "/s4/b7/conv2/bn/act/Relu_output_0", "/s4/b7/conv3/conv/Conv_output_0"]], ["/s1/b1/conv2/conv/Conv", "/s1/b1/conv3/conv/Conv", ["/s1/b1/conv2/conv/Conv_output_0", "/s1/b1/conv2/bn/act/Relu_output_0", "/s1/b1/conv3/conv/Conv_output_0"]]]
CLE_SCALES {
 "0:0:/s1/b1/conv1/conv/Conv->/s1/b1/conv2/conv/Conv->/s1/b1/conv3/conv/Conv": {
  "channels": 24,
  "scale_span_log2": 32.82767230078042,
  "scale_12": [
   1.311855346575186e-10,
   1.5286372900009155
  ],
  "scale_23": [
   4.345217803347623e-06,
   1.4300878047943115
  ]
 },
 "0:1:/s1/b1/conv1/conv/Conv->/s1/b1/conv2/conv/Conv->/s1/b1/conv3/conv/Conv": {
  "channels": 24,
  "scale_span_log2": 1.7198264061184464e-07,
  "scale_12": [
   0.9999999403953552,
   1.0000001192092896
  ],
  "scale_23": [
   0.9999999403953552,
   1.0000001192092896
  ]
 },
 "0:2:/s2/b1/conv1/conv/Conv->/s2/b1/conv2/conv/Conv->/s2/b1/conv3/conv/Conv": {
  "channels": 56,
  "scale_span_log2": 2.087356764101371,
  "scale_12": [
   0.23531141877174377,
   1.5527104139328003
  ],
  "scale_23": [
   0.3070873022079468,
   1.0802371501922607
  ]
 },
 "0:3:/s2/b1/conv2/conv/Conv->/s2/b1/conv3/conv/Conv": {
  "skipped": "head unsupported"
 },
 "0:4:/s3/b1/conv1/conv/Conv->/s3/b1/conv2/conv/Conv->/s3/b1/conv3/conv/Conv": {
  "channels": 152,
  "scale_span_log2": 2.123970061688265,
  "scale_12": [
   0.22941473126411438,
   1.3007593154907227
  ],
  "scale_23": [
   0.3177920877933502,
   1.6270511150360107
  ]
 },
 "0:5:/s3/b1/conv2/conv/Conv->/s3/b1/conv3/conv/Conv": {
  "skipped": "head unsupported"
 },
 "0:6:/s3/b2/conv1/conv/Conv->/s3/b2/conv2/conv/Conv->/s3/b2/conv3/conv/Conv": {
  "channels": 152,
  "scale_span_log2": 42.195500652081755,
  "scale_12": [
   1.9855856325454169e-13,
   1.271816611289978
  ],
  "scale_23": [
   4.4762364836969937e-07,
   1.5037709474563599
  ]
 },
 "0:7:/s3/b2/conv2/conv/Conv->/s3/b2/conv3/conv/Conv": {
  "skipped": "head unsupported"
 },
 "0:8:/s3/b3/conv1/conv/Conv->/s3/b3/conv2/conv/Conv->/s3/b3/conv3/conv/Conv": {
  "channels": 152,
  "scale_span_log2": 2.5062184407871726,
  "scale_12": [
   0.17601637542247772,
   0.9191198348999023
  ],
  "scale_23": [
   0.2866279184818268,
   1.8465462923049927
  ]
 },
 "0:9:/s3/b3/conv2/conv/Conv->/s3/b3/conv3/conv/Conv": {
  "skipped": "head unsupported"
 },
 "0:10:/s3/b4/conv1/conv/Conv->/s3/b4/conv2/conv/Conv->/s3/b4/conv3/conv/Conv": {
  "channels": 152,
  "scale_span_log2": 2.485541888151845,
  "scale_12": [
   0.17855718731880188,
   1.0616601705551147
  ],
  "scale_23": [
   0.3087232708930969,
   1.315212607383728
  ]
 },
 "0:11:/s3/b4/conv2/conv/Conv->/s3/b4/conv3/conv/Conv": {
  "skipped": "head unsupported"
 },
 "0:12:/s4/b1/conv1/conv/Conv->/s4/b1/conv2/conv/Conv->/s4/b1/conv3/conv/Conv": {
  "channels": 368,
  "scale_span_log2": 35.02900540398726,
  "scale_12": [
   2.852454036861296e-11,
   3673.044921875
  ],
  "scale_23": [
   7.058787559799384e-06,
   1.104804277420044
  ]
 },
 "0:13:/s4/b1/conv2/conv/Conv->/s4/b1/conv3/conv/Conv": {
  "skipped": "head unsupported"
 },
 "0:14:/s4/b2/conv1/conv/Conv->/s4/b2/conv2/conv/Conv->/s4/b2/conv3/conv/Conv": {
  "channels": 368,
  "scale_span_log2": 14.785675839016143,
  "scale_12": [
   3.540528268786147e-05,
   0.743537425994873
  ],
  "scale_23": [
   0.009824263863265514,
   0.6711228489875793
  ]
 },
 "0:15:/s4/b2/conv2/conv/Conv->/s4/b2/conv3/conv/Conv": {
  "skipped": "head unsupported"
 },
 "0:16:/s4/b3/conv1/conv/Conv->/s4/b3/conv2/conv/Conv->/s4/b3/conv3/conv/Conv": {
  "channels": 368,
  "scale_span_log2": 35.59160391164857,
  "scale_12": [
   1.9313439736379223e-11,
   4643894.0
  ],
  "scale_23": [
   4.951312803314067e-06,
   1.0086205005645752
  ]
 },
 "0:17:/s4/b3/conv2/conv/Conv->/s4/b3/conv3/conv/Conv": {
  "skipped": "head unsupported"
 },
 "0:18:/s4/b4/conv1/conv/Conv->/s4/b4/conv2/conv/Conv->/s4/b4/conv3/conv/Conv": {
  "channels": 368,
  "scale_span_log2": 3.592613061513042,
  "scale_12": [
   0.08289258927106857,
   0.5610467195510864
  ],
  "scale_23": [
   0.1238865777850151,
   0.8342025279998779
  ]
 },
 "0:19:/s4/b4/conv2/conv/Conv->/s4/b4/conv3/conv/Conv": {
  "skipped": "head unsupported"
 },
 "0:20:/s4/b5/conv1/conv/Conv->/s4/b5/conv2/conv/Conv->/s4/b5/conv3/conv/Conv": {
  "channels": 368,
  "scale_span_log2": 32.243572253856215,
  "scale_12": [
   1.9666070161239446e-10,
   40653.1484375
  ],
  "scale_23": [
   1.247994714503875e-05,
   1.024904727935791
  ]
 },
 "0:21:/s4/b5/conv2/conv/Conv->/s4/b5/conv3/conv/Conv": {
  "skipped": "head unsupported"
 },
 "0:22:/s4/b6/conv1/conv/Conv->/s4/b6/conv2/conv/Conv->/s4/b6/conv3/conv/Conv": {
  "channels": 368,
  "scale_span_log2": 38.975348288081534,
  "scale_12": [
   1.8503380251611024e-12,
   12.564553260803223
  ],
  "scale_23": [
   1.5527484720223583e-06,
   0.9497592449188232
  ]
 },
 "0:23:/s4/b6/conv2/conv/Conv->/s4/b6/conv3/conv/Conv": {
  "skipped": "head unsupported"
 },
 "0:24:/s4/b7/conv1/conv/Conv->/s4/b7/conv2/conv/Conv->/s4/b7/conv3/conv/Conv": {
  "channels": 368,
  "scale_span_log2": 38.71226592383281,
  "scale_12": [
   2.2204794426772256e-12,
   17804506.0
  ],
  "scale_23": [
   1.1600508287301636e-06,
   0.8925724625587463
  ]
 },
 "0:25:/s4/b7/conv2/conv/Conv->/s4/b7/conv3/conv/Conv": {
  "skipped": "head unsupported"
 },
 "0:26:/s1/b1/conv2/conv/Conv->/s1/b1/conv3/conv/Conv": {
  "skipped": "head unsupported"
 }
}
CLE_PROBE_PASS True
