Ignition 0.1.0a1: folded_resnet / CLE
IMPORT_BLOCK_ACTIVE quark torch
{
  "producer": "Ignition",
  "producer_version": "0.1.0a1",
  "family": "folded_resnet",
  "scope": "folded_resnet_cle",
  "format": "XINT8_QDQ",
  "mode": "reemit_from_positions",
  "cle": true,
  "input_sha256": "d999c960ea12f9481e6fb43aab28ea3e2741c712fc4c30997b07d9b725cb87e6",
  "versions": {
    "numpy": "1.26.4",
    "onnx": "1.18.0"
  },
  "simplify": {},
  "prepare": {},
  "scales_from_sha256": "2df63ef320dcdb49297546b3b1c41b5e7d7f3300b278ade621a0b71c6042f01f",
  "reference_refine": {
    "loops": 1,
    "changes_by_rule": {},
    "log": [],
    "converged": true
  },
  "emit": {
    "activations": 74,
    "initializers": 108,
    "pruned": 49
  },
  "gap_mul": {
    "scaled": 1,
    "skipped_not_square": []
  },
  "hardsigmoid": {
    "replaced": 0,
    "scaled": 0
  },
  "refine": {
    "loops": 1,
    "changes_by_rule": {},
    "log": [],
    "converged": true
  },
  "output_sha256": "cde410d7f4f0eca4137db15f3deae70df9a08a6c6cac8d11ff1bbdb140d2764a",
  "wall_seconds": 7.226498899995931,
  "quark_imported": false,
  "torch_imported": false
}
CLE_REPORT {
  "pattern_count": 33,
  "unique_pairs": 32,
  "pairs": [
    {
      "head": "/layer1/layer1.0/conv1/Conv",
      "tail": "/layer1/layer1.0/conv2/Conv",
      "chain": [
        "/layer1/layer1.0/conv1/Conv_output_0",
        "/layer1/layer1.0/act1/Relu_output_0",
        "/layer1/layer1.0/conv2/Conv_output_0"
      ],
      "size": 3
    },
    {
      "head": "/layer1/layer1.0/conv2/Conv",
      "tail": "/layer1/layer1.0/conv3/Conv",
      "chain": [
        "/layer1/layer1.0/conv2/Conv_output_0",
        "/layer1/layer1.0/act2/Relu_output_0",
        "/layer1/layer1.0/conv3/Conv_output_0"
      ],
      "size": 3
    },
    {
      "head": "/layer1/layer1.1/conv1/Conv",
      "tail": "/layer1/layer1.1/conv2/Conv",
      "chain": [
        "/layer1/layer1.1/conv1/Conv_output_0",
        "/layer1/layer1.1/act1/Relu_output_0",
        "/layer1/layer1.1/conv2/Conv_output_0"
      ],
      "size": 3
    },
    {
      "head": "/layer1/layer1.1/conv2/Conv",
      "tail": "/layer1/layer1.1/conv3/Conv",
      "chain": [
        "/layer1/layer1.1/conv2/Conv_output_0",
        "/layer1/layer1.1/act2/Relu_output_0",
        "/layer1/layer1.1/conv3/Conv_output_0"
      ],
      "size": 3
    },
    {
      "head": "/layer1/layer1.2/conv1/Conv",
      "tail": "/layer1/layer1.2/conv2/Conv",
      "chain": [
        "/layer1/layer1.2/conv1/Conv_output_0",
        "/layer1/layer1.2/act1/Relu_output_0",
        "/layer1/layer1.2/conv2/Conv_output_0"
      ],
      "size": 3
    },
    {
      "head": "/layer1/layer1.2/conv2/Conv",
      "tail": "/layer1/layer1.2/conv3/Conv",
      "chain": [
        "/layer1/layer1.2/conv2/Conv_output_0",
        "/layer1/layer1.2/act2/Relu_output_0",
        "/layer1/layer1.2/conv3/Conv_output_0"
      ],
      "size": 3
    },
    {
      "head": "/layer2/layer2.0/conv1/Conv",
      "tail": "/layer2/layer2.0/conv2/Conv",
      "chain": [
        "/layer2/layer2.0/conv1/Conv_output_0",
        "/layer2/layer2.0/act1/Relu_output_0",
        "/layer2/layer2.0/conv2/Conv_output_0"
      ],
      "size": 3
    },
    {
      "head": "/layer2/layer2.0/conv2/Conv",
      "tail": "/layer2/layer2.0/conv3/Conv",
      "chain": [
        "/layer2/layer2.0/conv2/Conv_output_0",
        "/layer2/layer2.0/act2/Relu_output_0",
        "/layer2/layer2.0/conv3/Conv_output_0"
      ],
      "size": 3
    },
    {
      "head": "/layer2/layer2.1/conv1/Conv",
      "tail": "/layer2/layer2.1/conv2/Conv",
      "chain": [
        "/layer2/layer2.1/conv1/Conv_output_0",
        "/layer2/layer2.1/act1/Relu_output_0",
        "/layer2/layer2.1/conv2/Conv_output_0"
      ],
      "size": 3
    },
    {
      "head": "/layer2/layer2.1/conv2/Conv",
      "tail": "/layer2/layer2.1/conv3/Conv",
      "chain": [
        "/layer2/layer2.1/conv2/Conv_output_0",
        "/layer2/layer2.1/act2/Relu_output_0",
        "/layer2/layer2.1/conv3/Conv_output_0"
      ],
      "size": 3
    },
    {
      "head": "/layer2/layer2.2/conv1/Conv",
      "tail": "/layer2/layer2.2/conv2/Conv",
      "chain": [
        "/layer2/layer2.2/conv1/Conv_output_0",
        "/layer2/layer2.2/act1/Relu_output_0",
        "/layer2/layer2.2/conv2/Conv_output_0"
      ],
      "size": 3
    },
    {
      "head": "/layer2/layer2.2/conv2/Conv",
      "tail": "/layer2/layer2.2/conv3/Conv",
      "chain": [
        "/layer2/layer2.2/conv2/Conv_output_0",
        "/layer2/layer2.2/act2/Relu_output_0",
        "/layer2/layer2.2/conv3/Conv_output_0"
      ],
      "size": 3
    },
    {
      "head": "/layer2/layer2.3/conv1/Conv",
      "tail": "/layer2/layer2.3/conv2/Conv",
      "chain": [
        "/layer2/layer2.3/conv1/Conv_output_0",
        "/layer2/layer2.3/act1/Relu_output_0",
        "/layer2/layer2.3/conv2/Conv_output_0"
      ],
      "size": 3
    },
    {
      "head": "/layer2/layer2.3/conv2/Conv",
      "tail": "/layer2/layer2.3/conv3/Conv",
      "chain": [
        "/layer2/layer2.3/conv2/Conv_output_0",
        "/layer2/layer2.3/act2/Relu_output_0",
        "/layer2/layer2.3/conv3/Conv_output_0"
      ],
      "size": 3
    },
    {
      "head": "/layer3/layer3.0/conv1/Conv",
      "tail": "/layer3/layer3.0/conv2/Conv",
      "chain": [
        "/layer3/layer3.0/conv1/Conv_output_0",
        "/layer3/layer3.0/act1/Relu_output_0",
        "/layer3/layer3.0/conv2/Conv_output_0"
      ],
      "size": 3
    },
    {
      "head": "/layer3/layer3.0/conv2/Conv",
      "tail": "/layer3/layer3.0/conv3/Conv",
      "chain": [
        "/layer3/layer3.0/conv2/Conv_output_0",
        "/layer3/layer3.0/act2/Relu_output_0",
        "/layer3/layer3.0/conv3/Conv_output_0"
      ],
      "size": 3
    },
    {
      "head": "/layer3/layer3.1/conv1/Conv",
      "tail": "/layer3/layer3.1/conv2/Conv",
      "chain": [
        "/layer3/layer3.1/conv1/Conv_output_0",
        "/layer3/layer3.1/act1/Relu_output_0",
        "/layer3/layer3.1/conv2/Conv_output_0"
      ],
      "size": 3
    },
    {
      "head": "/layer3/layer3.1/conv2/Conv",
      "tail": "/layer3/layer3.1/conv3/Conv",
      "chain": [
        "/layer3/layer3.1/conv2/Conv_output_0",
        "/layer3/layer3.1/act2/Relu_output_0",
        "/layer3/layer3.1/conv3/Conv_output_0"
      ],
      "size": 3
    },
    {
      "head": "/layer3/layer3.2/conv1/Conv",
      "tail": "/layer3/layer3.2/conv2/Conv",
      "chain": [
        "/layer3/layer3.2/conv1/Conv_output_0",
        "/layer3/layer3.2/act1/Relu_output_0",
        "/layer3/layer3.2/conv2/Conv_output_0"
      ],
      "size": 3
    },
    {
      "head": "/layer3/layer3.2/conv2/Conv",
      "tail": "/layer3/layer3.2/conv3/Conv",
      "chain": [
        "/layer3/layer3.2/conv2/Conv_output_0",
        "/layer3/layer3.2/act2/Relu_output_0",
        "/layer3/layer3.2/conv3/Conv_output_0"
      ],
      "size": 3
    },
    {
      "head": "/layer3/layer3.3/conv1/Conv",
      "tail": "/layer3/layer3.3/conv2/Conv",
      "chain": [
        "/layer3/layer3.3/conv1/Conv_output_0",
        "/layer3/layer3.3/act1/Relu_output_0",
        "/layer3/layer3.3/conv2/Conv_output_0"
      ],
      "size": 3
    },
    {
      "head": "/layer3/layer3.3/conv2/Conv",
      "tail": "/layer3/layer3.3/conv3/Conv",
      "chain": [
        "/layer3/layer3.3/conv2/Conv_output_0",
        "/layer3/layer3.3/act2/Relu_output_0",
        "/layer3/layer3.3/conv3/Conv_output_0"
      ],
      "size": 3
    },
    {
      "head": "/layer3/layer3.4/conv1/Conv",
      "tail": "/layer3/layer3.4/conv2/Conv",
      "chain": [
        "/layer3/layer3.4/conv1/Conv_output_0",
        "/layer3/layer3.4/act1/Relu_output_0",
        "/layer3/layer3.4/conv2/Conv_output_0"
      ],
      "size": 3
    },
    {
      "head": "/layer3/layer3.4/conv2/Conv",
      "tail": "/layer3/layer3.4/conv3/Conv",
      "chain": [
        "/layer3/layer3.4/conv2/Conv_output_0",
        "/layer3/layer3.4/act2/Relu_output_0",
        "/layer3/layer3.4/conv3/Conv_output_0"
      ],
      "size": 3
    },
    {
      "head": "/layer3/layer3.5/conv1/Conv",
      "tail": "/layer3/layer3.5/conv2/Conv",
      "chain": [
        "/layer3/layer3.5/conv1/Conv_output_0",
        "/layer3/layer3.5/act1/Relu_output_0",
        "/layer3/layer3.5/conv2/Conv_output_0"
      ],
      "size": 3
    },
    {
      "head": "/layer3/layer3.5/conv2/Conv",
      "tail": "/layer3/layer3.5/conv3/Conv",
      "chain": [
        "/layer3/layer3.5/conv2/Conv_output_0",
        "/layer3/layer3.5/act2/Relu_output_0",
        "/layer3/layer3.5/conv3/Conv_output_0"
      ],
      "size": 3
    },
    {
      "head": "/layer4/layer4.0/conv1/Conv",
      "tail": "/layer4/layer4.0/conv2/Conv",
      "chain": [
        "/layer4/layer4.0/conv1/Conv_output_0",
        "/layer4/layer4.0/act1/Relu_output_0",
        "/layer4/layer4.0/conv2/Conv_output_0"
      ],
      "size": 3
    },
    {
      "head": "/layer4/layer4.0/conv2/Conv",
      "tail": "/layer4/layer4.0/conv3/Conv",
      "chain": [
        "/layer4/layer4.0/conv2/Conv_output_0",
        "/layer4/layer4.0/act2/Relu_output_0",
        "/layer4/layer4.0/conv3/Conv_output_0"
      ],
      "size": 3
    },
    {
      "head": "/layer4/layer4.1/conv1/Conv",
      "tail": "/layer4/layer4.1/conv2/Conv",
      "chain": [
        "/layer4/layer4.1/conv1/Conv_output_0",
        "/layer4/layer4.1/act1/Relu_output_0",
        "/layer4/layer4.1/conv2/Conv_output_0"
      ],
      "size": 3
    },
    {
      "head": "/layer4/layer4.1/conv2/Conv",
      "tail": "/layer4/layer4.1/conv3/Conv",
      "chain": [
        "/layer4/layer4.1/conv2/Conv_output_0",
        "/layer4/layer4.1/act2/Relu_output_0",
        "/layer4/layer4.1/conv3/Conv_output_0"
      ],
      "size": 3
    },
    {
      "head": "/layer4/layer4.2/conv1/Conv",
      "tail": "/layer4/layer4.2/conv2/Conv",
      "chain": [
        "/layer4/layer4.2/conv1/Conv_output_0",
        "/layer4/layer4.2/act1/Relu_output_0",
        "/layer4/layer4.2/conv2/Conv_output_0"
      ],
      "size": 3
    },
    {
      "head": "/layer4/layer4.2/conv2/Conv",
      "tail": "/layer4/layer4.2/conv3/Conv",
      "chain": [
        "/layer4/layer4.2/conv2/Conv_output_0",
        "/layer4/layer4.2/act2/Relu_output_0",
        "/layer4/layer4.2/conv3/Conv_output_0"
      ],
      "size": 3
    },
    {
      "head": "/layer1/layer1.0/conv1/Conv",
      "tail": "/layer1/layer1.0/conv2/Conv",
      "chain": [
        "/layer1/layer1.0/conv1/Conv_output_0",
        "/layer1/layer1.0/act1/Relu_output_0",
        "/layer1/layer1.0/conv2/Conv_output_0"
      ],
      "size": 3
    }
  ],
  "steps": 1,
  "last_diff": 0.7510013871498268,
  "weight_threshold": 0.5,
  "append_bias": true,
  "use_threshold": true,
  "max_scale_log2": 2.0,
  "skipped_unstable": [
    {
      "pair": "0:9:/layer2/layer2.1/conv2/Conv->/layer2/layer2.1/conv3/Conv",
      "channels": 128,
      "scale_span_log2": 2.356048512565935,
      "scale_min": 0.5420117974281311,
      "scale_max": 5.119661808013916
    },
    {
      "pair": "0:14:/layer3/layer3.0/conv1/Conv->/layer3/layer3.0/conv2/Conv",
      "channels": 256,
      "scale_span_log2": 2.0309519486497587,
      "scale_min": 0.2446935623884201,
      "scale_max": 1.4124497175216675
    },
    {
      "pair": "0:17:/layer3/layer3.1/conv2/Conv->/layer3/layer3.1/conv3/Conv",
      "channels": 256,
      "scale_span_log2": 2.215473752024646,
      "scale_min": 0.4131603538990021,
      "scale_max": 4.644340515136719
    },
    {
      "pair": "0:25:/layer3/layer3.5/conv2/Conv->/layer3/layer3.5/conv3/Conv",
      "channels": 256,
      "scale_span_log2": 2.09563396335756,
      "scale_min": 1.0470694303512573,
      "scale_max": 4.274139404296875
    }
  ]
}
GRAPH_DIFF {
  "node_delta": [],
  "init_exact_mismatch": [],
  "weight_lsb": {
    "onnx::Conv_545_quantized": 83,
    "onnx::Conv_546_quantized": 40,
    "onnx::Conv_548_quantized": 101,
    "onnx::Conv_569_quantized": 95,
    "onnx::Conv_570_quantized": 81,
    "onnx::Conv_572_quantized": 80,
    "onnx::Conv_573_quantized": 11,
    "onnx::Conv_575_quantized": 40,
    "onnx::Conv_584_quantized": 93,
    "onnx::Conv_585_quantized": 64,
    "onnx::Conv_587_quantized": 97,
    "onnx::Conv_620_quantized": 97,
    "onnx::Conv_621_quantized": 87,
    "onnx::Conv_623_quantized": 96
  },
  "weight_changed_elements": {
    "onnx::Conv_545_quantized": 111100,
    "onnx::Conv_546_quantized": 127,
    "onnx::Conv_548_quantized": 36724,
    "onnx::Conv_569_quantized": 87893,
    "onnx::Conv_570_quantized": 189,
    "onnx::Conv_572_quantized": 362945,
    "onnx::Conv_573_quantized": 106,
    "onnx::Conv_575_quantized": 69454,
    "onnx::Conv_584_quantized": 449138,
    "onnx::Conv_585_quantized": 250,
    "onnx::Conv_587_quantized": 180512,
    "onnx::Conv_620_quantized": 515806,
    "onnx::Conv_621_quantized": 219,
    "onnx::Conv_623_quantized": 226021
  },
  "compared_int8_initializers": 108
}
GRAPH_DIFF_PASS False
