PRODUCER_REPORT_FROM_SIDECAR {
  "mode": "reemit_from_positions",
  "cle": false,
  "input_sha256": "d999c960ea12f9481e6fb43aab28ea3e2741c712fc4c30997b07d9b725cb87e6",
  "scales_from_sha256": "a7a17654f79f141941806c13d26fe9ca12c727ab671eb345e15f5c1345eff0c7",
  "versions": {
    "numpy": "1.26.4",
    "onnx": "1.19.0"
  },
  "reference_refine": {
    "loops": 1,
    "changes_by_rule": {},
    "log": [],
    "converged": true
  },
  "emit": {
    "activations": 74,
    "initializers": 108,
    "pruned": 49
  },
  "gap_mul": 1,
  "refine": {
    "loops": 1,
    "changes_by_rule": {},
    "log": [],
    "converged": true
  },
  "output_sha256": "d5d792fee680042cd4f16dd3693a60fdbe90b99020458ad1a00e624a407cfb1a",
  "wall_seconds": 9.61740319999808,
  "quark_imported": false
}
REFERENCE_SHA256 a7a17654f79f141941806c13d26fe9ca12c727ab671eb345e15f5c1345eff0c7
GRAPH_DIFF {
  "node_delta": [],
  "init_exact_mismatch": [],
  "weight_lsb": {},
  "weight_changed_elements": {},
  "compared_int8_initializers": 108
}
REFINE_FIXED_POINT {
  "own": {
    "loops": 1,
    "changes_by_rule": {},
    "log": [],
    "converged": true
  },
  "reference": {
    "loops": 1,
    "changes_by_rule": {},
    "log": [],
    "converged": true
  }
}
GRAPH_DIFF_PASS True
