GPU_MEM t=11:53:22 luid=0x00000000_0x00015b67 dedicated_mb=18415
GPU_MEM t=11:53:22 luid=0x00000000_0x00018884 dedicated_mb=0
GPU_MEM t=11:53:22 luid=0x00000000_0x000188b7 dedicated_mb=12
GPU_MEM t=11:53:22 luid=0x00000000_0x0001a889 dedicated_mb=20
GPU_LOAD t=11:53:22 luid=0x00000000_0x00015b67 engtype=3d pct=0.35
GPU_MEM t=11:53:52 luid=0x00000000_0x00015b67 dedicated_mb=20449
GPU_MEM t=11:53:52 luid=0x00000000_0x00018884 dedicated_mb=0
GPU_MEM t=11:53:52 luid=0x00000000_0x000188b7 dedicated_mb=12
GPU_MEM t=11:53:52 luid=0x00000000_0x0001a889 dedicated_mb=20
GPU_LOAD t=11:53:52 luid=0x00000000_0x00015b67 engtype=3d pct=0.06
GPU_LOAD t=11:53:52 luid=0x00000000_0x00015b67 engtype=compute 0 pct=27.55
GPU_LOAD t=11:53:52 luid=0x00000000_0x00015b67 engtype=copy pct=1.25
GPU_LOAD_TOP t=11:53:52 pid=37708 name=python luid=0x00000000_0x00015b67 engtype=compute 0 pct=27.55
GPU_LOAD_TOP t=11:53:52 pid=37708 name=python luid=0x00000000_0x00015b67 engtype=copy pct=1.18
GPU_MEM t=11:54:22 luid=0x00000000_0x00015b67 dedicated_mb=21170
GPU_MEM t=11:54:22 luid=0x00000000_0x00018884 dedicated_mb=0
GPU_MEM t=11:54:22 luid=0x00000000_0x000188b7 dedicated_mb=12
GPU_MEM t=11:54:22 luid=0x00000000_0x0001a889 dedicated_mb=20
GPU_LOAD t=11:54:22 luid=0x00000000_0x00015b67 engtype=3d pct=0.05
GPU_LOAD t=11:54:22 luid=0x00000000_0x00015b67 engtype=compute 0 pct=15.72
GPU_LOAD t=11:54:22 luid=0x00000000_0x00015b67 engtype=copy pct=0.12
GPU_LOAD_TOP t=11:54:22 pid=37708 name=python luid=0x00000000_0x00015b67 engtype=compute 0 pct=15.72
GPU_MEM t=11:54:52 luid=0x00000000_0x00015b67 dedicated_mb=21367
GPU_MEM t=11:54:52 luid=0x00000000_0x00018884 dedicated_mb=0
GPU_MEM t=11:54:52 luid=0x00000000_0x000188b7 dedicated_mb=12
GPU_MEM t=11:54:52 luid=0x00000000_0x0001a889 dedicated_mb=20
GPU_LOAD t=11:54:52 luid=0x00000000_0x00015b67 engtype=3d pct=0.05
GPU_LOAD t=11:54:52 luid=0x00000000_0x00015b67 engtype=compute 0 pct=10.48
GPU_LOAD_TOP t=11:54:52 pid=37708 name=python luid=0x00000000_0x00015b67 engtype=compute 0 pct=10.48
GPU_MEM t=11:55:22 luid=0x00000000_0x00015b67 dedicated_mb=21638
GPU_MEM t=11:55:22 luid=0x00000000_0x00018884 dedicated_mb=0
GPU_MEM t=11:55:22 luid=0x00000000_0x000188b7 dedicated_mb=12
GPU_MEM t=11:55:22 luid=0x00000000_0x0001a889 dedicated_mb=20
GPU_LOAD t=11:55:22 luid=0x00000000_0x00015b67 engtype=3d pct=0.06
GPU_LOAD t=11:55:22 luid=0x00000000_0x00015b67 engtype=compute 0 pct=12.72
GPU_LOAD t=11:55:22 luid=0x00000000_0x00015b67 engtype=copy pct=0.09
GPU_LOAD_TOP t=11:55:22 pid=37708 name=python luid=0x00000000_0x00015b67 engtype=compute 0 pct=12.72
GPU_MEM t=11:55:52 luid=0x00000000_0x00015b67 dedicated_mb=21630
GPU_MEM t=11:55:52 luid=0x00000000_0x00018884 dedicated_mb=0
GPU_MEM t=11:55:52 luid=0x00000000_0x000188b7 dedicated_mb=12
GPU_MEM t=11:55:52 luid=0x00000000_0x0001a889 dedicated_mb=20
GPU_LOAD t=11:55:52 luid=0x00000000_0x00015b67 engtype=3d pct=0.05
GPU_LOAD t=11:55:52 luid=0x00000000_0x00015b67 engtype=compute 0 pct=29.09
GPU_LOAD t=11:55:52 luid=0x00000000_0x00015b67 engtype=copy pct=1.05
GPU_LOAD_TOP t=11:55:52 pid=37708 name=python luid=0x00000000_0x00015b67 engtype=compute 0 pct=29.09
GPU_LOAD_TOP t=11:55:52 pid=37708 name=python luid=0x00000000_0x00015b67 engtype=copy pct=1.05
GPU_MEM t=11:56:22 luid=0x00000000_0x00015b67 dedicated_mb=21630
GPU_MEM t=11:56:22 luid=0x00000000_0x00018884 dedicated_mb=0
GPU_MEM t=11:56:22 luid=0x00000000_0x000188b7 dedicated_mb=12
GPU_MEM t=11:56:22 luid=0x00000000_0x0001a889 dedicated_mb=20
GPU_LOAD t=11:56:22 luid=0x00000000_0x00015b67 engtype=3d pct=0.05
GPU_LOAD t=11:56:22 luid=0x00000000_0x00015b67 engtype=compute 0 pct=29.93
GPU_LOAD t=11:56:22 luid=0x00000000_0x00015b67 engtype=copy pct=1.09
GPU_LOAD_TOP t=11:56:22 pid=37708 name=python luid=0x00000000_0x00015b67 engtype=compute 0 pct=29.93
GPU_LOAD_TOP t=11:56:22 pid=37708 name=python luid=0x00000000_0x00015b67 engtype=copy pct=1.09
GPU_MEM t=11:56:52 luid=0x00000000_0x00015b67 dedicated_mb=21650
GPU_MEM t=11:56:52 luid=0x00000000_0x00018884 dedicated_mb=0
GPU_MEM t=11:56:52 luid=0x00000000_0x000188b7 dedicated_mb=12
GPU_MEM t=11:56:52 luid=0x00000000_0x0001a889 dedicated_mb=20
GPU_LOAD t=11:56:52 luid=0x00000000_0x00015b67 engtype=3d pct=0.06
GPU_LOAD t=11:56:52 luid=0x00000000_0x00015b67 engtype=compute 0 pct=36.69
GPU_LOAD_TOP t=11:56:52 pid=37708 name=python luid=0x00000000_0x00015b67 engtype=compute 0 pct=36.69
GPU_MEM t=11:57:22 luid=0x00000000_0x00015b67 dedicated_mb=21730
GPU_MEM t=11:57:22 luid=0x00000000_0x00018884 dedicated_mb=0
GPU_MEM t=11:57:22 luid=0x00000000_0x000188b7 dedicated_mb=12
GPU_MEM t=11:57:22 luid=0x00000000_0x0001a889 dedicated_mb=20
GPU_LOAD t=11:57:22 luid=0x00000000_0x00015b67 engtype=compute 0 pct=28.93
GPU_LOAD t=11:57:22 luid=0x00000000_0x00015b67 engtype=copy pct=0.82
GPU_LOAD_TOP t=11:57:22 pid=37708 name=python luid=0x00000000_0x00015b67 engtype=compute 0 pct=28.93
GPU_LOAD_TOP t=11:57:22 pid=37708 name=python luid=0x00000000_0x00015b67 engtype=copy pct=0.82
