CPU_REFERENCE_AUDIT_ROW {"mutation": "act_int8_zp0", "recorded_status": "completed", "model_sha256": "3c97b606f9e74c6ff31f4885a97f9c8b6769947263140d134eb0a2af9ae911b1", "unoptimized_vs_baseline_unoptimized": {"images": 32, "max_abs": 0.0, "mae": 0.0, "rmse": 0.0, "exact_elements_fraction": 1.0, "argmax_agreement_fraction": 1.0}, "optimized_cpu_vs_unoptimized_cpu": {"images": 32, "max_abs": 0.0, "mae": 0.0, "rmse": 0.0, "exact_elements_fraction": 1.0, "argmax_agreement_fraction": 1.0}, "npu_vs_unoptimized_cpu": {"images": 32, "max_abs": 3.0, "mae": 0.6254453125, "rmse": 0.7563287665592259, "exact_elements_fraction": 0.05028125, "argmax_agreement_fraction": 0.875}, "npu_nodes": 393, "total_nodes": 395}
CPU_REFERENCE_AUDIT_ROW {"mutation": "baseline", "recorded_status": "completed", "model_sha256": "c1945d2dce29e6afeaed16ef8c2bcc5689044f5210543440f84fb258c29e0ea5", "unoptimized_vs_baseline_unoptimized": {"images": 32, "max_abs": 0.0, "mae": 0.0, "rmse": 0.0, "exact_elements_fraction": 1.0, "argmax_agreement_fraction": 1.0}, "optimized_cpu_vs_unoptimized_cpu": {"images": 32, "max_abs": 0.0, "mae": 0.0, "rmse": 0.0, "exact_elements_fraction": 1.0, "argmax_agreement_fraction": 1.0}, "npu_vs_unoptimized_cpu": {"images": 32, "max_abs": 3.0, "mae": 0.6254453125, "rmse": 0.7563287665592259, "exact_elements_fraction": 0.05028125, "argmax_agreement_fraction": 0.875}, "npu_nodes": 393, "total_nodes": 395}
CPU_REFERENCE_AUDIT_ROW {"mutation": "bias_int32_dtype", "recorded_status": "completed", "model_sha256": "76549b1ecf06f5162256adc98ec1f85cb72ba1e1013a6a5b1990741c67ff3c8f", "unoptimized_vs_baseline_unoptimized": {"images": 32, "max_abs": 0.0, "mae": 0.0, "rmse": 0.0, "exact_elements_fraction": 1.0, "argmax_agreement_fraction": 1.0}, "optimized_cpu_vs_unoptimized_cpu": {"images": 32, "max_abs": 31.875, "mae": 4.27594921875, "rmse": 5.035656019126877, "exact_elements_fraction": 0.00709375, "argmax_agreement_fraction": 0.0}, "npu_vs_unoptimized_cpu": {"images": 32, "max_abs": 3.0, "mae": 0.6254453125, "rmse": 0.7563287665592259, "exact_elements_fraction": 0.05028125, "argmax_agreement_fraction": 0.875}, "npu_nodes": 393, "total_nodes": 395}
CPU_REFERENCE_AUDIT_ROW {"mutation": "bias_int32_product", "recorded_status": "completed", "model_sha256": "a9467bdcb9a3ab532a571ccbba14ece692cc467765cefc82e2673bd486babbe8", "unoptimized_vs_baseline_unoptimized": {"images": 32, "max_abs": 0.0, "mae": 0.0, "rmse": 0.0, "exact_elements_fraction": 1.0, "argmax_agreement_fraction": 1.0}, "optimized_cpu_vs_unoptimized_cpu": {"images": 32, "max_abs": 0.0, "mae": 0.0, "rmse": 0.0, "exact_elements_fraction": 1.0, "argmax_agreement_fraction": 1.0}, "npu_vs_unoptimized_cpu": {"images": 32, "max_abs": 16.0, "mae": 7.8245234375, "rmse": 8.025161967796974, "exact_elements_fraction": 0.0001875, "argmax_agreement_fraction": 0.0}, "npu_nodes": 393, "total_nodes": 395}
CPU_REFERENCE_AUDIT_ROW {"mutation": "domain_msft", "recorded_status": "completed", "model_sha256": "e792c058f2ed23f3f4552cee291dc9e03a63ab866612113d0c450114422f70c5", "unoptimized_vs_baseline_unoptimized": {"images": 32, "max_abs": 0.0, "mae": 0.0, "rmse": 0.0, "exact_elements_fraction": 1.0, "argmax_agreement_fraction": 1.0}, "optimized_cpu_vs_unoptimized_cpu": {"images": 32, "max_abs": 0.0, "mae": 0.0, "rmse": 0.0, "exact_elements_fraction": 1.0, "argmax_agreement_fraction": 1.0}, "npu_vs_unoptimized_cpu": {"images": 32, "max_abs": 0.0, "mae": 0.0, "rmse": 0.0, "exact_elements_fraction": 1.0, "argmax_agreement_fraction": 1.0}, "npu_nodes": 0, "total_nodes": 395}
CPU_REFERENCE_AUDIT_ROW {"mutation": "drop_gap_mul", "recorded_status": "completed", "model_sha256": "ee90fcecefda10ac8b88ea4f744ecba13334a4a68e6ea733294d8f5a1bda090b", "unoptimized_vs_baseline_unoptimized": {"images": 32, "max_abs": 0.75, "mae": 0.02255859375, "rmse": 0.06249609362792206, "exact_elements_fraction": 0.84434375, "argmax_agreement_fraction": 1.0}, "optimized_cpu_vs_unoptimized_cpu": {"images": 32, "max_abs": 0.0, "mae": 0.0, "rmse": 0.0, "exact_elements_fraction": 1.0, "argmax_agreement_fraction": 1.0}, "npu_vs_unoptimized_cpu": {"images": 32, "max_abs": 3.0, "mae": 0.62631640625, "rmse": 0.7576907118631916, "exact_elements_fraction": 0.05190625, "argmax_agreement_fraction": 0.875}, "npu_nodes": 392, "total_nodes": 394}
CPU_REFERENCE_AUDIT_ROW {"mutation": "float_act_scales", "recorded_status": "completed", "model_sha256": "90e421f659c20e9f9ebd1b1d684ac720cb5230d8b30f7f29be4d0bfc81d0251a", "unoptimized_vs_baseline_unoptimized": {"images": 32, "max_abs": 3.375, "mae": 0.45575, "rmse": 0.5859395833296296, "exact_elements_fraction": 0.09109375, "argmax_agreement_fraction": 0.875}, "optimized_cpu_vs_unoptimized_cpu": {"images": 32, "max_abs": 0.0, "mae": 0.0, "rmse": 0.0, "exact_elements_fraction": 1.0, "argmax_agreement_fraction": 1.0}, "npu_vs_unoptimized_cpu": {"images": 32, "max_abs": 24.625, "mae": 3.6373125, "rmse": 4.230485413748344, "exact_elements_fraction": 0.00728125, "argmax_agreement_fraction": 0.0}, "npu_nodes": 393, "total_nodes": 395}
CPU_REFERENCE_AUDIT_ROW {"mutation": "float_weight_scales", "recorded_status": "completed", "model_sha256": "7e9d0b67f12fa247b9f3ddefca5a839047bd9bd472c22e0c8f825018181e0af0", "unoptimized_vs_baseline_unoptimized": {"images": 32, "max_abs": 3.875, "mae": 0.50021484375, "rmse": 0.6487484194344908, "exact_elements_fraction": 0.08471875, "argmax_agreement_fraction": 0.75}, "optimized_cpu_vs_unoptimized_cpu": {"images": 32, "max_abs": 0.0, "mae": 0.0, "rmse": 0.0, "exact_elements_fraction": 1.0, "argmax_agreement_fraction": 1.0}, "npu_vs_unoptimized_cpu": {"images": 32, "max_abs": 26.125, "mae": 10.7010078125, "rmse": 11.371654899628725, "exact_elements_fraction": 0.0003125, "argmax_agreement_fraction": 0.0}, "npu_nodes": 276, "total_nodes": 395}
CPU_REFERENCE_AUDIT_ROW {"mutation": "strip_metadata", "recorded_status": "completed", "model_sha256": "aa33eda2e0993bd633f3090a0ec7c69d5c4df4af4202ce2629d5503b926395bb", "unoptimized_vs_baseline_unoptimized": {"images": 32, "max_abs": 0.0, "mae": 0.0, "rmse": 0.0, "exact_elements_fraction": 1.0, "argmax_agreement_fraction": 1.0}, "optimized_cpu_vs_unoptimized_cpu": {"images": 32, "max_abs": 0.0, "mae": 0.0, "rmse": 0.0, "exact_elements_fraction": 1.0, "argmax_agreement_fraction": 1.0}, "npu_vs_unoptimized_cpu": {"images": 32, "max_abs": 3.0, "mae": 0.6254453125, "rmse": 0.7563287665592259, "exact_elements_fraction": 0.05028125, "argmax_agreement_fraction": 0.875}, "npu_nodes": 393, "total_nodes": 395}
CPU_REFERENCE_AUDIT {
  "ort_version": "1.23.3.dev20260320",
  "reference": "ORT_DISABLE_ALL CPUExecutionProvider",
  "rows": [
    {
      "mutation": "act_int8_zp0",
      "recorded_status": "completed",
      "model_sha256": "3c97b606f9e74c6ff31f4885a97f9c8b6769947263140d134eb0a2af9ae911b1",
      "unoptimized_vs_baseline_unoptimized": {
        "images": 32,
        "max_abs": 0.0,
        "mae": 0.0,
        "rmse": 0.0,
        "exact_elements_fraction": 1.0,
        "argmax_agreement_fraction": 1.0
      },
      "optimized_cpu_vs_unoptimized_cpu": {
        "images": 32,
        "max_abs": 0.0,
        "mae": 0.0,
        "rmse": 0.0,
        "exact_elements_fraction": 1.0,
        "argmax_agreement_fraction": 1.0
      },
      "npu_vs_unoptimized_cpu": {
        "images": 32,
        "max_abs": 3.0,
        "mae": 0.6254453125,
        "rmse": 0.7563287665592259,
        "exact_elements_fraction": 0.05028125,
        "argmax_agreement_fraction": 0.875
      },
      "npu_nodes": 393,
      "total_nodes": 395
    },
    {
      "mutation": "baseline",
      "recorded_status": "completed",
      "model_sha256": "c1945d2dce29e6afeaed16ef8c2bcc5689044f5210543440f84fb258c29e0ea5",
      "unoptimized_vs_baseline_unoptimized": {
        "images": 32,
        "max_abs": 0.0,
        "mae": 0.0,
        "rmse": 0.0,
        "exact_elements_fraction": 1.0,
        "argmax_agreement_fraction": 1.0
      },
      "optimized_cpu_vs_unoptimized_cpu": {
        "images": 32,
        "max_abs": 0.0,
        "mae": 0.0,
        "rmse": 0.0,
        "exact_elements_fraction": 1.0,
        "argmax_agreement_fraction": 1.0
      },
      "npu_vs_unoptimized_cpu": {
        "images": 32,
        "max_abs": 3.0,
        "mae": 0.6254453125,
        "rmse": 0.7563287665592259,
        "exact_elements_fraction": 0.05028125,
        "argmax_agreement_fraction": 0.875
      },
      "npu_nodes": 393,
      "total_nodes": 395
    },
    {
      "mutation": "bias_int32_dtype",
      "recorded_status": "completed",
      "model_sha256": "76549b1ecf06f5162256adc98ec1f85cb72ba1e1013a6a5b1990741c67ff3c8f",
      "unoptimized_vs_baseline_unoptimized": {
        "images": 32,
        "max_abs": 0.0,
        "mae": 0.0,
        "rmse": 0.0,
        "exact_elements_fraction": 1.0,
        "argmax_agreement_fraction": 1.0
      },
      "optimized_cpu_vs_unoptimized_cpu": {
        "images": 32,
        "max_abs": 31.875,
        "mae": 4.27594921875,
        "rmse": 5.035656019126877,
        "exact_elements_fraction": 0.00709375,
        "argmax_agreement_fraction": 0.0
      },
      "npu_vs_unoptimized_cpu": {
        "images": 32,
        "max_abs": 3.0,
        "mae": 0.6254453125,
        "rmse": 0.7563287665592259,
        "exact_elements_fraction": 0.05028125,
        "argmax_agreement_fraction": 0.875
      },
      "npu_nodes": 393,
      "total_nodes": 395
    },
    {
      "mutation": "bias_int32_product",
      "recorded_status": "completed",
      "model_sha256": "a9467bdcb9a3ab532a571ccbba14ece692cc467765cefc82e2673bd486babbe8",
      "unoptimized_vs_baseline_unoptimized": {
        "images": 32,
        "max_abs": 0.0,
        "mae": 0.0,
        "rmse": 0.0,
        "exact_elements_fraction": 1.0,
        "argmax_agreement_fraction": 1.0
      },
      "optimized_cpu_vs_unoptimized_cpu": {
        "images": 32,
        "max_abs": 0.0,
        "mae": 0.0,
        "rmse": 0.0,
        "exact_elements_fraction": 1.0,
        "argmax_agreement_fraction": 1.0
      },
      "npu_vs_unoptimized_cpu": {
        "images": 32,
        "max_abs": 16.0,
        "mae": 7.8245234375,
        "rmse": 8.025161967796974,
        "exact_elements_fraction": 0.0001875,
        "argmax_agreement_fraction": 0.0
      },
      "npu_nodes": 393,
      "total_nodes": 395
    },
    {
      "mutation": "domain_msft",
      "recorded_status": "completed",
      "model_sha256": "e792c058f2ed23f3f4552cee291dc9e03a63ab866612113d0c450114422f70c5",
      "unoptimized_vs_baseline_unoptimized": {
        "images": 32,
        "max_abs": 0.0,
        "mae": 0.0,
        "rmse": 0.0,
        "exact_elements_fraction": 1.0,
        "argmax_agreement_fraction": 1.0
      },
      "optimized_cpu_vs_unoptimized_cpu": {
        "images": 32,
        "max_abs": 0.0,
        "mae": 0.0,
        "rmse": 0.0,
        "exact_elements_fraction": 1.0,
        "argmax_agreement_fraction": 1.0
      },
      "npu_vs_unoptimized_cpu": {
        "images": 32,
        "max_abs": 0.0,
        "mae": 0.0,
        "rmse": 0.0,
        "exact_elements_fraction": 1.0,
        "argmax_agreement_fraction": 1.0
      },
      "npu_nodes": 0,
      "total_nodes": 395
    },
    {
      "mutation": "drop_gap_mul",
      "recorded_status": "completed",
      "model_sha256": "ee90fcecefda10ac8b88ea4f744ecba13334a4a68e6ea733294d8f5a1bda090b",
      "unoptimized_vs_baseline_unoptimized": {
        "images": 32,
        "max_abs": 0.75,
        "mae": 0.02255859375,
        "rmse": 0.06249609362792206,
        "exact_elements_fraction": 0.84434375,
        "argmax_agreement_fraction": 1.0
      },
      "optimized_cpu_vs_unoptimized_cpu": {
        "images": 32,
        "max_abs": 0.0,
        "mae": 0.0,
        "rmse": 0.0,
        "exact_elements_fraction": 1.0,
        "argmax_agreement_fraction": 1.0
      },
      "npu_vs_unoptimized_cpu": {
        "images": 32,
        "max_abs": 3.0,
        "mae": 0.62631640625,
        "rmse": 0.7576907118631916,
        "exact_elements_fraction": 0.05190625,
        "argmax_agreement_fraction": 0.875
      },
      "npu_nodes": 392,
      "total_nodes": 394
    },
    {
      "mutation": "float_act_scales",
      "recorded_status": "completed",
      "model_sha256": "90e421f659c20e9f9ebd1b1d684ac720cb5230d8b30f7f29be4d0bfc81d0251a",
      "unoptimized_vs_baseline_unoptimized": {
        "images": 32,
        "max_abs": 3.375,
        "mae": 0.45575,
        "rmse": 0.5859395833296296,
        "exact_elements_fraction": 0.09109375,
        "argmax_agreement_fraction": 0.875
      },
      "optimized_cpu_vs_unoptimized_cpu": {
        "images": 32,
        "max_abs": 0.0,
        "mae": 0.0,
        "rmse": 0.0,
        "exact_elements_fraction": 1.0,
        "argmax_agreement_fraction": 1.0
      },
      "npu_vs_unoptimized_cpu": {
        "images": 32,
        "max_abs": 24.625,
        "mae": 3.6373125,
        "rmse": 4.230485413748344,
        "exact_elements_fraction": 0.00728125,
        "argmax_agreement_fraction": 0.0
      },
      "npu_nodes": 393,
      "total_nodes": 395
    },
    {
      "mutation": "float_weight_scales",
      "recorded_status": "completed",
      "model_sha256": "7e9d0b67f12fa247b9f3ddefca5a839047bd9bd472c22e0c8f825018181e0af0",
      "unoptimized_vs_baseline_unoptimized": {
        "images": 32,
        "max_abs": 3.875,
        "mae": 0.50021484375,
        "rmse": 0.6487484194344908,
        "exact_elements_fraction": 0.08471875,
        "argmax_agreement_fraction": 0.75
      },
      "optimized_cpu_vs_unoptimized_cpu": {
        "images": 32,
        "max_abs": 0.0,
        "mae": 0.0,
        "rmse": 0.0,
        "exact_elements_fraction": 1.0,
        "argmax_agreement_fraction": 1.0
      },
      "npu_vs_unoptimized_cpu": {
        "images": 32,
        "max_abs": 26.125,
        "mae": 10.7010078125,
        "rmse": 11.371654899628725,
        "exact_elements_fraction": 0.0003125,
        "argmax_agreement_fraction": 0.0
      },
      "npu_nodes": 276,
      "total_nodes": 395
    },
    {
      "mutation": "strip_metadata",
      "recorded_status": "completed",
      "model_sha256": "aa33eda2e0993bd633f3090a0ec7c69d5c4df4af4202ce2629d5503b926395bb",
      "unoptimized_vs_baseline_unoptimized": {
        "images": 32,
        "max_abs": 0.0,
        "mae": 0.0,
        "rmse": 0.0,
        "exact_elements_fraction": 1.0,
        "argmax_agreement_fraction": 1.0
      },
      "optimized_cpu_vs_unoptimized_cpu": {
        "images": 32,
        "max_abs": 0.0,
        "mae": 0.0,
        "rmse": 0.0,
        "exact_elements_fraction": 1.0,
        "argmax_agreement_fraction": 1.0
      },
      "npu_vs_unoptimized_cpu": {
        "images": 32,
        "max_abs": 3.0,
        "mae": 0.6254453125,
        "rmse": 0.7563287665592259,
        "exact_elements_fraction": 0.05028125,
        "argmax_agreement_fraction": 0.875
      },
      "npu_nodes": 393,
      "total_nodes": 395
    },
    {
      "mutation": "weights_per_channel",
      "recorded_status": "npu_build_started",
      "model_sha256": "3d14254b8a0eb2dfdbae452253db5371b8de750422143e1cd1ee1592bef3cb9a",
      "note": "No completed NPU output; no placement or numerical verdict"
    }
  ]
}
