PROBE_PREPARED {
  "status": "prepared",
  "machine": "Desktop 2 / Ryzen 7 8700G",
  "mutation": {
    "name": "bias_int32_dtype",
    "note": "Cast stored INT8 biases and their zero points to INT32; same scales and real bias values.",
    "changed_initializers": [
      {
        "name": "fc.bias_quantized",
        "before_dtype": "int8",
        "after_dtype": "int32",
        "before_shape": [
          1000
        ],
        "after_shape": [
          1000
        ]
      },
      {
        "name": "fc.bias_zero_point",
        "before_dtype": "int8",
        "after_dtype": "int32",
        "before_shape": [],
        "after_shape": []
      },
      {
        "name": "onnx::Conv_498_quantized",
        "before_dtype": "int8",
        "after_dtype": "int32",
        "before_shape": [
          64
        ],
        "after_shape": [
          64
        ]
      },
      {
        "name": "onnx::Conv_498_zero_point",
        "before_dtype": "int8",
        "after_dtype": "int32",
        "before_shape": [],
        "after_shape": []
      },
      {
        "name": "onnx::Conv_501_quantized",
        "before_dtype": "int8",
        "after_dtype": "int32",
        "before_shape": [
          64
        ],
        "after_shape": [
          64
        ]
      },
      {
        "name": "onnx::Conv_501_zero_point",
        "before_dtype": "int8",
        "after_dtype": "int32",
        "before_shape": [],
        "after_shape": []
      },
      {
        "name": "onnx::Conv_504_quantized",
        "before_dtype": "int8",
        "after_dtype": "int32",
        "before_shape": [
          64
        ],
        "after_shape": [
          64
        ]
      },
      {
        "name": "onnx::Conv_504_zero_point",
        "before_dtype": "int8",
        "after_dtype": "int32",
        "before_shape": [],
        "after_shape": []
      },
      {
        "name": "onnx::Conv_507_quantized",
        "before_dtype": "int8",
        "after_dtype": "int32",
        "before_shape": [
          256
        ],
        "after_shape": [
          256
        ]
      },
      {
        "name": "onnx::Conv_507_zero_point",
        "before_dtype": "int8",
        "after_dtype": "int32",
        "before_shape": [],
        "after_shape": []
      },
      {
        "name": "onnx::Conv_510_quantized",
        "before_dtype": "int8",
        "after_dtype": "int32",
        "before_shape": [
          256
        ],
        "after_shape": [
          256
        ]
      },
      {
        "name": "onnx::Conv_510_zero_point",
        "before_dtype": "int8",
        "after_dtype": "int32",
        "before_shape": [],
        "after_shape": []
      },
      {
        "name": "onnx::Conv_513_quantized",
        "before_dtype": "int8",
        "after_dtype": "int32",
        "before_shape": [
          64
        ],
        "after_shape": [
          64
        ]
      },
      {
        "name": "onnx::Conv_513_zero_point",
        "before_dtype": "int8",
        "after_dtype": "int32",
        "before_shape": [],
        "after_shape": []
      },
      {
        "name": "onnx::Conv_516_quantized",
        "before_dtype": "int8",
        "after_dtype": "int32",
        "before_shape": [
          64
        ],
        "after_shape": [
          64
        ]
      },
      {
        "name": "onnx::Conv_516_zero_point",
        "before_dtype": "int8",
        "after_dtype": "int32",
        "before_shape": [],
        "after_shape": []
      },
      {
        "name": "onnx::Conv_519_quantized",
        "before_dtype": "int8",
        "after_dtype": "int32",
        "before_shape": [
          256
        ],
        "after_shape": [
          256
        ]
      },
      {
        "name": "onnx::Conv_519_zero_point",
        "before_dtype": "int8",
        "after_dtype": "int32",
        "before_shape": [],
        "after_shape": []
      },
      {
        "name": "onnx::Conv_522_quantized",
        "before_dtype": "int8",
        "after_dtype": "int32",
        "before_shape": [
          64
        ],
        "after_shape": [
          64
        ]
      },
      {
        "name": "onnx::Conv_522_zero_point",
        "before_dtype": "int8",
        "after_dtype": "int32",
        "before_shape": [],
        "after_shape": []
      },
      {
        "name": "onnx::Conv_525_quantized",
        "before_dtype": "int8",
        "after_dtype": "int32",
        "before_shape": [
          64
        ],
        "after_shape": [
          64
        ]
      },
      {
        "name": "onnx::Conv_525_zero_point",
        "before_dtype": "int8",
        "after_dtype": "int32",
        "before_shape": [],
        "after_shape": []
      },
      {
        "name": "onnx::Conv_528_quantized",
        "before_dtype": "int8",
        "after_dtype": "int32",
        "before_shape": [
          256
        ],
        "after_shape": [
          256
        ]
      },
      {
        "name": "onnx::Conv_528_zero_point",
        "before_dtype": "int8",
        "after_dtype": "int32",
        "before_shape": [],
        "after_shape": []
      },
      {
        "name": "onnx::Conv_531_quantized",
        "before_dtype": "int8",
        "after_dtype": "int32",
        "before_shape": [
          128
        ],
        "after_shape": [
          128
        ]
      },
      {
        "name": "onnx::Conv_531_zero_point",
        "before_dtype": "int8",
        "after_dtype": "int32",
        "before_shape": [],
        "after_shape": []
      },
      {
        "name": "onnx::Conv_534_quantized",
        "before_dtype": "int8",
        "after_dtype": "int32",
        "before_shape": [
          128
        ],
        "after_shape": [
          128
        ]
      },
      {
        "name": "onnx::Conv_534_zero_point",
        "before_dtype": "int8",
        "after_dtype": "int32",
        "before_shape": [],
        "after_shape": []
      },
      {
        "name": "onnx::Conv_537_quantized",
        "before_dtype": "int8",
        "after_dtype": "int32",
        "before_shape": [
          512
        ],
        "after_shape": [
          512
        ]
      },
      {
        "name": "onnx::Conv_537_zero_point",
        "before_dtype": "int8",
        "after_dtype": "int32",
        "before_shape": [],
        "after_shape": []
      },
      {
        "name": "onnx::Conv_540_quantized",
        "before_dtype": "int8",
        "after_dtype": "int32",
        "before_shape": [
          512
        ],
        "after_shape": [
          512
        ]
      },
      {
        "name": "onnx::Conv_540_zero_point",
        "before_dtype": "int8",
        "after_dtype": "int32",
        "before_shape": [],
        "after_shape": []
      },
      {
        "name": "onnx::Conv_543_quantized",
        "before_dtype": "int8",
        "after_dtype": "int32",
        "before_shape": [
          128
        ],
        "after_shape": [
          128
        ]
      },
      {
        "name": "onnx::Conv_543_zero_point",
        "before_dtype": "int8",
        "after_dtype": "int32",
        "before_shape": [],
        "after_shape": []
      },
      {
        "name": "onnx::Conv_546_quantized",
        "before_dtype": "int8",
        "after_dtype": "int32",
        "before_shape": [
          128
        ],
        "after_shape": [
          128
        ]
      },
      {
        "name": "onnx::Conv_546_zero_point",
        "before_dtype": "int8",
        "after_dtype": "int32",
        "before_shape": [],
        "after_shape": []
      },
      {
        "name": "onnx::Conv_549_quantized",
        "before_dtype": "int8",
        "after_dtype": "int32",
        "before_shape": [
          512
        ],
        "after_shape": [
          512
        ]
      },
      {
        "name": "onnx::Conv_549_zero_point",
        "before_dtype": "int8",
        "after_dtype": "int32",
        "before_shape": [],
        "after_shape": []
      },
      {
        "name": "onnx::Conv_552_quantized",
        "before_dtype": "int8",
        "after_dtype": "int32",
        "before_shape": [
          128
        ],
        "after_shape": [
          128
        ]
      },
      {
        "name": "onnx::Conv_552_zero_point",
        "before_dtype": "int8",
        "after_dtype": "int32",
        "before_shape": [],
        "after_shape": []
      },
      {
        "name": "onnx::Conv_555_quantized",
        "before_dtype": "int8",
        "after_dtype": "int32",
        "before_shape": [
          128
        ],
        "after_shape": [
          128
        ]
      },
      {
        "name": "onnx::Conv_555_zero_point",
        "before_dtype": "int8",
        "after_dtype": "int32",
        "before_shape": [],
        "after_shape": []
      },
      {
        "name": "onnx::Conv_558_quantized",
        "before_dtype": "int8",
        "after_dtype": "int32",
        "before_shape": [
          512
        ],
        "after_shape": [
          512
        ]
      },
      {
        "name": "onnx::Conv_558_zero_point",
        "before_dtype": "int8",
        "after_dtype": "int32",
        "before_shape": [],
        "after_shape": []
      },
      {
        "name": "onnx::Conv_561_quantized",
        "before_dtype": "int8",
        "after_dtype": "int32",
        "before_shape": [
          128
        ],
        "after_shape": [
          128
        ]
      },
      {
        "name": "onnx::Conv_561_zero_point",
        "before_dtype": "int8",
        "after_dtype": "int32",
        "before_shape": [],
        "after_shape": []
      },
      {
        "name": "onnx::Conv_564_quantized",
        "before_dtype": "int8",
        "after_dtype": "int32",
        "before_shape": [
          128
        ],
        "after_shape": [
          128
        ]
      },
      {
        "name": "onnx::Conv_564_zero_point",
        "before_dtype": "int8",
        "after_dtype": "int32",
        "before_shape": [],
        "after_shape": []
      },
      {
        "name": "onnx::Conv_567_quantized",
        "before_dtype": "int8",
        "after_dtype": "int32",
        "before_shape": [
          512
        ],
        "after_shape": [
          512
        ]
      },
      {
        "name": "onnx::Conv_567_zero_point",
        "before_dtype": "int8",
        "after_dtype": "int32",
        "before_shape": [],
        "after_shape": []
      },
      {
        "name": "onnx::Conv_570_quantized",
        "before_dtype": "int8",
        "after_dtype": "int32",
        "before_shape": [
          256
        ],
        "after_shape": [
          256
        ]
      },
      {
        "name": "onnx::Conv_570_zero_point",
        "before_dtype": "int8",
        "after_dtype": "int32",
        "before_shape": [],
        "after_shape": []
      },
      {
        "name": "onnx::Conv_573_quantized",
        "before_dtype": "int8",
        "after_dtype": "int32",
        "before_shape": [
          256
        ],
        "after_shape": [
          256
        ]
      },
      {
        "name": "onnx::Conv_573_zero_point",
        "before_dtype": "int8",
        "after_dtype": "int32",
        "before_shape": [],
        "after_shape": []
      },
      {
        "name": "onnx::Conv_576_quantized",
        "before_dtype": "int8",
        "after_dtype": "int32",
        "before_shape": [
          1024
        ],
        "after_shape": [
          1024
        ]
      },
      {
        "name": "onnx::Conv_576_zero_point",
        "before_dtype": "int8",
        "after_dtype": "int32",
        "before_shape": [],
        "after_shape": []
      },
      {
        "name": "onnx::Conv_579_quantized",
        "before_dtype": "int8",
        "after_dtype": "int32",
        "before_shape": [
          1024
        ],
        "after_shape": [
          1024
        ]
      },
      {
        "name": "onnx::Conv_579_zero_point",
        "before_dtype": "int8",
        "after_dtype": "int32",
        "before_shape": [],
        "after_shape": []
      },
      {
        "name": "onnx::Conv_582_quantized",
        "before_dtype": "int8",
        "after_dtype": "int32",
        "before_shape": [
          256
        ],
        "after_shape": [
          256
        ]
      },
      {
        "name": "onnx::Conv_582_zero_point",
        "before_dtype": "int8",
        "after_dtype": "int32",
        "before_shape": [],
        "after_shape": []
      },
      {
        "name": "onnx::Conv_585_quantized",
        "before_dtype": "int8",
        "after_dtype": "int32",
        "before_shape": [
          256
        ],
        "after_shape": [
          256
        ]
      },
      {
        "name": "onnx::Conv_585_zero_point",
        "before_dtype": "int8",
        "after_dtype": "int32",
        "before_shape": [],
        "after_shape": []
      },
      {
        "name": "onnx::Conv_588_quantized",
        "before_dtype": "int8",
        "after_dtype": "int32",
        "before_shape": [
          1024
        ],
        "after_shape": [
          1024
        ]
      },
      {
        "name": "onnx::Conv_588_zero_point",
        "before_dtype": "int8",
        "after_dtype": "int32",
        "before_shape": [],
        "after_shape": []
      },
      {
        "name": "onnx::Conv_591_quantized",
        "before_dtype": "int8",
        "after_dtype": "int32",
        "before_shape": [
          256
        ],
        "after_shape": [
          256
        ]
      },
      {
        "name": "onnx::Conv_591_zero_point",
        "before_dtype": "int8",
        "after_dtype": "int32",
        "before_shape": [],
        "after_shape": []
      },
      {
        "name": "onnx::Conv_594_quantized",
        "before_dtype": "int8",
        "after_dtype": "int32",
        "before_shape": [
          256
        ],
        "after_shape": [
          256
        ]
      },
      {
        "name": "onnx::Conv_594_zero_point",
        "before_dtype": "int8",
        "after_dtype": "int32",
        "before_shape": [],
        "after_shape": []
      },
      {
        "name": "onnx::Conv_597_quantized",
        "before_dtype": "int8",
        "after_dtype": "int32",
        "before_shape": [
          1024
        ],
        "after_shape": [
          1024
        ]
      },
      {
        "name": "onnx::Conv_597_zero_point",
        "before_dtype": "int8",
        "after_dtype": "int32",
        "before_shape": [],
        "after_shape": []
      },
      {
        "name": "onnx::Conv_600_quantized",
        "before_dtype": "int8",
        "after_dtype": "int32",
        "before_shape": [
          256
        ],
        "after_shape": [
          256
        ]
      },
      {
        "name": "onnx::Conv_600_zero_point",
        "before_dtype": "int8",
        "after_dtype": "int32",
        "before_shape": [],
        "after_shape": []
      },
      {
        "name": "onnx::Conv_603_quantized",
        "before_dtype": "int8",
        "after_dtype": "int32",
        "before_shape": [
          256
        ],
        "after_shape": [
          256
        ]
      },
      {
        "name": "onnx::Conv_603_zero_point",
        "before_dtype": "int8",
        "after_dtype": "int32",
        "before_shape": [],
        "after_shape": []
      },
      {
        "name": "onnx::Conv_606_quantized",
        "before_dtype": "int8",
        "after_dtype": "int32",
        "before_shape": [
          1024
        ],
        "after_shape": [
          1024
        ]
      },
      {
        "name": "onnx::Conv_606_zero_point",
        "before_dtype": "int8",
        "after_dtype": "int32",
        "before_shape": [],
        "after_shape": []
      },
      {
        "name": "onnx::Conv_609_quantized",
        "before_dtype": "int8",
        "after_dtype": "int32",
        "before_shape": [
          256
        ],
        "after_shape": [
          256
        ]
      },
      {
        "name": "onnx::Conv_609_zero_point",
        "before_dtype": "int8",
        "after_dtype": "int32",
        "before_shape": [],
        "after_shape": []
      },
      {
        "name": "onnx::Conv_612_quantized",
        "before_dtype": "int8",
        "after_dtype": "int32",
        "before_shape": [
          256
        ],
        "after_shape": [
          256
        ]
      },
      {
        "name": "onnx::Conv_612_zero_point",
        "before_dtype": "int8",
        "after_dtype": "int32",
        "before_shape": [],
        "after_shape": []
      },
      {
        "name": "onnx::Conv_615_quantized",
        "before_dtype": "int8",
        "after_dtype": "int32",
        "before_shape": [
          1024
        ],
        "after_shape": [
          1024
        ]
      },
      {
        "name": "onnx::Conv_615_zero_point",
        "before_dtype": "int8",
        "after_dtype": "int32",
        "before_shape": [],
        "after_shape": []
      },
      {
        "name": "onnx::Conv_618_quantized",
        "before_dtype": "int8",
        "after_dtype": "int32",
        "before_shape": [
          256
        ],
        "after_shape": [
          256
        ]
      },
      {
        "name": "onnx::Conv_618_zero_point",
        "before_dtype": "int8",
        "after_dtype": "int32",
        "before_shape": [],
        "after_shape": []
      },
      {
        "name": "onnx::Conv_621_quantized",
        "before_dtype": "int8",
        "after_dtype": "int32",
        "before_shape": [
          256
        ],
        "after_shape": [
          256
        ]
      },
      {
        "name": "onnx::Conv_621_zero_point",
        "before_dtype": "int8",
        "after_dtype": "int32",
        "before_shape": [],
        "after_shape": []
      },
      {
        "name": "onnx::Conv_624_quantized",
        "before_dtype": "int8",
        "after_dtype": "int32",
        "before_shape": [
          1024
        ],
        "after_shape": [
          1024
        ]
      },
      {
        "name": "onnx::Conv_624_zero_point",
        "before_dtype": "int8",
        "after_dtype": "int32",
        "before_shape": [],
        "after_shape": []
      },
      {
        "name": "onnx::Conv_627_quantized",
        "before_dtype": "int8",
        "after_dtype": "int32",
        "before_shape": [
          512
        ],
        "after_shape": [
          512
        ]
      },
      {
        "name": "onnx::Conv_627_zero_point",
        "before_dtype": "int8",
        "after_dtype": "int32",
        "before_shape": [],
        "after_shape": []
      },
      {
        "name": "onnx::Conv_630_quantized",
        "before_dtype": "int8",
        "after_dtype": "int32",
        "before_shape": [
          512
        ],
        "after_shape": [
          512
        ]
      },
      {
        "name": "onnx::Conv_630_zero_point",
        "before_dtype": "int8",
        "after_dtype": "int32",
        "before_shape": [],
        "after_shape": []
      },
      {
        "name": "onnx::Conv_633_quantized",
        "before_dtype": "int8",
        "after_dtype": "int32",
        "before_shape": [
          2048
        ],
        "after_shape": [
          2048
        ]
      },
      {
        "name": "onnx::Conv_633_zero_point",
        "before_dtype": "int8",
        "after_dtype": "int32",
        "before_shape": [],
        "after_shape": []
      },
      {
        "name": "onnx::Conv_636_quantized",
        "before_dtype": "int8",
        "after_dtype": "int32",
        "before_shape": [
          2048
        ],
        "after_shape": [
          2048
        ]
      },
      {
        "name": "onnx::Conv_636_zero_point",
        "before_dtype": "int8",
        "after_dtype": "int32",
        "before_shape": [],
        "after_shape": []
      },
      {
        "name": "onnx::Conv_639_quantized",
        "before_dtype": "int8",
        "after_dtype": "int32",
        "before_shape": [
          512
        ],
        "after_shape": [
          512
        ]
      },
      {
        "name": "onnx::Conv_639_zero_point",
        "before_dtype": "int8",
        "after_dtype": "int32",
        "before_shape": [],
        "after_shape": []
      },
      {
        "name": "onnx::Conv_642_quantized",
        "before_dtype": "int8",
        "after_dtype": "int32",
        "before_shape": [
          512
        ],
        "after_shape": [
          512
        ]
      },
      {
        "name": "onnx::Conv_642_zero_point",
        "before_dtype": "int8",
        "after_dtype": "int32",
        "before_shape": [],
        "after_shape": []
      },
      {
        "name": "onnx::Conv_645_quantized",
        "before_dtype": "int8",
        "after_dtype": "int32",
        "before_shape": [
          2048
        ],
        "after_shape": [
          2048
        ]
      },
      {
        "name": "onnx::Conv_645_zero_point",
        "before_dtype": "int8",
        "after_dtype": "int32",
        "before_shape": [],
        "after_shape": []
      },
      {
        "name": "onnx::Conv_648_quantized",
        "before_dtype": "int8",
        "after_dtype": "int32",
        "before_shape": [
          512
        ],
        "after_shape": [
          512
        ]
      },
      {
        "name": "onnx::Conv_648_zero_point",
        "before_dtype": "int8",
        "after_dtype": "int32",
        "before_shape": [],
        "after_shape": []
      },
      {
        "name": "onnx::Conv_651_quantized",
        "before_dtype": "int8",
        "after_dtype": "int32",
        "before_shape": [
          512
        ],
        "after_shape": [
          512
        ]
      },
      {
        "name": "onnx::Conv_651_zero_point",
        "before_dtype": "int8",
        "after_dtype": "int32",
        "before_shape": [],
        "after_shape": []
      },
      {
        "name": "onnx::Conv_654_quantized",
        "before_dtype": "int8",
        "after_dtype": "int32",
        "before_shape": [
          2048
        ],
        "after_shape": [
          2048
        ]
      },
      {
        "name": "onnx::Conv_654_zero_point",
        "before_dtype": "int8",
        "after_dtype": "int32",
        "before_shape": [],
        "after_shape": []
      }
    ],
    "changed_nodes": [],
    "nodes_before": 380,
    "nodes_after": 380
  },
  "base_sha256": "c1945d2dce29e6afeaed16ef8c2bcc5689044f5210543440f84fb258c29e0ea5",
  "model_sha256": "76549b1ecf06f5162256adc98ec1f85cb72ba1e1013a6a5b1990741c67ff3c8f",
  "ort_version": "1.23.3.dev20260320",
  "images": 32,
  "scope": "diagnostic output agreement; not dataset accuracy",
  "listing": [
    "data/eval/000000.jpg",
    "data/eval/000001.jpg",
    "data/eval/000002.jpg",
    "data/eval/000003.jpg",
    "data/eval/000004.jpg",
    "data/eval/000005.jpg",
    "data/eval/000006.jpg",
    "data/eval/000007.jpg",
    "data/eval/000008.jpg",
    "data/eval/000009.jpg",
    "data/eval/000010.jpg",
    "data/eval/000011.jpg",
    "data/eval/000012.jpg",
    "data/eval/000013.jpg",
    "data/eval/000014.jpg",
    "data/eval/000015.jpg",
    "data/eval/000016.jpg",
    "data/eval/000017.jpg",
    "data/eval/000018.jpg",
    "data/eval/000019.jpg",
    "data/eval/000020.jpg",
    "data/eval/000021.jpg",
    "data/eval/000022.jpg",
    "data/eval/000023.jpg",
    "data/eval/000024.jpg",
    "data/eval/000025.jpg",
    "data/eval/000026.jpg",
    "data/eval/000027.jpg",
    "data/eval/000028.jpg",
    "data/eval/000029.jpg",
    "data/eval/000030.jpg",
    "data/eval/000031.jpg"
  ],
  "preprocess": {
    "input_size": [
      3,
      224,
      224
    ],
    "interpolation": "bicubic",
    "mean": [
      0.485,
      0.456,
      0.406
    ],
    "std": [
      0.229,
      0.224,
      0.225
    ],
    "crop_pct": 0.95,
    "crop_mode": "center"
  },
  "inputs_sha256": "8482bcbcbd18be08d7d719bdcc31a23a0a3798d5fc960b5db20d4cdc550380ca",
  "cache_key": "modelcachekey",
  "fresh": true
}
CPU_COMPARISON {"images": 32, "max_abs": 31.875, "mae": 4.27594921875, "rmse": 5.035656019126877, "exact_elements_fraction": 0.00709375, "argmax_agreement_fraction": 0.0}
PRE_NPU_CONTEXT_WITNESS

-----------------------------
[003d:00:01.1] : NPU Phoenix
-----------------------------
AIE Partitions
  No hardware contexts running on device


deleted stale cache C:\Users\<user>\PycharmProjects\ryzen-ai-xdna1-quantization\scratch\quant-worktree\modelcachekey
RYZEN_AI_INSTALLATION_PATH = C:\Program Files\RyzenAI\1.7.1
xclbin: C:\Program Files\RyzenAI\1.7.1\voe-4.0-win_amd64\xclbins\phoenix\4x4.xclbin
onnxruntime 1.23.3.dev20260320  providers: ['VitisAIExecutionProvider', 'DmlExecutionProvider', 'CPUExecutionProvider']
cache:  C:\Users\<user>\PycharmProjects\ryzen-ai-xdna1-quantization\scratch\quant-worktree\modelcachekey
First run compiles the model. It takes a while and looks frozen. It isn't.
EP_PLACEMENT {
  "report_sha256": "6740594ec44aaec5b03f80c240972e7915fb87f20b58b717c958a6eccac2cff8",
  "total": 395,
  "npu": 393,
  "device_counts": {
    "CPU": 2,
    "NPU": 393
  },
  "ops_by_device": {
    "CPU:DequantizeLinear": 1,
    "CPU:QuantizeLinear": 1,
    "NPU:Add": 16,
    "NPU:Conv": 53,
    "NPU:DequantizeLinear": 197,
    "NPU:Flatten": 1,
    "NPU:Gemm": 1,
    "NPU:GlobalAveragePool": 1,
    "NPU:MaxPool": 1,
    "NPU:Mul": 1,
    "NPU:QuantizeLinear": 73,
    "NPU:Relu": 49
  },
  "non_npu_count": 2,
  "non_npu_first_25": [
    {
      "device": "CPU",
      "opType": "QuantizeLinear",
      "input": [
        "input",
        "onnx::Conv_518_scale",
        "input_zero_point"
      ],
      "output": [
        "input_QuantizeLinear_Output"
      ]
    },
    {
      "device": "CPU",
      "opType": "DequantizeLinear",
      "input": [
        "output_QuantizeLinear_Output",
        "onnx::Conv_519_scale",
        "output_zero_point"
      ],
      "output": [
        "output"
      ]
    }
  ],
  "deviceStat": [
    {
      "name": "all",
      "nodeNum": 395,
      "supportedOpType": [
        "::Add",
        "::Conv",
        "::DequantizeLinear",
        "::Flatten",
        "::Gemm",
        "::GlobalAveragePool",
        "::MaxPool",
        "::Mul",
        "::QuantizeLinear",
        "::Relu"
      ]
    },
    {
      "name": "NPU",
      "nodeNum": 393,
      "supportedOpType": [
        "::Add",
        "::Conv",
        "::DequantizeLinear",
        "::Flatten",
        "::Gemm",
        "::GlobalAveragePool",
        "::MaxPool",
        "::Mul",
        "::QuantizeLinear",
        "::Relu"
      ]
    },
    {
      "name": "VITIS_EP_CPU",
      "nodeNum": 2,
      "supportedOpType": [
        "::DequantizeLinear",
        "::QuantizeLinear"
      ]
    }
  ]
}
PROBE_RESULT {
  "status": "completed",
  "machine": "Desktop 2 / Ryzen 7 8700G",
  "mutation": {
    "name": "bias_int32_dtype",
    "note": "Cast stored INT8 biases and their zero points to INT32; same scales and real bias values.",
    "changed_initializers": [
      {
        "name": "fc.bias_quantized",
        "before_dtype": "int8",
        "after_dtype": "int32",
        "before_shape": [
          1000
        ],
        "after_shape": [
          1000
        ]
      },
      {
        "name": "fc.bias_zero_point",
        "before_dtype": "int8",
        "after_dtype": "int32",
        "before_shape": [],
        "after_shape": []
      },
      {
        "name": "onnx::Conv_498_quantized",
        "before_dtype": "int8",
        "after_dtype": "int32",
        "before_shape": [
          64
        ],
        "after_shape": [
          64
        ]
      },
      {
        "name": "onnx::Conv_498_zero_point",
        "before_dtype": "int8",
        "after_dtype": "int32",
        "before_shape": [],
        "after_shape": []
      },
      {
        "name": "onnx::Conv_501_quantized",
        "before_dtype": "int8",
        "after_dtype": "int32",
        "before_shape": [
          64
        ],
        "after_shape": [
          64
        ]
      },
      {
        "name": "onnx::Conv_501_zero_point",
        "before_dtype": "int8",
        "after_dtype": "int32",
        "before_shape": [],
        "after_shape": []
      },
      {
        "name": "onnx::Conv_504_quantized",
        "before_dtype": "int8",
        "after_dtype": "int32",
        "before_shape": [
          64
        ],
        "after_shape": [
          64
        ]
      },
      {
        "name": "onnx::Conv_504_zero_point",
        "before_dtype": "int8",
        "after_dtype": "int32",
        "before_shape": [],
        "after_shape": []
      },
      {
        "name": "onnx::Conv_507_quantized",
        "before_dtype": "int8",
        "after_dtype": "int32",
        "before_shape": [
          256
        ],
        "after_shape": [
          256
        ]
      },
      {
        "name": "onnx::Conv_507_zero_point",
        "before_dtype": "int8",
        "after_dtype": "int32",
        "before_shape": [],
        "after_shape": []
      },
      {
        "name": "onnx::Conv_510_quantized",
        "before_dtype": "int8",
        "after_dtype": "int32",
        "before_shape": [
          256
        ],
        "after_shape": [
          256
        ]
      },
      {
        "name": "onnx::Conv_510_zero_point",
        "before_dtype": "int8",
        "after_dtype": "int32",
        "before_shape": [],
        "after_shape": []
      },
      {
        "name": "onnx::Conv_513_quantized",
        "before_dtype": "int8",
        "after_dtype": "int32",
        "before_shape": [
          64
        ],
        "after_shape": [
          64
        ]
      },
      {
        "name": "onnx::Conv_513_zero_point",
        "before_dtype": "int8",
        "after_dtype": "int32",
        "before_shape": [],
        "after_shape": []
      },
      {
        "name": "onnx::Conv_516_quantized",
        "before_dtype": "int8",
        "after_dtype": "int32",
        "before_shape": [
          64
        ],
        "after_shape": [
          64
        ]
      },
      {
        "name": "onnx::Conv_516_zero_point",
        "before_dtype": "int8",
        "after_dtype": "int32",
        "before_shape": [],
        "after_shape": []
      },
      {
        "name": "onnx::Conv_519_quantized",
        "before_dtype": "int8",
        "after_dtype": "int32",
        "before_shape": [
          256
        ],
        "after_shape": [
          256
        ]
      },
      {
        "name": "onnx::Conv_519_zero_point",
        "before_dtype": "int8",
        "after_dtype": "int32",
        "before_shape": [],
        "after_shape": []
      },
      {
        "name": "onnx::Conv_522_quantized",
        "before_dtype": "int8",
        "after_dtype": "int32",
        "before_shape": [
          64
        ],
        "after_shape": [
          64
        ]
      },
      {
        "name": "onnx::Conv_522_zero_point",
        "before_dtype": "int8",
        "after_dtype": "int32",
        "before_shape": [],
        "after_shape": []
      },
      {
        "name": "onnx::Conv_525_quantized",
        "before_dtype": "int8",
        "after_dtype": "int32",
        "before_shape": [
          64
        ],
        "after_shape": [
          64
        ]
      },
      {
        "name": "onnx::Conv_525_zero_point",
        "before_dtype": "int8",
        "after_dtype": "int32",
        "before_shape": [],
        "after_shape": []
      },
      {
        "name": "onnx::Conv_528_quantized",
        "before_dtype": "int8",
        "after_dtype": "int32",
        "before_shape": [
          256
        ],
        "after_shape": [
          256
        ]
      },
      {
        "name": "onnx::Conv_528_zero_point",
        "before_dtype": "int8",
        "after_dtype": "int32",
        "before_shape": [],
        "after_shape": []
      },
      {
        "name": "onnx::Conv_531_quantized",
        "before_dtype": "int8",
        "after_dtype": "int32",
        "before_shape": [
          128
        ],
        "after_shape": [
          128
        ]
      },
      {
        "name": "onnx::Conv_531_zero_point",
        "before_dtype": "int8",
        "after_dtype": "int32",
        "before_shape": [],
        "after_shape": []
      },
      {
        "name": "onnx::Conv_534_quantized",
        "before_dtype": "int8",
        "after_dtype": "int32",
        "before_shape": [
          128
        ],
        "after_shape": [
          128
        ]
      },
      {
        "name": "onnx::Conv_534_zero_point",
        "before_dtype": "int8",
        "after_dtype": "int32",
        "before_shape": [],
        "after_shape": []
      },
      {
        "name": "onnx::Conv_537_quantized",
        "before_dtype": "int8",
        "after_dtype": "int32",
        "before_shape": [
          512
        ],
        "after_shape": [
          512
        ]
      },
      {
        "name": "onnx::Conv_537_zero_point",
        "before_dtype": "int8",
        "after_dtype": "int32",
        "before_shape": [],
        "after_shape": []
      },
      {
        "name": "onnx::Conv_540_quantized",
        "before_dtype": "int8",
        "after_dtype": "int32",
        "before_shape": [
          512
        ],
        "after_shape": [
          512
        ]
      },
      {
        "name": "onnx::Conv_540_zero_point",
        "before_dtype": "int8",
        "after_dtype": "int32",
        "before_shape": [],
        "after_shape": []
      },
      {
        "name": "onnx::Conv_543_quantized",
        "before_dtype": "int8",
        "after_dtype": "int32",
        "before_shape": [
          128
        ],
        "after_shape": [
          128
        ]
      },
      {
        "name": "onnx::Conv_543_zero_point",
        "before_dtype": "int8",
        "after_dtype": "int32",
        "before_shape": [],
        "after_shape": []
      },
      {
        "name": "onnx::Conv_546_quantized",
        "before_dtype": "int8",
        "after_dtype": "int32",
        "before_shape": [
          128
        ],
        "after_shape": [
          128
        ]
      },
      {
        "name": "onnx::Conv_546_zero_point",
        "before_dtype": "int8",
        "after_dtype": "int32",
        "before_shape": [],
        "after_shape": []
      },
      {
        "name": "onnx::Conv_549_quantized",
        "before_dtype": "int8",
        "after_dtype": "int32",
        "before_shape": [
          512
        ],
        "after_shape": [
          512
        ]
      },
      {
        "name": "onnx::Conv_549_zero_point",
        "before_dtype": "int8",
        "after_dtype": "int32",
        "before_shape": [],
        "after_shape": []
      },
      {
        "name": "onnx::Conv_552_quantized",
        "before_dtype": "int8",
        "after_dtype": "int32",
        "before_shape": [
          128
        ],
        "after_shape": [
          128
        ]
      },
      {
        "name": "onnx::Conv_552_zero_point",
        "before_dtype": "int8",
        "after_dtype": "int32",
        "before_shape": [],
        "after_shape": []
      },
      {
        "name": "onnx::Conv_555_quantized",
        "before_dtype": "int8",
        "after_dtype": "int32",
        "before_shape": [
          128
        ],
        "after_shape": [
          128
        ]
      },
      {
        "name": "onnx::Conv_555_zero_point",
        "before_dtype": "int8",
        "after_dtype": "int32",
        "before_shape": [],
        "after_shape": []
      },
      {
        "name": "onnx::Conv_558_quantized",
        "before_dtype": "int8",
        "after_dtype": "int32",
        "before_shape": [
          512
        ],
        "after_shape": [
          512
        ]
      },
      {
        "name": "onnx::Conv_558_zero_point",
        "before_dtype": "int8",
        "after_dtype": "int32",
        "before_shape": [],
        "after_shape": []
      },
      {
        "name": "onnx::Conv_561_quantized",
        "before_dtype": "int8",
        "after_dtype": "int32",
        "before_shape": [
          128
        ],
        "after_shape": [
          128
        ]
      },
      {
        "name": "onnx::Conv_561_zero_point",
        "before_dtype": "int8",
        "after_dtype": "int32",
        "before_shape": [],
        "after_shape": []
      },
      {
        "name": "onnx::Conv_564_quantized",
        "before_dtype": "int8",
        "after_dtype": "int32",
        "before_shape": [
          128
        ],
        "after_shape": [
          128
        ]
      },
      {
        "name": "onnx::Conv_564_zero_point",
        "before_dtype": "int8",
        "after_dtype": "int32",
        "before_shape": [],
        "after_shape": []
      },
      {
        "name": "onnx::Conv_567_quantized",
        "before_dtype": "int8",
        "after_dtype": "int32",
        "before_shape": [
          512
        ],
        "after_shape": [
          512
        ]
      },
      {
        "name": "onnx::Conv_567_zero_point",
        "before_dtype": "int8",
        "after_dtype": "int32",
        "before_shape": [],
        "after_shape": []
      },
      {
        "name": "onnx::Conv_570_quantized",
        "before_dtype": "int8",
        "after_dtype": "int32",
        "before_shape": [
          256
        ],
        "after_shape": [
          256
        ]
      },
      {
        "name": "onnx::Conv_570_zero_point",
        "before_dtype": "int8",
        "after_dtype": "int32",
        "before_shape": [],
        "after_shape": []
      },
      {
        "name": "onnx::Conv_573_quantized",
        "before_dtype": "int8",
        "after_dtype": "int32",
        "before_shape": [
          256
        ],
        "after_shape": [
          256
        ]
      },
      {
        "name": "onnx::Conv_573_zero_point",
        "before_dtype": "int8",
        "after_dtype": "int32",
        "before_shape": [],
        "after_shape": []
      },
      {
        "name": "onnx::Conv_576_quantized",
        "before_dtype": "int8",
        "after_dtype": "int32",
        "before_shape": [
          1024
        ],
        "after_shape": [
          1024
        ]
      },
      {
        "name": "onnx::Conv_576_zero_point",
        "before_dtype": "int8",
        "after_dtype": "int32",
        "before_shape": [],
        "after_shape": []
      },
      {
        "name": "onnx::Conv_579_quantized",
        "before_dtype": "int8",
        "after_dtype": "int32",
        "before_shape": [
          1024
        ],
        "after_shape": [
          1024
        ]
      },
      {
        "name": "onnx::Conv_579_zero_point",
        "before_dtype": "int8",
        "after_dtype": "int32",
        "before_shape": [],
        "after_shape": []
      },
      {
        "name": "onnx::Conv_582_quantized",
        "before_dtype": "int8",
        "after_dtype": "int32",
        "before_shape": [
          256
        ],
        "after_shape": [
          256
        ]
      },
      {
        "name": "onnx::Conv_582_zero_point",
        "before_dtype": "int8",
        "after_dtype": "int32",
        "before_shape": [],
        "after_shape": []
      },
      {
        "name": "onnx::Conv_585_quantized",
        "before_dtype": "int8",
        "after_dtype": "int32",
        "before_shape": [
          256
        ],
        "after_shape": [
          256
        ]
      },
      {
        "name": "onnx::Conv_585_zero_point",
        "before_dtype": "int8",
        "after_dtype": "int32",
        "before_shape": [],
        "after_shape": []
      },
      {
        "name": "onnx::Conv_588_quantized",
        "before_dtype": "int8",
        "after_dtype": "int32",
        "before_shape": [
          1024
        ],
        "after_shape": [
          1024
        ]
      },
      {
        "name": "onnx::Conv_588_zero_point",
        "before_dtype": "int8",
        "after_dtype": "int32",
        "before_shape": [],
        "after_shape": []
      },
      {
        "name": "onnx::Conv_591_quantized",
        "before_dtype": "int8",
        "after_dtype": "int32",
        "before_shape": [
          256
        ],
        "after_shape": [
          256
        ]
      },
      {
        "name": "onnx::Conv_591_zero_point",
        "before_dtype": "int8",
        "after_dtype": "int32",
        "before_shape": [],
        "after_shape": []
      },
      {
        "name": "onnx::Conv_594_quantized",
        "before_dtype": "int8",
        "after_dtype": "int32",
        "before_shape": [
          256
        ],
        "after_shape": [
          256
        ]
      },
      {
        "name": "onnx::Conv_594_zero_point",
        "before_dtype": "int8",
        "after_dtype": "int32",
        "before_shape": [],
        "after_shape": []
      },
      {
        "name": "onnx::Conv_597_quantized",
        "before_dtype": "int8",
        "after_dtype": "int32",
        "before_shape": [
          1024
        ],
        "after_shape": [
          1024
        ]
      },
      {
        "name": "onnx::Conv_597_zero_point",
        "before_dtype": "int8",
        "after_dtype": "int32",
        "before_shape": [],
        "after_shape": []
      },
      {
        "name": "onnx::Conv_600_quantized",
        "before_dtype": "int8",
        "after_dtype": "int32",
        "before_shape": [
          256
        ],
        "after_shape": [
          256
        ]
      },
      {
        "name": "onnx::Conv_600_zero_point",
        "before_dtype": "int8",
        "after_dtype": "int32",
        "before_shape": [],
        "after_shape": []
      },
      {
        "name": "onnx::Conv_603_quantized",
        "before_dtype": "int8",
        "after_dtype": "int32",
        "before_shape": [
          256
        ],
        "after_shape": [
          256
        ]
      },
      {
        "name": "onnx::Conv_603_zero_point",
        "before_dtype": "int8",
        "after_dtype": "int32",
        "before_shape": [],
        "after_shape": []
      },
      {
        "name": "onnx::Conv_606_quantized",
        "before_dtype": "int8",
        "after_dtype": "int32",
        "before_shape": [
          1024
        ],
        "after_shape": [
          1024
        ]
      },
      {
        "name": "onnx::Conv_606_zero_point",
        "before_dtype": "int8",
        "after_dtype": "int32",
        "before_shape": [],
        "after_shape": []
      },
      {
        "name": "onnx::Conv_609_quantized",
        "before_dtype": "int8",
        "after_dtype": "int32",
        "before_shape": [
          256
        ],
        "after_shape": [
          256
        ]
      },
      {
        "name": "onnx::Conv_609_zero_point",
        "before_dtype": "int8",
        "after_dtype": "int32",
        "before_shape": [],
        "after_shape": []
      },
      {
        "name": "onnx::Conv_612_quantized",
        "before_dtype": "int8",
        "after_dtype": "int32",
        "before_shape": [
          256
        ],
        "after_shape": [
          256
        ]
      },
      {
        "name": "onnx::Conv_612_zero_point",
        "before_dtype": "int8",
        "after_dtype": "int32",
        "before_shape": [],
        "after_shape": []
      },
      {
        "name": "onnx::Conv_615_quantized",
        "before_dtype": "int8",
        "after_dtype": "int32",
        "before_shape": [
          1024
        ],
        "after_shape": [
          1024
        ]
      },
      {
        "name": "onnx::Conv_615_zero_point",
        "before_dtype": "int8",
        "after_dtype": "int32",
        "before_shape": [],
        "after_shape": []
      },
      {
        "name": "onnx::Conv_618_quantized",
        "before_dtype": "int8",
        "after_dtype": "int32",
        "before_shape": [
          256
        ],
        "after_shape": [
          256
        ]
      },
      {
        "name": "onnx::Conv_618_zero_point",
        "before_dtype": "int8",
        "after_dtype": "int32",
        "before_shape": [],
        "after_shape": []
      },
      {
        "name": "onnx::Conv_621_quantized",
        "before_dtype": "int8",
        "after_dtype": "int32",
        "before_shape": [
          256
        ],
        "after_shape": [
          256
        ]
      },
      {
        "name": "onnx::Conv_621_zero_point",
        "before_dtype": "int8",
        "after_dtype": "int32",
        "before_shape": [],
        "after_shape": []
      },
      {
        "name": "onnx::Conv_624_quantized",
        "before_dtype": "int8",
        "after_dtype": "int32",
        "before_shape": [
          1024
        ],
        "after_shape": [
          1024
        ]
      },
      {
        "name": "onnx::Conv_624_zero_point",
        "before_dtype": "int8",
        "after_dtype": "int32",
        "before_shape": [],
        "after_shape": []
      },
      {
        "name": "onnx::Conv_627_quantized",
        "before_dtype": "int8",
        "after_dtype": "int32",
        "before_shape": [
          512
        ],
        "after_shape": [
          512
        ]
      },
      {
        "name": "onnx::Conv_627_zero_point",
        "before_dtype": "int8",
        "after_dtype": "int32",
        "before_shape": [],
        "after_shape": []
      },
      {
        "name": "onnx::Conv_630_quantized",
        "before_dtype": "int8",
        "after_dtype": "int32",
        "before_shape": [
          512
        ],
        "after_shape": [
          512
        ]
      },
      {
        "name": "onnx::Conv_630_zero_point",
        "before_dtype": "int8",
        "after_dtype": "int32",
        "before_shape": [],
        "after_shape": []
      },
      {
        "name": "onnx::Conv_633_quantized",
        "before_dtype": "int8",
        "after_dtype": "int32",
        "before_shape": [
          2048
        ],
        "after_shape": [
          2048
        ]
      },
      {
        "name": "onnx::Conv_633_zero_point",
        "before_dtype": "int8",
        "after_dtype": "int32",
        "before_shape": [],
        "after_shape": []
      },
      {
        "name": "onnx::Conv_636_quantized",
        "before_dtype": "int8",
        "after_dtype": "int32",
        "before_shape": [
          2048
        ],
        "after_shape": [
          2048
        ]
      },
      {
        "name": "onnx::Conv_636_zero_point",
        "before_dtype": "int8",
        "after_dtype": "int32",
        "before_shape": [],
        "after_shape": []
      },
      {
        "name": "onnx::Conv_639_quantized",
        "before_dtype": "int8",
        "after_dtype": "int32",
        "before_shape": [
          512
        ],
        "after_shape": [
          512
        ]
      },
      {
        "name": "onnx::Conv_639_zero_point",
        "before_dtype": "int8",
        "after_dtype": "int32",
        "before_shape": [],
        "after_shape": []
      },
      {
        "name": "onnx::Conv_642_quantized",
        "before_dtype": "int8",
        "after_dtype": "int32",
        "before_shape": [
          512
        ],
        "after_shape": [
          512
        ]
      },
      {
        "name": "onnx::Conv_642_zero_point",
        "before_dtype": "int8",
        "after_dtype": "int32",
        "before_shape": [],
        "after_shape": []
      },
      {
        "name": "onnx::Conv_645_quantized",
        "before_dtype": "int8",
        "after_dtype": "int32",
        "before_shape": [
          2048
        ],
        "after_shape": [
          2048
        ]
      },
      {
        "name": "onnx::Conv_645_zero_point",
        "before_dtype": "int8",
        "after_dtype": "int32",
        "before_shape": [],
        "after_shape": []
      },
      {
        "name": "onnx::Conv_648_quantized",
        "before_dtype": "int8",
        "after_dtype": "int32",
        "before_shape": [
          512
        ],
        "after_shape": [
          512
        ]
      },
      {
        "name": "onnx::Conv_648_zero_point",
        "before_dtype": "int8",
        "after_dtype": "int32",
        "before_shape": [],
        "after_shape": []
      },
      {
        "name": "onnx::Conv_651_quantized",
        "before_dtype": "int8",
        "after_dtype": "int32",
        "before_shape": [
          512
        ],
        "after_shape": [
          512
        ]
      },
      {
        "name": "onnx::Conv_651_zero_point",
        "before_dtype": "int8",
        "after_dtype": "int32",
        "before_shape": [],
        "after_shape": []
      },
      {
        "name": "onnx::Conv_654_quantized",
        "before_dtype": "int8",
        "after_dtype": "int32",
        "before_shape": [
          2048
        ],
        "after_shape": [
          2048
        ]
      },
      {
        "name": "onnx::Conv_654_zero_point",
        "before_dtype": "int8",
        "after_dtype": "int32",
        "before_shape": [],
        "after_shape": []
      }
    ],
    "changed_nodes": [],
    "nodes_before": 380,
    "nodes_after": 380
  },
  "base_sha256": "c1945d2dce29e6afeaed16ef8c2bcc5689044f5210543440f84fb258c29e0ea5",
  "model_sha256": "76549b1ecf06f5162256adc98ec1f85cb72ba1e1013a6a5b1990741c67ff3c8f",
  "ort_version": "1.23.3.dev20260320",
  "images": 32,
  "scope": "diagnostic output agreement; not dataset accuracy",
  "listing": [
    "data/eval/000000.jpg",
    "data/eval/000001.jpg",
    "data/eval/000002.jpg",
    "data/eval/000003.jpg",
    "data/eval/000004.jpg",
    "data/eval/000005.jpg",
    "data/eval/000006.jpg",
    "data/eval/000007.jpg",
    "data/eval/000008.jpg",
    "data/eval/000009.jpg",
    "data/eval/000010.jpg",
    "data/eval/000011.jpg",
    "data/eval/000012.jpg",
    "data/eval/000013.jpg",
    "data/eval/000014.jpg",
    "data/eval/000015.jpg",
    "data/eval/000016.jpg",
    "data/eval/000017.jpg",
    "data/eval/000018.jpg",
    "data/eval/000019.jpg",
    "data/eval/000020.jpg",
    "data/eval/000021.jpg",
    "data/eval/000022.jpg",
    "data/eval/000023.jpg",
    "data/eval/000024.jpg",
    "data/eval/000025.jpg",
    "data/eval/000026.jpg",
    "data/eval/000027.jpg",
    "data/eval/000028.jpg",
    "data/eval/000029.jpg",
    "data/eval/000030.jpg",
    "data/eval/000031.jpg"
  ],
  "preprocess": {
    "input_size": [
      3,
      224,
      224
    ],
    "interpolation": "bicubic",
    "mean": [
      0.485,
      0.456,
      0.406
    ],
    "std": [
      0.229,
      0.224,
      0.225
    ],
    "crop_pct": 0.95,
    "crop_mode": "center"
  },
  "inputs_sha256": "8482bcbcbd18be08d7d719bdcc31a23a0a3798d5fc960b5db20d4cdc550380ca",
  "cache_key": "modelcachekey",
  "fresh": true,
  "cpu_latency_ms": {
    "mean": 29.273600000351507,
    "median": 29.633749996719416,
    "p95": 32.10497000181931,
    "runs": 32,
    "warmup": 5
  },
  "cpu_vs_baseline_cpu": {
    "images": 32,
    "max_abs": 31.875,
    "mae": 4.27594921875,
    "rmse": 5.035656019126877,
    "exact_elements_fraction": 0.00709375,
    "argmax_agreement_fraction": 0.0
  },
  "context_witness": "\n-----------------------------\n[003d:00:01.1] : NPU Phoenix\n-----------------------------\nAIE Partitions\n  No hardware contexts running on device\n\n",
  "xclbin_sha256": "d3b5e845b05f91beb90555b6f50ca542e05f69379f3fd9ab15246ad344c469fe",
  "xclbin": "C:\\Program Files\\RyzenAI\\1.7.1\\voe-4.0-win_amd64\\xclbins\\phoenix\\4x4.xclbin",
  "ep": {
    "report_sha256": "6740594ec44aaec5b03f80c240972e7915fb87f20b58b717c958a6eccac2cff8",
    "total": 395,
    "npu": 393,
    "device_counts": {
      "CPU": 2,
      "NPU": 393
    },
    "ops_by_device": {
      "CPU:DequantizeLinear": 1,
      "CPU:QuantizeLinear": 1,
      "NPU:Add": 16,
      "NPU:Conv": 53,
      "NPU:DequantizeLinear": 197,
      "NPU:Flatten": 1,
      "NPU:Gemm": 1,
      "NPU:GlobalAveragePool": 1,
      "NPU:MaxPool": 1,
      "NPU:Mul": 1,
      "NPU:QuantizeLinear": 73,
      "NPU:Relu": 49
    },
    "non_npu_count": 2,
    "non_npu_first_25": [
      {
        "device": "CPU",
        "opType": "QuantizeLinear",
        "input": [
          "input",
          "onnx::Conv_518_scale",
          "input_zero_point"
        ],
        "output": [
          "input_QuantizeLinear_Output"
        ]
      },
      {
        "device": "CPU",
        "opType": "DequantizeLinear",
        "input": [
          "output_QuantizeLinear_Output",
          "onnx::Conv_519_scale",
          "output_zero_point"
        ],
        "output": [
          "output"
        ]
      }
    ],
    "deviceStat": [
      {
        "name": "all",
        "nodeNum": 395,
        "supportedOpType": [
          "::Add",
          "::Conv",
          "::DequantizeLinear",
          "::Flatten",
          "::Gemm",
          "::GlobalAveragePool",
          "::MaxPool",
          "::Mul",
          "::QuantizeLinear",
          "::Relu"
        ]
      },
      {
        "name": "NPU",
        "nodeNum": 393,
        "supportedOpType": [
          "::Add",
          "::Conv",
          "::DequantizeLinear",
          "::Flatten",
          "::Gemm",
          "::GlobalAveragePool",
          "::MaxPool",
          "::Mul",
          "::QuantizeLinear",
          "::Relu"
        ]
      },
      {
        "name": "VITIS_EP_CPU",
        "nodeNum": 2,
        "supportedOpType": [
          "::DequantizeLinear",
          "::QuantizeLinear"
        ]
      }
    ]
  },
  "npu_latency_ms": {
    "mean": 5.461662500010789,
    "median": 5.410350000602193,
    "p95": 5.87813000092865,
    "runs": 32,
    "warmup": 5
  },
  "npu_vs_cpu": {
    "images": 32,
    "max_abs": 31.75,
    "mae": 3.89976171875,
    "rmse": 4.654237033422476,
    "exact_elements_fraction": 0.00903125,
    "argmax_agreement_fraction": 0.0
  },
  "npu_vs_baseline_npu": {
    "images": 32,
    "max_abs": 0.0,
    "mae": 0.0,
    "rmse": 0.0,
    "exact_elements_fraction": 1.0,
    "argmax_agreement_fraction": 1.0
  }
}
