PROBE_LIMITS {"seconds": 600.0, "rss_gib": 8}
PROBE_PREPARED {
  "status": "prepared",
  "machine": "Desktop 2 / Ryzen 7 8700G",
  "mutation": {
    "name": "baseline",
    "note": "Unmodified owned no-CLE graph.",
    "changed_initializers": [],
    "changed_nodes": [],
    "nodes_before": 380,
    "nodes_after": 380
  },
  "base_sha256": "c1945d2dce29e6afeaed16ef8c2bcc5689044f5210543440f84fb258c29e0ea5",
  "model_sha256": "c1945d2dce29e6afeaed16ef8c2bcc5689044f5210543440f84fb258c29e0ea5",
  "ort_version": "1.23.3.dev20260320",
  "images": 1000,
  "scope": "full labeled evaluation dataset",
  "listing": [
    "data/eval/000000.jpg",
    "data/eval/000001.jpg",
    "data/eval/000002.jpg",
    "data/eval/000003.jpg",
    "data/eval/000004.jpg",
    "data/eval/000005.jpg",
    "data/eval/000006.jpg",
    "data/eval/000007.jpg",
    "data/eval/000008.jpg",
    "data/eval/000009.jpg",
    "data/eval/000010.jpg",
    "data/eval/000011.jpg",
    "data/eval/000012.jpg",
    "data/eval/000013.jpg",
    "data/eval/000014.jpg",
    "data/eval/000015.jpg",
    "data/eval/000016.jpg",
    "data/eval/000017.jpg",
    "data/eval/000018.jpg",
    "data/eval/000019.jpg",
    "data/eval/000020.jpg",
    "data/eval/000021.jpg",
    "data/eval/000022.jpg",
    "data/eval/000023.jpg",
    "data/eval/000024.jpg",
    "data/eval/000025.jpg",
    "data/eval/000026.jpg",
    "data/eval/000027.jpg",
    "data/eval/000028.jpg",
    "data/eval/000029.jpg",
    "data/eval/000030.jpg",
    "data/eval/000031.jpg",
    "data/eval/000032.jpg",
    "data/eval/000033.jpg",
    "data/eval/000034.jpg",
    "data/eval/000035.jpg",
    "data/eval/000036.jpg",
    "data/eval/000037.jpg",
    "data/eval/000038.jpg",
    "data/eval/000039.jpg",
    "data/eval/000040.jpg",
    "data/eval/000041.jpg",
    "data/eval/000042.jpg",
    "data/eval/000043.jpg",
    "data/eval/000044.jpg",
    "data/eval/000045.jpg",
    "data/eval/000046.jpg",
    "data/eval/000047.jpg",
    "data/eval/000048.jpg",
    "data/eval/000049.jpg",
    "data/eval/000050.jpg",
    "data/eval/000051.jpg",
    "data/eval/000052.jpg",
    "data/eval/000053.jpg",
    "data/eval/000054.jpg",
    "data/eval/000055.jpg",
    "data/eval/000056.jpg",
    "data/eval/000057.jpg",
    "data/eval/000058.jpg",
    "data/eval/000059.jpg",
    "data/eval/000060.jpg",
    "data/eval/000061.jpg",
    "data/eval/000062.jpg",
    "data/eval/000063.jpg",
    "data/eval/000064.jpg",
    "data/eval/000065.jpg",
    "data/eval/000066.jpg",
    "data/eval/000067.jpg",
    "data/eval/000068.jpg",
    "data/eval/000069.jpg",
    "data/eval/000070.jpg",
    "data/eval/000071.jpg",
    "data/eval/000072.jpg",
    "data/eval/000073.jpg",
    "data/eval/000074.jpg",
    "data/eval/000075.jpg",
    "data/eval/000076.jpg",
    "data/eval/000077.jpg",
    "data/eval/000078.jpg",
    "data/eval/000079.jpg",
    "data/eval/000080.jpg",
    "data/eval/000081.jpg",
    "data/eval/000082.jpg",
    "data/eval/000083.jpg",
    "data/eval/000084.jpg",
    "data/eval/000085.jpg",
    "data/eval/000086.jpg",
    "data/eval/000087.jpg",
    "data/eval/000088.jpg",
    "data/eval/000089.jpg",
    "data/eval/000090.jpg",
    "data/eval/000091.jpg",
    "data/eval/000092.jpg",
    "data/eval/000093.jpg",
    "data/eval/000094.jpg",
    "data/eval/000095.jpg",
    "data/eval/000096.jpg",
    "data/eval/000097.jpg",
    "data/eval/000098.jpg",
    "data/eval/000099.jpg",
    "data/eval/000100.jpg",
    "data/eval/000101.jpg",
    "data/eval/000102.jpg",
    "data/eval/000103.jpg",
    "data/eval/000104.jpg",
    "data/eval/000105.jpg",
    "data/eval/000106.jpg",
    "data/eval/000107.jpg",
    "data/eval/000108.jpg",
    "data/eval/000109.jpg",
    "data/eval/000110.jpg",
    "data/eval/000111.jpg",
    "data/eval/000112.jpg",
    "data/eval/000113.jpg",
    "data/eval/000114.jpg",
    "data/eval/000115.jpg",
    "data/eval/000116.jpg",
    "data/eval/000117.jpg",
    "data/eval/000118.jpg",
    "data/eval/000119.jpg",
    "data/eval/000120.jpg",
    "data/eval/000121.jpg",
    "data/eval/000122.jpg",
    "data/eval/000123.jpg",
    "data/eval/000124.jpg",
    "data/eval/000125.jpg",
    "data/eval/000126.jpg",
    "data/eval/000127.jpg",
    "data/eval/000128.jpg",
    "data/eval/000129.jpg",
    "data/eval/000130.jpg",
    "data/eval/000131.jpg",
    "data/eval/000132.jpg",
    "data/eval/000133.jpg",
    "data/eval/000134.jpg",
    "data/eval/000135.jpg",
    "data/eval/000136.jpg",
    "data/eval/000137.jpg",
    "data/eval/000138.jpg",
    "data/eval/000139.jpg",
    "data/eval/000140.jpg",
    "data/eval/000141.jpg",
    "data/eval/000142.jpg",
    "data/eval/000143.jpg",
    "data/eval/000144.jpg",
    "data/eval/000145.jpg",
    "data/eval/000146.jpg",
    "data/eval/000147.jpg",
    "data/eval/000148.jpg",
    "data/eval/000149.jpg",
    "data/eval/000150.jpg",
    "data/eval/000151.jpg",
    "data/eval/000152.jpg",
    "data/eval/000153.jpg",
    "data/eval/000154.jpg",
    "data/eval/000155.jpg",
    "data/eval/000156.jpg",
    "data/eval/000157.jpg",
    "data/eval/000158.jpg",
    "data/eval/000159.jpg",
    "data/eval/000160.jpg",
    "data/eval/000161.jpg",
    "data/eval/000162.jpg",
    "data/eval/000163.jpg",
    "data/eval/000164.jpg",
    "data/eval/000165.jpg",
    "data/eval/000166.jpg",
    "data/eval/000167.jpg",
    "data/eval/000168.jpg",
    "data/eval/000169.jpg",
    "data/eval/000170.jpg",
    "data/eval/000171.jpg",
    "data/eval/000172.jpg",
    "data/eval/000173.jpg",
    "data/eval/000174.jpg",
    "data/eval/000175.jpg",
    "data/eval/000176.jpg",
    "data/eval/000177.jpg",
    "data/eval/000178.jpg",
    "data/eval/000179.jpg",
    "data/eval/000180.jpg",
    "data/eval/000181.jpg",
    "data/eval/000182.jpg",
    "data/eval/000183.jpg",
    "data/eval/000184.jpg",
    "data/eval/000185.jpg",
    "data/eval/000186.jpg",
    "data/eval/000187.jpg",
    "data/eval/000188.jpg",
    "data/eval/000189.jpg",
    "data/eval/000190.jpg",
    "data/eval/000191.jpg",
    "data/eval/000192.jpg",
    "data/eval/000193.jpg",
    "data/eval/000194.jpg",
    "data/eval/000195.jpg",
    "data/eval/000196.jpg",
    "data/eval/000197.jpg",
    "data/eval/000198.jpg",
    "data/eval/000199.jpg",
    "data/eval/000200.jpg",
    "data/eval/000201.jpg",
    "data/eval/000202.jpg",
    "data/eval/000203.jpg",
    "data/eval/000204.jpg",
    "data/eval/000205.jpg",
    "data/eval/000206.jpg",
    "data/eval/000207.jpg",
    "data/eval/000208.jpg",
    "data/eval/000209.jpg",
    "data/eval/000210.jpg",
    "data/eval/000211.jpg",
    "data/eval/000212.jpg",
    "data/eval/000213.jpg",
    "data/eval/000214.jpg",
    "data/eval/000215.jpg",
    "data/eval/000216.jpg",
    "data/eval/000217.jpg",
    "data/eval/000218.jpg",
    "data/eval/000219.jpg",
    "data/eval/000220.jpg",
    "data/eval/000221.jpg",
    "data/eval/000222.jpg",
    "data/eval/000223.jpg",
    "data/eval/000224.jpg",
    "data/eval/000225.jpg",
    "data/eval/000226.jpg",
    "data/eval/000227.jpg",
    "data/eval/000228.jpg",
    "data/eval/000229.jpg",
    "data/eval/000230.jpg",
    "data/eval/000231.jpg",
    "data/eval/000232.jpg",
    "data/eval/000233.jpg",
    "data/eval/000234.jpg",
    "data/eval/000235.jpg",
    "data/eval/000236.jpg",
    "data/eval/000237.jpg",
    "data/eval/000238.jpg",
    "data/eval/000239.jpg",
    "data/eval/000240.jpg",
    "data/eval/000241.jpg",
    "data/eval/000242.jpg",
    "data/eval/000243.jpg",
    "data/eval/000244.jpg",
    "data/eval/000245.jpg",
    "data/eval/000246.jpg",
    "data/eval/000247.jpg",
    "data/eval/000248.jpg",
    "data/eval/000249.jpg",
    "data/eval/000250.jpg",
    "data/eval/000251.jpg",
    "data/eval/000252.jpg",
    "data/eval/000253.jpg",
    "data/eval/000254.jpg",
    "data/eval/000255.jpg",
    "data/eval/000256.jpg",
    "data/eval/000257.jpg",
    "data/eval/000258.jpg",
    "data/eval/000259.jpg",
    "data/eval/000260.jpg",
    "data/eval/000261.jpg",
    "data/eval/000262.jpg",
    "data/eval/000263.jpg",
    "data/eval/000264.jpg",
    "data/eval/000265.jpg",
    "data/eval/000266.jpg",
    "data/eval/000267.jpg",
    "data/eval/000268.jpg",
    "data/eval/000269.jpg",
    "data/eval/000270.jpg",
    "data/eval/000271.jpg",
    "data/eval/000272.jpg",
    "data/eval/000273.jpg",
    "data/eval/000274.jpg",
    "data/eval/000275.jpg",
    "data/eval/000276.jpg",
    "data/eval/000277.jpg",
    "data/eval/000278.jpg",
    "data/eval/000279.jpg",
    "data/eval/000280.jpg",
    "data/eval/000281.jpg",
    "data/eval/000282.jpg",
    "data/eval/000283.jpg",
    "data/eval/000284.jpg",
    "data/eval/000285.jpg",
    "data/eval/000286.jpg",
    "data/eval/000287.jpg",
    "data/eval/000288.jpg",
    "data/eval/000289.jpg",
    "data/eval/000290.jpg",
    "data/eval/000291.jpg",
    "data/eval/000292.jpg",
    "data/eval/000293.jpg",
    "data/eval/000294.jpg",
    "data/eval/000295.jpg",
    "data/eval/000296.jpg",
    "data/eval/000297.jpg",
    "data/eval/000298.jpg",
    "data/eval/000299.jpg",
    "data/eval/000300.jpg",
    "data/eval/000301.jpg",
    "data/eval/000302.jpg",
    "data/eval/000303.jpg",
    "data/eval/000304.jpg",
    "data/eval/000305.jpg",
    "data/eval/000306.jpg",
    "data/eval/000307.jpg",
    "data/eval/000308.jpg",
    "data/eval/000309.jpg",
    "data/eval/000310.jpg",
    "data/eval/000311.jpg",
    "data/eval/000312.jpg",
    "data/eval/000313.jpg",
    "data/eval/000314.jpg",
    "data/eval/000315.jpg",
    "data/eval/000316.jpg",
    "data/eval/000317.jpg",
    "data/eval/000318.jpg",
    "data/eval/000319.jpg",
    "data/eval/000320.jpg",
    "data/eval/000321.jpg",
    "data/eval/000322.jpg",
    "data/eval/000323.jpg",
    "data/eval/000324.jpg",
    "data/eval/000325.jpg",
    "data/eval/000326.jpg",
    "data/eval/000327.jpg",
    "data/eval/000328.jpg",
    "data/eval/000329.jpg",
    "data/eval/000330.jpg",
    "data/eval/000331.jpg",
    "data/eval/000332.jpg",
    "data/eval/000333.jpg",
    "data/eval/000334.jpg",
    "data/eval/000335.jpg",
    "data/eval/000336.jpg",
    "data/eval/000337.jpg",
    "data/eval/000338.jpg",
    "data/eval/000339.jpg",
    "data/eval/000340.jpg",
    "data/eval/000341.jpg",
    "data/eval/000342.jpg",
    "data/eval/000343.jpg",
    "data/eval/000344.jpg",
    "data/eval/000345.jpg",
    "data/eval/000346.jpg",
    "data/eval/000347.jpg",
    "data/eval/000348.jpg",
    "data/eval/000349.jpg",
    "data/eval/000350.jpg",
    "data/eval/000351.jpg",
    "data/eval/000352.jpg",
    "data/eval/000353.jpg",
    "data/eval/000354.jpg",
    "data/eval/000355.jpg",
    "data/eval/000356.jpg",
    "data/eval/000357.jpg",
    "data/eval/000358.jpg",
    "data/eval/000359.jpg",
    "data/eval/000360.jpg",
    "data/eval/000361.jpg",
    "data/eval/000362.jpg",
    "data/eval/000363.jpg",
    "data/eval/000364.jpg",
    "data/eval/000365.jpg",
    "data/eval/000366.jpg",
    "data/eval/000367.jpg",
    "data/eval/000368.jpg",
    "data/eval/000369.jpg",
    "data/eval/000370.jpg",
    "data/eval/000371.jpg",
    "data/eval/000372.jpg",
    "data/eval/000373.jpg",
    "data/eval/000374.jpg",
    "data/eval/000375.jpg",
    "data/eval/000376.jpg",
    "data/eval/000377.jpg",
    "data/eval/000378.jpg",
    "data/eval/000379.jpg",
    "data/eval/000380.jpg",
    "data/eval/000381.jpg",
    "data/eval/000382.jpg",
    "data/eval/000383.jpg",
    "data/eval/000384.jpg",
    "data/eval/000385.jpg",
    "data/eval/000386.jpg",
    "data/eval/000387.jpg",
    "data/eval/000388.jpg",
    "data/eval/000389.jpg",
    "data/eval/000390.jpg",
    "data/eval/000391.jpg",
    "data/eval/000392.jpg",
    "data/eval/000393.jpg",
    "data/eval/000394.jpg",
    "data/eval/000395.jpg",
    "data/eval/000396.jpg",
    "data/eval/000397.jpg",
    "data/eval/000398.jpg",
    "data/eval/000399.jpg",
    "data/eval/000400.jpg",
    "data/eval/000401.jpg",
    "data/eval/000402.jpg",
    "data/eval/000403.jpg",
    "data/eval/000404.jpg",
    "data/eval/000405.jpg",
    "data/eval/000406.jpg",
    "data/eval/000407.jpg",
    "data/eval/000408.jpg",
    "data/eval/000409.jpg",
    "data/eval/000410.jpg",
    "data/eval/000411.jpg",
    "data/eval/000412.jpg",
    "data/eval/000413.jpg",
    "data/eval/000414.jpg",
    "data/eval/000415.jpg",
    "data/eval/000416.jpg",
    "data/eval/000417.jpg",
    "data/eval/000418.jpg",
    "data/eval/000419.jpg",
    "data/eval/000420.jpg",
    "data/eval/000421.jpg",
    "data/eval/000422.jpg",
    "data/eval/000423.jpg",
    "data/eval/000424.jpg",
    "data/eval/000425.jpg",
    "data/eval/000426.jpg",
    "data/eval/000427.jpg",
    "data/eval/000428.jpg",
    "data/eval/000429.jpg",
    "data/eval/000430.jpg",
    "data/eval/000431.jpg",
    "data/eval/000432.jpg",
    "data/eval/000433.jpg",
    "data/eval/000434.jpg",
    "data/eval/000435.jpg",
    "data/eval/000436.jpg",
    "data/eval/000437.jpg",
    "data/eval/000438.jpg",
    "data/eval/000439.jpg",
    "data/eval/000440.jpg",
    "data/eval/000441.jpg",
    "data/eval/000442.jpg",
    "data/eval/000443.jpg",
    "data/eval/000444.jpg",
    "data/eval/000445.jpg",
    "data/eval/000446.jpg",
    "data/eval/000447.jpg",
    "data/eval/000448.jpg",
    "data/eval/000449.jpg",
    "data/eval/000450.jpg",
    "data/eval/000451.jpg",
    "data/eval/000452.jpg",
    "data/eval/000453.jpg",
    "data/eval/000454.jpg",
    "data/eval/000455.jpg",
    "data/eval/000456.jpg",
    "data/eval/000457.jpg",
    "data/eval/000458.jpg",
    "data/eval/000459.jpg",
    "data/eval/000460.jpg",
    "data/eval/000461.jpg",
    "data/eval/000462.jpg",
    "data/eval/000463.jpg",
    "data/eval/000464.jpg",
    "data/eval/000465.jpg",
    "data/eval/000466.jpg",
    "data/eval/000467.jpg",
    "data/eval/000468.jpg",
    "data/eval/000469.jpg",
    "data/eval/000470.jpg",
    "data/eval/000471.jpg",
    "data/eval/000472.jpg",
    "data/eval/000473.jpg",
    "data/eval/000474.jpg",
    "data/eval/000475.jpg",
    "data/eval/000476.jpg",
    "data/eval/000477.jpg",
    "data/eval/000478.jpg",
    "data/eval/000479.jpg",
    "data/eval/000480.jpg",
    "data/eval/000481.jpg",
    "data/eval/000482.jpg",
    "data/eval/000483.jpg",
    "data/eval/000484.jpg",
    "data/eval/000485.jpg",
    "data/eval/000486.jpg",
    "data/eval/000487.jpg",
    "data/eval/000488.jpg",
    "data/eval/000489.jpg",
    "data/eval/000490.jpg",
    "data/eval/000491.jpg",
    "data/eval/000492.jpg",
    "data/eval/000493.jpg",
    "data/eval/000494.jpg",
    "data/eval/000495.jpg",
    "data/eval/000496.jpg",
    "data/eval/000497.jpg",
    "data/eval/000498.jpg",
    "data/eval/000499.jpg",
    "data/eval/000500.jpg",
    "data/eval/000501.jpg",
    "data/eval/000502.jpg",
    "data/eval/000503.jpg",
    "data/eval/000504.jpg",
    "data/eval/000505.jpg",
    "data/eval/000506.jpg",
    "data/eval/000507.jpg",
    "data/eval/000508.jpg",
    "data/eval/000509.jpg",
    "data/eval/000510.jpg",
    "data/eval/000511.jpg",
    "data/eval/000512.jpg",
    "data/eval/000513.jpg",
    "data/eval/000514.jpg",
    "data/eval/000515.jpg",
    "data/eval/000516.jpg",
    "data/eval/000517.jpg",
    "data/eval/000518.jpg",
    "data/eval/000519.jpg",
    "data/eval/000520.jpg",
    "data/eval/000521.jpg",
    "data/eval/000522.jpg",
    "data/eval/000523.jpg",
    "data/eval/000524.jpg",
    "data/eval/000525.jpg",
    "data/eval/000526.jpg",
    "data/eval/000527.jpg",
    "data/eval/000528.jpg",
    "data/eval/000529.jpg",
    "data/eval/000530.jpg",
    "data/eval/000531.jpg",
    "data/eval/000532.jpg",
    "data/eval/000533.jpg",
    "data/eval/000534.jpg",
    "data/eval/000535.jpg",
    "data/eval/000536.jpg",
    "data/eval/000537.jpg",
    "data/eval/000538.jpg",
    "data/eval/000539.jpg",
    "data/eval/000540.jpg",
    "data/eval/000541.jpg",
    "data/eval/000542.jpg",
    "data/eval/000543.jpg",
    "data/eval/000544.jpg",
    "data/eval/000545.jpg",
    "data/eval/000546.jpg",
    "data/eval/000547.jpg",
    "data/eval/000548.jpg",
    "data/eval/000549.jpg",
    "data/eval/000550.jpg",
    "data/eval/000551.jpg",
    "data/eval/000552.jpg",
    "data/eval/000553.jpg",
    "data/eval/000554.jpg",
    "data/eval/000555.jpg",
    "data/eval/000556.jpg",
    "data/eval/000557.jpg",
    "data/eval/000558.jpg",
    "data/eval/000559.jpg",
    "data/eval/000560.jpg",
    "data/eval/000561.jpg",
    "data/eval/000562.jpg",
    "data/eval/000563.jpg",
    "data/eval/000564.jpg",
    "data/eval/000565.jpg",
    "data/eval/000566.jpg",
    "data/eval/000567.jpg",
    "data/eval/000568.jpg",
    "data/eval/000569.jpg",
    "data/eval/000570.jpg",
    "data/eval/000571.jpg",
    "data/eval/000572.jpg",
    "data/eval/000573.jpg",
    "data/eval/000574.jpg",
    "data/eval/000575.jpg",
    "data/eval/000576.jpg",
    "data/eval/000577.jpg",
    "data/eval/000578.jpg",
    "data/eval/000579.jpg",
    "data/eval/000580.jpg",
    "data/eval/000581.jpg",
    "data/eval/000582.jpg",
    "data/eval/000583.jpg",
    "data/eval/000584.jpg",
    "data/eval/000585.jpg",
    "data/eval/000586.jpg",
    "data/eval/000587.jpg",
    "data/eval/000588.jpg",
    "data/eval/000589.jpg",
    "data/eval/000590.jpg",
    "data/eval/000591.jpg",
    "data/eval/000592.jpg",
    "data/eval/000593.jpg",
    "data/eval/000594.jpg",
    "data/eval/000595.jpg",
    "data/eval/000596.jpg",
    "data/eval/000597.jpg",
    "data/eval/000598.jpg",
    "data/eval/000599.jpg",
    "data/eval/000600.jpg",
    "data/eval/000601.jpg",
    "data/eval/000602.jpg",
    "data/eval/000603.jpg",
    "data/eval/000604.jpg",
    "data/eval/000605.jpg",
    "data/eval/000606.jpg",
    "data/eval/000607.jpg",
    "data/eval/000608.jpg",
    "data/eval/000609.jpg",
    "data/eval/000610.jpg",
    "data/eval/000611.jpg",
    "data/eval/000612.jpg",
    "data/eval/000613.jpg",
    "data/eval/000614.jpg",
    "data/eval/000615.jpg",
    "data/eval/000616.jpg",
    "data/eval/000617.jpg",
    "data/eval/000618.jpg",
    "data/eval/000619.jpg",
    "data/eval/000620.jpg",
    "data/eval/000621.jpg",
    "data/eval/000622.jpg",
    "data/eval/000623.jpg",
    "data/eval/000624.jpg",
    "data/eval/000625.jpg",
    "data/eval/000626.jpg",
    "data/eval/000627.jpg",
    "data/eval/000628.jpg",
    "data/eval/000629.jpg",
    "data/eval/000630.jpg",
    "data/eval/000631.jpg",
    "data/eval/000632.jpg",
    "data/eval/000633.jpg",
    "data/eval/000634.jpg",
    "data/eval/000635.jpg",
    "data/eval/000636.jpg",
    "data/eval/000637.jpg",
    "data/eval/000638.jpg",
    "data/eval/000639.jpg",
    "data/eval/000640.jpg",
    "data/eval/000641.jpg",
    "data/eval/000642.jpg",
    "data/eval/000643.jpg",
    "data/eval/000644.jpg",
    "data/eval/000645.jpg",
    "data/eval/000646.jpg",
    "data/eval/000647.jpg",
    "data/eval/000648.jpg",
    "data/eval/000649.jpg",
    "data/eval/000650.jpg",
    "data/eval/000651.jpg",
    "data/eval/000652.jpg",
    "data/eval/000653.jpg",
    "data/eval/000654.jpg",
    "data/eval/000655.jpg",
    "data/eval/000656.jpg",
    "data/eval/000657.jpg",
    "data/eval/000658.jpg",
    "data/eval/000659.jpg",
    "data/eval/000660.jpg",
    "data/eval/000661.jpg",
    "data/eval/000662.jpg",
    "data/eval/000663.jpg",
    "data/eval/000664.jpg",
    "data/eval/000665.jpg",
    "data/eval/000666.jpg",
    "data/eval/000667.jpg",
    "data/eval/000668.jpg",
    "data/eval/000669.jpg",
    "data/eval/000670.jpg",
    "data/eval/000671.jpg",
    "data/eval/000672.jpg",
    "data/eval/000673.jpg",
    "data/eval/000674.jpg",
    "data/eval/000675.jpg",
    "data/eval/000676.jpg",
    "data/eval/000677.jpg",
    "data/eval/000678.jpg",
    "data/eval/000679.jpg",
    "data/eval/000680.jpg",
    "data/eval/000681.jpg",
    "data/eval/000682.jpg",
    "data/eval/000683.jpg",
    "data/eval/000684.jpg",
    "data/eval/000685.jpg",
    "data/eval/000686.jpg",
    "data/eval/000687.jpg",
    "data/eval/000688.jpg",
    "data/eval/000689.jpg",
    "data/eval/000690.jpg",
    "data/eval/000691.jpg",
    "data/eval/000692.jpg",
    "data/eval/000693.jpg",
    "data/eval/000694.jpg",
    "data/eval/000695.jpg",
    "data/eval/000696.jpg",
    "data/eval/000697.jpg",
    "data/eval/000698.jpg",
    "data/eval/000699.jpg",
    "data/eval/000700.jpg",
    "data/eval/000701.jpg",
    "data/eval/000702.jpg",
    "data/eval/000703.jpg",
    "data/eval/000704.jpg",
    "data/eval/000705.jpg",
    "data/eval/000706.jpg",
    "data/eval/000707.jpg",
    "data/eval/000708.jpg",
    "data/eval/000709.jpg",
    "data/eval/000710.jpg",
    "data/eval/000711.jpg",
    "data/eval/000712.jpg",
    "data/eval/000713.jpg",
    "data/eval/000714.jpg",
    "data/eval/000715.jpg",
    "data/eval/000716.jpg",
    "data/eval/000717.jpg",
    "data/eval/000718.jpg",
    "data/eval/000719.jpg",
    "data/eval/000720.jpg",
    "data/eval/000721.jpg",
    "data/eval/000722.jpg",
    "data/eval/000723.jpg",
    "data/eval/000724.jpg",
    "data/eval/000725.jpg",
    "data/eval/000726.jpg",
    "data/eval/000727.jpg",
    "data/eval/000728.jpg",
    "data/eval/000729.jpg",
    "data/eval/000730.jpg",
    "data/eval/000731.jpg",
    "data/eval/000732.jpg",
    "data/eval/000733.jpg",
    "data/eval/000734.jpg",
    "data/eval/000735.jpg",
    "data/eval/000736.jpg",
    "data/eval/000737.jpg",
    "data/eval/000738.jpg",
    "data/eval/000739.jpg",
    "data/eval/000740.jpg",
    "data/eval/000741.jpg",
    "data/eval/000742.jpg",
    "data/eval/000743.jpg",
    "data/eval/000744.jpg",
    "data/eval/000745.jpg",
    "data/eval/000746.jpg",
    "data/eval/000747.jpg",
    "data/eval/000748.jpg",
    "data/eval/000749.jpg",
    "data/eval/000750.jpg",
    "data/eval/000751.jpg",
    "data/eval/000752.jpg",
    "data/eval/000753.jpg",
    "data/eval/000754.jpg",
    "data/eval/000755.jpg",
    "data/eval/000756.jpg",
    "data/eval/000757.jpg",
    "data/eval/000758.jpg",
    "data/eval/000759.jpg",
    "data/eval/000760.jpg",
    "data/eval/000761.jpg",
    "data/eval/000762.jpg",
    "data/eval/000763.jpg",
    "data/eval/000764.jpg",
    "data/eval/000765.jpg",
    "data/eval/000766.jpg",
    "data/eval/000767.jpg",
    "data/eval/000768.jpg",
    "data/eval/000769.jpg",
    "data/eval/000770.jpg",
    "data/eval/000771.jpg",
    "data/eval/000772.jpg",
    "data/eval/000773.jpg",
    "data/eval/000774.jpg",
    "data/eval/000775.jpg",
    "data/eval/000776.jpg",
    "data/eval/000777.jpg",
    "data/eval/000778.jpg",
    "data/eval/000779.jpg",
    "data/eval/000780.jpg",
    "data/eval/000781.jpg",
    "data/eval/000782.jpg",
    "data/eval/000783.jpg",
    "data/eval/000784.jpg",
    "data/eval/000785.jpg",
    "data/eval/000786.jpg",
    "data/eval/000787.jpg",
    "data/eval/000788.jpg",
    "data/eval/000789.jpg",
    "data/eval/000790.jpg",
    "data/eval/000791.jpg",
    "data/eval/000792.jpg",
    "data/eval/000793.jpg",
    "data/eval/000794.jpg",
    "data/eval/000795.jpg",
    "data/eval/000796.jpg",
    "data/eval/000797.jpg",
    "data/eval/000798.jpg",
    "data/eval/000799.jpg",
    "data/eval/000800.jpg",
    "data/eval/000801.jpg",
    "data/eval/000802.jpg",
    "data/eval/000803.jpg",
    "data/eval/000804.jpg",
    "data/eval/000805.jpg",
    "data/eval/000806.jpg",
    "data/eval/000807.jpg",
    "data/eval/000808.jpg",
    "data/eval/000809.jpg",
    "data/eval/000810.jpg",
    "data/eval/000811.jpg",
    "data/eval/000812.jpg",
    "data/eval/000813.jpg",
    "data/eval/000814.jpg",
    "data/eval/000815.jpg",
    "data/eval/000816.jpg",
    "data/eval/000817.jpg",
    "data/eval/000818.jpg",
    "data/eval/000819.jpg",
    "data/eval/000820.jpg",
    "data/eval/000821.jpg",
    "data/eval/000822.jpg",
    "data/eval/000823.jpg",
    "data/eval/000824.jpg",
    "data/eval/000825.jpg",
    "data/eval/000826.jpg",
    "data/eval/000827.jpg",
    "data/eval/000828.jpg",
    "data/eval/000829.jpg",
    "data/eval/000830.jpg",
    "data/eval/000831.jpg",
    "data/eval/000832.jpg",
    "data/eval/000833.jpg",
    "data/eval/000834.jpg",
    "data/eval/000835.jpg",
    "data/eval/000836.jpg",
    "data/eval/000837.jpg",
    "data/eval/000838.jpg",
    "data/eval/000839.jpg",
    "data/eval/000840.jpg",
    "data/eval/000841.jpg",
    "data/eval/000842.jpg",
    "data/eval/000843.jpg",
    "data/eval/000844.jpg",
    "data/eval/000845.jpg",
    "data/eval/000846.jpg",
    "data/eval/000847.jpg",
    "data/eval/000848.jpg",
    "data/eval/000849.jpg",
    "data/eval/000850.jpg",
    "data/eval/000851.jpg",
    "data/eval/000852.jpg",
    "data/eval/000853.jpg",
    "data/eval/000854.jpg",
    "data/eval/000855.jpg",
    "data/eval/000856.jpg",
    "data/eval/000857.jpg",
    "data/eval/000858.jpg",
    "data/eval/000859.jpg",
    "data/eval/000860.jpg",
    "data/eval/000861.jpg",
    "data/eval/000862.jpg",
    "data/eval/000863.jpg",
    "data/eval/000864.jpg",
    "data/eval/000865.jpg",
    "data/eval/000866.jpg",
    "data/eval/000867.jpg",
    "data/eval/000868.jpg",
    "data/eval/000869.jpg",
    "data/eval/000870.jpg",
    "data/eval/000871.jpg",
    "data/eval/000872.jpg",
    "data/eval/000873.jpg",
    "data/eval/000874.jpg",
    "data/eval/000875.jpg",
    "data/eval/000876.jpg",
    "data/eval/000877.jpg",
    "data/eval/000878.jpg",
    "data/eval/000879.jpg",
    "data/eval/000880.jpg",
    "data/eval/000881.jpg",
    "data/eval/000882.jpg",
    "data/eval/000883.jpg",
    "data/eval/000884.jpg",
    "data/eval/000885.jpg",
    "data/eval/000886.jpg",
    "data/eval/000887.jpg",
    "data/eval/000888.jpg",
    "data/eval/000889.jpg",
    "data/eval/000890.jpg",
    "data/eval/000891.jpg",
    "data/eval/000892.jpg",
    "data/eval/000893.jpg",
    "data/eval/000894.jpg",
    "data/eval/000895.jpg",
    "data/eval/000896.jpg",
    "data/eval/000897.jpg",
    "data/eval/000898.jpg",
    "data/eval/000899.jpg",
    "data/eval/000900.jpg",
    "data/eval/000901.jpg",
    "data/eval/000902.jpg",
    "data/eval/000903.jpg",
    "data/eval/000904.jpg",
    "data/eval/000905.jpg",
    "data/eval/000906.jpg",
    "data/eval/000907.jpg",
    "data/eval/000908.jpg",
    "data/eval/000909.jpg",
    "data/eval/000910.jpg",
    "data/eval/000911.jpg",
    "data/eval/000912.jpg",
    "data/eval/000913.jpg",
    "data/eval/000914.jpg",
    "data/eval/000915.jpg",
    "data/eval/000916.jpg",
    "data/eval/000917.jpg",
    "data/eval/000918.jpg",
    "data/eval/000919.jpg",
    "data/eval/000920.jpg",
    "data/eval/000921.jpg",
    "data/eval/000922.jpg",
    "data/eval/000923.jpg",
    "data/eval/000924.jpg",
    "data/eval/000925.jpg",
    "data/eval/000926.jpg",
    "data/eval/000927.jpg",
    "data/eval/000928.jpg",
    "data/eval/000929.jpg",
    "data/eval/000930.jpg",
    "data/eval/000931.jpg",
    "data/eval/000932.jpg",
    "data/eval/000933.jpg",
    "data/eval/000934.jpg",
    "data/eval/000935.jpg",
    "data/eval/000936.jpg",
    "data/eval/000937.jpg",
    "data/eval/000938.jpg",
    "data/eval/000939.jpg",
    "data/eval/000940.jpg",
    "data/eval/000941.jpg",
    "data/eval/000942.jpg",
    "data/eval/000943.jpg",
    "data/eval/000944.jpg",
    "data/eval/000945.jpg",
    "data/eval/000946.jpg",
    "data/eval/000947.jpg",
    "data/eval/000948.jpg",
    "data/eval/000949.jpg",
    "data/eval/000950.jpg",
    "data/eval/000951.jpg",
    "data/eval/000952.jpg",
    "data/eval/000953.jpg",
    "data/eval/000954.jpg",
    "data/eval/000955.jpg",
    "data/eval/000956.jpg",
    "data/eval/000957.jpg",
    "data/eval/000958.jpg",
    "data/eval/000959.jpg",
    "data/eval/000960.jpg",
    "data/eval/000961.jpg",
    "data/eval/000962.jpg",
    "data/eval/000963.jpg",
    "data/eval/000964.jpg",
    "data/eval/000965.jpg",
    "data/eval/000966.jpg",
    "data/eval/000967.jpg",
    "data/eval/000968.jpg",
    "data/eval/000969.jpg",
    "data/eval/000970.jpg",
    "data/eval/000971.jpg",
    "data/eval/000972.jpg",
    "data/eval/000973.jpg",
    "data/eval/000974.jpg",
    "data/eval/000975.jpg",
    "data/eval/000976.jpg",
    "data/eval/000977.jpg",
    "data/eval/000978.jpg",
    "data/eval/000979.jpg",
    "data/eval/000980.jpg",
    "data/eval/000981.jpg",
    "data/eval/000982.jpg",
    "data/eval/000983.jpg",
    "data/eval/000984.jpg",
    "data/eval/000985.jpg",
    "data/eval/000986.jpg",
    "data/eval/000987.jpg",
    "data/eval/000988.jpg",
    "data/eval/000989.jpg",
    "data/eval/000990.jpg",
    "data/eval/000991.jpg",
    "data/eval/000992.jpg",
    "data/eval/000993.jpg",
    "data/eval/000994.jpg",
    "data/eval/000995.jpg",
    "data/eval/000996.jpg",
    "data/eval/000997.jpg",
    "data/eval/000998.jpg",
    "data/eval/000999.jpg"
  ],
  "preprocess": {
    "input_size": [
      3,
      224,
      224
    ],
    "interpolation": "bicubic",
    "mean": [
      0.485,
      0.456,
      0.406
    ],
    "std": [
      0.229,
      0.224,
      0.225
    ],
    "crop_pct": 0.95,
    "crop_mode": "center"
  },
  "inputs_sha256": "2d094210cd103987a9971f0dde88308603ac4e5310bd23f7f292271e6f5f4dc4",
  "cache_key": "modelcachekey",
  "fresh": true
}
CPU_COMPARISON {"images": 1000, "max_abs": 0.0, "mae": 0.0, "rmse": 0.0, "exact_elements_fraction": 1.0, "argmax_agreement_fraction": 1.0}
PRE_NPU_CONTEXT_WITNESS

-----------------------------
[003d:00:01.1] : NPU Phoenix
-----------------------------
AIE Partitions
  No hardware contexts running on device


deleted stale cache C:\Users\<user>\PycharmProjects\ryzen-ai-xdna1-quantization\scratch\quant-worktree\modelcachekey
RYZEN_AI_INSTALLATION_PATH = C:\Program Files\RyzenAI\1.7.1
xclbin: C:\Program Files\RyzenAI\1.7.1\voe-4.0-win_amd64\xclbins\phoenix\4x4.xclbin
onnxruntime 1.23.3.dev20260320  providers: ['VitisAIExecutionProvider', 'DmlExecutionProvider', 'CPUExecutionProvider']
cache:  C:\Users\<user>\PycharmProjects\ryzen-ai-xdna1-quantization\scratch\quant-worktree\modelcachekey
First run compiles the model. It takes a while and looks frozen. It isn't.
EP_PLACEMENT {
  "report_sha256": "4ee255159dd7220edc4578d7f62ad1c53128989c4d1b251fccb0f29582ee0a6c",
  "total": 395,
  "npu": 393,
  "device_counts": {
    "CPU": 2,
    "NPU": 393
  },
  "ops_by_device": {
    "CPU:DequantizeLinear": 1,
    "CPU:QuantizeLinear": 1,
    "NPU:Add": 16,
    "NPU:Conv": 53,
    "NPU:DequantizeLinear": 197,
    "NPU:Flatten": 1,
    "NPU:Gemm": 1,
    "NPU:GlobalAveragePool": 1,
    "NPU:MaxPool": 1,
    "NPU:Mul": 1,
    "NPU:QuantizeLinear": 73,
    "NPU:Relu": 49
  },
  "non_npu_count": 2,
  "non_npu_first_25": [
    {
      "device": "CPU",
      "opType": "QuantizeLinear",
      "input": [
        "input",
        "onnx::Conv_518_scale",
        "input_zero_point"
      ],
      "output": [
        "input_QuantizeLinear_Output"
      ]
    },
    {
      "device": "CPU",
      "opType": "DequantizeLinear",
      "input": [
        "output_QuantizeLinear_Output",
        "onnx::Conv_519_scale",
        "output_zero_point"
      ],
      "output": [
        "output"
      ]
    }
  ],
  "deviceStat": [
    {
      "name": "all",
      "nodeNum": 395,
      "supportedOpType": [
        "::Add",
        "::Conv",
        "::DequantizeLinear",
        "::Flatten",
        "::Gemm",
        "::GlobalAveragePool",
        "::MaxPool",
        "::Mul",
        "::QuantizeLinear",
        "::Relu"
      ]
    },
    {
      "name": "NPU",
      "nodeNum": 393,
      "supportedOpType": [
        "::Add",
        "::Conv",
        "::DequantizeLinear",
        "::Flatten",
        "::Gemm",
        "::GlobalAveragePool",
        "::MaxPool",
        "::Mul",
        "::QuantizeLinear",
        "::Relu"
      ]
    },
    {
      "name": "VITIS_EP_CPU",
      "nodeNum": 2,
      "supportedOpType": [
        "::DequantizeLinear",
        "::QuantizeLinear"
      ]
    }
  ]
}
PROBE_RESULT {
  "status": "completed",
  "machine": "Desktop 2 / Ryzen 7 8700G",
  "mutation": {
    "name": "baseline",
    "note": "Unmodified owned no-CLE graph.",
    "changed_initializers": [],
    "changed_nodes": [],
    "nodes_before": 380,
    "nodes_after": 380
  },
  "base_sha256": "c1945d2dce29e6afeaed16ef8c2bcc5689044f5210543440f84fb258c29e0ea5",
  "model_sha256": "c1945d2dce29e6afeaed16ef8c2bcc5689044f5210543440f84fb258c29e0ea5",
  "ort_version": "1.23.3.dev20260320",
  "images": 1000,
  "scope": "full labeled evaluation dataset",
  "listing": [
    "data/eval/000000.jpg",
    "data/eval/000001.jpg",
    "data/eval/000002.jpg",
    "data/eval/000003.jpg",
    "data/eval/000004.jpg",
    "data/eval/000005.jpg",
    "data/eval/000006.jpg",
    "data/eval/000007.jpg",
    "data/eval/000008.jpg",
    "data/eval/000009.jpg",
    "data/eval/000010.jpg",
    "data/eval/000011.jpg",
    "data/eval/000012.jpg",
    "data/eval/000013.jpg",
    "data/eval/000014.jpg",
    "data/eval/000015.jpg",
    "data/eval/000016.jpg",
    "data/eval/000017.jpg",
    "data/eval/000018.jpg",
    "data/eval/000019.jpg",
    "data/eval/000020.jpg",
    "data/eval/000021.jpg",
    "data/eval/000022.jpg",
    "data/eval/000023.jpg",
    "data/eval/000024.jpg",
    "data/eval/000025.jpg",
    "data/eval/000026.jpg",
    "data/eval/000027.jpg",
    "data/eval/000028.jpg",
    "data/eval/000029.jpg",
    "data/eval/000030.jpg",
    "data/eval/000031.jpg",
    "data/eval/000032.jpg",
    "data/eval/000033.jpg",
    "data/eval/000034.jpg",
    "data/eval/000035.jpg",
    "data/eval/000036.jpg",
    "data/eval/000037.jpg",
    "data/eval/000038.jpg",
    "data/eval/000039.jpg",
    "data/eval/000040.jpg",
    "data/eval/000041.jpg",
    "data/eval/000042.jpg",
    "data/eval/000043.jpg",
    "data/eval/000044.jpg",
    "data/eval/000045.jpg",
    "data/eval/000046.jpg",
    "data/eval/000047.jpg",
    "data/eval/000048.jpg",
    "data/eval/000049.jpg",
    "data/eval/000050.jpg",
    "data/eval/000051.jpg",
    "data/eval/000052.jpg",
    "data/eval/000053.jpg",
    "data/eval/000054.jpg",
    "data/eval/000055.jpg",
    "data/eval/000056.jpg",
    "data/eval/000057.jpg",
    "data/eval/000058.jpg",
    "data/eval/000059.jpg",
    "data/eval/000060.jpg",
    "data/eval/000061.jpg",
    "data/eval/000062.jpg",
    "data/eval/000063.jpg",
    "data/eval/000064.jpg",
    "data/eval/000065.jpg",
    "data/eval/000066.jpg",
    "data/eval/000067.jpg",
    "data/eval/000068.jpg",
    "data/eval/000069.jpg",
    "data/eval/000070.jpg",
    "data/eval/000071.jpg",
    "data/eval/000072.jpg",
    "data/eval/000073.jpg",
    "data/eval/000074.jpg",
    "data/eval/000075.jpg",
    "data/eval/000076.jpg",
    "data/eval/000077.jpg",
    "data/eval/000078.jpg",
    "data/eval/000079.jpg",
    "data/eval/000080.jpg",
    "data/eval/000081.jpg",
    "data/eval/000082.jpg",
    "data/eval/000083.jpg",
    "data/eval/000084.jpg",
    "data/eval/000085.jpg",
    "data/eval/000086.jpg",
    "data/eval/000087.jpg",
    "data/eval/000088.jpg",
    "data/eval/000089.jpg",
    "data/eval/000090.jpg",
    "data/eval/000091.jpg",
    "data/eval/000092.jpg",
    "data/eval/000093.jpg",
    "data/eval/000094.jpg",
    "data/eval/000095.jpg",
    "data/eval/000096.jpg",
    "data/eval/000097.jpg",
    "data/eval/000098.jpg",
    "data/eval/000099.jpg",
    "data/eval/000100.jpg",
    "data/eval/000101.jpg",
    "data/eval/000102.jpg",
    "data/eval/000103.jpg",
    "data/eval/000104.jpg",
    "data/eval/000105.jpg",
    "data/eval/000106.jpg",
    "data/eval/000107.jpg",
    "data/eval/000108.jpg",
    "data/eval/000109.jpg",
    "data/eval/000110.jpg",
    "data/eval/000111.jpg",
    "data/eval/000112.jpg",
    "data/eval/000113.jpg",
    "data/eval/000114.jpg",
    "data/eval/000115.jpg",
    "data/eval/000116.jpg",
    "data/eval/000117.jpg",
    "data/eval/000118.jpg",
    "data/eval/000119.jpg",
    "data/eval/000120.jpg",
    "data/eval/000121.jpg",
    "data/eval/000122.jpg",
    "data/eval/000123.jpg",
    "data/eval/000124.jpg",
    "data/eval/000125.jpg",
    "data/eval/000126.jpg",
    "data/eval/000127.jpg",
    "data/eval/000128.jpg",
    "data/eval/000129.jpg",
    "data/eval/000130.jpg",
    "data/eval/000131.jpg",
    "data/eval/000132.jpg",
    "data/eval/000133.jpg",
    "data/eval/000134.jpg",
    "data/eval/000135.jpg",
    "data/eval/000136.jpg",
    "data/eval/000137.jpg",
    "data/eval/000138.jpg",
    "data/eval/000139.jpg",
    "data/eval/000140.jpg",
    "data/eval/000141.jpg",
    "data/eval/000142.jpg",
    "data/eval/000143.jpg",
    "data/eval/000144.jpg",
    "data/eval/000145.jpg",
    "data/eval/000146.jpg",
    "data/eval/000147.jpg",
    "data/eval/000148.jpg",
    "data/eval/000149.jpg",
    "data/eval/000150.jpg",
    "data/eval/000151.jpg",
    "data/eval/000152.jpg",
    "data/eval/000153.jpg",
    "data/eval/000154.jpg",
    "data/eval/000155.jpg",
    "data/eval/000156.jpg",
    "data/eval/000157.jpg",
    "data/eval/000158.jpg",
    "data/eval/000159.jpg",
    "data/eval/000160.jpg",
    "data/eval/000161.jpg",
    "data/eval/000162.jpg",
    "data/eval/000163.jpg",
    "data/eval/000164.jpg",
    "data/eval/000165.jpg",
    "data/eval/000166.jpg",
    "data/eval/000167.jpg",
    "data/eval/000168.jpg",
    "data/eval/000169.jpg",
    "data/eval/000170.jpg",
    "data/eval/000171.jpg",
    "data/eval/000172.jpg",
    "data/eval/000173.jpg",
    "data/eval/000174.jpg",
    "data/eval/000175.jpg",
    "data/eval/000176.jpg",
    "data/eval/000177.jpg",
    "data/eval/000178.jpg",
    "data/eval/000179.jpg",
    "data/eval/000180.jpg",
    "data/eval/000181.jpg",
    "data/eval/000182.jpg",
    "data/eval/000183.jpg",
    "data/eval/000184.jpg",
    "data/eval/000185.jpg",
    "data/eval/000186.jpg",
    "data/eval/000187.jpg",
    "data/eval/000188.jpg",
    "data/eval/000189.jpg",
    "data/eval/000190.jpg",
    "data/eval/000191.jpg",
    "data/eval/000192.jpg",
    "data/eval/000193.jpg",
    "data/eval/000194.jpg",
    "data/eval/000195.jpg",
    "data/eval/000196.jpg",
    "data/eval/000197.jpg",
    "data/eval/000198.jpg",
    "data/eval/000199.jpg",
    "data/eval/000200.jpg",
    "data/eval/000201.jpg",
    "data/eval/000202.jpg",
    "data/eval/000203.jpg",
    "data/eval/000204.jpg",
    "data/eval/000205.jpg",
    "data/eval/000206.jpg",
    "data/eval/000207.jpg",
    "data/eval/000208.jpg",
    "data/eval/000209.jpg",
    "data/eval/000210.jpg",
    "data/eval/000211.jpg",
    "data/eval/000212.jpg",
    "data/eval/000213.jpg",
    "data/eval/000214.jpg",
    "data/eval/000215.jpg",
    "data/eval/000216.jpg",
    "data/eval/000217.jpg",
    "data/eval/000218.jpg",
    "data/eval/000219.jpg",
    "data/eval/000220.jpg",
    "data/eval/000221.jpg",
    "data/eval/000222.jpg",
    "data/eval/000223.jpg",
    "data/eval/000224.jpg",
    "data/eval/000225.jpg",
    "data/eval/000226.jpg",
    "data/eval/000227.jpg",
    "data/eval/000228.jpg",
    "data/eval/000229.jpg",
    "data/eval/000230.jpg",
    "data/eval/000231.jpg",
    "data/eval/000232.jpg",
    "data/eval/000233.jpg",
    "data/eval/000234.jpg",
    "data/eval/000235.jpg",
    "data/eval/000236.jpg",
    "data/eval/000237.jpg",
    "data/eval/000238.jpg",
    "data/eval/000239.jpg",
    "data/eval/000240.jpg",
    "data/eval/000241.jpg",
    "data/eval/000242.jpg",
    "data/eval/000243.jpg",
    "data/eval/000244.jpg",
    "data/eval/000245.jpg",
    "data/eval/000246.jpg",
    "data/eval/000247.jpg",
    "data/eval/000248.jpg",
    "data/eval/000249.jpg",
    "data/eval/000250.jpg",
    "data/eval/000251.jpg",
    "data/eval/000252.jpg",
    "data/eval/000253.jpg",
    "data/eval/000254.jpg",
    "data/eval/000255.jpg",
    "data/eval/000256.jpg",
    "data/eval/000257.jpg",
    "data/eval/000258.jpg",
    "data/eval/000259.jpg",
    "data/eval/000260.jpg",
    "data/eval/000261.jpg",
    "data/eval/000262.jpg",
    "data/eval/000263.jpg",
    "data/eval/000264.jpg",
    "data/eval/000265.jpg",
    "data/eval/000266.jpg",
    "data/eval/000267.jpg",
    "data/eval/000268.jpg",
    "data/eval/000269.jpg",
    "data/eval/000270.jpg",
    "data/eval/000271.jpg",
    "data/eval/000272.jpg",
    "data/eval/000273.jpg",
    "data/eval/000274.jpg",
    "data/eval/000275.jpg",
    "data/eval/000276.jpg",
    "data/eval/000277.jpg",
    "data/eval/000278.jpg",
    "data/eval/000279.jpg",
    "data/eval/000280.jpg",
    "data/eval/000281.jpg",
    "data/eval/000282.jpg",
    "data/eval/000283.jpg",
    "data/eval/000284.jpg",
    "data/eval/000285.jpg",
    "data/eval/000286.jpg",
    "data/eval/000287.jpg",
    "data/eval/000288.jpg",
    "data/eval/000289.jpg",
    "data/eval/000290.jpg",
    "data/eval/000291.jpg",
    "data/eval/000292.jpg",
    "data/eval/000293.jpg",
    "data/eval/000294.jpg",
    "data/eval/000295.jpg",
    "data/eval/000296.jpg",
    "data/eval/000297.jpg",
    "data/eval/000298.jpg",
    "data/eval/000299.jpg",
    "data/eval/000300.jpg",
    "data/eval/000301.jpg",
    "data/eval/000302.jpg",
    "data/eval/000303.jpg",
    "data/eval/000304.jpg",
    "data/eval/000305.jpg",
    "data/eval/000306.jpg",
    "data/eval/000307.jpg",
    "data/eval/000308.jpg",
    "data/eval/000309.jpg",
    "data/eval/000310.jpg",
    "data/eval/000311.jpg",
    "data/eval/000312.jpg",
    "data/eval/000313.jpg",
    "data/eval/000314.jpg",
    "data/eval/000315.jpg",
    "data/eval/000316.jpg",
    "data/eval/000317.jpg",
    "data/eval/000318.jpg",
    "data/eval/000319.jpg",
    "data/eval/000320.jpg",
    "data/eval/000321.jpg",
    "data/eval/000322.jpg",
    "data/eval/000323.jpg",
    "data/eval/000324.jpg",
    "data/eval/000325.jpg",
    "data/eval/000326.jpg",
    "data/eval/000327.jpg",
    "data/eval/000328.jpg",
    "data/eval/000329.jpg",
    "data/eval/000330.jpg",
    "data/eval/000331.jpg",
    "data/eval/000332.jpg",
    "data/eval/000333.jpg",
    "data/eval/000334.jpg",
    "data/eval/000335.jpg",
    "data/eval/000336.jpg",
    "data/eval/000337.jpg",
    "data/eval/000338.jpg",
    "data/eval/000339.jpg",
    "data/eval/000340.jpg",
    "data/eval/000341.jpg",
    "data/eval/000342.jpg",
    "data/eval/000343.jpg",
    "data/eval/000344.jpg",
    "data/eval/000345.jpg",
    "data/eval/000346.jpg",
    "data/eval/000347.jpg",
    "data/eval/000348.jpg",
    "data/eval/000349.jpg",
    "data/eval/000350.jpg",
    "data/eval/000351.jpg",
    "data/eval/000352.jpg",
    "data/eval/000353.jpg",
    "data/eval/000354.jpg",
    "data/eval/000355.jpg",
    "data/eval/000356.jpg",
    "data/eval/000357.jpg",
    "data/eval/000358.jpg",
    "data/eval/000359.jpg",
    "data/eval/000360.jpg",
    "data/eval/000361.jpg",
    "data/eval/000362.jpg",
    "data/eval/000363.jpg",
    "data/eval/000364.jpg",
    "data/eval/000365.jpg",
    "data/eval/000366.jpg",
    "data/eval/000367.jpg",
    "data/eval/000368.jpg",
    "data/eval/000369.jpg",
    "data/eval/000370.jpg",
    "data/eval/000371.jpg",
    "data/eval/000372.jpg",
    "data/eval/000373.jpg",
    "data/eval/000374.jpg",
    "data/eval/000375.jpg",
    "data/eval/000376.jpg",
    "data/eval/000377.jpg",
    "data/eval/000378.jpg",
    "data/eval/000379.jpg",
    "data/eval/000380.jpg",
    "data/eval/000381.jpg",
    "data/eval/000382.jpg",
    "data/eval/000383.jpg",
    "data/eval/000384.jpg",
    "data/eval/000385.jpg",
    "data/eval/000386.jpg",
    "data/eval/000387.jpg",
    "data/eval/000388.jpg",
    "data/eval/000389.jpg",
    "data/eval/000390.jpg",
    "data/eval/000391.jpg",
    "data/eval/000392.jpg",
    "data/eval/000393.jpg",
    "data/eval/000394.jpg",
    "data/eval/000395.jpg",
    "data/eval/000396.jpg",
    "data/eval/000397.jpg",
    "data/eval/000398.jpg",
    "data/eval/000399.jpg",
    "data/eval/000400.jpg",
    "data/eval/000401.jpg",
    "data/eval/000402.jpg",
    "data/eval/000403.jpg",
    "data/eval/000404.jpg",
    "data/eval/000405.jpg",
    "data/eval/000406.jpg",
    "data/eval/000407.jpg",
    "data/eval/000408.jpg",
    "data/eval/000409.jpg",
    "data/eval/000410.jpg",
    "data/eval/000411.jpg",
    "data/eval/000412.jpg",
    "data/eval/000413.jpg",
    "data/eval/000414.jpg",
    "data/eval/000415.jpg",
    "data/eval/000416.jpg",
    "data/eval/000417.jpg",
    "data/eval/000418.jpg",
    "data/eval/000419.jpg",
    "data/eval/000420.jpg",
    "data/eval/000421.jpg",
    "data/eval/000422.jpg",
    "data/eval/000423.jpg",
    "data/eval/000424.jpg",
    "data/eval/000425.jpg",
    "data/eval/000426.jpg",
    "data/eval/000427.jpg",
    "data/eval/000428.jpg",
    "data/eval/000429.jpg",
    "data/eval/000430.jpg",
    "data/eval/000431.jpg",
    "data/eval/000432.jpg",
    "data/eval/000433.jpg",
    "data/eval/000434.jpg",
    "data/eval/000435.jpg",
    "data/eval/000436.jpg",
    "data/eval/000437.jpg",
    "data/eval/000438.jpg",
    "data/eval/000439.jpg",
    "data/eval/000440.jpg",
    "data/eval/000441.jpg",
    "data/eval/000442.jpg",
    "data/eval/000443.jpg",
    "data/eval/000444.jpg",
    "data/eval/000445.jpg",
    "data/eval/000446.jpg",
    "data/eval/000447.jpg",
    "data/eval/000448.jpg",
    "data/eval/000449.jpg",
    "data/eval/000450.jpg",
    "data/eval/000451.jpg",
    "data/eval/000452.jpg",
    "data/eval/000453.jpg",
    "data/eval/000454.jpg",
    "data/eval/000455.jpg",
    "data/eval/000456.jpg",
    "data/eval/000457.jpg",
    "data/eval/000458.jpg",
    "data/eval/000459.jpg",
    "data/eval/000460.jpg",
    "data/eval/000461.jpg",
    "data/eval/000462.jpg",
    "data/eval/000463.jpg",
    "data/eval/000464.jpg",
    "data/eval/000465.jpg",
    "data/eval/000466.jpg",
    "data/eval/000467.jpg",
    "data/eval/000468.jpg",
    "data/eval/000469.jpg",
    "data/eval/000470.jpg",
    "data/eval/000471.jpg",
    "data/eval/000472.jpg",
    "data/eval/000473.jpg",
    "data/eval/000474.jpg",
    "data/eval/000475.jpg",
    "data/eval/000476.jpg",
    "data/eval/000477.jpg",
    "data/eval/000478.jpg",
    "data/eval/000479.jpg",
    "data/eval/000480.jpg",
    "data/eval/000481.jpg",
    "data/eval/000482.jpg",
    "data/eval/000483.jpg",
    "data/eval/000484.jpg",
    "data/eval/000485.jpg",
    "data/eval/000486.jpg",
    "data/eval/000487.jpg",
    "data/eval/000488.jpg",
    "data/eval/000489.jpg",
    "data/eval/000490.jpg",
    "data/eval/000491.jpg",
    "data/eval/000492.jpg",
    "data/eval/000493.jpg",
    "data/eval/000494.jpg",
    "data/eval/000495.jpg",
    "data/eval/000496.jpg",
    "data/eval/000497.jpg",
    "data/eval/000498.jpg",
    "data/eval/000499.jpg",
    "data/eval/000500.jpg",
    "data/eval/000501.jpg",
    "data/eval/000502.jpg",
    "data/eval/000503.jpg",
    "data/eval/000504.jpg",
    "data/eval/000505.jpg",
    "data/eval/000506.jpg",
    "data/eval/000507.jpg",
    "data/eval/000508.jpg",
    "data/eval/000509.jpg",
    "data/eval/000510.jpg",
    "data/eval/000511.jpg",
    "data/eval/000512.jpg",
    "data/eval/000513.jpg",
    "data/eval/000514.jpg",
    "data/eval/000515.jpg",
    "data/eval/000516.jpg",
    "data/eval/000517.jpg",
    "data/eval/000518.jpg",
    "data/eval/000519.jpg",
    "data/eval/000520.jpg",
    "data/eval/000521.jpg",
    "data/eval/000522.jpg",
    "data/eval/000523.jpg",
    "data/eval/000524.jpg",
    "data/eval/000525.jpg",
    "data/eval/000526.jpg",
    "data/eval/000527.jpg",
    "data/eval/000528.jpg",
    "data/eval/000529.jpg",
    "data/eval/000530.jpg",
    "data/eval/000531.jpg",
    "data/eval/000532.jpg",
    "data/eval/000533.jpg",
    "data/eval/000534.jpg",
    "data/eval/000535.jpg",
    "data/eval/000536.jpg",
    "data/eval/000537.jpg",
    "data/eval/000538.jpg",
    "data/eval/000539.jpg",
    "data/eval/000540.jpg",
    "data/eval/000541.jpg",
    "data/eval/000542.jpg",
    "data/eval/000543.jpg",
    "data/eval/000544.jpg",
    "data/eval/000545.jpg",
    "data/eval/000546.jpg",
    "data/eval/000547.jpg",
    "data/eval/000548.jpg",
    "data/eval/000549.jpg",
    "data/eval/000550.jpg",
    "data/eval/000551.jpg",
    "data/eval/000552.jpg",
    "data/eval/000553.jpg",
    "data/eval/000554.jpg",
    "data/eval/000555.jpg",
    "data/eval/000556.jpg",
    "data/eval/000557.jpg",
    "data/eval/000558.jpg",
    "data/eval/000559.jpg",
    "data/eval/000560.jpg",
    "data/eval/000561.jpg",
    "data/eval/000562.jpg",
    "data/eval/000563.jpg",
    "data/eval/000564.jpg",
    "data/eval/000565.jpg",
    "data/eval/000566.jpg",
    "data/eval/000567.jpg",
    "data/eval/000568.jpg",
    "data/eval/000569.jpg",
    "data/eval/000570.jpg",
    "data/eval/000571.jpg",
    "data/eval/000572.jpg",
    "data/eval/000573.jpg",
    "data/eval/000574.jpg",
    "data/eval/000575.jpg",
    "data/eval/000576.jpg",
    "data/eval/000577.jpg",
    "data/eval/000578.jpg",
    "data/eval/000579.jpg",
    "data/eval/000580.jpg",
    "data/eval/000581.jpg",
    "data/eval/000582.jpg",
    "data/eval/000583.jpg",
    "data/eval/000584.jpg",
    "data/eval/000585.jpg",
    "data/eval/000586.jpg",
    "data/eval/000587.jpg",
    "data/eval/000588.jpg",
    "data/eval/000589.jpg",
    "data/eval/000590.jpg",
    "data/eval/000591.jpg",
    "data/eval/000592.jpg",
    "data/eval/000593.jpg",
    "data/eval/000594.jpg",
    "data/eval/000595.jpg",
    "data/eval/000596.jpg",
    "data/eval/000597.jpg",
    "data/eval/000598.jpg",
    "data/eval/000599.jpg",
    "data/eval/000600.jpg",
    "data/eval/000601.jpg",
    "data/eval/000602.jpg",
    "data/eval/000603.jpg",
    "data/eval/000604.jpg",
    "data/eval/000605.jpg",
    "data/eval/000606.jpg",
    "data/eval/000607.jpg",
    "data/eval/000608.jpg",
    "data/eval/000609.jpg",
    "data/eval/000610.jpg",
    "data/eval/000611.jpg",
    "data/eval/000612.jpg",
    "data/eval/000613.jpg",
    "data/eval/000614.jpg",
    "data/eval/000615.jpg",
    "data/eval/000616.jpg",
    "data/eval/000617.jpg",
    "data/eval/000618.jpg",
    "data/eval/000619.jpg",
    "data/eval/000620.jpg",
    "data/eval/000621.jpg",
    "data/eval/000622.jpg",
    "data/eval/000623.jpg",
    "data/eval/000624.jpg",
    "data/eval/000625.jpg",
    "data/eval/000626.jpg",
    "data/eval/000627.jpg",
    "data/eval/000628.jpg",
    "data/eval/000629.jpg",
    "data/eval/000630.jpg",
    "data/eval/000631.jpg",
    "data/eval/000632.jpg",
    "data/eval/000633.jpg",
    "data/eval/000634.jpg",
    "data/eval/000635.jpg",
    "data/eval/000636.jpg",
    "data/eval/000637.jpg",
    "data/eval/000638.jpg",
    "data/eval/000639.jpg",
    "data/eval/000640.jpg",
    "data/eval/000641.jpg",
    "data/eval/000642.jpg",
    "data/eval/000643.jpg",
    "data/eval/000644.jpg",
    "data/eval/000645.jpg",
    "data/eval/000646.jpg",
    "data/eval/000647.jpg",
    "data/eval/000648.jpg",
    "data/eval/000649.jpg",
    "data/eval/000650.jpg",
    "data/eval/000651.jpg",
    "data/eval/000652.jpg",
    "data/eval/000653.jpg",
    "data/eval/000654.jpg",
    "data/eval/000655.jpg",
    "data/eval/000656.jpg",
    "data/eval/000657.jpg",
    "data/eval/000658.jpg",
    "data/eval/000659.jpg",
    "data/eval/000660.jpg",
    "data/eval/000661.jpg",
    "data/eval/000662.jpg",
    "data/eval/000663.jpg",
    "data/eval/000664.jpg",
    "data/eval/000665.jpg",
    "data/eval/000666.jpg",
    "data/eval/000667.jpg",
    "data/eval/000668.jpg",
    "data/eval/000669.jpg",
    "data/eval/000670.jpg",
    "data/eval/000671.jpg",
    "data/eval/000672.jpg",
    "data/eval/000673.jpg",
    "data/eval/000674.jpg",
    "data/eval/000675.jpg",
    "data/eval/000676.jpg",
    "data/eval/000677.jpg",
    "data/eval/000678.jpg",
    "data/eval/000679.jpg",
    "data/eval/000680.jpg",
    "data/eval/000681.jpg",
    "data/eval/000682.jpg",
    "data/eval/000683.jpg",
    "data/eval/000684.jpg",
    "data/eval/000685.jpg",
    "data/eval/000686.jpg",
    "data/eval/000687.jpg",
    "data/eval/000688.jpg",
    "data/eval/000689.jpg",
    "data/eval/000690.jpg",
    "data/eval/000691.jpg",
    "data/eval/000692.jpg",
    "data/eval/000693.jpg",
    "data/eval/000694.jpg",
    "data/eval/000695.jpg",
    "data/eval/000696.jpg",
    "data/eval/000697.jpg",
    "data/eval/000698.jpg",
    "data/eval/000699.jpg",
    "data/eval/000700.jpg",
    "data/eval/000701.jpg",
    "data/eval/000702.jpg",
    "data/eval/000703.jpg",
    "data/eval/000704.jpg",
    "data/eval/000705.jpg",
    "data/eval/000706.jpg",
    "data/eval/000707.jpg",
    "data/eval/000708.jpg",
    "data/eval/000709.jpg",
    "data/eval/000710.jpg",
    "data/eval/000711.jpg",
    "data/eval/000712.jpg",
    "data/eval/000713.jpg",
    "data/eval/000714.jpg",
    "data/eval/000715.jpg",
    "data/eval/000716.jpg",
    "data/eval/000717.jpg",
    "data/eval/000718.jpg",
    "data/eval/000719.jpg",
    "data/eval/000720.jpg",
    "data/eval/000721.jpg",
    "data/eval/000722.jpg",
    "data/eval/000723.jpg",
    "data/eval/000724.jpg",
    "data/eval/000725.jpg",
    "data/eval/000726.jpg",
    "data/eval/000727.jpg",
    "data/eval/000728.jpg",
    "data/eval/000729.jpg",
    "data/eval/000730.jpg",
    "data/eval/000731.jpg",
    "data/eval/000732.jpg",
    "data/eval/000733.jpg",
    "data/eval/000734.jpg",
    "data/eval/000735.jpg",
    "data/eval/000736.jpg",
    "data/eval/000737.jpg",
    "data/eval/000738.jpg",
    "data/eval/000739.jpg",
    "data/eval/000740.jpg",
    "data/eval/000741.jpg",
    "data/eval/000742.jpg",
    "data/eval/000743.jpg",
    "data/eval/000744.jpg",
    "data/eval/000745.jpg",
    "data/eval/000746.jpg",
    "data/eval/000747.jpg",
    "data/eval/000748.jpg",
    "data/eval/000749.jpg",
    "data/eval/000750.jpg",
    "data/eval/000751.jpg",
    "data/eval/000752.jpg",
    "data/eval/000753.jpg",
    "data/eval/000754.jpg",
    "data/eval/000755.jpg",
    "data/eval/000756.jpg",
    "data/eval/000757.jpg",
    "data/eval/000758.jpg",
    "data/eval/000759.jpg",
    "data/eval/000760.jpg",
    "data/eval/000761.jpg",
    "data/eval/000762.jpg",
    "data/eval/000763.jpg",
    "data/eval/000764.jpg",
    "data/eval/000765.jpg",
    "data/eval/000766.jpg",
    "data/eval/000767.jpg",
    "data/eval/000768.jpg",
    "data/eval/000769.jpg",
    "data/eval/000770.jpg",
    "data/eval/000771.jpg",
    "data/eval/000772.jpg",
    "data/eval/000773.jpg",
    "data/eval/000774.jpg",
    "data/eval/000775.jpg",
    "data/eval/000776.jpg",
    "data/eval/000777.jpg",
    "data/eval/000778.jpg",
    "data/eval/000779.jpg",
    "data/eval/000780.jpg",
    "data/eval/000781.jpg",
    "data/eval/000782.jpg",
    "data/eval/000783.jpg",
    "data/eval/000784.jpg",
    "data/eval/000785.jpg",
    "data/eval/000786.jpg",
    "data/eval/000787.jpg",
    "data/eval/000788.jpg",
    "data/eval/000789.jpg",
    "data/eval/000790.jpg",
    "data/eval/000791.jpg",
    "data/eval/000792.jpg",
    "data/eval/000793.jpg",
    "data/eval/000794.jpg",
    "data/eval/000795.jpg",
    "data/eval/000796.jpg",
    "data/eval/000797.jpg",
    "data/eval/000798.jpg",
    "data/eval/000799.jpg",
    "data/eval/000800.jpg",
    "data/eval/000801.jpg",
    "data/eval/000802.jpg",
    "data/eval/000803.jpg",
    "data/eval/000804.jpg",
    "data/eval/000805.jpg",
    "data/eval/000806.jpg",
    "data/eval/000807.jpg",
    "data/eval/000808.jpg",
    "data/eval/000809.jpg",
    "data/eval/000810.jpg",
    "data/eval/000811.jpg",
    "data/eval/000812.jpg",
    "data/eval/000813.jpg",
    "data/eval/000814.jpg",
    "data/eval/000815.jpg",
    "data/eval/000816.jpg",
    "data/eval/000817.jpg",
    "data/eval/000818.jpg",
    "data/eval/000819.jpg",
    "data/eval/000820.jpg",
    "data/eval/000821.jpg",
    "data/eval/000822.jpg",
    "data/eval/000823.jpg",
    "data/eval/000824.jpg",
    "data/eval/000825.jpg",
    "data/eval/000826.jpg",
    "data/eval/000827.jpg",
    "data/eval/000828.jpg",
    "data/eval/000829.jpg",
    "data/eval/000830.jpg",
    "data/eval/000831.jpg",
    "data/eval/000832.jpg",
    "data/eval/000833.jpg",
    "data/eval/000834.jpg",
    "data/eval/000835.jpg",
    "data/eval/000836.jpg",
    "data/eval/000837.jpg",
    "data/eval/000838.jpg",
    "data/eval/000839.jpg",
    "data/eval/000840.jpg",
    "data/eval/000841.jpg",
    "data/eval/000842.jpg",
    "data/eval/000843.jpg",
    "data/eval/000844.jpg",
    "data/eval/000845.jpg",
    "data/eval/000846.jpg",
    "data/eval/000847.jpg",
    "data/eval/000848.jpg",
    "data/eval/000849.jpg",
    "data/eval/000850.jpg",
    "data/eval/000851.jpg",
    "data/eval/000852.jpg",
    "data/eval/000853.jpg",
    "data/eval/000854.jpg",
    "data/eval/000855.jpg",
    "data/eval/000856.jpg",
    "data/eval/000857.jpg",
    "data/eval/000858.jpg",
    "data/eval/000859.jpg",
    "data/eval/000860.jpg",
    "data/eval/000861.jpg",
    "data/eval/000862.jpg",
    "data/eval/000863.jpg",
    "data/eval/000864.jpg",
    "data/eval/000865.jpg",
    "data/eval/000866.jpg",
    "data/eval/000867.jpg",
    "data/eval/000868.jpg",
    "data/eval/000869.jpg",
    "data/eval/000870.jpg",
    "data/eval/000871.jpg",
    "data/eval/000872.jpg",
    "data/eval/000873.jpg",
    "data/eval/000874.jpg",
    "data/eval/000875.jpg",
    "data/eval/000876.jpg",
    "data/eval/000877.jpg",
    "data/eval/000878.jpg",
    "data/eval/000879.jpg",
    "data/eval/000880.jpg",
    "data/eval/000881.jpg",
    "data/eval/000882.jpg",
    "data/eval/000883.jpg",
    "data/eval/000884.jpg",
    "data/eval/000885.jpg",
    "data/eval/000886.jpg",
    "data/eval/000887.jpg",
    "data/eval/000888.jpg",
    "data/eval/000889.jpg",
    "data/eval/000890.jpg",
    "data/eval/000891.jpg",
    "data/eval/000892.jpg",
    "data/eval/000893.jpg",
    "data/eval/000894.jpg",
    "data/eval/000895.jpg",
    "data/eval/000896.jpg",
    "data/eval/000897.jpg",
    "data/eval/000898.jpg",
    "data/eval/000899.jpg",
    "data/eval/000900.jpg",
    "data/eval/000901.jpg",
    "data/eval/000902.jpg",
    "data/eval/000903.jpg",
    "data/eval/000904.jpg",
    "data/eval/000905.jpg",
    "data/eval/000906.jpg",
    "data/eval/000907.jpg",
    "data/eval/000908.jpg",
    "data/eval/000909.jpg",
    "data/eval/000910.jpg",
    "data/eval/000911.jpg",
    "data/eval/000912.jpg",
    "data/eval/000913.jpg",
    "data/eval/000914.jpg",
    "data/eval/000915.jpg",
    "data/eval/000916.jpg",
    "data/eval/000917.jpg",
    "data/eval/000918.jpg",
    "data/eval/000919.jpg",
    "data/eval/000920.jpg",
    "data/eval/000921.jpg",
    "data/eval/000922.jpg",
    "data/eval/000923.jpg",
    "data/eval/000924.jpg",
    "data/eval/000925.jpg",
    "data/eval/000926.jpg",
    "data/eval/000927.jpg",
    "data/eval/000928.jpg",
    "data/eval/000929.jpg",
    "data/eval/000930.jpg",
    "data/eval/000931.jpg",
    "data/eval/000932.jpg",
    "data/eval/000933.jpg",
    "data/eval/000934.jpg",
    "data/eval/000935.jpg",
    "data/eval/000936.jpg",
    "data/eval/000937.jpg",
    "data/eval/000938.jpg",
    "data/eval/000939.jpg",
    "data/eval/000940.jpg",
    "data/eval/000941.jpg",
    "data/eval/000942.jpg",
    "data/eval/000943.jpg",
    "data/eval/000944.jpg",
    "data/eval/000945.jpg",
    "data/eval/000946.jpg",
    "data/eval/000947.jpg",
    "data/eval/000948.jpg",
    "data/eval/000949.jpg",
    "data/eval/000950.jpg",
    "data/eval/000951.jpg",
    "data/eval/000952.jpg",
    "data/eval/000953.jpg",
    "data/eval/000954.jpg",
    "data/eval/000955.jpg",
    "data/eval/000956.jpg",
    "data/eval/000957.jpg",
    "data/eval/000958.jpg",
    "data/eval/000959.jpg",
    "data/eval/000960.jpg",
    "data/eval/000961.jpg",
    "data/eval/000962.jpg",
    "data/eval/000963.jpg",
    "data/eval/000964.jpg",
    "data/eval/000965.jpg",
    "data/eval/000966.jpg",
    "data/eval/000967.jpg",
    "data/eval/000968.jpg",
    "data/eval/000969.jpg",
    "data/eval/000970.jpg",
    "data/eval/000971.jpg",
    "data/eval/000972.jpg",
    "data/eval/000973.jpg",
    "data/eval/000974.jpg",
    "data/eval/000975.jpg",
    "data/eval/000976.jpg",
    "data/eval/000977.jpg",
    "data/eval/000978.jpg",
    "data/eval/000979.jpg",
    "data/eval/000980.jpg",
    "data/eval/000981.jpg",
    "data/eval/000982.jpg",
    "data/eval/000983.jpg",
    "data/eval/000984.jpg",
    "data/eval/000985.jpg",
    "data/eval/000986.jpg",
    "data/eval/000987.jpg",
    "data/eval/000988.jpg",
    "data/eval/000989.jpg",
    "data/eval/000990.jpg",
    "data/eval/000991.jpg",
    "data/eval/000992.jpg",
    "data/eval/000993.jpg",
    "data/eval/000994.jpg",
    "data/eval/000995.jpg",
    "data/eval/000996.jpg",
    "data/eval/000997.jpg",
    "data/eval/000998.jpg",
    "data/eval/000999.jpg"
  ],
  "preprocess": {
    "input_size": [
      3,
      224,
      224
    ],
    "interpolation": "bicubic",
    "mean": [
      0.485,
      0.456,
      0.406
    ],
    "std": [
      0.229,
      0.224,
      0.225
    ],
    "crop_pct": 0.95,
    "crop_mode": "center"
  },
  "inputs_sha256": "2d094210cd103987a9971f0dde88308603ac4e5310bd23f7f292271e6f5f4dc4",
  "cache_key": "modelcachekey",
  "fresh": true,
  "cpu_latency_ms": {
    "mean": 36.386503699977766,
    "median": 36.20685000350932,
    "p95": 41.059565002433374,
    "runs": 1000,
    "warmup": 5
  },
  "cpu_vs_baseline_cpu": {
    "images": 1000,
    "max_abs": 0.0,
    "mae": 0.0,
    "rmse": 0.0,
    "exact_elements_fraction": 1.0,
    "argmax_agreement_fraction": 1.0
  },
  "cpu_accuracy": {
    "images": 1000,
    "top1_percent": 62.0,
    "top5_percent": 79.80000000000001
  },
  "baseline_cpu_accuracy": {
    "images": 1000,
    "top1_percent": 62.0,
    "top5_percent": 79.80000000000001
  },
  "context_witness": "\n-----------------------------\n[003d:00:01.1] : NPU Phoenix\n-----------------------------\nAIE Partitions\n  No hardware contexts running on device\n\n",
  "xclbin_sha256": "d3b5e845b05f91beb90555b6f50ca542e05f69379f3fd9ab15246ad344c469fe",
  "xclbin": "C:\\Program Files\\RyzenAI\\1.7.1\\voe-4.0-win_amd64\\xclbins\\phoenix\\4x4.xclbin",
  "ep": {
    "report_sha256": "4ee255159dd7220edc4578d7f62ad1c53128989c4d1b251fccb0f29582ee0a6c",
    "total": 395,
    "npu": 393,
    "device_counts": {
      "CPU": 2,
      "NPU": 393
    },
    "ops_by_device": {
      "CPU:DequantizeLinear": 1,
      "CPU:QuantizeLinear": 1,
      "NPU:Add": 16,
      "NPU:Conv": 53,
      "NPU:DequantizeLinear": 197,
      "NPU:Flatten": 1,
      "NPU:Gemm": 1,
      "NPU:GlobalAveragePool": 1,
      "NPU:MaxPool": 1,
      "NPU:Mul": 1,
      "NPU:QuantizeLinear": 73,
      "NPU:Relu": 49
    },
    "non_npu_count": 2,
    "non_npu_first_25": [
      {
        "device": "CPU",
        "opType": "QuantizeLinear",
        "input": [
          "input",
          "onnx::Conv_518_scale",
          "input_zero_point"
        ],
        "output": [
          "input_QuantizeLinear_Output"
        ]
      },
      {
        "device": "CPU",
        "opType": "DequantizeLinear",
        "input": [
          "output_QuantizeLinear_Output",
          "onnx::Conv_519_scale",
          "output_zero_point"
        ],
        "output": [
          "output"
        ]
      }
    ],
    "deviceStat": [
      {
        "name": "all",
        "nodeNum": 395,
        "supportedOpType": [
          "::Add",
          "::Conv",
          "::DequantizeLinear",
          "::Flatten",
          "::Gemm",
          "::GlobalAveragePool",
          "::MaxPool",
          "::Mul",
          "::QuantizeLinear",
          "::Relu"
        ]
      },
      {
        "name": "NPU",
        "nodeNum": 393,
        "supportedOpType": [
          "::Add",
          "::Conv",
          "::DequantizeLinear",
          "::Flatten",
          "::Gemm",
          "::GlobalAveragePool",
          "::MaxPool",
          "::Mul",
          "::QuantizeLinear",
          "::Relu"
        ]
      },
      {
        "name": "VITIS_EP_CPU",
        "nodeNum": 2,
        "supportedOpType": [
          "::DequantizeLinear",
          "::QuantizeLinear"
        ]
      }
    ]
  },
  "npu_latency_ms": {
    "mean": 5.403876300035336,
    "median": 5.345899997337256,
    "p95": 5.739154999901075,
    "runs": 1000,
    "warmup": 5
  },
  "npu_vs_cpu": {
    "images": 1000,
    "max_abs": 4.125,
    "mae": 0.664477875,
    "rmse": 0.8101274301768827,
    "exact_elements_fraction": 0.051493,
    "argmax_agreement_fraction": 0.864
  },
  "npu_accuracy": {
    "images": 1000,
    "top1_percent": 59.9,
    "top5_percent": 79.10000000000001
  }
}
PROBE_PROCESS_EXIT {"returncode": 0, "peak_rss_bytes": 1860104192, "elapsed_seconds": 97.09300000000076}
