PROBE_PREPARED {
  "status": "prepared",
  "machine": "Desktop 2 / Ryzen 7 8700G",
  "mutation": {
    "name": "baseline",
    "note": "Unmodified owned no-CLE graph.",
    "changed_initializers": [],
    "changed_nodes": [],
    "nodes_before": 380,
    "nodes_after": 380
  },
  "base_sha256": "c1945d2dce29e6afeaed16ef8c2bcc5689044f5210543440f84fb258c29e0ea5",
  "model_sha256": "c1945d2dce29e6afeaed16ef8c2bcc5689044f5210543440f84fb258c29e0ea5",
  "ort_version": "1.23.3.dev20260320",
  "images": 32,
  "scope": "diagnostic output agreement; not dataset accuracy",
  "listing": [
    "data/eval/000000.jpg",
    "data/eval/000001.jpg",
    "data/eval/000002.jpg",
    "data/eval/000003.jpg",
    "data/eval/000004.jpg",
    "data/eval/000005.jpg",
    "data/eval/000006.jpg",
    "data/eval/000007.jpg",
    "data/eval/000008.jpg",
    "data/eval/000009.jpg",
    "data/eval/000010.jpg",
    "data/eval/000011.jpg",
    "data/eval/000012.jpg",
    "data/eval/000013.jpg",
    "data/eval/000014.jpg",
    "data/eval/000015.jpg",
    "data/eval/000016.jpg",
    "data/eval/000017.jpg",
    "data/eval/000018.jpg",
    "data/eval/000019.jpg",
    "data/eval/000020.jpg",
    "data/eval/000021.jpg",
    "data/eval/000022.jpg",
    "data/eval/000023.jpg",
    "data/eval/000024.jpg",
    "data/eval/000025.jpg",
    "data/eval/000026.jpg",
    "data/eval/000027.jpg",
    "data/eval/000028.jpg",
    "data/eval/000029.jpg",
    "data/eval/000030.jpg",
    "data/eval/000031.jpg"
  ],
  "preprocess": {
    "input_size": [
      3,
      224,
      224
    ],
    "interpolation": "bicubic",
    "mean": [
      0.485,
      0.456,
      0.406
    ],
    "std": [
      0.229,
      0.224,
      0.225
    ],
    "crop_pct": 0.95,
    "crop_mode": "center"
  },
  "inputs_sha256": "8482bcbcbd18be08d7d719bdcc31a23a0a3798d5fc960b5db20d4cdc550380ca",
  "cache_key": "modelcachekey",
  "fresh": true
}
CPU_COMPARISON {"images": 32, "max_abs": 0.0, "mae": 0.0, "rmse": 0.0, "exact_elements_fraction": 1.0, "argmax_agreement_fraction": 1.0}
PRE_NPU_CONTEXT_WITNESS

-----------------------------
[003d:00:01.1] : NPU Phoenix
-----------------------------
AIE Partitions
  No hardware contexts running on device


deleted stale cache C:\Users\<user>\PycharmProjects\ryzen-ai-xdna1-quantization\scratch\quant-worktree\modelcachekey
RYZEN_AI_INSTALLATION_PATH = C:\Program Files\RyzenAI\1.7.1
xclbin: C:\Program Files\RyzenAI\1.7.1\voe-4.0-win_amd64\xclbins\phoenix\4x4.xclbin
onnxruntime 1.23.3.dev20260320  providers: ['VitisAIExecutionProvider', 'DmlExecutionProvider', 'CPUExecutionProvider']
cache:  C:\Users\<user>\PycharmProjects\ryzen-ai-xdna1-quantization\scratch\quant-worktree\modelcachekey
First run compiles the model. It takes a while and looks frozen. It isn't.
EP_PLACEMENT {
  "report_sha256": "4ee255159dd7220edc4578d7f62ad1c53128989c4d1b251fccb0f29582ee0a6c",
  "total": 395,
  "npu": 393,
  "device_counts": {
    "CPU": 2,
    "NPU": 393
  },
  "ops_by_device": {
    "CPU:DequantizeLinear": 1,
    "CPU:QuantizeLinear": 1,
    "NPU:Add": 16,
    "NPU:Conv": 53,
    "NPU:DequantizeLinear": 197,
    "NPU:Flatten": 1,
    "NPU:Gemm": 1,
    "NPU:GlobalAveragePool": 1,
    "NPU:MaxPool": 1,
    "NPU:Mul": 1,
    "NPU:QuantizeLinear": 73,
    "NPU:Relu": 49
  },
  "non_npu": [
    {
      "device": "CPU",
      "opType": "QuantizeLinear",
      "input": [
        "input",
        "onnx::Conv_518_scale",
        "input_zero_point"
      ],
      "output": [
        "input_QuantizeLinear_Output"
      ]
    },
    {
      "device": "CPU",
      "opType": "DequantizeLinear",
      "input": [
        "output_QuantizeLinear_Output",
        "onnx::Conv_519_scale",
        "output_zero_point"
      ],
      "output": [
        "output"
      ]
    }
  ],
  "deviceStat": [
    {
      "name": "all",
      "nodeNum": 395,
      "supportedOpType": [
        "::Add",
        "::Conv",
        "::DequantizeLinear",
        "::Flatten",
        "::Gemm",
        "::GlobalAveragePool",
        "::MaxPool",
        "::Mul",
        "::QuantizeLinear",
        "::Relu"
      ]
    },
    {
      "name": "NPU",
      "nodeNum": 393,
      "supportedOpType": [
        "::Add",
        "::Conv",
        "::DequantizeLinear",
        "::Flatten",
        "::Gemm",
        "::GlobalAveragePool",
        "::MaxPool",
        "::Mul",
        "::QuantizeLinear",
        "::Relu"
      ]
    },
    {
      "name": "VITIS_EP_CPU",
      "nodeNum": 2,
      "supportedOpType": [
        "::DequantizeLinear",
        "::QuantizeLinear"
      ]
    }
  ]
}
PROBE_RESULT {
  "status": "completed",
  "machine": "Desktop 2 / Ryzen 7 8700G",
  "mutation": {
    "name": "baseline",
    "note": "Unmodified owned no-CLE graph.",
    "changed_initializers": [],
    "changed_nodes": [],
    "nodes_before": 380,
    "nodes_after": 380
  },
  "base_sha256": "c1945d2dce29e6afeaed16ef8c2bcc5689044f5210543440f84fb258c29e0ea5",
  "model_sha256": "c1945d2dce29e6afeaed16ef8c2bcc5689044f5210543440f84fb258c29e0ea5",
  "ort_version": "1.23.3.dev20260320",
  "images": 32,
  "scope": "diagnostic output agreement; not dataset accuracy",
  "listing": [
    "data/eval/000000.jpg",
    "data/eval/000001.jpg",
    "data/eval/000002.jpg",
    "data/eval/000003.jpg",
    "data/eval/000004.jpg",
    "data/eval/000005.jpg",
    "data/eval/000006.jpg",
    "data/eval/000007.jpg",
    "data/eval/000008.jpg",
    "data/eval/000009.jpg",
    "data/eval/000010.jpg",
    "data/eval/000011.jpg",
    "data/eval/000012.jpg",
    "data/eval/000013.jpg",
    "data/eval/000014.jpg",
    "data/eval/000015.jpg",
    "data/eval/000016.jpg",
    "data/eval/000017.jpg",
    "data/eval/000018.jpg",
    "data/eval/000019.jpg",
    "data/eval/000020.jpg",
    "data/eval/000021.jpg",
    "data/eval/000022.jpg",
    "data/eval/000023.jpg",
    "data/eval/000024.jpg",
    "data/eval/000025.jpg",
    "data/eval/000026.jpg",
    "data/eval/000027.jpg",
    "data/eval/000028.jpg",
    "data/eval/000029.jpg",
    "data/eval/000030.jpg",
    "data/eval/000031.jpg"
  ],
  "preprocess": {
    "input_size": [
      3,
      224,
      224
    ],
    "interpolation": "bicubic",
    "mean": [
      0.485,
      0.456,
      0.406
    ],
    "std": [
      0.229,
      0.224,
      0.225
    ],
    "crop_pct": 0.95,
    "crop_mode": "center"
  },
  "inputs_sha256": "8482bcbcbd18be08d7d719bdcc31a23a0a3798d5fc960b5db20d4cdc550380ca",
  "cache_key": "modelcachekey",
  "fresh": true,
  "cpu_latency_ms": {
    "mean": 38.65370937478474,
    "median": 36.980400000174996,
    "p95": 49.10511500129359,
    "runs": 32,
    "warmup": 5
  },
  "cpu_vs_baseline_cpu": {
    "images": 32,
    "max_abs": 0.0,
    "mae": 0.0,
    "rmse": 0.0,
    "exact_elements_fraction": 1.0,
    "argmax_agreement_fraction": 1.0
  },
  "context_witness": "\n-----------------------------\n[003d:00:01.1] : NPU Phoenix\n-----------------------------\nAIE Partitions\n  No hardware contexts running on device\n\n",
  "xclbin_sha256": "d3b5e845b05f91beb90555b6f50ca542e05f69379f3fd9ab15246ad344c469fe",
  "xclbin": "C:\\Program Files\\RyzenAI\\1.7.1\\voe-4.0-win_amd64\\xclbins\\phoenix\\4x4.xclbin",
  "ep": {
    "report_sha256": "4ee255159dd7220edc4578d7f62ad1c53128989c4d1b251fccb0f29582ee0a6c",
    "total": 395,
    "npu": 393,
    "device_counts": {
      "CPU": 2,
      "NPU": 393
    },
    "ops_by_device": {
      "CPU:DequantizeLinear": 1,
      "CPU:QuantizeLinear": 1,
      "NPU:Add": 16,
      "NPU:Conv": 53,
      "NPU:DequantizeLinear": 197,
      "NPU:Flatten": 1,
      "NPU:Gemm": 1,
      "NPU:GlobalAveragePool": 1,
      "NPU:MaxPool": 1,
      "NPU:Mul": 1,
      "NPU:QuantizeLinear": 73,
      "NPU:Relu": 49
    },
    "non_npu": [
      {
        "device": "CPU",
        "opType": "QuantizeLinear",
        "input": [
          "input",
          "onnx::Conv_518_scale",
          "input_zero_point"
        ],
        "output": [
          "input_QuantizeLinear_Output"
        ]
      },
      {
        "device": "CPU",
        "opType": "DequantizeLinear",
        "input": [
          "output_QuantizeLinear_Output",
          "onnx::Conv_519_scale",
          "output_zero_point"
        ],
        "output": [
          "output"
        ]
      }
    ],
    "deviceStat": [
      {
        "name": "all",
        "nodeNum": 395,
        "supportedOpType": [
          "::Add",
          "::Conv",
          "::DequantizeLinear",
          "::Flatten",
          "::Gemm",
          "::GlobalAveragePool",
          "::MaxPool",
          "::Mul",
          "::QuantizeLinear",
          "::Relu"
        ]
      },
      {
        "name": "NPU",
        "nodeNum": 393,
        "supportedOpType": [
          "::Add",
          "::Conv",
          "::DequantizeLinear",
          "::Flatten",
          "::Gemm",
          "::GlobalAveragePool",
          "::MaxPool",
          "::Mul",
          "::QuantizeLinear",
          "::Relu"
        ]
      },
      {
        "name": "VITIS_EP_CPU",
        "nodeNum": 2,
        "supportedOpType": [
          "::DequantizeLinear",
          "::QuantizeLinear"
        ]
      }
    ]
  },
  "npu_latency_ms": {
    "mean": 5.613349999521233,
    "median": 5.43285000094329,
    "p95": 7.014535002235789,
    "runs": 32,
    "warmup": 5
  },
  "npu_vs_cpu": {
    "images": 32,
    "max_abs": 3.0,
    "mae": 0.6254453125,
    "rmse": 0.7563287665592259,
    "exact_elements_fraction": 0.05028125,
    "argmax_agreement_fraction": 0.875
  }
}
