PROBE_PREPARED {
  "status": "prepared",
  "machine": "Desktop 2 / Ryzen 7 8700G",
  "mutation": {
    "name": "weights_per_channel",
    "note": "Repeat each scalar weight scale/zp across output channels, same integer weights; equivalent real grid.",
    "changed_initializers": [
      {
        "name": "fc.weight_scale",
        "before_dtype": "float32",
        "after_dtype": "float32",
        "before_shape": [],
        "after_shape": [
          1000
        ]
      },
      {
        "name": "fc.weight_zero_point",
        "before_dtype": "int8",
        "after_dtype": "int8",
        "before_shape": [],
        "after_shape": [
          1000
        ]
      },
      {
        "name": "onnx::Conv_497_scale",
        "before_dtype": "float32",
        "after_dtype": "float32",
        "before_shape": [],
        "after_shape": [
          64
        ]
      },
      {
        "name": "onnx::Conv_497_zero_point",
        "before_dtype": "int8",
        "after_dtype": "int8",
        "before_shape": [],
        "after_shape": [
          64
        ]
      },
      {
        "name": "onnx::Conv_500_scale",
        "before_dtype": "float32",
        "after_dtype": "float32",
        "before_shape": [],
        "after_shape": [
          64
        ]
      },
      {
        "name": "onnx::Conv_500_zero_point",
        "before_dtype": "int8",
        "after_dtype": "int8",
        "before_shape": [],
        "after_shape": [
          64
        ]
      },
      {
        "name": "onnx::Conv_503_scale",
        "before_dtype": "float32",
        "after_dtype": "float32",
        "before_shape": [],
        "after_shape": [
          64
        ]
      },
      {
        "name": "onnx::Conv_503_zero_point",
        "before_dtype": "int8",
        "after_dtype": "int8",
        "before_shape": [],
        "after_shape": [
          64
        ]
      },
      {
        "name": "onnx::Conv_506_scale",
        "before_dtype": "float32",
        "after_dtype": "float32",
        "before_shape": [],
        "after_shape": [
          256
        ]
      },
      {
        "name": "onnx::Conv_506_zero_point",
        "before_dtype": "int8",
        "after_dtype": "int8",
        "before_shape": [],
        "after_shape": [
          256
        ]
      },
      {
        "name": "onnx::Conv_509_scale",
        "before_dtype": "float32",
        "after_dtype": "float32",
        "before_shape": [],
        "after_shape": [
          256
        ]
      },
      {
        "name": "onnx::Conv_509_zero_point",
        "before_dtype": "int8",
        "after_dtype": "int8",
        "before_shape": [],
        "after_shape": [
          256
        ]
      },
      {
        "name": "onnx::Conv_512_scale",
        "before_dtype": "float32",
        "after_dtype": "float32",
        "before_shape": [],
        "after_shape": [
          64
        ]
      },
      {
        "name": "onnx::Conv_512_zero_point",
        "before_dtype": "int8",
        "after_dtype": "int8",
        "before_shape": [],
        "after_shape": [
          64
        ]
      },
      {
        "name": "onnx::Conv_515_scale",
        "before_dtype": "float32",
        "after_dtype": "float32",
        "before_shape": [],
        "after_shape": [
          64
        ]
      },
      {
        "name": "onnx::Conv_515_zero_point",
        "before_dtype": "int8",
        "after_dtype": "int8",
        "before_shape": [],
        "after_shape": [
          64
        ]
      },
      {
        "name": "onnx::Conv_518_scale",
        "before_dtype": "float32",
        "after_dtype": "float32",
        "before_shape": [],
        "after_shape": [
          256
        ]
      },
      {
        "name": "onnx::Conv_518_zero_point",
        "before_dtype": "int8",
        "after_dtype": "int8",
        "before_shape": [],
        "after_shape": [
          256
        ]
      },
      {
        "name": "onnx::Conv_521_scale",
        "before_dtype": "float32",
        "after_dtype": "float32",
        "before_shape": [],
        "after_shape": [
          64
        ]
      },
      {
        "name": "onnx::Conv_521_zero_point",
        "before_dtype": "int8",
        "after_dtype": "int8",
        "before_shape": [],
        "after_shape": [
          64
        ]
      },
      {
        "name": "onnx::Conv_524_scale",
        "before_dtype": "float32",
        "after_dtype": "float32",
        "before_shape": [],
        "after_shape": [
          64
        ]
      },
      {
        "name": "onnx::Conv_524_zero_point",
        "before_dtype": "int8",
        "after_dtype": "int8",
        "before_shape": [],
        "after_shape": [
          64
        ]
      },
      {
        "name": "onnx::Conv_527_scale",
        "before_dtype": "float32",
        "after_dtype": "float32",
        "before_shape": [],
        "after_shape": [
          256
        ]
      },
      {
        "name": "onnx::Conv_527_zero_point",
        "before_dtype": "int8",
        "after_dtype": "int8",
        "before_shape": [],
        "after_shape": [
          256
        ]
      },
      {
        "name": "onnx::Conv_530_scale",
        "before_dtype": "float32",
        "after_dtype": "float32",
        "before_shape": [],
        "after_shape": [
          128
        ]
      },
      {
        "name": "onnx::Conv_530_zero_point",
        "before_dtype": "int8",
        "after_dtype": "int8",
        "before_shape": [],
        "after_shape": [
          128
        ]
      },
      {
        "name": "onnx::Conv_533_scale",
        "before_dtype": "float32",
        "after_dtype": "float32",
        "before_shape": [],
        "after_shape": [
          128
        ]
      },
      {
        "name": "onnx::Conv_533_zero_point",
        "before_dtype": "int8",
        "after_dtype": "int8",
        "before_shape": [],
        "after_shape": [
          128
        ]
      },
      {
        "name": "onnx::Conv_536_scale",
        "before_dtype": "float32",
        "after_dtype": "float32",
        "before_shape": [],
        "after_shape": [
          512
        ]
      },
      {
        "name": "onnx::Conv_536_zero_point",
        "before_dtype": "int8",
        "after_dtype": "int8",
        "before_shape": [],
        "after_shape": [
          512
        ]
      },
      {
        "name": "onnx::Conv_539_scale",
        "before_dtype": "float32",
        "after_dtype": "float32",
        "before_shape": [],
        "after_shape": [
          512
        ]
      },
      {
        "name": "onnx::Conv_539_zero_point",
        "before_dtype": "int8",
        "after_dtype": "int8",
        "before_shape": [],
        "after_shape": [
          512
        ]
      },
      {
        "name": "onnx::Conv_542_scale",
        "before_dtype": "float32",
        "after_dtype": "float32",
        "before_shape": [],
        "after_shape": [
          128
        ]
      },
      {
        "name": "onnx::Conv_542_zero_point",
        "before_dtype": "int8",
        "after_dtype": "int8",
        "before_shape": [],
        "after_shape": [
          128
        ]
      },
      {
        "name": "onnx::Conv_545_scale",
        "before_dtype": "float32",
        "after_dtype": "float32",
        "before_shape": [],
        "after_shape": [
          128
        ]
      },
      {
        "name": "onnx::Conv_545_zero_point",
        "before_dtype": "int8",
        "after_dtype": "int8",
        "before_shape": [],
        "after_shape": [
          128
        ]
      },
      {
        "name": "onnx::Conv_548_scale",
        "before_dtype": "float32",
        "after_dtype": "float32",
        "before_shape": [],
        "after_shape": [
          512
        ]
      },
      {
        "name": "onnx::Conv_548_zero_point",
        "before_dtype": "int8",
        "after_dtype": "int8",
        "before_shape": [],
        "after_shape": [
          512
        ]
      },
      {
        "name": "onnx::Conv_551_scale",
        "before_dtype": "float32",
        "after_dtype": "float32",
        "before_shape": [],
        "after_shape": [
          128
        ]
      },
      {
        "name": "onnx::Conv_551_zero_point",
        "before_dtype": "int8",
        "after_dtype": "int8",
        "before_shape": [],
        "after_shape": [
          128
        ]
      },
      {
        "name": "onnx::Conv_554_scale",
        "before_dtype": "float32",
        "after_dtype": "float32",
        "before_shape": [],
        "after_shape": [
          128
        ]
      },
      {
        "name": "onnx::Conv_554_zero_point",
        "before_dtype": "int8",
        "after_dtype": "int8",
        "before_shape": [],
        "after_shape": [
          128
        ]
      },
      {
        "name": "onnx::Conv_557_scale",
        "before_dtype": "float32",
        "after_dtype": "float32",
        "before_shape": [],
        "after_shape": [
          512
        ]
      },
      {
        "name": "onnx::Conv_557_zero_point",
        "before_dtype": "int8",
        "after_dtype": "int8",
        "before_shape": [],
        "after_shape": [
          512
        ]
      },
      {
        "name": "onnx::Conv_560_scale",
        "before_dtype": "float32",
        "after_dtype": "float32",
        "before_shape": [],
        "after_shape": [
          128
        ]
      },
      {
        "name": "onnx::Conv_560_zero_point",
        "before_dtype": "int8",
        "after_dtype": "int8",
        "before_shape": [],
        "after_shape": [
          128
        ]
      },
      {
        "name": "onnx::Conv_563_scale",
        "before_dtype": "float32",
        "after_dtype": "float32",
        "before_shape": [],
        "after_shape": [
          128
        ]
      },
      {
        "name": "onnx::Conv_563_zero_point",
        "before_dtype": "int8",
        "after_dtype": "int8",
        "before_shape": [],
        "after_shape": [
          128
        ]
      },
      {
        "name": "onnx::Conv_566_scale",
        "before_dtype": "float32",
        "after_dtype": "float32",
        "before_shape": [],
        "after_shape": [
          512
        ]
      },
      {
        "name": "onnx::Conv_566_zero_point",
        "before_dtype": "int8",
        "after_dtype": "int8",
        "before_shape": [],
        "after_shape": [
          512
        ]
      },
      {
        "name": "onnx::Conv_569_scale",
        "before_dtype": "float32",
        "after_dtype": "float32",
        "before_shape": [],
        "after_shape": [
          256
        ]
      },
      {
        "name": "onnx::Conv_569_zero_point",
        "before_dtype": "int8",
        "after_dtype": "int8",
        "before_shape": [],
        "after_shape": [
          256
        ]
      },
      {
        "name": "onnx::Conv_572_scale",
        "before_dtype": "float32",
        "after_dtype": "float32",
        "before_shape": [],
        "after_shape": [
          256
        ]
      },
      {
        "name": "onnx::Conv_572_zero_point",
        "before_dtype": "int8",
        "after_dtype": "int8",
        "before_shape": [],
        "after_shape": [
          256
        ]
      },
      {
        "name": "onnx::Conv_575_scale",
        "before_dtype": "float32",
        "after_dtype": "float32",
        "before_shape": [],
        "after_shape": [
          1024
        ]
      },
      {
        "name": "onnx::Conv_575_zero_point",
        "before_dtype": "int8",
        "after_dtype": "int8",
        "before_shape": [],
        "after_shape": [
          1024
        ]
      },
      {
        "name": "onnx::Conv_578_scale",
        "before_dtype": "float32",
        "after_dtype": "float32",
        "before_shape": [],
        "after_shape": [
          1024
        ]
      },
      {
        "name": "onnx::Conv_578_zero_point",
        "before_dtype": "int8",
        "after_dtype": "int8",
        "before_shape": [],
        "after_shape": [
          1024
        ]
      },
      {
        "name": "onnx::Conv_581_scale",
        "before_dtype": "float32",
        "after_dtype": "float32",
        "before_shape": [],
        "after_shape": [
          256
        ]
      },
      {
        "name": "onnx::Conv_581_zero_point",
        "before_dtype": "int8",
        "after_dtype": "int8",
        "before_shape": [],
        "after_shape": [
          256
        ]
      },
      {
        "name": "onnx::Conv_584_scale",
        "before_dtype": "float32",
        "after_dtype": "float32",
        "before_shape": [],
        "after_shape": [
          256
        ]
      },
      {
        "name": "onnx::Conv_584_zero_point",
        "before_dtype": "int8",
        "after_dtype": "int8",
        "before_shape": [],
        "after_shape": [
          256
        ]
      },
      {
        "name": "onnx::Conv_587_scale",
        "before_dtype": "float32",
        "after_dtype": "float32",
        "before_shape": [],
        "after_shape": [
          1024
        ]
      },
      {
        "name": "onnx::Conv_587_zero_point",
        "before_dtype": "int8",
        "after_dtype": "int8",
        "before_shape": [],
        "after_shape": [
          1024
        ]
      },
      {
        "name": "onnx::Conv_590_scale",
        "before_dtype": "float32",
        "after_dtype": "float32",
        "before_shape": [],
        "after_shape": [
          256
        ]
      },
      {
        "name": "onnx::Conv_590_zero_point",
        "before_dtype": "int8",
        "after_dtype": "int8",
        "before_shape": [],
        "after_shape": [
          256
        ]
      },
      {
        "name": "onnx::Conv_593_scale",
        "before_dtype": "float32",
        "after_dtype": "float32",
        "before_shape": [],
        "after_shape": [
          256
        ]
      },
      {
        "name": "onnx::Conv_593_zero_point",
        "before_dtype": "int8",
        "after_dtype": "int8",
        "before_shape": [],
        "after_shape": [
          256
        ]
      },
      {
        "name": "onnx::Conv_596_scale",
        "before_dtype": "float32",
        "after_dtype": "float32",
        "before_shape": [],
        "after_shape": [
          1024
        ]
      },
      {
        "name": "onnx::Conv_596_zero_point",
        "before_dtype": "int8",
        "after_dtype": "int8",
        "before_shape": [],
        "after_shape": [
          1024
        ]
      },
      {
        "name": "onnx::Conv_599_scale",
        "before_dtype": "float32",
        "after_dtype": "float32",
        "before_shape": [],
        "after_shape": [
          256
        ]
      },
      {
        "name": "onnx::Conv_599_zero_point",
        "before_dtype": "int8",
        "after_dtype": "int8",
        "before_shape": [],
        "after_shape": [
          256
        ]
      },
      {
        "name": "onnx::Conv_602_scale",
        "before_dtype": "float32",
        "after_dtype": "float32",
        "before_shape": [],
        "after_shape": [
          256
        ]
      },
      {
        "name": "onnx::Conv_602_zero_point",
        "before_dtype": "int8",
        "after_dtype": "int8",
        "before_shape": [],
        "after_shape": [
          256
        ]
      },
      {
        "name": "onnx::Conv_605_scale",
        "before_dtype": "float32",
        "after_dtype": "float32",
        "before_shape": [],
        "after_shape": [
          1024
        ]
      },
      {
        "name": "onnx::Conv_605_zero_point",
        "before_dtype": "int8",
        "after_dtype": "int8",
        "before_shape": [],
        "after_shape": [
          1024
        ]
      },
      {
        "name": "onnx::Conv_608_scale",
        "before_dtype": "float32",
        "after_dtype": "float32",
        "before_shape": [],
        "after_shape": [
          256
        ]
      },
      {
        "name": "onnx::Conv_608_zero_point",
        "before_dtype": "int8",
        "after_dtype": "int8",
        "before_shape": [],
        "after_shape": [
          256
        ]
      },
      {
        "name": "onnx::Conv_611_scale",
        "before_dtype": "float32",
        "after_dtype": "float32",
        "before_shape": [],
        "after_shape": [
          256
        ]
      },
      {
        "name": "onnx::Conv_611_zero_point",
        "before_dtype": "int8",
        "after_dtype": "int8",
        "before_shape": [],
        "after_shape": [
          256
        ]
      },
      {
        "name": "onnx::Conv_614_scale",
        "before_dtype": "float32",
        "after_dtype": "float32",
        "before_shape": [],
        "after_shape": [
          1024
        ]
      },
      {
        "name": "onnx::Conv_614_zero_point",
        "before_dtype": "int8",
        "after_dtype": "int8",
        "before_shape": [],
        "after_shape": [
          1024
        ]
      },
      {
        "name": "onnx::Conv_617_scale",
        "before_dtype": "float32",
        "after_dtype": "float32",
        "before_shape": [],
        "after_shape": [
          256
        ]
      },
      {
        "name": "onnx::Conv_617_zero_point",
        "before_dtype": "int8",
        "after_dtype": "int8",
        "before_shape": [],
        "after_shape": [
          256
        ]
      },
      {
        "name": "onnx::Conv_620_scale",
        "before_dtype": "float32",
        "after_dtype": "float32",
        "before_shape": [],
        "after_shape": [
          256
        ]
      },
      {
        "name": "onnx::Conv_620_zero_point",
        "before_dtype": "int8",
        "after_dtype": "int8",
        "before_shape": [],
        "after_shape": [
          256
        ]
      },
      {
        "name": "onnx::Conv_623_scale",
        "before_dtype": "float32",
        "after_dtype": "float32",
        "before_shape": [],
        "after_shape": [
          1024
        ]
      },
      {
        "name": "onnx::Conv_623_zero_point",
        "before_dtype": "int8",
        "after_dtype": "int8",
        "before_shape": [],
        "after_shape": [
          1024
        ]
      },
      {
        "name": "onnx::Conv_626_scale",
        "before_dtype": "float32",
        "after_dtype": "float32",
        "before_shape": [],
        "after_shape": [
          512
        ]
      },
      {
        "name": "onnx::Conv_626_zero_point",
        "before_dtype": "int8",
        "after_dtype": "int8",
        "before_shape": [],
        "after_shape": [
          512
        ]
      },
      {
        "name": "onnx::Conv_629_scale",
        "before_dtype": "float32",
        "after_dtype": "float32",
        "before_shape": [],
        "after_shape": [
          512
        ]
      },
      {
        "name": "onnx::Conv_629_zero_point",
        "before_dtype": "int8",
        "after_dtype": "int8",
        "before_shape": [],
        "after_shape": [
          512
        ]
      },
      {
        "name": "onnx::Conv_632_scale",
        "before_dtype": "float32",
        "after_dtype": "float32",
        "before_shape": [],
        "after_shape": [
          2048
        ]
      },
      {
        "name": "onnx::Conv_632_zero_point",
        "before_dtype": "int8",
        "after_dtype": "int8",
        "before_shape": [],
        "after_shape": [
          2048
        ]
      },
      {
        "name": "onnx::Conv_635_scale",
        "before_dtype": "float32",
        "after_dtype": "float32",
        "before_shape": [],
        "after_shape": [
          2048
        ]
      },
      {
        "name": "onnx::Conv_635_zero_point",
        "before_dtype": "int8",
        "after_dtype": "int8",
        "before_shape": [],
        "after_shape": [
          2048
        ]
      },
      {
        "name": "onnx::Conv_638_scale",
        "before_dtype": "float32",
        "after_dtype": "float32",
        "before_shape": [],
        "after_shape": [
          512
        ]
      },
      {
        "name": "onnx::Conv_638_zero_point",
        "before_dtype": "int8",
        "after_dtype": "int8",
        "before_shape": [],
        "after_shape": [
          512
        ]
      },
      {
        "name": "onnx::Conv_641_scale",
        "before_dtype": "float32",
        "after_dtype": "float32",
        "before_shape": [],
        "after_shape": [
          512
        ]
      },
      {
        "name": "onnx::Conv_641_zero_point",
        "before_dtype": "int8",
        "after_dtype": "int8",
        "before_shape": [],
        "after_shape": [
          512
        ]
      },
      {
        "name": "onnx::Conv_644_scale",
        "before_dtype": "float32",
        "after_dtype": "float32",
        "before_shape": [],
        "after_shape": [
          2048
        ]
      },
      {
        "name": "onnx::Conv_644_zero_point",
        "before_dtype": "int8",
        "after_dtype": "int8",
        "before_shape": [],
        "after_shape": [
          2048
        ]
      },
      {
        "name": "onnx::Conv_647_scale",
        "before_dtype": "float32",
        "after_dtype": "float32",
        "before_shape": [],
        "after_shape": [
          512
        ]
      },
      {
        "name": "onnx::Conv_647_zero_point",
        "before_dtype": "int8",
        "after_dtype": "int8",
        "before_shape": [],
        "after_shape": [
          512
        ]
      },
      {
        "name": "onnx::Conv_650_scale",
        "before_dtype": "float32",
        "after_dtype": "float32",
        "before_shape": [],
        "after_shape": [
          512
        ]
      },
      {
        "name": "onnx::Conv_650_zero_point",
        "before_dtype": "int8",
        "after_dtype": "int8",
        "before_shape": [],
        "after_shape": [
          512
        ]
      },
      {
        "name": "onnx::Conv_653_scale",
        "before_dtype": "float32",
        "after_dtype": "float32",
        "before_shape": [],
        "after_shape": [
          2048
        ]
      },
      {
        "name": "onnx::Conv_653_zero_point",
        "before_dtype": "int8",
        "after_dtype": "int8",
        "before_shape": [],
        "after_shape": [
          2048
        ]
      }
    ],
    "changed_nodes": [
      "fc.weight_DequantizeLinear",
      "onnx::Conv_497_DequantizeLinear",
      "onnx::Conv_500_DequantizeLinear",
      "onnx::Conv_503_DequantizeLinear",
      "onnx::Conv_506_DequantizeLinear",
      "onnx::Conv_509_DequantizeLinear",
      "onnx::Conv_512_DequantizeLinear",
      "onnx::Conv_515_DequantizeLinear",
      "onnx::Conv_518_DequantizeLinear",
      "onnx::Conv_521_DequantizeLinear",
      "onnx::Conv_524_DequantizeLinear",
      "onnx::Conv_527_DequantizeLinear",
      "onnx::Conv_530_DequantizeLinear",
      "onnx::Conv_533_DequantizeLinear",
      "onnx::Conv_536_DequantizeLinear",
      "onnx::Conv_539_DequantizeLinear",
      "onnx::Conv_542_DequantizeLinear",
      "onnx::Conv_545_DequantizeLinear",
      "onnx::Conv_548_DequantizeLinear",
      "onnx::Conv_551_DequantizeLinear",
      "onnx::Conv_554_DequantizeLinear",
      "onnx::Conv_557_DequantizeLinear",
      "onnx::Conv_560_DequantizeLinear",
      "onnx::Conv_563_DequantizeLinear",
      "onnx::Conv_566_DequantizeLinear",
      "onnx::Conv_569_DequantizeLinear",
      "onnx::Conv_572_DequantizeLinear",
      "onnx::Conv_575_DequantizeLinear",
      "onnx::Conv_578_DequantizeLinear",
      "onnx::Conv_581_DequantizeLinear",
      "onnx::Conv_584_DequantizeLinear",
      "onnx::Conv_587_DequantizeLinear",
      "onnx::Conv_590_DequantizeLinear",
      "onnx::Conv_593_DequantizeLinear",
      "onnx::Conv_596_DequantizeLinear",
      "onnx::Conv_599_DequantizeLinear",
      "onnx::Conv_602_DequantizeLinear",
      "onnx::Conv_605_DequantizeLinear",
      "onnx::Conv_608_DequantizeLinear",
      "onnx::Conv_611_DequantizeLinear",
      "onnx::Conv_614_DequantizeLinear",
      "onnx::Conv_617_DequantizeLinear",
      "onnx::Conv_620_DequantizeLinear",
      "onnx::Conv_623_DequantizeLinear",
      "onnx::Conv_626_DequantizeLinear",
      "onnx::Conv_629_DequantizeLinear",
      "onnx::Conv_632_DequantizeLinear",
      "onnx::Conv_635_DequantizeLinear",
      "onnx::Conv_638_DequantizeLinear",
      "onnx::Conv_641_DequantizeLinear",
      "onnx::Conv_644_DequantizeLinear",
      "onnx::Conv_647_DequantizeLinear",
      "onnx::Conv_650_DequantizeLinear",
      "onnx::Conv_653_DequantizeLinear"
    ],
    "nodes_before": 380,
    "nodes_after": 380
  },
  "base_sha256": "c1945d2dce29e6afeaed16ef8c2bcc5689044f5210543440f84fb258c29e0ea5",
  "model_sha256": "3d14254b8a0eb2dfdbae452253db5371b8de750422143e1cd1ee1592bef3cb9a",
  "ort_version": "1.23.3.dev20260320",
  "images": 32,
  "scope": "diagnostic output agreement; not dataset accuracy",
  "listing": [
    "data/eval/000000.jpg",
    "data/eval/000001.jpg",
    "data/eval/000002.jpg",
    "data/eval/000003.jpg",
    "data/eval/000004.jpg",
    "data/eval/000005.jpg",
    "data/eval/000006.jpg",
    "data/eval/000007.jpg",
    "data/eval/000008.jpg",
    "data/eval/000009.jpg",
    "data/eval/000010.jpg",
    "data/eval/000011.jpg",
    "data/eval/000012.jpg",
    "data/eval/000013.jpg",
    "data/eval/000014.jpg",
    "data/eval/000015.jpg",
    "data/eval/000016.jpg",
    "data/eval/000017.jpg",
    "data/eval/000018.jpg",
    "data/eval/000019.jpg",
    "data/eval/000020.jpg",
    "data/eval/000021.jpg",
    "data/eval/000022.jpg",
    "data/eval/000023.jpg",
    "data/eval/000024.jpg",
    "data/eval/000025.jpg",
    "data/eval/000026.jpg",
    "data/eval/000027.jpg",
    "data/eval/000028.jpg",
    "data/eval/000029.jpg",
    "data/eval/000030.jpg",
    "data/eval/000031.jpg"
  ],
  "preprocess": {
    "input_size": [
      3,
      224,
      224
    ],
    "interpolation": "bicubic",
    "mean": [
      0.485,
      0.456,
      0.406
    ],
    "std": [
      0.229,
      0.224,
      0.225
    ],
    "crop_pct": 0.95,
    "crop_mode": "center"
  },
  "inputs_sha256": "8482bcbcbd18be08d7d719bdcc31a23a0a3798d5fc960b5db20d4cdc550380ca",
  "cache_key": "modelcachekey",
  "fresh": true
}
CPU_COMPARISON {"images": 32, "max_abs": 0.0, "mae": 0.0, "rmse": 0.0, "exact_elements_fraction": 1.0, "argmax_agreement_fraction": 1.0}
PRE_NPU_CONTEXT_WITNESS

-----------------------------
[003d:00:01.1] : NPU Phoenix
-----------------------------
AIE Partitions
  No hardware contexts running on device


deleted stale cache C:\Users\<user>\PycharmProjects\ryzen-ai-xdna1-quantization\scratch\quant-worktree\modelcachekey
RYZEN_AI_INSTALLATION_PATH = C:\Program Files\RyzenAI\1.7.1
xclbin: C:\Program Files\RyzenAI\1.7.1\voe-4.0-win_amd64\xclbins\phoenix\4x4.xclbin
onnxruntime 1.23.3.dev20260320  providers: ['VitisAIExecutionProvider', 'DmlExecutionProvider', 'CPUExecutionProvider']
cache:  C:\Users\<user>\PycharmProjects\ryzen-ai-xdna1-quantization\scratch\quant-worktree\modelcachekey
First run compiles the model. It takes a while and looks frozen. It isn't.
