Ignition 0.1.0a1: folded_resnet / CLE
IMPORT_BLOCK_ACTIVE quark torch
CALIBRATION images=64 tensors=61 skipped_prunable=40 sample_bytes=343024640
COLLECT 16/64
COLLECT 32/64
COLLECT 48/64
COLLECT 64/64
CHOOSE 16/61
CHOOSE 32/61
CHOOSE 48/61
CHOOSE 61/61
{
  "producer": "Ignition",
  "producer_version": "0.1.0a1",
  "family": "folded_resnet",
  "scope": "folded_resnet_cle",
  "format": "XINT8_QDQ",
  "mode": "own_minmse_cle",
  "cle": true,
  "input_sha256": "e137954092b9a18f64fb6146f02da16a4f1ab876798f764e1529a21aa4680190",
  "versions": {
    "numpy": "1.26.4",
    "onnx": "1.18.0"
  },
  "simplify": {},
  "prepare": {},
  "preprocess": {
    "input_size": [
      3,
      224,
      224
    ],
    "interpolation": "bicubic",
    "mean": [
      0.485,
      0.456,
      0.406
    ],
    "std": [
      0.229,
      0.224,
      0.225
    ],
    "crop_pct": 0.875,
    "crop_mode": "center"
  },
  "emit": {
    "activations": 61,
    "initializers": 90,
    "pruned": 40
  },
  "gap_mul": {
    "scaled": 1,
    "skipped_not_square": []
  },
  "hardsigmoid": {
    "replaced": 0,
    "scaled": 0
  },
  "refine": {
    "loops": 2,
    "changes_by_rule": {
      "align_pool": 1
    },
    "log": [
      {
        "scale": "/head/global_pool/pool/GlobalAveragePool_output_0_scale",
        "old": 3,
        "new": 2,
        "rule": "align_pool",
        "node": "/head/global_pool/pool/GlobalAveragePool"
      }
    ],
    "converged": true
  },
  "output_sha256": "183795af7a83e7ad1814bca2b5ae447cdda1464c670552ab69c2b07b72294159",
  "wall_seconds": 11.179271500004688,
  "quark_imported": false,
  "torch_imported": false
}
CLE_REPORT {
  "pattern_count": 27,
  "unique_pairs": 26,
  "pairs": [
    {
      "head": "/s1/b1/conv1/conv/Conv",
      "tail": "/s1/b1/conv3/conv/Conv",
      "chain": [
        "/s1/b1/conv1/conv/Conv_output_0",
        "/s1/b1/conv1/bn/act/Relu_output_0",
        "/s1/b1/conv2/conv/Conv_output_0",
        "/s1/b1/conv2/bn/act/Relu_output_0",
        "/s1/b1/conv3/conv/Conv_output_0"
      ],
      "size": 4,
      "middle": "/s1/b1/conv2/conv/Conv"
    },
    {
      "head": "/s1/b1/conv1/conv/Conv",
      "tail": "/s1/b1/conv3/conv/Conv",
      "chain": [
        "/s1/b1/conv1/conv/Conv_output_0",
        "/s1/b1/conv1/bn/act/Relu_output_0",
        "/s1/b1/conv2/conv/Conv_output_0",
        "/s1/b1/conv2/bn/act/Relu_output_0",
        "/s1/b1/conv3/conv/Conv_output_0"
      ],
      "size": 4,
      "middle": "/s1/b1/conv2/conv/Conv"
    },
    {
      "head": "/s2/b1/conv1/conv/Conv",
      "tail": "/s2/b1/conv3/conv/Conv",
      "chain": [
        "/s2/b1/conv1/conv/Conv_output_0",
        "/s2/b1/conv1/bn/act/Relu_output_0",
        "/s2/b1/conv2/conv/Conv_output_0",
        "/s2/b1/conv2/bn/act/Relu_output_0",
        "/s2/b1/conv3/conv/Conv_output_0"
      ],
      "size": 4,
      "middle": "/s2/b1/conv2/conv/Conv"
    },
    {
      "head": "/s2/b1/conv2/conv/Conv",
      "tail": "/s2/b1/conv3/conv/Conv",
      "chain": [
        "/s2/b1/conv2/conv/Conv_output_0",
        "/s2/b1/conv2/bn/act/Relu_output_0",
        "/s2/b1/conv3/conv/Conv_output_0"
      ],
      "size": 3,
      "middle": null
    },
    {
      "head": "/s3/b1/conv1/conv/Conv",
      "tail": "/s3/b1/conv3/conv/Conv",
      "chain": [
        "/s3/b1/conv1/conv/Conv_output_0",
        "/s3/b1/conv1/bn/act/Relu_output_0",
        "/s3/b1/conv2/conv/Conv_output_0",
        "/s3/b1/conv2/bn/act/Relu_output_0",
        "/s3/b1/conv3/conv/Conv_output_0"
      ],
      "size": 4,
      "middle": "/s3/b1/conv2/conv/Conv"
    },
    {
      "head": "/s3/b1/conv2/conv/Conv",
      "tail": "/s3/b1/conv3/conv/Conv",
      "chain": [
        "/s3/b1/conv2/conv/Conv_output_0",
        "/s3/b1/conv2/bn/act/Relu_output_0",
        "/s3/b1/conv3/conv/Conv_output_0"
      ],
      "size": 3,
      "middle": null
    },
    {
      "head": "/s3/b2/conv1/conv/Conv",
      "tail": "/s3/b2/conv3/conv/Conv",
      "chain": [
        "/s3/b2/conv1/conv/Conv_output_0",
        "/s3/b2/conv1/bn/act/Relu_output_0",
        "/s3/b2/conv2/conv/Conv_output_0",
        "/s3/b2/conv2/bn/act/Relu_output_0",
        "/s3/b2/conv3/conv/Conv_output_0"
      ],
      "size": 4,
      "middle": "/s3/b2/conv2/conv/Conv"
    },
    {
      "head": "/s3/b2/conv2/conv/Conv",
      "tail": "/s3/b2/conv3/conv/Conv",
      "chain": [
        "/s3/b2/conv2/conv/Conv_output_0",
        "/s3/b2/conv2/bn/act/Relu_output_0",
        "/s3/b2/conv3/conv/Conv_output_0"
      ],
      "size": 3,
      "middle": null
    },
    {
      "head": "/s3/b3/conv1/conv/Conv",
      "tail": "/s3/b3/conv3/conv/Conv",
      "chain": [
        "/s3/b3/conv1/conv/Conv_output_0",
        "/s3/b3/conv1/bn/act/Relu_output_0",
        "/s3/b3/conv2/conv/Conv_output_0",
        "/s3/b3/conv2/bn/act/Relu_output_0",
        "/s3/b3/conv3/conv/Conv_output_0"
      ],
      "size": 4,
      "middle": "/s3/b3/conv2/conv/Conv"
    },
    {
      "head": "/s3/b3/conv2/conv/Conv",
      "tail": "/s3/b3/conv3/conv/Conv",
      "chain": [
        "/s3/b3/conv2/conv/Conv_output_0",
        "/s3/b3/conv2/bn/act/Relu_output_0",
        "/s3/b3/conv3/conv/Conv_output_0"
      ],
      "size": 3,
      "middle": null
    },
    {
      "head": "/s3/b4/conv1/conv/Conv",
      "tail": "/s3/b4/conv3/conv/Conv",
      "chain": [
        "/s3/b4/conv1/conv/Conv_output_0",
        "/s3/b4/conv1/bn/act/Relu_output_0",
        "/s3/b4/conv2/conv/Conv_output_0",
        "/s3/b4/conv2/bn/act/Relu_output_0",
        "/s3/b4/conv3/conv/Conv_output_0"
      ],
      "size": 4,
      "middle": "/s3/b4/conv2/conv/Conv"
    },
    {
      "head": "/s3/b4/conv2/conv/Conv",
      "tail": "/s3/b4/conv3/conv/Conv",
      "chain": [
        "/s3/b4/conv2/conv/Conv_output_0",
        "/s3/b4/conv2/bn/act/Relu_output_0",
        "/s3/b4/conv3/conv/Conv_output_0"
      ],
      "size": 3,
      "middle": null
    },
    {
      "head": "/s4/b1/conv1/conv/Conv",
      "tail": "/s4/b1/conv3/conv/Conv",
      "chain": [
        "/s4/b1/conv1/conv/Conv_output_0",
        "/s4/b1/conv1/bn/act/Relu_output_0",
        "/s4/b1/conv2/conv/Conv_output_0",
        "/s4/b1/conv2/bn/act/Relu_output_0",
        "/s4/b1/conv3/conv/Conv_output_0"
      ],
      "size": 4,
      "middle": "/s4/b1/conv2/conv/Conv"
    },
    {
      "head": "/s4/b1/conv2/conv/Conv",
      "tail": "/s4/b1/conv3/conv/Conv",
      "chain": [
        "/s4/b1/conv2/conv/Conv_output_0",
        "/s4/b1/conv2/bn/act/Relu_output_0",
        "/s4/b1/conv3/conv/Conv_output_0"
      ],
      "size": 3,
      "middle": null
    },
    {
      "head": "/s4/b2/conv1/conv/Conv",
      "tail": "/s4/b2/conv3/conv/Conv",
      "chain": [
        "/s4/b2/conv1/conv/Conv_output_0",
        "/s4/b2/conv1/bn/act/Relu_output_0",
        "/s4/b2/conv2/conv/Conv_output_0",
        "/s4/b2/conv2/bn/act/Relu_output_0",
        "/s4/b2/conv3/conv/Conv_output_0"
      ],
      "size": 4,
      "middle": "/s4/b2/conv2/conv/Conv"
    },
    {
      "head": "/s4/b2/conv2/conv/Conv",
      "tail": "/s4/b2/conv3/conv/Conv",
      "chain": [
        "/s4/b2/conv2/conv/Conv_output_0",
        "/s4/b2/conv2/bn/act/Relu_output_0",
        "/s4/b2/conv3/conv/Conv_output_0"
      ],
      "size": 3,
      "middle": null
    },
    {
      "head": "/s4/b3/conv1/conv/Conv",
      "tail": "/s4/b3/conv3/conv/Conv",
      "chain": [
        "/s4/b3/conv1/conv/Conv_output_0",
        "/s4/b3/conv1/bn/act/Relu_output_0",
        "/s4/b3/conv2/conv/Conv_output_0",
        "/s4/b3/conv2/bn/act/Relu_output_0",
        "/s4/b3/conv3/conv/Conv_output_0"
      ],
      "size": 4,
      "middle": "/s4/b3/conv2/conv/Conv"
    },
    {
      "head": "/s4/b3/conv2/conv/Conv",
      "tail": "/s4/b3/conv3/conv/Conv",
      "chain": [
        "/s4/b3/conv2/conv/Conv_output_0",
        "/s4/b3/conv2/bn/act/Relu_output_0",
        "/s4/b3/conv3/conv/Conv_output_0"
      ],
      "size": 3,
      "middle": null
    },
    {
      "head": "/s4/b4/conv1/conv/Conv",
      "tail": "/s4/b4/conv3/conv/Conv",
      "chain": [
        "/s4/b4/conv1/conv/Conv_output_0",
        "/s4/b4/conv1/bn/act/Relu_output_0",
        "/s4/b4/conv2/conv/Conv_output_0",
        "/s4/b4/conv2/bn/act/Relu_output_0",
        "/s4/b4/conv3/conv/Conv_output_0"
      ],
      "size": 4,
      "middle": "/s4/b4/conv2/conv/Conv"
    },
    {
      "head": "/s4/b4/conv2/conv/Conv",
      "tail": "/s4/b4/conv3/conv/Conv",
      "chain": [
        "/s4/b4/conv2/conv/Conv_output_0",
        "/s4/b4/conv2/bn/act/Relu_output_0",
        "/s4/b4/conv3/conv/Conv_output_0"
      ],
      "size": 3,
      "middle": null
    },
    {
      "head": "/s4/b5/conv1/conv/Conv",
      "tail": "/s4/b5/conv3/conv/Conv",
      "chain": [
        "/s4/b5/conv1/conv/Conv_output_0",
        "/s4/b5/conv1/bn/act/Relu_output_0",
        "/s4/b5/conv2/conv/Conv_output_0",
        "/s4/b5/conv2/bn/act/Relu_output_0",
        "/s4/b5/conv3/conv/Conv_output_0"
      ],
      "size": 4,
      "middle": "/s4/b5/conv2/conv/Conv"
    },
    {
      "head": "/s4/b5/conv2/conv/Conv",
      "tail": "/s4/b5/conv3/conv/Conv",
      "chain": [
        "/s4/b5/conv2/conv/Conv_output_0",
        "/s4/b5/conv2/bn/act/Relu_output_0",
        "/s4/b5/conv3/conv/Conv_output_0"
      ],
      "size": 3,
      "middle": null
    },
    {
      "head": "/s4/b6/conv1/conv/Conv",
      "tail": "/s4/b6/conv3/conv/Conv",
      "chain": [
        "/s4/b6/conv1/conv/Conv_output_0",
        "/s4/b6/conv1/bn/act/Relu_output_0",
        "/s4/b6/conv2/conv/Conv_output_0",
        "/s4/b6/conv2/bn/act/Relu_output_0",
        "/s4/b6/conv3/conv/Conv_output_0"
      ],
      "size": 4,
      "middle": "/s4/b6/conv2/conv/Conv"
    },
    {
      "head": "/s4/b6/conv2/conv/Conv",
      "tail": "/s4/b6/conv3/conv/Conv",
      "chain": [
        "/s4/b6/conv2/conv/Conv_output_0",
        "/s4/b6/conv2/bn/act/Relu_output_0",
        "/s4/b6/conv3/conv/Conv_output_0"
      ],
      "size": 3,
      "middle": null
    },
    {
      "head": "/s4/b7/conv1/conv/Conv",
      "tail": "/s4/b7/conv3/conv/Conv",
      "chain": [
        "/s4/b7/conv1/conv/Conv_output_0",
        "/s4/b7/conv1/bn/act/Relu_output_0",
        "/s4/b7/conv2/conv/Conv_output_0",
        "/s4/b7/conv2/bn/act/Relu_output_0",
        "/s4/b7/conv3/conv/Conv_output_0"
      ],
      "size": 4,
      "middle": "/s4/b7/conv2/conv/Conv"
    },
    {
      "head": "/s4/b7/conv2/conv/Conv",
      "tail": "/s4/b7/conv3/conv/Conv",
      "chain": [
        "/s4/b7/conv2/conv/Conv_output_0",
        "/s4/b7/conv2/bn/act/Relu_output_0",
        "/s4/b7/conv3/conv/Conv_output_0"
      ],
      "size": 3,
      "middle": null
    },
    {
      "head": "/s1/b1/conv2/conv/Conv",
      "tail": "/s1/b1/conv3/conv/Conv",
      "chain": [
        "/s1/b1/conv2/conv/Conv_output_0",
        "/s1/b1/conv2/bn/act/Relu_output_0",
        "/s1/b1/conv3/conv/Conv_output_0"
      ],
      "size": 3,
      "middle": null
    }
  ],
  "steps": 1,
  "last_diff": 0.0,
  "weight_threshold": 0.5,
  "append_bias": true,
  "use_threshold": true,
  "max_scale_log2": 2.0,
  "skipped_unstable": [
    {
      "pair": "0:0:/s1/b1/conv1/conv/Conv->/s1/b1/conv2/conv/Conv->/s1/b1/conv3/conv/Conv",
      "channels": 24,
      "scale_span_log2": 32.82767230078042,
      "scale_12": [
        1.311855346575186e-10,
        1.5286372900009155
      ],
      "scale_23": [
        4.345217803347623e-06,
        1.4300878047943115
      ]
    },
    {
      "pair": "0:1:/s1/b1/conv1/conv/Conv->/s1/b1/conv2/conv/Conv->/s1/b1/conv3/conv/Conv",
      "channels": 24,
      "scale_span_log2": 32.82767230078042,
      "scale_12": [
        1.311855346575186e-10,
        1.5286372900009155
      ],
      "scale_23": [
        4.345217803347623e-06,
        1.4300878047943115
      ]
    },
    {
      "pair": "0:2:/s2/b1/conv1/conv/Conv->/s2/b1/conv2/conv/Conv->/s2/b1/conv3/conv/Conv",
      "channels": 56,
      "scale_span_log2": 2.087356764101371,
      "scale_12": [
        0.23531141877174377,
        1.5527104139328003
      ],
      "scale_23": [
        0.3070873022079468,
        1.0802371501922607
      ]
    },
    {
      "pair": "0:4:/s3/b1/conv1/conv/Conv->/s3/b1/conv2/conv/Conv->/s3/b1/conv3/conv/Conv",
      "channels": 152,
      "scale_span_log2": 2.123970061688265,
      "scale_12": [
        0.22941473126411438,
        1.3007593154907227
      ],
      "scale_23": [
        0.3177920877933502,
        1.6270511150360107
      ]
    },
    {
      "pair": "0:6:/s3/b2/conv1/conv/Conv->/s3/b2/conv2/conv/Conv->/s3/b2/conv3/conv/Conv",
      "channels": 152,
      "scale_span_log2": 42.195500652081755,
      "scale_12": [
        1.9855856325454169e-13,
        1.271816611289978
      ],
      "scale_23": [
        4.4762364836969937e-07,
        1.5037709474563599
      ]
    },
    {
      "pair": "0:8:/s3/b3/conv1/conv/Conv->/s3/b3/conv2/conv/Conv->/s3/b3/conv3/conv/Conv",
      "channels": 152,
      "scale_span_log2": 2.5062184407871726,
      "scale_12": [
        0.17601637542247772,
        0.9191198348999023
      ],
      "scale_23": [
        0.2866279184818268,
        1.8465462923049927
      ]
    },
    {
      "pair": "0:10:/s3/b4/conv1/conv/Conv->/s3/b4/conv2/conv/Conv->/s3/b4/conv3/conv/Conv",
      "channels": 152,
      "scale_span_log2": 2.485541888151845,
      "scale_12": [
        0.17855718731880188,
        1.0616601705551147
      ],
      "scale_23": [
        0.3087232708930969,
        1.315212607383728
      ]
    },
    {
      "pair": "0:12:/s4/b1/conv1/conv/Conv->/s4/b1/conv2/conv/Conv->/s4/b1/conv3/conv/Conv",
      "channels": 368,
      "scale_span_log2": 35.02900540398726,
      "scale_12": [
        2.852454036861296e-11,
        3673.044921875
      ],
      "scale_23": [
        7.058787559799384e-06,
        1.104804277420044
      ]
    },
    {
      "pair": "0:14:/s4/b2/conv1/conv/Conv->/s4/b2/conv2/conv/Conv->/s4/b2/conv3/conv/Conv",
      "channels": 368,
      "scale_span_log2": 14.785675839016143,
      "scale_12": [
        3.540528268786147e-05,
        0.743537425994873
      ],
      "scale_23": [
        0.009824263863265514,
        0.6711228489875793
      ]
    },
    {
      "pair": "0:16:/s4/b3/conv1/conv/Conv->/s4/b3/conv2/conv/Conv->/s4/b3/conv3/conv/Conv",
      "channels": 368,
      "scale_span_log2": 35.59160391164857,
      "scale_12": [
        1.9313439736379223e-11,
        4643894.0
      ],
      "scale_23": [
        4.951312803314067e-06,
        1.0086205005645752
      ]
    },
    {
      "pair": "0:18:/s4/b4/conv1/conv/Conv->/s4/b4/conv2/conv/Conv->/s4/b4/conv3/conv/Conv",
      "channels": 368,
      "scale_span_log2": 3.592613061513042,
      "scale_12": [
        0.08289258927106857,
        0.5610467195510864
      ],
      "scale_23": [
        0.1238865777850151,
        0.8342025279998779
      ]
    },
    {
      "pair": "0:20:/s4/b5/conv1/conv/Conv->/s4/b5/conv2/conv/Conv->/s4/b5/conv3/conv/Conv",
      "channels": 368,
      "scale_span_log2": 32.243572253856215,
      "scale_12": [
        1.9666070161239446e-10,
        40653.1484375
      ],
      "scale_23": [
        1.247994714503875e-05,
        1.024904727935791
      ]
    },
    {
      "pair": "0:22:/s4/b6/conv1/conv/Conv->/s4/b6/conv2/conv/Conv->/s4/b6/conv3/conv/Conv",
      "channels": 368,
      "scale_span_log2": 38.975348288081534,
      "scale_12": [
        1.8503380251611024e-12,
        12.564553260803223
      ],
      "scale_23": [
        1.5527484720223583e-06,
        0.9497592449188232
      ]
    },
    {
      "pair": "0:24:/s4/b7/conv1/conv/Conv->/s4/b7/conv2/conv/Conv->/s4/b7/conv3/conv/Conv",
      "channels": 368,
      "scale_span_log2": 38.71226592383281,
      "scale_12": [
        2.2204794426772256e-12,
        17804506.0
      ],
      "scale_23": [
        1.1600508287301636e-06,
        0.8925724625587463
      ]
    }
  ]
}
CALIBRATION_REPORT {
  "store": "exact_float16",
  "mode": "All",
  "images": 64,
  "listing": [
    "C:/Users/<user>/PycharmProjects/ryzen-ai-xdna1-quantization/data/calib/000000.jpg",
    "C:/Users/<user>/PycharmProjects/ryzen-ai-xdna1-quantization/data/calib/000001.jpg",
    "C:/Users/<user>/PycharmProjects/ryzen-ai-xdna1-quantization/data/calib/000002.jpg",
    "C:/Users/<user>/PycharmProjects/ryzen-ai-xdna1-quantization/data/calib/000003.jpg",
    "C:/Users/<user>/PycharmProjects/ryzen-ai-xdna1-quantization/data/calib/000004.jpg",
    "C:/Users/<user>/PycharmProjects/ryzen-ai-xdna1-quantization/data/calib/000005.jpg",
    "C:/Users/<user>/PycharmProjects/ryzen-ai-xdna1-quantization/data/calib/000006.jpg",
    "C:/Users/<user>/PycharmProjects/ryzen-ai-xdna1-quantization/data/calib/000007.jpg",
    "C:/Users/<user>/PycharmProjects/ryzen-ai-xdna1-quantization/data/calib/000008.jpg",
    "C:/Users/<user>/PycharmProjects/ryzen-ai-xdna1-quantization/data/calib/000009.jpg",
    "C:/Users/<user>/PycharmProjects/ryzen-ai-xdna1-quantization/data/calib/000010.jpg",
    "C:/Users/<user>/PycharmProjects/ryzen-ai-xdna1-quantization/data/calib/000011.jpg",
    "C:/Users/<user>/PycharmProjects/ryzen-ai-xdna1-quantization/data/calib/000012.jpg",
    "C:/Users/<user>/PycharmProjects/ryzen-ai-xdna1-quantization/data/calib/000013.jpg",
    "C:/Users/<user>/PycharmProjects/ryzen-ai-xdna1-quantization/data/calib/000014.jpg",
    "C:/Users/<user>/PycharmProjects/ryzen-ai-xdna1-quantization/data/calib/000015.jpg",
    "C:/Users/<user>/PycharmProjects/ryzen-ai-xdna1-quantization/data/calib/000016.jpg",
    "C:/Users/<user>/PycharmProjects/ryzen-ai-xdna1-quantization/data/calib/000017.jpg",
    "C:/Users/<user>/PycharmProjects/ryzen-ai-xdna1-quantization/data/calib/000018.jpg",
    "C:/Users/<user>/PycharmProjects/ryzen-ai-xdna1-quantization/data/calib/000019.jpg",
    "C:/Users/<user>/PycharmProjects/ryzen-ai-xdna1-quantization/data/calib/000020.jpg",
    "C:/Users/<user>/PycharmProjects/ryzen-ai-xdna1-quantization/data/calib/000021.jpg",
    "C:/Users/<user>/PycharmProjects/ryzen-ai-xdna1-quantization/data/calib/000022.jpg",
    "C:/Users/<user>/PycharmProjects/ryzen-ai-xdna1-quantization/data/calib/000023.jpg",
    "C:/Users/<user>/PycharmProjects/ryzen-ai-xdna1-quantization/data/calib/000024.jpg",
    "C:/Users/<user>/PycharmProjects/ryzen-ai-xdna1-quantization/data/calib/000025.jpg",
    "C:/Users/<user>/PycharmProjects/ryzen-ai-xdna1-quantization/data/calib/000026.jpg",
    "C:/Users/<user>/PycharmProjects/ryzen-ai-xdna1-quantization/data/calib/000027.jpg",
    "C:/Users/<user>/PycharmProjects/ryzen-ai-xdna1-quantization/data/calib/000028.jpg",
    "C:/Users/<user>/PycharmProjects/ryzen-ai-xdna1-quantization/data/calib/000029.jpg",
    "C:/Users/<user>/PycharmProjects/ryzen-ai-xdna1-quantization/data/calib/000030.jpg",
    "C:/Users/<user>/PycharmProjects/ryzen-ai-xdna1-quantization/data/calib/000031.jpg",
    "C:/Users/<user>/PycharmProjects/ryzen-ai-xdna1-quantization/data/calib/000032.jpg",
    "C:/Users/<user>/PycharmProjects/ryzen-ai-xdna1-quantization/data/calib/000033.jpg",
    "C:/Users/<user>/PycharmProjects/ryzen-ai-xdna1-quantization/data/calib/000034.jpg",
    "C:/Users/<user>/PycharmProjects/ryzen-ai-xdna1-quantization/data/calib/000035.jpg",
    "C:/Users/<user>/PycharmProjects/ryzen-ai-xdna1-quantization/data/calib/000036.jpg",
    "C:/Users/<user>/PycharmProjects/ryzen-ai-xdna1-quantization/data/calib/000037.jpg",
    "C:/Users/<user>/PycharmProjects/ryzen-ai-xdna1-quantization/data/calib/000038.jpg",
    "C:/Users/<user>/PycharmProjects/ryzen-ai-xdna1-quantization/data/calib/000039.jpg",
    "C:/Users/<user>/PycharmProjects/ryzen-ai-xdna1-quantization/data/calib/000040.jpg",
    "C:/Users/<user>/PycharmProjects/ryzen-ai-xdna1-quantization/data/calib/000041.jpg",
    "C:/Users/<user>/PycharmProjects/ryzen-ai-xdna1-quantization/data/calib/000042.jpg",
    "C:/Users/<user>/PycharmProjects/ryzen-ai-xdna1-quantization/data/calib/000043.jpg",
    "C:/Users/<user>/PycharmProjects/ryzen-ai-xdna1-quantization/data/calib/000044.jpg",
    "C:/Users/<user>/PycharmProjects/ryzen-ai-xdna1-quantization/data/calib/000045.jpg",
    "C:/Users/<user>/PycharmProjects/ryzen-ai-xdna1-quantization/data/calib/000046.jpg",
    "C:/Users/<user>/PycharmProjects/ryzen-ai-xdna1-quantization/data/calib/000047.jpg",
    "C:/Users/<user>/PycharmProjects/ryzen-ai-xdna1-quantization/data/calib/000048.jpg",
    "C:/Users/<user>/PycharmProjects/ryzen-ai-xdna1-quantization/data/calib/000049.jpg",
    "C:/Users/<user>/PycharmProjects/ryzen-ai-xdna1-quantization/data/calib/000050.jpg",
    "C:/Users/<user>/PycharmProjects/ryzen-ai-xdna1-quantization/data/calib/000051.jpg",
    "C:/Users/<user>/PycharmProjects/ryzen-ai-xdna1-quantization/data/calib/000052.jpg",
    "C:/Users/<user>/PycharmProjects/ryzen-ai-xdna1-quantization/data/calib/000053.jpg",
    "C:/Users/<user>/PycharmProjects/ryzen-ai-xdna1-quantization/data/calib/000054.jpg",
    "C:/Users/<user>/PycharmProjects/ryzen-ai-xdna1-quantization/data/calib/000055.jpg",
    "C:/Users/<user>/PycharmProjects/ryzen-ai-xdna1-quantization/data/calib/000056.jpg",
    "C:/Users/<user>/PycharmProjects/ryzen-ai-xdna1-quantization/data/calib/000057.jpg",
    "C:/Users/<user>/PycharmProjects/ryzen-ai-xdna1-quantization/data/calib/000058.jpg",
    "C:/Users/<user>/PycharmProjects/ryzen-ai-xdna1-quantization/data/calib/000059.jpg",
    "C:/Users/<user>/PycharmProjects/ryzen-ai-xdna1-quantization/data/calib/000060.jpg",
    "C:/Users/<user>/PycharmProjects/ryzen-ai-xdna1-quantization/data/calib/000061.jpg",
    "C:/Users/<user>/PycharmProjects/ryzen-ai-xdna1-quantization/data/calib/000062.jpg",
    "C:/Users/<user>/PycharmProjects/ryzen-ai-xdna1-quantization/data/calib/000063.jpg"
  ],
  "spooled_tensors": 61,
  "skipped_prunable_tensors": 40,
  "sample_bytes": 343024640,
  "free_bytes_before": 766181113856,
  "ort_version": "1.23.3.dev20260320",
  "graph_optimization": "ORT_DISABLE_ALL",
  "sharing": {}
}
